C51 COMPILER V9.60.7.0   APP_MAIN                                                          03/06/2026 22:37:53 PAGE 1   


C51 COMPILER V9.60.7.0, COMPILATION OF MODULE APP_MAIN
OBJECT MODULE PLACED IN .\Objects\app_main.obj
COMPILER INVOKED BY: C:\Program Files (x86)\keil\C51\BIN\C51.EXE app_main.c OPTIMIZE(8,SPEED) BROWSE DEBUG OBJECTEXTEND 
                    -PRINT(.\Listings\app_main.lst) TABS(2) OBJECT(.\Objects\app_main.obj)

line level    source

   1          #include "app_main.h"
   2          
   3          #include "drv_rtc.h"
   4          #include "drv_temp.h"
   5          
   6          u8 page = 0;
   7          u16 d_t =213;
   8          u8 time_s =0;
   9          u8 time_m =0;
  10          u8 time_h =7;
  11          u16 set_temp =230;
  12          bit relay_sw = 0;
  13          bit mode = 0;
  14          
  15          drv_rtc_type rtc;
  16          
  17          
  18          void app_init()
  19          {
  20   1        static bit initok = 0;
  21   1        if(initok != 1)
  22   1        {
  23   2          initok =1;
  24   2          drv_rtc_init();
  25   2          drv_temp_init();    
  26   2        }
  27   1        
  28   1      }
  29          void debug_time_set()
  30          {
  31   1        rtc.s = 55;
  32   1        rtc.m = 59;
  33   1        rtc.h = 22;
  34   1        drv_rtc_set(&rtc);
  35   1      }
  36          void seg_display()
  37          {
  38   1        switch(page)
  39   1        {
  40   2          case 0:{drv_seg_set_all(25,1,16,16,16,d_t/100,d_t%100/10+32,d_t%10);break;}
  41   2          case 1:{drv_seg_set_all(25,2,16,time_h/10,time_h%10,17,time_m/10,time_m%10);break;}
  42   2          case 2:{drv_seg_set_all(25,3,16,16,16,16,set_temp/100,set_temp%100/10);break;}
  43   2          case 11:{drv_seg_set_all(25,17,6,16,relay_sw,16,time_s/10,time_s%10);break;}
  44   2        }
  45   1      }
  46          void key_ctrl()
  47          {
  48   1        if(drv_key_is(13)){mode ^=1;}
  49   1        switch(page)
  50   1        {
  51   2          case 0:if(drv_key_is(12)){page = 1;}break;
  52   2          case 1:if(drv_key_is(12)){page = 2;}if(drv_key_is(17)){page = 11;}break;
  53   2          case 2:if(drv_key_is(12)){page = 0;}if(drv_key_is(17)&&set_temp>100){set_temp-=10;}if(drv_key_is(16)&&se
             -t_temp<990){set_temp+=10;}break;
C51 COMPILER V9.60.7.0   APP_MAIN                                                          03/06/2026 22:37:53 PAGE 2   

  54   2          case 11:if(drv_key_is(16)){debug_time_set();}if(drv_key_is(17)){page = 1;}break;
  55   2        } 
  56   1      }
  57          void led_0_ctrl()
  58          {
  59   1        if(time_m == 0 &&time_s == 0){drv_led_set(0,1);}
  60   1        if(time_s > 4){drv_led_set(0,0);} 
  61   1      }
  62          void relay_ctrl()
  63          {
  64   1        static bit led2 = 0;
  65   1        if(relay_sw)
  66   1        {
  67   2          drv_relay_set(1);
  68   2          drv_led_set(2,led2);
  69   2          led2 ^= 1;
  70   2        }else
  71   1        {
  72   2          drv_relay_set(0);
  73   2          drv_led_set(2,0);
  74   2        }
  75   1      }
  76          void mode_run()
  77          {
  78   1        drv_led_set(1,~mode);
  79   1        if(mode)
  80   1        {
  81   2          if(time_m == 0 &&time_s == 0){relay_sw = 1;}
  82   2          if(time_s > 4){relay_sw = 0;}     
  83   2        }else
  84   1        {
  85   2          if(d_t > set_temp){relay_sw=1;}
  86   2          else{relay_sw=0;}
  87   2        }
  88   1      
  89   1      }
  90          
  91          void app_task_100ms()
  92          {
  93   1        app_init();
  94   1        seg_display();
  95   1        key_ctrl();
  96   1        led_0_ctrl();
  97   1        relay_ctrl();
  98   1        mode_run();
  99   1      }
 100          void app_task_500ms()
 101          {
 102   1        drv_rtc_get(&rtc);
 103   1        time_s = rtc.s;
 104   1        time_m = rtc.m; 
 105   1        time_h = rtc.h;
 106   1        d_t = drv_temp_get();
 107   1      }


MODULE INFORMATION:   STATIC OVERLAYABLE
   CODE SIZE        =    644    ----
   CONSTANT SIZE    =   ----    ----
   XDATA SIZE       =   ----    ----
   PDATA SIZE       =   ----    ----
   DATA SIZE        =     11    ----
C51 COMPILER V9.60.7.0   APP_MAIN                                                          03/06/2026 22:37:53 PAGE 3   

   IDATA SIZE       =   ----    ----
   BIT SIZE         =      4    ----
END OF MODULE INFORMATION.


C51 COMPILATION COMPLETE.  0 WARNING(S),  0 ERROR(S)
