C51 COMPILER V9.60.7.0   DRV_OTHER                                                         03/06/2026 22:37:53 PAGE 1   


C51 COMPILER V9.60.7.0, COMPILATION OF MODULE DRV_OTHER
OBJECT MODULE PLACED IN .\Objects\drv_other.obj
COMPILER INVOKED BY: C:\Program Files (x86)\keil\C51\BIN\C51.EXE drv_other.c OPTIMIZE(8,SPEED) BROWSE DEBUG OBJECTEXTEND
                    - PRINT(.\Listings\drv_other.lst) TABS(2) OBJECT(.\Objects\drv_other.obj)

line level    source

   1          #include "drv_other.h"
   2          
   3          bit relay_ram = 0;
   4          
   5          void drv_other_run()
   6          {
   7   1        static u8 other_temp = 0xaf;
   8   1        static u8 other_last = 0xaf;
   9   1        
  10   1        if(relay_ram)
  11   1        {
  12   2          other_temp = 0xbf;
  13   2        }else
  14   1        {
  15   2          other_temp = 0xaf;
  16   2        }
  17   1        if(other_last != other_temp)
  18   1        {
  19   2          P0 = other_temp;y5;y0;
  20   2          other_last = other_temp;
  21   2        }
  22   1      }
  23          void drv_relay_set(bit sw)
  24          {
  25   1        relay_ram =sw;
  26   1      }


MODULE INFORMATION:   STATIC OVERLAYABLE
   CODE SIZE        =     39    ----
   CONSTANT SIZE    =   ----    ----
   XDATA SIZE       =   ----    ----
   PDATA SIZE       =   ----    ----
   DATA SIZE        =      2    ----
   IDATA SIZE       =   ----    ----
   BIT SIZE         =      1       1
END OF MODULE INFORMATION.


C51 COMPILATION COMPLETE.  0 WARNING(S),  0 ERROR(S)
