C51 COMPILER V9.60.7.0   DRV_SEG                                                           02/03/2026 16:04:14 PAGE 1   


C51 COMPILER V9.60.7.0, COMPILATION OF MODULE DRV_SEG
OBJECT MODULE PLACED IN .\Objects\drv_seg.obj
COMPILER INVOKED BY: C:\Program Files (x86)\keil\C51\BIN\C51.EXE drv_seg.c OPTIMIZE(8,SPEED) BROWSE DEBUG OBJECTEXTEND P
                    -RINT(.\Listings\drv_seg.lst) TABS(2) OBJECT(.\Objects\drv_seg.obj)

line level    source

   1          //drv_seg.c
   2          #include "drv_seg.h"
   3          
   4          
   5          uint8 code seg_code[]= {                       //标准字库
   6          //   0    1    2    3    4    5    6    7    8    9    A10  B11  C12  D13  E14  F15
   7              0x3F,0x06,0x5B,0x4F,0x66,0x6D,0x7D,0x07,0x7F,0x6F,0x77,0x7C,0x39,0x5E,0x79,0x71,
   8          //16black  -17 H18  J19  K20  L21  N22  o23  P24  U25  t26 G27  Q28  r29   M30  y31
   9              0x00,0x40,0x76,0x1E,0x70,0x38,0x37,0x5C,0x73,0x3E,0x78,0x3d,0x67,0x50,0x37,0x6e,
  10              0xBF,0x86,0xDB,0xCF,0xE6,0xED,0xFD,0x87,0xFF,0xEF,0x46};    
  11              //0.   1.   2.   3.   4.   5.   6.   7.   8.   9.   -1
  12          //   32   33    34    35  36   37  38   39    40   41   42
  13          uint8 seg_ram[8] = {16,16,16,16,16,16,16,16};
  14          
  15          void drv_seg_set(uint8 position, uint8 number){seg_ram[position] = number;}
  16          
  17          void drv_seg_run()
  18          {
  19   1        static uint8 seg_tick = 0;
  20   1      
  21   1        P0 = 0xFF;
  22   1        y7;
  23   1        y0;
  24   1      
  25   1        P0 = 0x01 << seg_tick;
  26   1        y6;
  27   1        y0;
  28   1      
  29   1        P0 = ~ seg_code[seg_ram[seg_tick++]];
  30   1        y7;
  31   1        y0;
  32   1      
  33   1        if (seg_tick >= 8) {seg_tick = 0;}
  34   1      
  35   1      }
  36          
  37          void drv_seg_set0()
  38          {
  39   1        seg_ram[0]=16;seg_ram[1]=16;seg_ram[2]=16;seg_ram[3]=16;seg_ram[4]=16;seg_ram[5]=16;seg_ram[6]=16;seg_ram
             -[7]=16;
  40   1      }
  41          
  42          void drv_seg_set_all(uint8 s0,s1,s2,s3,s4,s5,s6,s7)
  43          {
  44   1        seg_ram[0]=s0;seg_ram[1]=s1;seg_ram[2]=s2;seg_ram[3]=s3;seg_ram[4]=s4;seg_ram[5]=s5;seg_ram[6]=s6;seg_ram
             -[7]=s7;
  45   1      }


MODULE INFORMATION:   STATIC OVERLAYABLE
   CODE SIZE        =    129    ----
   CONSTANT SIZE    =     43    ----
   XDATA SIZE       =   ----    ----
   PDATA SIZE       =   ----    ----
C51 COMPILER V9.60.7.0   DRV_SEG                                                           02/03/2026 16:04:14 PAGE 2   

   DATA SIZE        =      9      15
   IDATA SIZE       =   ----    ----
   BIT SIZE         =   ----    ----
END OF MODULE INFORMATION.


C51 COMPILATION COMPLETE.  0 WARNING(S),  0 ERROR(S)
