C51 COMPILER V9.60.7.0   FRE                                                               04/06/2026 12:51:18 PAGE 1   


C51 COMPILER V9.60.7.0, COMPILATION OF MODULE FRE
OBJECT MODULE PLACED IN .\Objects\fre.obj
COMPILER INVOKED BY: C:\Program Files (x86)\keil\C51\BIN\C51.EXE fre.c OPTIMIZE(8,SPEED) BROWSE DEBUG OBJECTEXTEND PRINT
                    -(.\Listings\fre.lst) TABS(2) OBJECT(.\Objects\fre.obj)

line level    source

   1          #include "fre.h"
   2          
   3          void fre_init()
   4          {
   5   1          AUXR &= 0x7F;     //定时器时钟12T模式
   6   1        TMOD |= 0x04;     //设置定时器模式
   7   1        TL0 = 0x00;       //设置定时初始值
   8   1        TH0 = 0x00;       //设置定时初始值
   9   1        TF0 = 0;        //清除TF0标志
  10   1        TR0 = 1;        //定时器0开始计时
  11   1        
  12   1      
  13   1      }
  14          u16 fre_get()
  15          {
  16   1          u16 fr_out = 0;
  17   1      
  18   1          TR0 = 0;
  19   1        fr_out= ((TH0<<8)|TL0);
  20   1        TH0 = 0;
  21   1        TL0 = 0;
  22   1        TR0 = 1;
  23   1      
  24   1          return fr_out;
  25   1      }


MODULE INFORMATION:   STATIC OVERLAYABLE
   CODE SIZE        =     34    ----
   CONSTANT SIZE    =   ----    ----
   XDATA SIZE       =   ----    ----
   PDATA SIZE       =   ----    ----
   DATA SIZE        =   ----    ----
   IDATA SIZE       =   ----    ----
   BIT SIZE         =   ----    ----
END OF MODULE INFORMATION.


C51 COMPILATION COMPLETE.  0 WARNING(S),  0 ERROR(S)
