C51 COMPILER V9.60.7.0   LED                                                               04/06/2026 12:51:18 PAGE 1   


C51 COMPILER V9.60.7.0, COMPILATION OF MODULE LED
OBJECT MODULE PLACED IN .\Objects\led.obj
COMPILER INVOKED BY: C:\Program Files (x86)\keil\C51\BIN\C51.EXE led.c OPTIMIZE(8,SPEED) BROWSE DEBUG OBJECTEXTEND PRINT
                    -(.\Listings\led.lst) TABS(2) OBJECT(.\Objects\led.obj)

line level    source

   1          #include "led.h"
   2          
   3          void led(u8 p ,bit sw)
   4          {
   5   1          static u8 led_temp = 0x00;
   6   1          static u8 led_last = 0xff;
   7   1      
   8   1          if(sw)
   9   1          {
  10   2              led_temp |= (0x01 << p);
  11   2          }else
  12   1          {
  13   2              led_temp &= ~(0x01 << p);
  14   2          }
  15   1      
  16   1          if(led_last != led_temp)
  17   1          {
  18   2              P0 = ~ led_temp;sys_latch(4);sys_latch(0);
  19   2              led_last = led_temp;
  20   2          }
  21   1      }


MODULE INFORMATION:   STATIC OVERLAYABLE
   CODE SIZE        =     57    ----
   CONSTANT SIZE    =   ----    ----
   XDATA SIZE       =   ----    ----
   PDATA SIZE       =   ----    ----
   DATA SIZE        =      2    ----
   IDATA SIZE       =   ----    ----
   BIT SIZE         =   ----       1
END OF MODULE INFORMATION.


C51 COMPILATION COMPLETE.  0 WARNING(S),  0 ERROR(S)
