C51 COMPILER V9.60.7.0   MAIN                                                              04/06/2026 12:51:18 PAGE 1   


C51 COMPILER V9.60.7.0, COMPILATION OF MODULE MAIN
OBJECT MODULE PLACED IN .\Objects\main.obj
COMPILER INVOKED BY: C:\Program Files (x86)\keil\C51\BIN\C51.EXE main.c OPTIMIZE(8,SPEED) BROWSE DEBUG OBJECTEXTEND PRIN
                    -T(.\Listings\main.lst) TABS(2) OBJECT(.\Objects\main.obj)

line level    source

   1          #include "sys.h"
   2          
   3          static u8 volatile sys_tick_ms = 0;
   4          static u8 volatile sys_tick_10ms = 0;
   5          
   6          
   7          static u8 xdata task_10ms_last = 0;
   8          static u8 xdata task_100ms_last = 0;
   9          static u8 xdata task_500ms_last = 0;
  10          
  11          void sys_tick_isr() interrupt 12
  12          {
  13   1          seg_run();
  14   1          sys_tick_ms++;
  15   1          if(sys_tick_ms >= 10)
  16   1          {
  17   2              sys_tick_ms = 0;
  18   2              sys_tick_10ms++;
  19   2          }
  20   1      }
  21          
  22          void main()
  23          {
  24   1          static u8 now_time = 0;
  25   1          sys_init();
  26   1          while(1)
  27   1          {
  28   2              now_time = sys_tick_10ms;
  29   2              if(now_time - task_10ms_last >= 1)
  30   2              {
  31   3                  task_10ms_last = now_time;
  32   3                  app_10ms_task();
  33   3              }
  34   2              if(now_time - task_100ms_last >= 10)
  35   2              {
  36   3                  task_100ms_last = now_time;
  37   3                  app_100ms_task();
  38   3              }
  39   2              if(now_time - task_500ms_last >= 50)
  40   2              {
  41   3                  task_500ms_last = now_time;
  42   3                  app_500ms_task();
  43   3          }
  44   2          }
  45   1      }


MODULE INFORMATION:   STATIC OVERLAYABLE
   CODE SIZE        =    141    ----
   CONSTANT SIZE    =   ----    ----
   XDATA SIZE       =      3    ----
   PDATA SIZE       =   ----    ----
   DATA SIZE        =      3    ----
   IDATA SIZE       =   ----    ----
C51 COMPILER V9.60.7.0   MAIN                                                              04/06/2026 12:51:18 PAGE 2   

   BIT SIZE         =   ----    ----
END OF MODULE INFORMATION.


C51 COMPILATION COMPLETE.  0 WARNING(S),  0 ERROR(S)
