C51 COMPILER V9.60.7.0   SYS                                                               04/06/2026 12:51:18 PAGE 1   


C51 COMPILER V9.60.7.0, COMPILATION OF MODULE SYS
OBJECT MODULE PLACED IN .\Objects\sys.obj
COMPILER INVOKED BY: C:\Program Files (x86)\keil\C51\BIN\C51.EXE sys.c OPTIMIZE(8,SPEED) BROWSE DEBUG OBJECTEXTEND PRINT
                    -(.\Listings\sys.lst) TABS(2) OBJECT(.\Objects\sys.obj)

line level    source

   1          #include "sys.h"
   2          
   3          
   4          void sys_latch(u8 drv)
   5          {
   6   1          P2 = (P2 & 0x1f) | (drv << 5);
   7   1      }
   8          
   9          void sys_init()
  10          {
  11   1          P0M0 = 0x00; P0M1 = 0x00; 
  12   1          P1M0 = 0x00; P1M1 = 0x00; 
  13   1          P2M0 = 0x00; P2M1 = 0x00; 
  14   1          P3M0 = 0x00; P3M1 = 0x00; 
  15   1          P4M0 = 0x00; P4M1 = 0x00; 
  16   1          P5M0 = 0x00; P5M1 = 0x00; 
  17   1          P6M0 = 0x00; P6M1 = 0x00; 
  18   1          P7M0 = 0x00; P7M1 = 0x00; 
  19   1      
  20   1          sys_latch(0);
  21   1          P0 = 0xff;sys_latch(4);sys_latch(0);
  22   1          P0 = 0x00;sys_latch(6);sys_latch(0);
  23   1          P0 = 0xff;sys_latch(7);sys_latch(0);
  24   1          P0 = 0xaf;sys_latch(5);sys_latch(0);
  25   1      
  26   1        AUXR &= 0xFB;     //定时器时钟12T模式
  27   1        T2L = 0x18;       //设置定时初始值
  28   1        T2H = 0xFC;       //设置定时初始值
  29   1        AUXR |= 0x10;     //定时器2开始计时
  30   1        IE2 |= 0x04;      //使能定时器2中断
  31   1      
  32   1          EA = 1;
  33   1      
  34   1      }


MODULE INFORMATION:   STATIC OVERLAYABLE
   CODE SIZE        =    106    ----
   CONSTANT SIZE    =   ----    ----
   XDATA SIZE       =   ----    ----
   PDATA SIZE       =   ----    ----
   DATA SIZE        =   ----    ----
   IDATA SIZE       =   ----    ----
   BIT SIZE         =   ----    ----
END OF MODULE INFORMATION.


C51 COMPILATION COMPLETE.  0 WARNING(S),  0 ERROR(S)
