[2026-04-06 12:24:00] : Begin
--------------------
*MCUTYPE* : IAP15F2K61S2
*MCUID* : F449C6320A8828
*FILENAME* : C:\Users\Jackx\Desktop\lanqiaobei_iap15f2k61s2_code\框架\kj5new\Objects\kj5.hex
*FILETIME* : 2026年04月06日, 12:23:28
*FILESIZE* : 10147 (0x0027A3)
*CODESIZE* : 3273 (0x000CC9)
*CHECKSUM* : 0x0005A6DF
*ISPMODE* : 2
*ISPRESULT* : 0
--------------------
[2026-04-06 12:24:07] : End
--------------------------------------------------
[2026-04-06 12:25:45] : Begin
--------------------
*MCUTYPE* : IAP15F2K61S2
*MCUID* : F449C6320A8828
*FILENAME* : C:\Users\Jackx\Desktop\lanqiaobei_iap15f2k61s2_code\框架\kj5new\Objects\kj5.hex
*FILETIME* : 2026年04月06日, 12:25:41
*FILESIZE* : 10162 (0x0027B2)
*CODESIZE* : 3273 (0x000CC9)
*CHECKSUM* : 0x0005A6DF
*ISPMODE* : 2
*ISPRESULT* : 0
--------------------
[2026-04-06 12:25:52] : End
--------------------------------------------------
[2026-04-06 12:28:41] : Begin
--------------------
*MCUTYPE* : IAP15F2K61S2
*MCUID* : F449C6320A8828
*FILENAME* : C:\Users\Jackx\Desktop\lanqiaobei_iap15f2k61s2_code\框架\kj5new\Objects\kj5.hex
*FILETIME* : 2026年04月06日, 12:28:36
*FILESIZE* : 10193 (0x0027D1)
*CODESIZE* : 3274 (0x000CCA)
*CHECKSUM* : 0x0005A286
*ISPMODE* : 2
*ISPRESULT* : 0
--------------------
[2026-04-06 12:28:48] : End
--------------------------------------------------
[2026-04-06 12:31:11] : Begin
--------------------
*MCUTYPE* : IAP15F2K61S2
*MCUID* : F449C6320A8828
*FILENAME* : C:\Users\Jackx\Desktop\lanqiaobei_iap15f2k61s2_code\框架\kj5new\Objects\kj5.hex
*FILETIME* : 2026年04月06日, 12:30:21
*FILESIZE* : 10135 (0x002797)
*CODESIZE* : 3283 (0x000CD3)
*CHECKSUM* : 0x0005A9E8
*ISPMODE* : 2
*ISPRESULT* : 0
--------------------
[2026-04-06 12:31:17] : End
--------------------------------------------------
[2026-04-06 12:31:29] : Begin
--------------------
*MCUTYPE* : IAP15F2K61S2
*MCUID* : F449C6320A8828
*FILENAME* : C:\Users\Jackx\Desktop\lanqiaobei_iap15f2k61s2_code\框架\kj5new\Objects\kj5.hex
*FILETIME* : 2026年04月06日, 12:31:22
*FILESIZE* : 10135 (0x002797)
*CODESIZE* : 3268 (0x000CC4)
*CHECKSUM* : 0x0005A31C
*ISPMODE* : 2
*ISPRESULT* : 0
--------------------
[2026-04-06 12:31:36] : End
--------------------------------------------------
[2026-04-06 12:44:07] : Begin
--------------------
*MCUTYPE* : IAP15F2K61S2
*MCUID* : F449C6320A8828
*FILENAME* : C:\Users\Jackx\Desktop\lanqiaobei_iap15f2k61s2_code\框架\kj5new\Objects\kj5.hex
*FILETIME* : 2026年04月06日, 12:44:05
*FILESIZE* : 10135 (0x002797)
*CODESIZE* : 3268 (0x000CC4)
*CHECKSUM* : 0x0005A31C
*ISPMODE* : 2
*ISPRESULT* : 0
--------------------
[2026-04-06 12:44:14] : End
--------------------------------------------------
[2026-04-06 12:49:11] : Begin
--------------------
*MCUTYPE* : IAP15F2K61S2
*MCUID* : F449C6320A8828
*FILENAME* : C:\Users\Jackx\Desktop\lanqiaobei_iap15f2k61s2_code\框架\kj5new\Objects\kj5.hex
*FILETIME* : 2026年04月06日, 12:49:10
*FILESIZE* : 10198 (0x0027D6)
*CODESIZE* : 3269 (0x000CC5)
*CHECKSUM* : 0x0005A242
*ISPMODE* : 2
*ISPRESULT* : 0
--------------------
[2026-04-06 12:49:18] : End
--------------------------------------------------
[2026-04-06 12:51:23] : Begin
--------------------
*MCUTYPE* : IAP15F2K61S2
*MCUID* : F449C6320A8828
*FILENAME* : C:\Users\Jackx\Desktop\lanqiaobei_iap15f2k61s2_code\框架\kj5new\Objects\kj5.hex
*FILETIME* : 2026年04月06日, 12:51:20
*FILESIZE* : 10135 (0x002797)
*CODESIZE* : 3280 (0x000CD0)
*CHECKSUM* : 0x0005ABD3
*ISPMODE* : 2
*ISPRESULT* : 0
--------------------
[2026-04-06 12:51:30] : End
--------------------------------------------------
