[2026-04-05 00:03:17] : Begin
--------------------
*MCUTYPE* : IAP15F2K61S2
*MCUID* : F449C6320A8828
*FILENAME* : C:\Users\Jackx\Desktop\lanqiaobei_iap15f2k61s2_code\框架\kj5new\Objects\kj5.hex
*FILETIME* : 2026年04月04日, 23:59:11
*FILESIZE* : 3809 (0x000EE1)
*CODESIZE* : 1235 (0x0004D3)
*CHECKSUM* : 0x0002227A
*ISPMODE* : 2
*ISPRESULT* : 0
--------------------
[2026-04-05 00:03:23] : End
--------------------------------------------------
[2026-04-05 00:08:12] : Begin
--------------------
*MCUTYPE* : IAP15F2K61S2
*MCUID* : F449C6320A8828
*FILENAME* : C:\Users\Jackx\Desktop\lanqiaobei_iap15f2k61s2_code\框架\kj5new\Objects\kj5.hex
*FILETIME* : 2026年04月05日, 00:08:09
*FILESIZE* : 3825 (0x000EF1)
*CODESIZE* : 1235 (0x0004D3)
*CHECKSUM* : 0x0002227A
*ISPMODE* : 2
*ISPRESULT* : 0
--------------------
[2026-04-05 00:08:18] : End
--------------------------------------------------
[2026-04-05 00:15:31] : Begin
--------------------
*MCUTYPE* : IAP15F2K61S2
*MCUID* : F449C6320A8828
*FILENAME* : C:\Users\Jackx\Desktop\lanqiaobei_iap15f2k61s2_code\框架\kj5new\Objects\kj5.hex
*FILETIME* : 2026年04月05日, 00:15:21
*FILESIZE* : 3846 (0x000F06)
*CODESIZE* : 1243 (0x0004DB)
*CHECKSUM* : 0x000227B2
*ISPMODE* : 2
*ISPRESULT* : 0
--------------------
[2026-04-05 00:15:37] : End
--------------------------------------------------
[2026-04-05 00:18:32] : Begin
--------------------
*MCUTYPE* : IAP15F2K61S2
*MCUID* : F449C6320A8828
*FILENAME* : C:\Users\Jackx\Desktop\lanqiaobei_iap15f2k61s2_code\框架\kj5new\Objects\kj5.hex
*FILETIME* : 2026年04月05日, 00:18:28
*FILESIZE* : 3809 (0x000EE1)
*CODESIZE* : 1247 (0x0004DF)
*CHECKSUM* : 0x000228FE
*ISPMODE* : 2
*ISPRESULT* : 0
--------------------
[2026-04-05 00:18:38] : End
--------------------------------------------------
[2026-04-05 12:51:19] : Begin
--------------------
*MCUTYPE* : IAP15F2K61S2
*MCUID* : F449C6320A8828
*FILENAME* : C:\Users\Jackx\Desktop\lanqiaobei_iap15f2k61s2_code\框架\kj5new\Objects\kj5.hex
*FILETIME* : 2026年04月05日, 12:51:10
*FILESIZE* : 3835 (0x000EFB)
*CODESIZE* : 1235 (0x0004D3)
*CHECKSUM* : 0x0002227A
*ISPMODE* : 2
*ISPRESULT* : 0
--------------------
[2026-04-05 12:51:25] : End
--------------------------------------------------
[2026-04-05 12:55:00] : Begin
--------------------
*MCUTYPE* : IAP15F2K61S2
*MCUID* : F449C6320A8828
*FILENAME* : C:\Users\Jackx\Desktop\lanqiaobei_iap15f2k61s2_code\框架\kj5new\Objects\kj5.hex
*FILETIME* : 2026年04月05日, 12:54:52
*FILESIZE* : 3763 (0x000EB3)
*CODESIZE* : 1248 (0x0004E0)
*CHECKSUM* : 0x00022700
*ISPMODE* : 2
*ISPRESULT* : 0
--------------------
[2026-04-05 12:55:06] : End
--------------------------------------------------
[2026-04-05 13:22:08] : Begin
--------------------
*MCUTYPE* : IAP15F2K61S2
*MCUID* : F449C6320A8828
*FILENAME* : C:\Users\Jackx\Desktop\lanqiaobei_iap15f2k61s2_code\框架\kj5new\Objects\kj5.hex
*FILETIME* : 2026年04月05日, 13:22:03
*FILESIZE* : 3456 (0x000D80)
*CODESIZE* : 1226 (0x0004CA)
*CHECKSUM* : 0x00021DC4
*ISPMODE* : 2
*ISPRESULT* : 0
--------------------
[2026-04-05 13:22:13] : End
--------------------------------------------------
[2026-04-05 13:24:03] : Begin
--------------------
*MCUTYPE* : IAP15F2K61S2
*MCUID* : F449C6320A8828
*FILENAME* : C:\Users\Jackx\Desktop\lanqiaobei_iap15f2k61s2_code\框架\kj5new\Objects\kj5.hex
*FILETIME* : 2026年04月05日, 13:23:59
*FILESIZE* : 3462 (0x000D86)
*CODESIZE* : 1117 (0x00045D)
*CHECKSUM* : 0x0001D903
*ISPMODE* : 2
*ISPRESULT* : 0
--------------------
[2026-04-05 13:24:09] : End
--------------------------------------------------
[2026-04-05 13:27:52] : Begin
--------------------
*MCUTYPE* : IAP15F2K61S2
*MCUID* : F449C4440D9716
*FILENAME* : C:\Users\Jackx\Desktop\lanqiaobei_iap15f2k61s2_code\框架\kj5new\Objects\kj5.hex
*FILETIME* : 2026年04月05日, 13:26:28
*FILESIZE* : 3462 (0x000D86)
*CODESIZE* : 1120 (0x000460)
*CHECKSUM* : 0x0001D913
*ISPMODE* : 2
*ISPRESULT* : 0
--------------------
[2026-04-05 13:27:59] : End
--------------------------------------------------
[2026-04-05 13:42:51] : Begin
--------------------
*MCUTYPE* : IAP15F2K61S2
*MCUID* : F449C6320A8828
*FILENAME* : C:\Users\Jackx\Desktop\lanqiaobei_iap15f2k61s2_code\框架\kj5new\Objects\kj5.hex
*FILETIME* : 2026年04月05日, 13:42:47
*FILESIZE* : 3482 (0x000D9A)
*CODESIZE* : 1120 (0x000460)
*CHECKSUM* : 0x0001D913
*ISPMODE* : 2
*ISPRESULT* : 0
--------------------
[2026-04-05 13:42:57] : End
--------------------------------------------------
[2026-04-05 13:43:40] : Begin
--------------------
*MCUTYPE* : IAP15F2K61S2
*MCUID* : F449C6320A8828
*FILENAME* : C:\Users\Jackx\Desktop\lanqiaobei_iap15f2k61s2_code\框架\kj5new\Objects\kj5.hex
*FILETIME* : 2026年04月05日, 13:43:36
*FILESIZE* : 3482 (0x000D9A)
*CODESIZE* : 1130 (0x00046A)
*CHECKSUM* : 0x0001DD36
*ISPMODE* : 2
*ISPRESULT* : 0
--------------------
[2026-04-05 13:43:46] : End
--------------------------------------------------
[2026-04-05 14:54:36] : Begin
--------------------
*MCUTYPE* : IAP15F2K61S2
*MCUID* : F449C6320A8828
*FILENAME* : C:\Users\Jackx\Desktop\lanqiaobei_iap15f2k61s2_code\框架\kj5new\Objects\kj5.hex
*FILETIME* : 2026年04月05日, 14:54:21
*FILESIZE* : 4568 (0x0011D8)
*CODESIZE* : 1130 (0x00046A)
*CHECKSUM* : 0x0001DD2C
*ISPMODE* : 2
*ISPRESULT* : 0
--------------------
[2026-04-05 14:54:43] : End
--------------------------------------------------
[2026-04-05 15:01:38] : Begin
--------------------
*MCUTYPE* : IAP15F2K61S2
*FILENAME* : C:\Users\Jackx\Desktop\lanqiaobei_iap15f2k61s2_code\框架\kj5new\Objects\kj5.hex
*FILETIME* : 2026年04月05日, 14:54:21
*FILESIZE* : 4568 (0x0011D8)
*CODESIZE* : 1504 (0x0005E0)
*CHECKSUM* : 0x00027753
*ISPMODE* : 2
*ISPRESULT* : 3
--------------------
[2026-04-05 15:01:54] : End
--------------------------------------------------
[2026-04-05 15:01:55] : Begin
--------------------
*MCUTYPE* : IAP15F2K61S2
*MCUID* : F449C6320A8828
*FILENAME* : C:\Users\Jackx\Desktop\lanqiaobei_iap15f2k61s2_code\框架\kj5new\Objects\kj5.hex
*FILETIME* : 2026年04月05日, 15:01:50
*FILESIZE* : 4543 (0x0011BF)
*CODESIZE* : 1504 (0x0005E0)
*CHECKSUM* : 0x00027753
*ISPMODE* : 2
*ISPRESULT* : 0
--------------------
[2026-04-05 15:02:01] : End
--------------------------------------------------
[2026-04-05 15:02:37] : Begin
--------------------
*MCUTYPE* : IAP15F2K61S2
*MCUID* : F449C6320A8828
*FILENAME* : C:\Users\Jackx\Desktop\lanqiaobei_iap15f2k61s2_code\框架\kj5new\Objects\kj5.hex
*FILETIME* : 2026年04月05日, 15:02:35
*FILESIZE* : 4551 (0x0011C7)
*CODESIZE* : 1498 (0x0005DA)
*CHECKSUM* : 0x000272F2
*ISPMODE* : 2
*ISPRESULT* : 0
--------------------
[2026-04-05 15:02:43] : End
--------------------------------------------------
[2026-04-05 15:03:07] : Begin
--------------------
*MCUTYPE* : IAP15F2K61S2
*MCUID* : F449C6320A8828
*FILENAME* : C:\Users\Jackx\Desktop\lanqiaobei_iap15f2k61s2_code\框架\kj5new\Objects\kj5.hex
*FILETIME* : 2026年04月05日, 15:02:59
*FILESIZE* : 4543 (0x0011BF)
*CODESIZE* : 1502 (0x0005DE)
*CHECKSUM* : 0x00027607
*ISPMODE* : 2
*ISPRESULT* : 0
--------------------
[2026-04-05 15:03:13] : End
--------------------------------------------------
[2026-04-05 15:17:16] : Begin
--------------------
*MCUTYPE* : IAP15F2K61S2
*MCUID* : F449C6320A8828
*FILENAME* : C:\Users\Jackx\Desktop\lanqiaobei_iap15f2k61s2_code\框架\kj5new\Objects\kj5.hex
*FILETIME* : 2026年04月05日, 15:17:09
*FILESIZE* : 3896 (0x000F38)
*CODESIZE* : 1498 (0x0005DA)
*CHECKSUM* : 0x000272F2
*ISPMODE* : 2
*ISPRESULT* : 0
--------------------
[2026-04-05 15:17:23] : End
--------------------------------------------------
[2026-04-05 15:44:35] : Begin
--------------------
*MCUTYPE* : IAP15F2K61S2
*MCUID* : F449C6320A8828
*FILENAME* : C:\Users\Jackx\Desktop\lanqiaobei_iap15f2k61s2_code\框架\kj5new\Objects\kj5.hex
*FILETIME* : 2026年04月05日, 15:44:18
*FILESIZE* : 7606 (0x001DB6)
*CODESIZE* : 1272 (0x0004F8)
*CHECKSUM* : 0x00020592
*ISPMODE* : 2
*ISPRESULT* : 0
--------------------
[2026-04-05 15:44:42] : End
--------------------------------------------------
[2026-04-05 15:46:07] : Begin
--------------------
*MCUTYPE* : IAP15F2K61S2
*MCUID* : F449C6320A8828
*FILENAME* : C:\Users\Jackx\Desktop\lanqiaobei_iap15f2k61s2_code\框架\kj5new\Objects\kj5.hex
*FILETIME* : 2026年04月05日, 15:46:02
*FILESIZE* : 7610 (0x001DBA)
*CODESIZE* : 2542 (0x0009EE)
*CHECKSUM* : 0x000436B3
*ISPMODE* : 2
*ISPRESULT* : 0
--------------------
[2026-04-05 15:46:13] : End
--------------------------------------------------
[2026-04-05 15:47:52] : Begin
--------------------
*MCUTYPE* : IAP15F2K61S2
*MCUID* : F449C6320A8828
*FILENAME* : C:\Users\Jackx\Desktop\lanqiaobei_iap15f2k61s2_code\框架\kj5new\Objects\kj5.hex
*FILETIME* : 2026年04月05日, 15:46:02
*FILESIZE* : 7610 (0x001DBA)
*CODESIZE* : 2544 (0x0009F0)
*CHECKSUM* : 0x000437AB
*ISPMODE* : 2
*ISPRESULT* : 0
--------------------
[2026-04-05 15:47:59] : End
--------------------------------------------------
[2026-04-05 15:48:19] : Begin
--------------------
*MCUTYPE* : IAP15F2K61S2
*MCUID* : F449C6320A8828
*FILENAME* : C:\Users\Jackx\Desktop\lanqiaobei_iap15f2k61s2_code\框架\kj5new\Objects\kj5.hex
*FILETIME* : 2026年04月05日, 15:48:15
*FILESIZE* : 7606 (0x001DB6)
*CODESIZE* : 2544 (0x0009F0)
*CHECKSUM* : 0x000437AB
*ISPMODE* : 2
*ISPRESULT* : 0
--------------------
[2026-04-05 15:48:25] : End
--------------------------------------------------
[2026-04-05 15:50:41] : Begin
--------------------
*MCUTYPE* : IAP15F2K61S2
*MCUID* : F449C6320A8828
*FILENAME* : C:\Users\Jackx\Desktop\lanqiaobei_iap15f2k61s2_code\框架\kj5new\Objects\kj5.hex
*FILETIME* : 2026年04月05日, 15:50:38
*FILESIZE* : 6934 (0x001B16)
*CODESIZE* : 2542 (0x0009EE)
*CHECKSUM* : 0x000436B5
*ISPMODE* : 2
*ISPRESULT* : 0
--------------------
[2026-04-05 15:50:47] : End
--------------------------------------------------
[2026-04-05 16:00:05] : Begin
--------------------
*MCUTYPE* : IAP15F2K61S2
*MCUID* : F449C6320A8828
*FILENAME* : C:\Users\Jackx\Desktop\lanqiaobei_iap15f2k61s2_code\框架\kj5new\Objects\kj5.hex
*FILETIME* : 2026年04月05日, 16:00:01
*FILESIZE* : 6936 (0x001B18)
*CODESIZE* : 2310 (0x000906)
*CHECKSUM* : 0x0003D77B
*ISPMODE* : 2
*ISPRESULT* : 0
--------------------
[2026-04-05 16:00:12] : End
--------------------------------------------------
[2026-04-05 19:15:48] : Begin
--------------------
*MCUTYPE* : IAP15F2K61S2
*MCUID* : F449C6320A8828
*FILENAME* : C:\Users\Jackx\Desktop\Template.hex
*FILETIME* : 2026年04月05日, 19:15:21
*FILESIZE* : 9071 (0x00236F)
*CODESIZE* : 3047 (0x000BE7)
*CHECKSUM* : 0x00051965
*ISPMODE* : 2
*ISPRESULT* : 0
--------------------
[2026-04-05 19:15:55] : End
--------------------------------------------------
[2026-04-05 20:03:41] : Begin
--------------------
*MCUTYPE* : IAP15F2K61S2
*MCUID* : F449C6320A8828
*FILENAME* : C:\Users\Jackx\Desktop\lanqiaobei_iap15f2k61s2_code\框架\kj5new\Objects\kj5.hex
*FILETIME* : 2026年04月05日, 20:03:25
*FILESIZE* : 6325 (0x0018B5)
*CODESIZE* : 2103 (0x000837)
*CHECKSUM* : 0x00039431
*ISPMODE* : 2
*ISPRESULT* : 0
--------------------
[2026-04-05 20:03:48] : End
--------------------------------------------------
[2026-04-05 20:11:57] : Begin
--------------------
*MCUTYPE* : IAP15F2K61S2
*MCUID* : F449C6320A8828
*FILENAME* : C:\Users\Jackx\Desktop\lanqiaobei_iap15f2k61s2_code\框架\kj5new\Objects\kj5.hex
*FILETIME* : 2026年04月05日, 20:11:53
*FILESIZE* : 6325 (0x0018B5)
*CODESIZE* : 2103 (0x000837)
*CHECKSUM* : 0x00039431
*ISPMODE* : 2
*ISPRESULT* : 0
--------------------
[2026-04-05 20:12:03] : End
--------------------------------------------------
[2026-04-05 20:46:07] : Begin
--------------------
*MCUTYPE* : IAP15F2K61S2
*MCUID* : F449C6320A8828
*FILENAME* : C:\Users\Jackx\Desktop\lanqiaobei_iap15f2k61s2_code\框架\kj5new\Objects\kj5.hex
*FILETIME* : 2026年04月05日, 20:46:00
*FILESIZE* : 8047 (0x001F6F)
*CODESIZE* : 2103 (0x000837)
*CHECKSUM* : 0x0003943C
*ISPMODE* : 2
*ISPRESULT* : 0
--------------------
[2026-04-05 20:46:14] : End
--------------------------------------------------
[2026-04-05 20:50:10] : Begin
--------------------
*MCUTYPE* : IAP15F2K61S2
*MCUID* : F449C6320A8828
*FILENAME* : C:\Users\Jackx\Desktop\lanqiaobei_iap15f2k61s2_code\框架\kj5new\Objects\kj5.hex
*FILETIME* : 2026年04月05日, 20:50:07
*FILESIZE* : 8047 (0x001F6F)
*CODESIZE* : 2665 (0x000A69)
*CHECKSUM* : 0x0004C5CA
*ISPMODE* : 2
*ISPRESULT* : 0
--------------------
[2026-04-05 20:50:17] : End
--------------------------------------------------
[2026-04-05 20:58:01] : Begin
--------------------
*MCUTYPE* : IAP15F2K61S2
*MCUID* : F449C6320A8828
*FILENAME* : C:\Users\Jackx\Desktop\lanqiaobei_iap15f2k61s2_code\框架\kj5new\Objects\kj5.hex
*FILETIME* : 2026年04月05日, 20:57:52
*FILESIZE* : 8041 (0x001F69)
*CODESIZE* : 2665 (0x000A69)
*CHECKSUM* : 0x0004C62B
*ISPMODE* : 2
*ISPRESULT* : 0
--------------------
[2026-04-05 20:58:07] : End
--------------------------------------------------
[2026-04-05 21:03:14] : Begin
--------------------
*MCUTYPE* : IAP15F2K61S2
*MCUID* : F449C6320A8828
*FILENAME* : C:\Users\Jackx\Desktop\lanqiaobei_iap15f2k61s2_code\框架\kj5new\Objects\kj5.hex
*FILETIME* : 2026年04月05日, 21:03:11
*FILESIZE* : 8043 (0x001F6B)
*CODESIZE* : 2662 (0x000A66)
*CHECKSUM* : 0x0004C3D7
*ISPMODE* : 2
*ISPRESULT* : 0
--------------------
[2026-04-05 21:03:21] : End
--------------------------------------------------
[2026-04-05 21:07:46] : Begin
--------------------
*MCUTYPE* : IAP15F2K61S2
*MCUID* : F449C6320A8828
*FILENAME* : C:\Users\Jackx\Desktop\lanqiaobei_iap15f2k61s2_code\框架\kj5new\Objects\kj5.hex
*FILETIME* : 2026年04月05日, 21:07:43
*FILESIZE* : 8137 (0x001FC9)
*CODESIZE* : 2663 (0x000A67)
*CHECKSUM* : 0x0004C41E
*ISPMODE* : 2
*ISPRESULT* : 0
--------------------
[2026-04-05 21:07:52] : End
--------------------------------------------------
[2026-04-05 21:09:13] : Begin
--------------------
*MCUTYPE* : IAP15F2K61S2
*MCUID* : F449C6320A8828
*FILENAME* : C:\Users\Jackx\Desktop\lanqiaobei_iap15f2k61s2_code\框架\kj5new\Objects\kj5.hex
*FILETIME* : 2026年04月05日, 21:09:08
*FILESIZE* : 8145 (0x001FD1)
*CODESIZE* : 2697 (0x000A89)
*CHECKSUM* : 0x0004DC18
*ISPMODE* : 2
*ISPRESULT* : 0
--------------------
[2026-04-05 21:09:19] : End
--------------------------------------------------
[2026-04-05 21:14:54] : Begin
--------------------
*MCUTYPE* : IAP15F2K61S2
*MCUID* : F449C6320A8828
*FILENAME* : C:\Users\Jackx\Desktop\lanqiaobei_iap15f2k61s2_code\框架\kj5new\Objects\kj5.hex
*FILETIME* : 2026年04月05日, 21:14:51
*FILESIZE* : 8960 (0x002300)
*CODESIZE* : 2701 (0x000A8D)
*CHECKSUM* : 0x0004DE5E
*ISPMODE* : 2
*ISPRESULT* : 0
--------------------
[2026-04-05 21:15:01] : End
--------------------------------------------------
[2026-04-05 21:15:28] : Begin
--------------------
*MCUTYPE* : IAP15F2K61S2
*MCUID* : F449C6320A8828
*FILENAME* : C:\Users\Jackx\Desktop\lanqiaobei_iap15f2k61s2_code\框架\kj5new\Objects\kj5.hex
*FILETIME* : 2026年04月05日, 21:15:25
*FILESIZE* : 9093 (0x002385)
*CODESIZE* : 2946 (0x000B82)
*CHECKSUM* : 0x00054218
*ISPMODE* : 2
*ISPRESULT* : 0
--------------------
[2026-04-05 21:15:35] : End
--------------------------------------------------
[2026-04-05 22:07:04] : Begin
--------------------
*MCUTYPE* : IAP15F2K61S2
*MCUID* : F449C6320A8828
*FILENAME* : C:\Users\Jackx\Desktop\lanqiaobei_iap15f2k61s2_code\框架\kj5new\Objects\kj5.hex
*FILETIME* : 2026年04月05日, 22:06:57
*FILESIZE* : 9827 (0x002663)
*CODESIZE* : 2995 (0x000BB3)
*CHECKSUM* : 0x00054A36
*ISPMODE* : 2
*ISPRESULT* : 0
--------------------
[2026-04-05 22:07:11] : End
--------------------------------------------------
[2026-04-05 22:10:53] : Begin
--------------------
*MCUTYPE* : IAP15F2K61S2
*MCUID* : F449C6320A8828
*FILENAME* : C:\Users\Jackx\Desktop\lanqiaobei_iap15f2k61s2_code\框架\kj5new\Objects\kj5.hex
*FILETIME* : 2026年04月05日, 22:10:48
*FILESIZE* : 9845 (0x002675)
*CODESIZE* : 3191 (0x000C77)
*CHECKSUM* : 0x00059ACE
*ISPMODE* : 2
*ISPRESULT* : 0
--------------------
[2026-04-05 22:10:59] : End
--------------------------------------------------
[2026-04-05 22:12:23] : Begin
--------------------
*MCUTYPE* : IAP15F2K61S2
*MCUID* : F449C6320A8828
*FILENAME* : C:\Users\Jackx\Desktop\lanqiaobei_iap15f2k61s2_code\框架\kj5new\Objects\kj5.hex
*FILETIME* : 2026年04月05日, 22:12:14
*FILESIZE* : 9832 (0x002668)
*CODESIZE* : 3200 (0x000C80)
*CHECKSUM* : 0x00059E0B
*ISPMODE* : 2
*ISPRESULT* : 0
--------------------
[2026-04-05 22:12:29] : End
--------------------------------------------------
[2026-04-05 22:12:48] : Begin
--------------------
*MCUTYPE* : IAP15F2K61S2
*MCUID* : F449C6320A8828
*FILENAME* : C:\Users\Jackx\Desktop\lanqiaobei_iap15f2k61s2_code\框架\kj5new\Objects\kj5.hex
*FILETIME* : 2026年04月05日, 22:12:44
*FILESIZE* : 9827 (0x002663)
*CODESIZE* : 3200 (0x000C80)
*CHECKSUM* : 0x00059AC6
*ISPMODE* : 2
*ISPRESULT* : 0
--------------------
[2026-04-05 22:12:55] : End
--------------------------------------------------
[2026-04-05 22:13:31] : Begin
--------------------
*MCUTYPE* : IAP15F2K61S2
*MCUID* : F449C6320A8828
*FILENAME* : C:\Users\Jackx\Desktop\lanqiaobei_iap15f2k61s2_code\框架\kj5new\Objects\kj5.hex
*FILETIME* : 2026年04月05日, 22:13:21
*FILESIZE* : 9832 (0x002668)
*CODESIZE* : 3191 (0x000C77)
*CHECKSUM* : 0x00059ACE
*ISPMODE* : 2
*ISPRESULT* : 0
--------------------
[2026-04-05 22:13:38] : End
--------------------------------------------------
[2026-04-05 22:13:56] : Begin
--------------------
*MCUTYPE* : IAP15F2K61S2
*MCUID* : F449C6320A8828
*FILENAME* : C:\Users\Jackx\Desktop\lanqiaobei_iap15f2k61s2_code\框架\kj5new\Objects\kj5.hex
*FILETIME* : 2026年04月05日, 22:13:51
*FILESIZE* : 9827 (0x002663)
*CODESIZE* : 3200 (0x000C80)
*CHECKSUM* : 0x00059BAF
*ISPMODE* : 2
*ISPRESULT* : 0
--------------------
[2026-04-05 22:14:03] : End
--------------------------------------------------
[2026-04-05 22:44:59] : Begin
--------------------
*MCUTYPE* : IAP15F2K61S2
*MCUID* : F449C6320A8828
*FILENAME* : C:\Users\Jackx\Desktop\lanqiaobei_iap15f2k61s2_code\框架\kj5new\Objects\kj5.hex
*FILETIME* : 2026年04月05日, 22:44:45
*FILESIZE* : 9979 (0x0026FB)
*CODESIZE* : 3191 (0x000C77)
*CHECKSUM* : 0x00059ACE
*ISPMODE* : 2
*ISPRESULT* : 0
--------------------
[2026-04-05 22:45:06] : End
--------------------------------------------------
[2026-04-05 22:45:55] : Begin
--------------------
*MCUTYPE* : IAP15F2K61S2
*MCUID* : F449C6320A8828
*FILENAME* : C:\Users\Jackx\Desktop\lanqiaobei_iap15f2k61s2_code\框架\kj5new\Objects\kj5.hex
*FILETIME* : 2026年04月05日, 22:45:46
*FILESIZE* : 9979 (0x0026FB)
*CODESIZE* : 3228 (0x000C9C)
*CHECKSUM* : 0x0005A27D
*ISPMODE* : 2
*ISPRESULT* : 0
--------------------
[2026-04-05 22:46:01] : End
--------------------------------------------------
[2026-04-05 22:46:55] : Begin
--------------------
*MCUTYPE* : IAP15F2K61S2
*MCUID* : F449C6320A8828
*FILENAME* : C:\Users\Jackx\Desktop\lanqiaobei_iap15f2k61s2_code\框架\kj5new\Objects\kj5.hex
*FILETIME* : 2026年04月05日, 22:46:54
*FILESIZE* : 9989 (0x002705)
*CODESIZE* : 3228 (0x000C9C)
*CHECKSUM* : 0x0005A27B
*ISPMODE* : 2
*ISPRESULT* : 0
--------------------
[2026-04-05 22:47:01] : End
--------------------------------------------------
[2026-04-05 23:18:41] : Begin
--------------------
*MCUTYPE* : IAP15F2K61S2
*MCUID* : F449C6320A8828
*FILENAME* : C:\Users\Jackx\Desktop\lanqiaobei_iap15f2k61s2_code\框架\kj5new\Objects\kj5.hex
*FILETIME* : 2026年04月05日, 23:18:23
*FILESIZE* : 9966 (0x0026EE)
*CODESIZE* : 3233 (0x000CA1)
*CHECKSUM* : 0x00059800
*ISPMODE* : 2
*ISPRESULT* : 0
--------------------
[2026-04-05 23:18:48] : End
--------------------------------------------------
[2026-04-05 23:20:10] : Begin
--------------------
*MCUTYPE* : IAP15F2K61S2
*MCUID* : F449C6320A8828
*FILENAME* : C:\Users\Jackx\Desktop\lanqiaobei_iap15f2k61s2_code\框架\kj5new\Objects\kj5.hex
*FILETIME* : 2026年04月05日, 23:20:08
*FILESIZE* : 9966 (0x0026EE)
*CODESIZE* : 3202 (0x000C82)
*CHECKSUM* : 0x0005A5F5
*ISPMODE* : 2
*ISPRESULT* : 0
--------------------
[2026-04-05 23:20:17] : End
--------------------------------------------------
[2026-04-05 23:20:47] : Begin
--------------------
*MCUTYPE* : IAP15F2K61S2
*MCUID* : F449C6320A8828
*FILENAME* : C:\Users\Jackx\Desktop\lanqiaobei_iap15f2k61s2_code\框架\kj5new\Objects\kj5.hex
*FILETIME* : 2026年04月05日, 23:20:45
*FILESIZE* : 9966 (0x0026EE)
*CODESIZE* : 3202 (0x000C82)
*CHECKSUM* : 0x0005A709
*ISPMODE* : 2
*ISPRESULT* : 0
--------------------
[2026-04-05 23:20:54] : End
--------------------------------------------------
[2026-04-05 23:49:49] : Begin
--------------------
*MCUTYPE* : IAP15F2K61S2
*MCUID* : F449C6320A8828
*FILENAME* : C:\Users\Jackx\Desktop\lanqiaobei_iap15f2k61s2_code\框架\kj5new\Objects\kj5.hex
*FILETIME* : 2026年04月05日, 23:49:33
*FILESIZE* : 10440 (0x0028C8)
*CODESIZE* : 3202 (0x000C82)
*CHECKSUM* : 0x0005A609
*ISPMODE* : 2
*ISPRESULT* : 0
--------------------
[2026-04-05 23:49:55] : End
--------------------------------------------------
