[2026-04-04 16:47:21] : Begin
--------------------
*MCUTYPE* : IAP15F2K61S2
*MCUID* : F449C6320A8828
*FILENAME* : C:\Users\Jackx\Desktop\lanqiaobei_iap15f2k61s2_code\比赛模拟\比赛前练习\Objects\s15dz.hex
*FILETIME* : 2026年04月04日, 16:47:16
*FILESIZE* : 856 (0x000358)
*CODESIZE* : 274 (0x000112)
*CHECKSUM* : 0x0000918E
*ISPMODE* : 2
*ISPRESULT* : 0
--------------------
[2026-04-04 16:47:27] : End
--------------------------------------------------
[2026-04-04 17:40:40] : Begin
--------------------
*MCUTYPE* : IAP15F2K61S2
*MCUID* : F449C6320A8828
*FILENAME* : C:\Users\Jackx\Desktop\lanqiaobei_iap15f2k61s2_code\比赛模拟\比赛前练习\Objects\s15dz.hex
*FILETIME* : 2026年04月04日, 17:40:37
*FILESIZE* : 1586 (0x000632)
*CODESIZE* : 274 (0x000112)
*CHECKSUM* : 0x0000918E
*ISPMODE* : 2
*ISPRESULT* : 0
--------------------
[2026-04-04 17:40:46] : End
--------------------------------------------------
[2026-04-04 17:41:29] : Begin
--------------------
*MCUTYPE* : IAP15F2K61S2
*MCUID* : F449C6320A8828
*FILENAME* : C:\Users\Jackx\Desktop\lanqiaobei_iap15f2k61s2_code\比赛模拟\比赛前练习\Objects\s15dz.hex
*FILETIME* : 2026年04月04日, 17:41:25
*FILESIZE* : 1605 (0x000645)
*CODESIZE* : 532 (0x000214)
*CHECKSUM* : 0x0000FB1B
*ISPMODE* : 2
*ISPRESULT* : 0
--------------------
[2026-04-04 17:41:36] : End
--------------------------------------------------
[2026-04-04 17:43:41] : Begin
--------------------
*MCUTYPE* : IAP15F2K61S2
*MCUID* : F449C6320A8828
*FILENAME* : C:\Users\Jackx\Desktop\lanqiaobei_iap15f2k61s2_code\比赛模拟\比赛前练习\Objects\s15dz.hex
*FILETIME* : 2026年04月04日, 17:43:37
*FILESIZE* : 1594 (0x00063A)
*CODESIZE* : 535 (0x000217)
*CHECKSUM* : 0x0000FC49
*ISPMODE* : 2
*ISPRESULT* : 0
--------------------
[2026-04-04 17:43:47] : End
--------------------------------------------------
[2026-04-04 18:15:27] : Begin
--------------------
*MCUTYPE* : IAP15F2K61S2
*MCUID* : F449C6320A8828
*FILENAME* : C:\Users\Jackx\Desktop\lanqiaobei_iap15f2k61s2_code\比赛模拟\比赛前练习\Objects\s15dz.hex
*FILETIME* : 2026年04月04日, 18:15:23
*FILESIZE* : 2484 (0x0009B4)
*CODESIZE* : 533 (0x000215)
*CHECKSUM* : 0x0000FA19
*ISPMODE* : 2
*ISPRESULT* : 0
--------------------
[2026-04-04 18:15:32] : End
--------------------------------------------------
[2026-04-04 18:15:56] : Begin
--------------------
*MCUTYPE* : IAP15F2K61S2
*MCUID* : F449C6320A8828
*FILENAME* : C:\Users\Jackx\Desktop\lanqiaobei_iap15f2k61s2_code\比赛模拟\比赛前练习\Objects\s15dz.hex
*FILETIME* : 2026年04月04日, 18:15:49
*FILESIZE* : 2484 (0x0009B4)
*CODESIZE* : 814 (0x00032E)
*CHECKSUM* : 0x00016AF0
*ISPMODE* : 2
*ISPRESULT* : 0
--------------------
[2026-04-04 18:16:01] : End
--------------------------------------------------
[2026-04-04 18:35:31] : Begin
--------------------
*MCUTYPE* : IAP15F2K61S2
*MCUID* : F449C6320A8828
*FILENAME* : C:\Users\Jackx\Desktop\lanqiaobei_iap15f2k61s2_code\比赛模拟\比赛前练习\Objects\s15dz.hex
*FILETIME* : 2026年04月04日, 18:35:28
*FILESIZE* : 2904 (0x000B58)
*CODESIZE* : 814 (0x00032E)
*CHECKSUM* : 0x00016AF0
*ISPMODE* : 2
*ISPRESULT* : 0
--------------------
[2026-04-04 18:35:37] : End
--------------------------------------------------
[2026-04-04 19:05:34] : Begin
--------------------
*MCUTYPE* : IAP15F2K61S2
*MCUID* : F449C6320A8828
*FILENAME* : C:\Users\Jackx\Desktop\lanqiaobei_iap15f2k61s2_code\比赛模拟\比赛前练习\Objects\s15dz.hex
*FILETIME* : 2026年04月04日, 19:05:30
*FILESIZE* : 3414 (0x000D56)
*CODESIZE* : 967 (0x0003C7)
*CHECKSUM* : 0x0001B1AE
*ISPMODE* : 2
*ISPRESULT* : 0
--------------------
[2026-04-04 19:05:40] : End
--------------------------------------------------
[2026-04-04 19:06:38] : Begin
--------------------
*MCUTYPE* : IAP15F2K61S2
*MCUID* : F449C6320A8828
*FILENAME* : C:\Users\Jackx\Desktop\lanqiaobei_iap15f2k61s2_code\比赛模拟\比赛前练习\Objects\s15dz.hex
*FILETIME* : 2026年04月04日, 19:06:37
*FILESIZE* : 3441 (0x000D71)
*CODESIZE* : 1124 (0x000464)
*CHECKSUM* : 0x0001DB09
*ISPMODE* : 2
*ISPRESULT* : 0
--------------------
[2026-04-04 19:06:44] : End
--------------------------------------------------
[2026-04-04 19:07:30] : Begin
--------------------
*MCUTYPE* : IAP15F2K61S2
*MCUID* : F449C6320A8828
*FILENAME* : C:\Users\Jackx\Desktop\lanqiaobei_iap15f2k61s2_code\比赛模拟\比赛前练习\Objects\s15dz.hex
*FILETIME* : 2026年04月04日, 19:07:23
*FILESIZE* : 3441 (0x000D71)
*CODESIZE* : 1131 (0x00046B)
*CHECKSUM* : 0x0001DD72
*ISPMODE* : 2
*ISPRESULT* : 0
--------------------
[2026-04-04 19:07:36] : End
--------------------------------------------------
[2026-04-04 19:10:28] : Begin
--------------------
*MCUTYPE* : IAP15F2K61S2
*MCUID* : F449C6320A8828
*FILENAME* : C:\Users\Jackx\Desktop\lanqiaobei_iap15f2k61s2_code\比赛模拟\比赛前练习\Objects\s15dz.hex
*FILETIME* : 2026年04月04日, 19:10:19
*FILESIZE* : 3441 (0x000D71)
*CODESIZE* : 1131 (0x00046B)
*CHECKSUM* : 0x0001DD7D
*ISPMODE* : 2
*ISPRESULT* : 0
--------------------
[2026-04-04 19:10:34] : End
--------------------------------------------------
[2026-04-04 19:11:01] : Begin
--------------------
*MCUTYPE* : IAP15F2K61S2
*MCUID* : F449C6320A8828
*FILENAME* : C:\Users\Jackx\Desktop\lanqiaobei_iap15f2k61s2_code\比赛模拟\比赛前练习\Objects\s15dz.hex
*FILETIME* : 2026年04月04日, 19:10:50
*FILESIZE* : 3414 (0x000D56)
*CODESIZE* : 1131 (0x00046B)
*CHECKSUM* : 0x0001DD78
*ISPMODE* : 2
*ISPRESULT* : 0
--------------------
[2026-04-04 19:11:07] : End
--------------------------------------------------
[2026-04-04 19:12:26] : Begin
--------------------
*MCUTYPE* : IAP15F2K61S2
*MCUID* : F449C6320A8828
*FILENAME* : C:\Users\Jackx\Desktop\lanqiaobei_iap15f2k61s2_code\比赛模拟\比赛前练习\Objects\s15dz.hex
*FILETIME* : 2026年04月04日, 19:12:22
*FILESIZE* : 3414 (0x000D56)
*CODESIZE* : 1124 (0x000464)
*CHECKSUM* : 0x0001DB0F
*ISPMODE* : 2
*ISPRESULT* : 0
--------------------
[2026-04-04 19:12:33] : End
--------------------------------------------------
[2026-04-04 19:14:57] : Begin
--------------------
*MCUTYPE* : IAP15F2K61S2
*MCUID* : F449C6320A8828
*FILENAME* : C:\Users\Jackx\Desktop\lanqiaobei_iap15f2k61s2_code\比赛模拟\比赛前练习\Objects\s15dz.hex
*FILETIME* : 2026年04月04日, 19:14:53
*FILESIZE* : 3418 (0x000D5A)
*CODESIZE* : 1124 (0x000464)
*CHECKSUM* : 0x0001DB14
*ISPMODE* : 2
*ISPRESULT* : 0
--------------------
[2026-04-04 19:15:03] : End
--------------------------------------------------
[2026-04-04 19:16:47] : Begin
--------------------
*MCUTYPE* : IAP15F2K61S2
*MCUID* : F449C6320A8828
*FILENAME* : C:\Users\Jackx\Desktop\lanqiaobei_iap15f2k61s2_code\比赛模拟\比赛前练习\Objects\s15dz.hex
*FILETIME* : 2026年04月04日, 19:16:41
*FILESIZE* : 3418 (0x000D5A)
*CODESIZE* : 1126 (0x000466)
*CHECKSUM* : 0x0001DB67
*ISPMODE* : 2
*ISPRESULT* : 0
--------------------
[2026-04-04 19:16:53] : End
--------------------------------------------------
[2026-04-04 19:28:34] : Begin
--------------------
*MCUTYPE* : IAP15F2K61S2
*MCUID* : F449C6320A8828
*FILENAME* : C:\Users\Jackx\Desktop\lanqiaobei_iap15f2k61s2_code\比赛模拟\比赛前练习\Objects\s15dz.hex
*FILETIME* : 2026年04月04日, 19:28:30
*FILESIZE* : 3318 (0x000CF6)
*CODESIZE* : 1126 (0x000466)
*CHECKSUM* : 0x0001DB60
*ISPMODE* : 2
*ISPRESULT* : 0
--------------------
[2026-04-04 19:28:40] : End
--------------------------------------------------
[2026-04-04 19:32:31] : Begin
--------------------
*MCUTYPE* : IAP15F2K61S2
*MCUID* : F449C6320A8828
*FILENAME* : C:\Users\Jackx\Desktop\lanqiaobei_iap15f2k61s2_code\比赛模拟\比赛前练习\Objects\s15dz.hex
*FILETIME* : 2026年04月04日, 19:32:25
*FILESIZE* : 3318 (0x000CF6)
*CODESIZE* : 1091 (0x000443)
*CHECKSUM* : 0x0001CBB7
*ISPMODE* : 2
*ISPRESULT* : 0
--------------------
[2026-04-04 19:32:38] : End
--------------------------------------------------
[2026-04-04 20:37:16] : Begin
--------------------
*MCUTYPE* : IAP15F2K61S2
*MCUID* : F449C6320A8828
*FILENAME* : C:\Users\Jackx\Desktop\lanqiaobei_iap15f2k61s2_code\框架\kj5new\Objects\kj5.hex
*FILETIME* : 2026年04月04日, 20:36:15
*FILESIZE* : 3334 (0x000D06)
*CODESIZE* : 1099 (0x00044B)
*CHECKSUM* : 0x0001CD44
*ISPMODE* : 2
*ISPRESULT* : 0
--------------------
[2026-04-04 20:37:22] : End
--------------------------------------------------
[2026-04-04 20:37:45] : Begin
--------------------
*MCUTYPE* : IAP15F2K61S2
*MCUID* : F449C6320A8828
*FILENAME* : C:\Users\Jackx\Desktop\lanqiaobei_iap15f2k61s2_code\框架\kj5new\Objects\kj5.hex
*FILETIME* : 2026年04月04日, 20:37:38
*FILESIZE* : 3352 (0x000D18)
*CODESIZE* : 1099 (0x00044B)
*CHECKSUM* : 0x0001CD44
*ISPMODE* : 2
*ISPRESULT* : 0
--------------------
[2026-04-04 20:37:51] : End
--------------------------------------------------
[2026-04-04 22:44:48] : Begin
--------------------
*MCUTYPE* : IAP15F2K61S2
*MCUID* : F449C6320A8828
*FILENAME* : C:\Users\Jackx\Desktop\lanqiaobei_iap15f2k61s2_code\框架\kj5new\Objects\kj5.hex
*FILETIME* : 2026年04月04日, 22:44:11
*FILESIZE* : 3474 (0x000D92)
*CODESIZE* : 1126 (0x000466)
*CHECKSUM* : 0x0001E2A9
*ISPMODE* : 2
*ISPRESULT* : 0
--------------------
[2026-04-04 22:44:54] : End
--------------------------------------------------
[2026-04-04 22:47:05] : Begin
--------------------
*MCUTYPE* : IAP15F2K61S2
*MCUID* : F449C6320A8828
*FILENAME* : C:\Users\Jackx\Desktop\lanqiaobei_iap15f2k61s2_code\框架\kj5new\Objects\kj5.hex
*FILETIME* : 2026年04月04日, 22:47:02
*FILESIZE* : 3382 (0x000D36)
*CODESIZE* : 1126 (0x000466)
*CHECKSUM* : 0x0001E2A9
*ISPMODE* : 2
*ISPRESULT* : 0
--------------------
[2026-04-04 22:47:11] : End
--------------------------------------------------
[2026-04-04 22:50:25] : Begin
--------------------
*MCUTYPE* : IAP15F2K61S2
*MCUID* : F449C6320A8828
*FILENAME* : C:\Users\Jackx\Desktop\lanqiaobei_iap15f2k61s2_code\框架\kj5new\Objects\kj5.hex
*FILETIME* : 2026年04月04日, 22:50:22
*FILESIZE* : 3382 (0x000D36)
*CODESIZE* : 1095 (0x000447)
*CHECKSUM* : 0x0001E596
*ISPMODE* : 2
*ISPRESULT* : 0
--------------------
[2026-04-04 22:50:31] : End
--------------------------------------------------
[2026-04-04 22:51:26] : Begin
--------------------
*MCUTYPE* : IAP15F2K61S2
*MCUID* : F449C6320A8828
*FILENAME* : C:\Users\Jackx\Desktop\lanqiaobei_iap15f2k61s2_code\框架\kj5new\Objects\kj5.hex
*FILETIME* : 2026年04月04日, 22:51:22
*FILESIZE* : 3497 (0x000DA9)
*CODESIZE* : 1095 (0x000447)
*CHECKSUM* : 0x0001E532
*ISPMODE* : 2
*ISPRESULT* : 0
--------------------
[2026-04-04 22:51:32] : End
--------------------------------------------------
[2026-04-04 22:51:59] : Begin
--------------------
*MCUTYPE* : IAP15F2K61S2
*MCUID* : F449C6320A8828
*FILENAME* : C:\Users\Jackx\Desktop\lanqiaobei_iap15f2k61s2_code\框架\kj5new\Objects\kj5.hex
*FILETIME* : 2026年04月04日, 22:51:56
*FILESIZE* : 3493 (0x000DA5)
*CODESIZE* : 1131 (0x00046B)
*CHECKSUM* : 0x0001E5F0
*ISPMODE* : 2
*ISPRESULT* : 0
--------------------
[2026-04-04 22:52:05] : End
--------------------------------------------------
[2026-04-04 22:55:14] : Begin
--------------------
*MCUTYPE* : IAP15F2K61S2
*MCUID* : F449C6320A8828
*FILENAME* : C:\Users\Jackx\Desktop\lanqiaobei_iap15f2k61s2_code\框架\kj5new\Objects\kj5.hex
*FILETIME* : 2026年04月04日, 22:55:12
*FILESIZE* : 3472 (0x000D90)
*CODESIZE* : 1129 (0x000469)
*CHECKSUM* : 0x0001E39C
*ISPMODE* : 2
*ISPRESULT* : 0
--------------------
[2026-04-04 22:55:19] : End
--------------------------------------------------
[2026-04-04 23:00:37] : Begin
--------------------
*MCUTYPE* : IAP15F2K61S2
*MCUID* : F449C6320A8828
*FILENAME* : C:\Users\Jackx\Desktop\lanqiaobei_iap15f2k61s2_code\框架\kj5new\Objects\kj5.hex
*FILETIME* : 2026年04月04日, 23:00:35
*FILESIZE* : 3517 (0x000DBD)
*CODESIZE* : 1125 (0x000465)
*CHECKSUM* : 0x0001E18A
*ISPMODE* : 2
*ISPRESULT* : 0
--------------------
[2026-04-04 23:00:43] : End
--------------------------------------------------
[2026-04-04 23:02:23] : Begin
--------------------
*MCUTYPE* : IAP15F2K61S2
*MCUID* : F449C6320A8828
*FILENAME* : C:\Users\Jackx\Desktop\lanqiaobei_iap15f2k61s2_code\框架\kj5new\Objects\kj5.hex
*FILETIME* : 2026年04月04日, 23:02:17
*FILESIZE* : 3554 (0x000DE2)
*CODESIZE* : 1141 (0x000475)
*CHECKSUM* : 0x0001E773
*ISPMODE* : 2
*ISPRESULT* : 0
--------------------
[2026-04-04 23:02:29] : End
--------------------------------------------------
[2026-04-04 23:02:53] : Begin
--------------------
*MCUTYPE* : IAP15F2K61S2
*MCUID* : F449C6320A8828
*FILENAME* : C:\Users\Jackx\Desktop\lanqiaobei_iap15f2k61s2_code\框架\kj5new\Objects\kj5.hex
*FILETIME* : 2026年04月04日, 23:02:49
*FILESIZE* : 3513 (0x000DB9)
*CODESIZE* : 1153 (0x000481)
*CHECKSUM* : 0x0001EDFA
*ISPMODE* : 2
*ISPRESULT* : 0
--------------------
[2026-04-04 23:02:59] : End
--------------------------------------------------
[2026-04-04 23:03:29] : Begin
--------------------
*MCUTYPE* : IAP15F2K61S2
*MCUID* : F449C6320A8828
*FILENAME* : C:\Users\Jackx\Desktop\lanqiaobei_iap15f2k61s2_code\框架\kj5new\Objects\kj5.hex
*FILETIME* : 2026年04月04日, 23:03:26
*FILESIZE* : 3515 (0x000DBB)
*CODESIZE* : 1139 (0x000473)
*CHECKSUM* : 0x0001E617
*ISPMODE* : 2
*ISPRESULT* : 0
--------------------
[2026-04-04 23:03:35] : End
--------------------------------------------------
[2026-04-04 23:05:20] : Begin
--------------------
*MCUTYPE* : IAP15F2K61S2
*MCUID* : F449C6320A8828
*FILENAME* : C:\Users\Jackx\Desktop\lanqiaobei_iap15f2k61s2_code\框架\kj5new\Objects\kj5.hex
*FILETIME* : 2026年04月04日, 23:05:15
*FILESIZE* : 3540 (0x000DD4)
*CODESIZE* : 1140 (0x000474)
*CHECKSUM* : 0x0001E53A
*ISPMODE* : 2
*ISPRESULT* : 0
--------------------
[2026-04-04 23:05:26] : End
--------------------------------------------------
[2026-04-04 23:21:59] : Begin
--------------------
*MCUTYPE* : IAP15F2K61S2
*MCUID* : F449C6320A8828
*FILENAME* : C:\Users\Jackx\Desktop\lanqiaobei_iap15f2k61s2_code\框架\kj5new\Objects\kj5.hex
*FILETIME* : 2026年04月04日, 23:21:55
*FILESIZE* : 3571 (0x000DF3)
*CODESIZE* : 1146 (0x00047A)
*CHECKSUM* : 0x0001E98F
*ISPMODE* : 2
*ISPRESULT* : 0
--------------------
[2026-04-04 23:22:05] : End
--------------------------------------------------
[2026-04-04 23:23:57] : Begin
--------------------
*MCUTYPE* : IAP15F2K61S2
*MCUID* : F449C6320A8828
*FILENAME* : C:\Users\Jackx\Desktop\lanqiaobei_iap15f2k61s2_code\框架\kj5new\Objects\kj5.hex
*FILETIME* : 2026年04月04日, 23:23:51
*FILESIZE* : 3739 (0x000E9B)
*CODESIZE* : 1155 (0x000483)
*CHECKSUM* : 0x0001EB64
*ISPMODE* : 2
*ISPRESULT* : 0
--------------------
[2026-04-04 23:24:03] : End
--------------------------------------------------
[2026-04-04 23:45:16] : Begin
--------------------
*MCUTYPE* : IAP15F2K61S2
*MCUID* : F449C6320A8828
*FILENAME* : C:\Users\Jackx\Desktop\lanqiaobei_iap15f2k61s2_code\框架\kj5new\Objects\kj5.hex
*FILETIME* : 2026年04月04日, 23:45:14
*FILESIZE* : 3809 (0x000EE1)
*CODESIZE* : 1213 (0x0004BD)
*CHECKSUM* : 0x0002175C
*ISPMODE* : 2
*ISPRESULT* : 0
--------------------
[2026-04-04 23:45:22] : End
--------------------------------------------------
[2026-04-04 23:48:28] : Begin
--------------------
*MCUTYPE* : IAP15F2K61S2
*MCUID* : F449C6320A8828
*FILENAME* : C:\Users\Jackx\Desktop\lanqiaobei_iap15f2k61s2_code\框架\kj5new\Objects\kj5.hex
*FILETIME* : 2026年04月04日, 23:48:21
*FILESIZE* : 4260 (0x0010A4)
*CODESIZE* : 1235 (0x0004D3)
*CHECKSUM* : 0x0002227A
*ISPMODE* : 2
*ISPRESULT* : 0
--------------------
[2026-04-04 23:48:34] : End
--------------------------------------------------
[2026-04-04 23:58:42] : Begin
--------------------
*MCUTYPE* : IAP15F2K61S2
*MCUID* : F449C6320A8828
*FILENAME* : C:\Users\Jackx\Desktop\lanqiaobei_iap15f2k61s2_code\框架\kj5new\Objects\kj5.hex
*FILETIME* : 2026年04月04日, 23:58:35
*FILESIZE* : 3809 (0x000EE1)
*CODESIZE* : 1389 (0x00056D)
*CHECKSUM* : 0x00028107
*ISPMODE* : 2
*ISPRESULT* : 0
--------------------
[2026-04-04 23:58:48] : End
--------------------------------------------------
[2026-04-04 23:59:16] : Begin
--------------------
*MCUTYPE* : IAP15F2K61S2
*MCUID* : F449C6320A8828
*FILENAME* : C:\Users\Jackx\Desktop\lanqiaobei_iap15f2k61s2_code\框架\kj5new\Objects\kj5.hex
*FILETIME* : 2026年04月04日, 23:59:11
*FILESIZE* : 3809 (0x000EE1)
*CODESIZE* : 1235 (0x0004D3)
*CHECKSUM* : 0x0002227A
*ISPMODE* : 2
*ISPRESULT* : 0
--------------------
[2026-04-04 23:59:22] : End
--------------------------------------------------
