C51 COMPILER V9.60.7.0   APP_MAIN                                                          03/05/2026 13:11:39 PAGE 1   


C51 COMPILER V9.60.7.0, COMPILATION OF MODULE APP_MAIN
OBJECT MODULE PLACED IN .\Objects\app_main.obj
COMPILER INVOKED BY: C:\Program Files (x86)\keil\C51\BIN\C51.EXE app_main.c OPTIMIZE(8,SPEED) BROWSE DEBUG OBJECTEXTEND 
                    -PRINT(.\Listings\app_main.lst) TABS(2) OBJECT(.\Objects\app_main.obj)

line level    source

   1          //app_main.c
   2          
   3          #include "app_main.h"
   4          
   5          #include "drv_rtc.h"
   6          #include "drv_temp.h"
   7          
   8          uint8 page = 0;
   9          uint8 rtc_h = 23;
  10          uint8 rtc_m = 59;
  11          uint8 rtc_s = 58;
  12          uint16 ds_t = 213;
  13          uint16 set_t = 230;
  14          bit set_mode = 0;
  15          bit relay_sw = 1;
  16          
  17          RTC_TimeType rtc_time;
  18          
  19          void app_init()
  20          {
  21   1        static bit init_ok = 0;
  22   1        if(init_ok == 0)
  23   1        {
  24   2          RTC_Init();
  25   2          Temp_Init();
  26   2          rtc_time.year = 24;
  27   2          rtc_time.month = 3;
  28   2          rtc_time.day = 15;
  29   2          rtc_time.week = 5;
  30   2          rtc_time.hour = 14;
  31   2          rtc_time.minute = 01;
  32   2          rtc_time.second = 02;    
  33   2          RTC_SetTime(&rtc_time);     
  34   2          init_ok =1;
  35   2        }
  36   1      
  37   1      }
  38          
  39          void seg_display()
  40          {
  41   1        if(page == 0)
  42   1        {
  43   2          drv_seg_set_all(25,1,16,16,16,ds_t/100,ds_t/10%10+32,ds_t%10);
  44   2        }
  45   1        if(page == 1)
  46   1        {
  47   2          drv_seg_set_all(25,2,16,rtc_h/10,rtc_h%10,17,rtc_m/10,rtc_m%10);
  48   2        }
  49   1        if(page == 2)
  50   1        {
  51   2          drv_seg_set_all(25,3,16,16,16,16,set_t/100,set_t/10%10);
  52   2        }
  53   1        if(page == 11)
  54   1        {
C51 COMPILER V9.60.7.0   APP_MAIN                                                          03/05/2026 13:11:39 PAGE 2   

  55   2          drv_seg_set_all(25,2,16,rtc_m/10,rtc_m%10,17,rtc_s/10,rtc_s%10);
  56   2        }
  57   1      }
  58          void key_ctrl()
  59          {
  60   1        if(drv_key_is(4))
  61   1        {
  62   2          rtc_time.year = 24;
  63   2          rtc_time.month = 3;
  64   2          rtc_time.day = 15;
  65   2          rtc_time.week = 5;
  66   2          rtc_time.hour = 14;
  67   2          rtc_time.minute = 59;
  68   2          rtc_time.second = 55;    
  69   2          RTC_SetTime(&rtc_time); 
  70   2        } 
  71   1        if(drv_key_is(13))
  72   1        {
  73   2          set_mode = ~ set_mode;
  74   2        }
  75   1        if(page == 0)
  76   1        {
  77   2          if(drv_key_is(12)){page=1;}
  78   2        }
  79   1        if(page == 1)
  80   1        {
  81   2          if(drv_key_is(12)){page=2;}
  82   2          if(drv_key_get_now() == 17){page=11;}   
  83   2        }
  84   1        if(page == 2)
  85   1        {
  86   2          if(drv_key_is(12)){page=0;}
  87   2          if(drv_key_is(17) && set_t >100){set_t -= 10;}
  88   2          if(drv_key_is(16) && set_t <900){set_t += 10;}
  89   2        }
  90   1        if(page == 11)
  91   1        {
  92   2          if(drv_key_get_now() != 17){page=1;}    
  93   2        }
  94   1      }
  95          void mode_run()
  96          {
  97   1        drv_led_set(1,~ set_mode);
  98   1        if(set_mode == 0)
  99   1        {
 100   2          if(ds_t >set_t){relay_sw = 1;}
 101   2          else{relay_sw = 0;}
 102   2          if(set_mode == 1){relay_sw = 0;}
 103   2        }
 104   1        if(set_mode == 1)
 105   1        {
 106   2          if(rtc_m == 0 && rtc_s == 0){relay_sw = 1;}
 107   2          else{if (rtc_s >= 5){relay_sw = 0;}}
 108   2          if(set_mode == 0){relay_sw = 0;}
 109   2        } 
 110   1      }
 111          
 112          void led0_ctrl()
 113          {
 114   1        if(rtc_m == 0 && rtc_s == 0){drv_led_set(0,1);}
 115   1        else{if (rtc_s >= 5){drv_led_set(0,0);}}
 116   1      }
C51 COMPILER V9.60.7.0   APP_MAIN                                                          03/05/2026 13:11:39 PAGE 3   

 117          
 118          void led2_ctrl()
 119          {
 120   1        if(relay_sw)
 121   1        {
 122   2          static bit l3 = 0;
 123   2          drv_relay_set(1);
 124   2          drv_led_set(2,l3);l3 = ~ l3;
 125   2        }else
 126   1        {drv_relay_set(0);drv_led_set(2,0);}
 127   1      }
 128          
 129          void app_task_100ms()
 130          {
 131   1        app_init();
 132   1        seg_display();
 133   1        key_ctrl();
 134   1        mode_run();
 135   1        led0_ctrl();
 136   1        led2_ctrl();
 137   1      
 138   1      }
 139          void app_task_500ms()
 140          {
 141   1        RTC_GetTime(&rtc_time);
 142   1        rtc_h = rtc_time.hour;
 143   1        rtc_m = rtc_time.minute;
 144   1        rtc_s = rtc_time.second;
 145   1        
 146   1        ds_t = read_temp_int();
 147   1      }


MODULE INFORMATION:   STATIC OVERLAYABLE
   CODE SIZE        =    711    ----
   CONSTANT SIZE    =   ----    ----
   XDATA SIZE       =   ----    ----
   PDATA SIZE       =   ----    ----
   DATA SIZE        =     15    ----
   IDATA SIZE       =   ----    ----
   BIT SIZE         =      4    ----
END OF MODULE INFORMATION.


C51 COMPILATION COMPLETE.  0 WARNING(S),  0 ERROR(S)
