C51 COMPILER V9.60.7.0   DRV_RTC                                                           03/05/2026 13:11:38 PAGE 1   


C51 COMPILER V9.60.7.0, COMPILATION OF MODULE DRV_RTC
OBJECT MODULE PLACED IN .\Objects\drv_rtc.obj
COMPILER INVOKED BY: C:\Program Files (x86)\keil\C51\BIN\C51.EXE drv_rtc.c OPTIMIZE(8,SPEED) BROWSE DEBUG OBJECTEXTEND P
                    -RINT(.\Listings\drv_rtc.lst) TABS(2) OBJECT(.\Objects\drv_rtc.obj)

line level    source

   1          //drv_rtc.c
   2          #include "drv_rtc.h"
   3          #include <intrins.h>
   4          
   5          
   6          #define uint8_t unsigned char
   7            
   8          // 定义全局数组（用于兼容你原来的函数）
   9          uint8_t time_now[3] = {0, 0, 0};
  10          const uint8_t time_init[7] = {0x50, 0x59, 0x23, 0x09, 0x04, 0x03, 0x25};
  11          
  12          // 写地址数组（秒、分、时、日、月、星期、年）
  13          const uint8_t code write_address[7] = {0x80, 0x82, 0x84, 0x86, 0x88, 0x8A, 0x8C};
  14          // 读地址数组（秒、分、时、日、月、星期、年）
  15          const uint8_t code read_address[7] = {0x81, 0x83, 0x85, 0x87, 0x89, 0x8B, 0x8D};
  16          
  17          //==============================================================================
  18          // 内部函数：向DS1302写入一个字节（底层时序）
  19          //==============================================================================
  20          static void Write_Ds1302(uint8_t temp) 
  21          {
  22   1          uint8_t i;
  23   1          for (i = 0; i < 8; i++)       
  24   1          { 
  25   2              SCK = 0;
  26   2              SDA = temp & 0x01;
  27   2              temp >>= 1; 
  28   2              SCK = 1;
  29   2          }
  30   1      }
  31          
  32          //==============================================================================
  33          // 内部函数：向指定地址写入一个字节
  34          //==============================================================================
  35          static void Write_Ds1302_Byte(uint8_t address, uint8_t dat)     
  36          {
  37   1          RST = 0;  _nop_();
  38   1          SCK = 0;  _nop_();
  39   1          RST = 1;  _nop_();  
  40   1          Write_Ds1302(address);  
  41   1          Write_Ds1302(dat);    
  42   1          RST = 0; 
  43   1      }
  44          
  45          //==============================================================================
  46          // 内部函数：从指定地址读取一个字节
  47          //==============================================================================
  48          static uint8_t Read_Ds1302_Byte(uint8_t address)
  49          {
  50   1          uint8_t i, temp = 0x00;
  51   1          RST = 0;  _nop_();
  52   1          SCK = 0;  _nop_();
  53   1          RST = 1;  _nop_();
  54   1          Write_Ds1302(address);
C51 COMPILER V9.60.7.0   DRV_RTC                                                           03/05/2026 13:11:38 PAGE 2   

  55   1          for (i = 0; i < 8; i++)   
  56   1          {   
  57   2              SCK = 0;
  58   2              temp >>= 1; 
  59   2              if(SDA)
  60   2                  temp |= 0x80; 
  61   2              SCK = 1;
  62   2          } 
  63   1          RST = 0;  _nop_();
  64   1          SCK = 0;  _nop_();
  65   1          SCK = 1;  _nop_();
  66   1          SDA = 0;  _nop_();
  67   1          SDA = 1;  _nop_();
  68   1          return (temp);      
  69   1      }
  70          
  71          //==============================================================================
  72          // 内部函数：十六进制转BCD码
  73          //==============================================================================
  74          static uint8_t hex_to_bcd(uint8_t hex)
  75          {
  76   1          return (hex / 10 * 16) + (hex % 10);
  77   1      }
  78          
  79          //==============================================================================
  80          // 内部函数：BCD码转十六进制
  81          //==============================================================================
  82          static uint8_t bcd_to_hex(uint8_t bcd)
  83          {
  84   1          return (bcd / 16 * 10) + (bcd % 16);
  85   1      }
  86          
  87          //==============================================================================
  88          // 函数名称：RTC_Init
  89          // 功能描述：初始化RTC驱动
  90          //==============================================================================
  91          void RTC_Init(void)
  92          {
  93   1          // 初始化引脚状态
  94   1          RST = 0;
  95   1          SCK = 0;
  96   1          SDA = 0;
  97   1      }
  98          
  99          //==============================================================================
 100          // 函数名称：RTC_SetTime
 101          // 功能描述：设置RTC时间
 102          //==============================================================================
 103          void RTC_SetTime(RTC_TimeType *time)
 104          {
 105   1          uint8_t i;
 106   1          uint8_t time_bcd[7];
 107   1          
 108   1          // 将十进制时间转换为BCD码
 109   1          time_bcd[0] = hex_to_bcd(time->second);  // 秒
 110   1          time_bcd[1] = hex_to_bcd(time->minute);  // 分
 111   1          time_bcd[2] = hex_to_bcd(time->hour);    // 时
 112   1          time_bcd[3] = hex_to_bcd(time->day);     // 日
 113   1          time_bcd[4] = hex_to_bcd(time->month);   // 月
 114   1          time_bcd[5] = hex_to_bcd(time->week);    // 星期
 115   1          time_bcd[6] = hex_to_bcd(time->year);    // 年
 116   1          
C51 COMPILER V9.60.7.0   DRV_RTC                                                           03/05/2026 13:11:38 PAGE 3   

 117   1          // 关闭写保护
 118   1          Write_Ds1302_Byte(RTC_WP, 0x00);
 119   1          
 120   1          // 写入所有时间数据
 121   1          for(i = 0; i < 7; i++)
 122   1          {
 123   2              Write_Ds1302_Byte(write_address[i], time_bcd[i]);
 124   2          }
 125   1          
 126   1          // 开启写保护
 127   1          Write_Ds1302_Byte(RTC_WP, 0x80);
 128   1      }
 129          
 130          //==============================================================================
 131          // 函数名称：RTC_GetTime
 132          // 功能描述：读取RTC时间
 133          //==============================================================================
 134          void RTC_GetTime(RTC_TimeType *time)
 135          {
 136   1          uint8_t i;
 137   1          uint8_t time_bcd[7];
 138   1          
 139   1          // 读取所有时间数据（BCD码格式）
 140   1          for(i = 0; i < 7; i++)
 141   1          {
 142   2              time_bcd[i] = Read_Ds1302_Byte(read_address[i]);
 143   2          }
 144   1          
 145   1          // 将BCD码转换为十进制，并存入结构体
 146   1          time->second = bcd_to_hex(time_bcd[0] & 0x7F);  // 屏蔽时钟暂停位
 147   1          time->minute = bcd_to_hex(time_bcd[1] & 0x7F);
 148   1          time->hour = bcd_to_hex(time_bcd[2] & 0x3F);    // 屏蔽12/24小时制标志位
 149   1          time->day = bcd_to_hex(time_bcd[3] & 0x3F);
 150   1          time->month = bcd_to_hex(time_bcd[4] & 0x1F);
 151   1          time->week = bcd_to_hex(time_bcd[5] & 0x07);
 152   1          time->year = bcd_to_hex(time_bcd[6]);
 153   1      }
 154          


MODULE INFORMATION:   STATIC OVERLAYABLE
   CODE SIZE        =    348    ----
   CONSTANT SIZE    =     14    ----
   XDATA SIZE       =   ----    ----
   PDATA SIZE       =   ----    ----
   DATA SIZE        =     10      14
   IDATA SIZE       =   ----    ----
   BIT SIZE         =   ----    ----
END OF MODULE INFORMATION.


C51 COMPILATION COMPLETE.  0 WARNING(S),  0 ERROR(S)
