C51 COMPILER V9.60.7.0   SYS_TASK                                                          03/05/2026 13:11:37 PAGE 1   


C51 COMPILER V9.60.7.0, COMPILATION OF MODULE SYS_TASK
OBJECT MODULE PLACED IN .\Objects\sys_task.obj
COMPILER INVOKED BY: C:\Program Files (x86)\keil\C51\BIN\C51.EXE sys_task.c OPTIMIZE(8,SPEED) BROWSE DEBUG OBJECTEXTEND 
                    -PRINT(.\Listings\sys_task.lst) TABS(2) OBJECT(.\Objects\sys_task.obj)

line level    source

   1          //sys_task.c
   2          
   3          #include "sys_task.h"
   4          
   5          static uint16 sys_tick_ms = 0;
   6          
   7          static uint16 last_led  = 0;
   8          static uint16 last_key  = 0;
   9          static uint16 last_other = 0;
  10          
  11          static uint16 last_app_task_1_run = 0;
  12          static uint16 last_app_task_3_run = 0;
  13          
  14          void sys_task_isr()
  15          {
  16   1          sys_tick_ms++;
  17   1        
  18   1          drv_seg_run();
  19   1      }
  20            
  21          void sys_task_drv_run()
  22          {
  23   1        uint16 now = sys_tick_ms;
  24   1        if (now - last_led >= 5)
  25   1        {
  26   2          last_led = now;drv_led_run();
  27   2        }
  28   1        if (now - last_key >= 10)
  29   1        {
  30   2          last_key = now;drv_key_run();       
  31   2        }
  32   1        if (now - last_other >= 20)
  33   1        {
  34   2          last_other = now;drv_other_run();
  35   2        }
  36   1      }
  37          
  38          void sys_task_app_run()
  39          {
  40   1        uint16 now = sys_tick_ms;
  41   1        if (now - last_app_task_1_run >= 100)
  42   1        {
  43   2          last_app_task_1_run = now;app_task_100ms();
  44   2        }
  45   1        if (now - last_app_task_3_run >= 500)
  46   1        {
  47   2          last_app_task_3_run = now;app_task_500ms();
  48   2        }
  49   1      }


MODULE INFORMATION:   STATIC OVERLAYABLE
   CODE SIZE        =    170    ----
   CONSTANT SIZE    =   ----    ----
C51 COMPILER V9.60.7.0   SYS_TASK                                                          03/05/2026 13:11:37 PAGE 2   

   XDATA SIZE       =   ----    ----
   PDATA SIZE       =   ----    ----
   DATA SIZE        =     12       4
   IDATA SIZE       =   ----    ----
   BIT SIZE         =   ----    ----
END OF MODULE INFORMATION.


C51 COMPILATION COMPLETE.  0 WARNING(S),  0 ERROR(S)
