C51 COMPILER V9.60.7.0   APP_MAIN                                                          03/06/2026 15:43:14 PAGE 1   


C51 COMPILER V9.60.7.0, COMPILATION OF MODULE APP_MAIN
OBJECT MODULE PLACED IN .\Objects\app_main.obj
COMPILER INVOKED BY: C:\Program Files (x86)\keil\C51\BIN\C51.EXE app_main.c OPTIMIZE(8,SPEED) BROWSE DEBUG OBJECTEXTEND 
                    -PRINT(.\Listings\app_main.lst) TABS(2) OBJECT(.\Objects\app_main.obj)

line level    source

   1          #include "app_main.h"
   2          
   3          #include "drv_rtc.h"
   4          #include "drv_temp.h"
   5          
   6          uint8 app_page = 0;
   7          uint16 d_t = 213;
   8          uint8 time_s = 50;
   9          uint8 time_m = 12;
  10          uint8 time_h = 15;
  11          uint16 set_temp = 230;
  12          bit relay_sw = 0;
  13          bit ctrl_mode = 0;
  14          
  15          drv_rtc_type rtc;
  16          
  17          void app_init()
  18          {
  19   1        static bit initok = 0;
  20   1        if(initok == 0)
  21   1        {
  22   2          initok = 1;
  23   2          drv_rtc_init();
  24   2          drv_temp_init();
  25   2        }
  26   1      }
  27          void debug_set_time()
  28          {
  29   1        rtc.rtc_s = 55;
  30   1        rtc.rtc_m = 59;
  31   1        rtc.rtc_h = 19;
  32   1        drv_rtc_set(&rtc);
  33   1      }
  34          
  35          void seg_display()
  36          {
  37   1        switch(app_page)
  38   1        {
  39   2          case 0:drv_seg_set_all(25,1,16,16,16,d_t/100,(d_t%100/10)+32,d_t%10);break;
  40   2          case 1:drv_seg_set_all(25,2,16,time_h/10,time_h%10,17,time_m/10,time_m%10);break;
  41   2          case 2:drv_seg_set_all(25,3,16,16,16,16,set_temp/100,set_temp%100/10);break;
  42   2          case 9:drv_seg_set_all(29,17,relay_sw,16,5,17,time_s/10,time_s%10);break;
  43   2        }
  44   1      }
  45          void key_ctrl()
  46          {
  47   1        if(drv_key_is(13)){ctrl_mode ^= 1;}
  48   1        switch(app_page)
  49   1        {
  50   2          case 0:if(drv_key_is(12)){app_page = 1;}break;
  51   2          case 1:if(drv_key_is(12)){app_page = 2;}if(drv_key_is(17)){app_page = 9;}break;
  52   2          case 2:if(drv_key_is(12)){app_page = 0;}if(drv_key_is(17) && set_temp > 100){set_temp -= 10;}if(drv_key_
             -is(16) && set_temp < 990){set_temp += 10;}break;
  53   2          case 9:if(drv_key_is(17)){app_page = 1;}if(drv_key_is(16)){debug_set_time();}break;
C51 COMPILER V9.60.7.0   APP_MAIN                                                          03/06/2026 15:43:14 PAGE 2   

  54   2        }
  55   1      }
  56          void relay_ctrl()
  57          {
  58   1        static bit led2 = 0;
  59   1        if(relay_sw)
  60   1        {
  61   2          drv_relay_set(1);
  62   2          drv_led_set(2,led2);
  63   2          led2 ^= 1;
  64   2        }else
  65   1        {
  66   2          drv_relay_set(0);
  67   2          drv_led_set(2,0);
  68   2        }
  69   1      }
  70          void led_0_ctrl()
  71          {
  72   1        if(time_m == 0 && time_s == 0){drv_led_set(0,1);}
  73   1        if(time_s > 4){drv_led_set(0,0);}
  74   1      }
  75          void mode_run()
  76          {
  77   1        drv_led_set(1,~ ctrl_mode);
  78   1        if(ctrl_mode)
  79   1        {
  80   2          if(time_m == 0 && time_s == 0){relay_sw = 1;}
  81   2          if(time_s > 4){relay_sw = 0;}   
  82   2        }else
  83   1        {
  84   2          if(d_t > set_temp){relay_sw = 1;} 
  85   2          else{relay_sw = 0;}
  86   2        }
  87   1      } 
  88          void app_task_100ms()
  89          {
  90   1        app_init();
  91   1        seg_display();
  92   1        key_ctrl();
  93   1        relay_ctrl();
  94   1        led_0_ctrl();
  95   1        mode_run();
  96   1      }
  97          void app_task_500ms()
  98          {
  99   1        drv_rtc_get(&rtc);
 100   1        time_s = rtc.rtc_s;
 101   1        time_m = rtc.rtc_m;
 102   1        time_h = rtc.rtc_h;
 103   1        d_t = drv_temp_get();
 104   1      }


MODULE INFORMATION:   STATIC OVERLAYABLE
   CODE SIZE        =    649    ----
   CONSTANT SIZE    =   ----    ----
   XDATA SIZE       =   ----    ----
   PDATA SIZE       =   ----    ----
   DATA SIZE        =     11    ----
   IDATA SIZE       =   ----    ----
   BIT SIZE         =      4    ----
END OF MODULE INFORMATION.

C51 COMPILER V9.60.7.0   APP_MAIN                                                          03/06/2026 15:43:14 PAGE 3   


C51 COMPILATION COMPLETE.  0 WARNING(S),  0 ERROR(S)
