C51 COMPILER V9.60.7.0   DRV_SEG                                                           03/06/2026 15:43:14 PAGE 1   


C51 COMPILER V9.60.7.0, COMPILATION OF MODULE DRV_SEG
OBJECT MODULE PLACED IN .\Objects\drv_seg.obj
COMPILER INVOKED BY: C:\Program Files (x86)\keil\C51\BIN\C51.EXE drv_seg.c OPTIMIZE(8,SPEED) BROWSE DEBUG OBJECTEXTEND P
                    -RINT(.\Listings\drv_seg.lst) TABS(2) OBJECT(.\Objects\drv_seg.obj)

line level    source

   1          #include "drv_seg.h"
   2          
   3          uint8 seg_ram[8] = {16,16,16,16,16,16,16,16};
   4          
   5          uint8 code t_display[]={                       //标准字库
   6          //   0    1    2    3    4    5    6    7    8    9    A    B    C    D    E    F
   7              0x3F,0x06,0x5B,0x4F,0x66,0x6D,0x7D,0x07,0x7F,0x6F,0x77,0x7C,0x39,0x5E,0x79,0x71,
   8          //black  -     H    J    K    L    N    o   P    U     t    G    Q    r   M    y
   9              0x00,0x40,0x76,0x1E,0x70,0x38,0x37,0x5C,0x73,0x3E,0x78,0x3d,0x67,0x50,0x37,0x6e,
  10              0xBF,0x86,0xDB,0xCF,0xE6,0xED,0xFD,0x87,0xFF,0xEF,0x46};    //0. 1. 2. 3. 4. 5. 6. 7. 8. 9. -1
  11          
  12          void drv_seg_run()
  13          {
  14   1        static seg_tick = 0;
  15   1        P0 = 0xff;y7;y0;
  16   1        P0 = 0x01 << seg_tick;y6;y0;
  17   1        P0 = ~ t_display[seg_ram[seg_tick]];y7;y0;
  18   1        seg_tick++;seg_tick %= 8;
  19   1      }
  20            
  21          
  22          void drv_seg_set_all(uint8 s0,s1,s2,s3,s4,s5,s6,s7)
  23          {
  24   1        seg_ram[0] = s0;seg_ram[1] = s1;seg_ram[2] = s2;seg_ram[3] = s3;seg_ram[4] = s4;seg_ram[5] = s5;seg_ram[6
             -] = s6;seg_ram[7] = s7;
  25   1      }
  26            


MODULE INFORMATION:   STATIC OVERLAYABLE
   CODE SIZE        =    106    ----
   CONSTANT SIZE    =     43    ----
   XDATA SIZE       =   ----    ----
   PDATA SIZE       =   ----    ----
   DATA SIZE        =     10      15
   IDATA SIZE       =   ----    ----
   BIT SIZE         =   ----    ----
END OF MODULE INFORMATION.


C51 COMPILATION COMPLETE.  0 WARNING(S),  0 ERROR(S)
