C51 COMPILER V9.60.7.0   DRV_KEY                                                           03/06/2026 15:43:15 PAGE 1   


C51 COMPILER V9.60.7.0, COMPILATION OF MODULE DRV_KEY
OBJECT MODULE PLACED IN .\Objects\drv_key.obj
COMPILER INVOKED BY: C:\Program Files (x86)\keil\C51\BIN\C51.EXE drv_key.c OPTIMIZE(8,SPEED) BROWSE DEBUG OBJECTEXTEND P
                    -RINT(.\Listings\drv_key.lst) TABS(2) OBJECT(.\Objects\drv_key.obj)

line level    source

   1          #include "drv_key.h"
   2          
   3          uint8 key_ram = 200;
   4          
   5          void drv_key_run()
   6          {
   7   1        static uint8 key_step =0;
   8   1        static uint8 key_save = 200;
   9   1        uint8 key_temp = 0x0f;
  10   1        
  11   1        P3 = 0x0f;P42 = 0;P44 = 0;P36 = P42;P37 = P44;
  12   1        key_temp = P3 & 0x0f;
  13   1        
  14   1        switch(key_step)
  15   1        {
  16   2          case 0:
  17   2          {
  18   3            if(key_temp != 0x0f){key_step = 1;} 
  19   3          }break;
  20   2          case 1:
  21   2          {
  22   3            if(key_temp == 0x0f){key_step = 0;}
  23   3            else
  24   3            {
  25   4              P3 = key_temp | 0xf0;P42 = 1;P44 = 1;P36 = P42;P37 =P44;
  26   4              key_temp = P3;
  27   4              switch(key_temp)
  28   4              {
  29   5                case 0xd7:key_save = 12;break;
  30   5                case 0xdb:key_save = 13;break;
  31   5                case 0xe7:key_save = 16;break;
  32   5                case 0xeb:key_save = 17;break;          
  33   5              }
  34   4              if(key_save != 200)
  35   4              {
  36   5                key_step = 2;
  37   5              }else
  38   4              {
  39   5                key_step = 0;
  40   5              }
  41   4            }
  42   3          }break;
  43   2          case 2:
  44   2          {
  45   3            if(key_temp == 0x0f)
  46   3            {
  47   4              key_ram = key_save;
  48   4              key_save = 200;
  49   4              key_step = 0;
  50   4            } 
  51   3          }break;   
  52   2        }
  53   1      }
  54          
C51 COMPILER V9.60.7.0   DRV_KEY                                                           03/06/2026 15:43:15 PAGE 2   

  55          bit drv_key_is(uint8 keyv)
  56          {
  57   1        bit keyok = 0;
  58   1        if(keyv == key_ram)
  59   1        {
  60   2          key_ram = 200;
  61   2          keyok =1;
  62   2        }
  63   1        return keyok;
  64   1      }


MODULE INFORMATION:   STATIC OVERLAYABLE
   CODE SIZE        =    151    ----
   CONSTANT SIZE    =   ----    ----
   XDATA SIZE       =   ----    ----
   PDATA SIZE       =   ----    ----
   DATA SIZE        =      3       1
   IDATA SIZE       =   ----    ----
   BIT SIZE         =   ----       1
END OF MODULE INFORMATION.


C51 COMPILATION COMPLETE.  0 WARNING(S),  0 ERROR(S)
