C51 COMPILER V9.60.7.0   SYS_TASK                                                          03/06/2026 15:43:14 PAGE 1   


C51 COMPILER V9.60.7.0, COMPILATION OF MODULE SYS_TASK
OBJECT MODULE PLACED IN .\Objects\sys_task.obj
COMPILER INVOKED BY: C:\Program Files (x86)\keil\C51\BIN\C51.EXE sys_task.c OPTIMIZE(8,SPEED) BROWSE DEBUG OBJECTEXTEND 
                    -PRINT(.\Listings\sys_task.lst) TABS(2) OBJECT(.\Objects\sys_task.obj)

line level    source

   1          #include "sys_task.h"
   2          
   3          static uint16 sys_tick_ms = 0;
   4          
   5          static uint16 last_led = 0;
   6          static uint16 last_other = 0;
   7          static uint16 last_key = 0;
   8          
   9          static uint16 last_app_task_1 = 0;
  10          static uint16 last_app_task_2 = 0;
  11          
  12          
  13          void sys_task_isr()
  14          {
  15   1        sys_tick_ms++;
  16   1        drv_seg_run();
  17   1      }
  18          void sys_task_drv_run()
  19          {
  20   1        uint16 now = sys_tick_ms;
  21   1        if(now - last_led >= 5)
  22   1        {
  23   2          last_led = now;
  24   2          drv_led_run();
  25   2        }
  26   1        if(now - last_other >= 20)
  27   1        {
  28   2          last_other = now;
  29   2          drv_other_run();
  30   2        }
  31   1        if(now - last_key >= 10)
  32   1        {
  33   2          last_key = now;
  34   2          drv_key_run();
  35   2        }
  36   1      
  37   1      }
  38          void sys_task_app_run()
  39          {
  40   1        uint16 now = sys_tick_ms;
  41   1        if(now - last_app_task_1 >= 100)
  42   1        {
  43   2          last_app_task_1 = now;
  44   2          app_task_100ms();
  45   2        }
  46   1        if(now - last_app_task_2 >= 500)
  47   1        {
  48   2          last_app_task_2 = now;
  49   2          app_task_500ms();
  50   2        }
  51   1      }


MODULE INFORMATION:   STATIC OVERLAYABLE
C51 COMPILER V9.60.7.0   SYS_TASK                                                          03/06/2026 15:43:14 PAGE 2   

   CODE SIZE        =    170    ----
   CONSTANT SIZE    =   ----    ----
   XDATA SIZE       =   ----    ----
   PDATA SIZE       =   ----    ----
   DATA SIZE        =     12       4
   IDATA SIZE       =   ----    ----
   BIT SIZE         =   ----    ----
END OF MODULE INFORMATION.


C51 COMPILATION COMPLETE.  0 WARNING(S),  0 ERROR(S)
