BL51 BANKED LINKER/LOCATER V6.22.4.0                                                    03/06/2026  15:43:15  PAGE 1


BL51 BANKED LINKER/LOCATER V6.22.4.0, INVOKED BY:
C:\PROGRAM FILES (X86)\KEIL\C51\BIN\BL51.EXE .\Objects\STARTUP.obj, .\Objects\main.obj, .\Objects\sys_main.obj, .\Object
>> s\sys_task.obj, .\Objects\app_main.obj, .\Objects\drv_led.obj, .\Objects\drv_seg.obj, .\Objects\drv_other.obj, .\Obje
>> cts\drv_key.obj, .\Objects\drv_rtc.obj, .\Objects\drv_temp.obj TO .\Objects\ ±÷”¡∑œ∞2 PRINT (.\Listings\ ±÷”¡∑œ∞2.m51
>> ) RAMSIZE (256)


MEMORY MODEL: SMALL


INPUT MODULES INCLUDED:
  .\Objects\STARTUP.obj (?C_STARTUP)
  .\Objects\main.obj (MAIN)
  .\Objects\sys_main.obj (SYS_MAIN)
  .\Objects\sys_task.obj (SYS_TASK)
  .\Objects\app_main.obj (APP_MAIN)
  .\Objects\drv_led.obj (DRV_LED)
  .\Objects\drv_seg.obj (DRV_SEG)
  .\Objects\drv_other.obj (DRV_OTHER)
  .\Objects\drv_key.obj (DRV_KEY)
  .\Objects\drv_rtc.obj (DRV_RTC)
  .\Objects\drv_temp.obj (DRV_TEMP)
  C:\PROGRAM FILES (X86)\KEIL\C51\LIB\C51S.LIB (?C_INIT)
  C:\PROGRAM FILES (X86)\KEIL\C51\LIB\C51S.LIB (?C?CLDPTR)
  C:\PROGRAM FILES (X86)\KEIL\C51\LIB\C51S.LIB (?C?CLDOPTR)
  C:\PROGRAM FILES (X86)\KEIL\C51\LIB\C51S.LIB (?C?CSTPTR)
  C:\PROGRAM FILES (X86)\KEIL\C51\LIB\C51S.LIB (?C?CSTOPTR)
  C:\PROGRAM FILES (X86)\KEIL\C51\LIB\C51S.LIB (?C?IMUL)
  C:\PROGRAM FILES (X86)\KEIL\C51\LIB\C51S.LIB (?C?UIDIV)
  C:\PROGRAM FILES (X86)\KEIL\C51\LIB\C51S.LIB (?C?SIDIV)


LINK MAP OF MODULE:  .\Objects\ ±÷”¡∑œ∞2 (?C_STARTUP)


            TYPE    BASE      LENGTH    RELOCATION   SEGMENT NAME
            -----------------------------------------------------

            * * * * * * *   D A T A   M E M O R Y   * * * * * * *
            REG     0000H     0008H     ABSOLUTE     "REG BANK 0"
            DATA    0008H     0011H     UNIT         _DATA_GROUP_
            DATA    0019H     0004H     UNIT         ?DT?DRV_OTHER
            DATA    001DH     0003H     UNIT         ?DT?DRV_KEY
            BIT     0020H.0   0000H.4   UNIT         ?BI?APP_MAIN
            BIT     0020H.4   0000H.1   UNIT         ?BI?DRV_OTHER
            BIT     0020H.5   0000H.1   UNIT         _BIT_GROUP_
                    0020H.6   0000H.2                *** GAP ***
            DATA    0021H     000EH     UNIT         ?DT?DRV_LED
            DATA    002FH     000CH     UNIT         ?DT?SYS_TASK
            DATA    003BH     000BH     UNIT         ?DT?APP_MAIN
            DATA    0046H     000AH     UNIT         ?DT?DRV_SEG
            IDATA   0050H     0001H     UNIT         ?STACK

            * * * * * * *   C O D E   M E M O R Y   * * * * * * *
            CODE    0000H     0003H     ABSOLUTE     
            CODE    0003H     0005H     UNIT         ?PR?DRV_RELAY_SET?DRV_OTHER
                    0008H     0003H                  *** GAP ***
            CODE    000BH     0003H     ABSOLUTE     
BL51 BANKED LINKER/LOCATER V6.22.4.0                                                  03/06/2026  15:43:15  PAGE 2


            CODE    000EH     0136H     UNIT         ?PR?SEG_DISPLAY?APP_MAIN
            CODE    0144H     0117H     UNIT         ?C?LIB_CODE
            CODE    025BH     0096H     UNIT         ?PR?KEY_CTRL?APP_MAIN
            CODE    02F1H     008CH     UNIT         ?C_C51STARTUP
            CODE    037DH     0089H     UNIT         ?PR?DRV_KEY_RUN?DRV_KEY
            CODE    0406H     0074H     UNIT         ?PR?DRV_LED_RUN?DRV_LED
            CODE    047AH     006CH     UNIT         ?C_INITSEG
            CODE    04E6H     005EH     UNIT         ?PR?SYS_TASK_DRV_RUN?SYS_TASK
            CODE    0544H     0054H     UNIT         ?PR?DRV_SEG_RUN?DRV_SEG
            CODE    0598H     0043H     UNIT         ?PR?DRV_TEMP_GET?DRV_TEMP
            CODE    05DBH     0041H     UNIT         ?PR?SYS_TASK_APP_RUN?SYS_TASK
            CODE    061CH     003BH     UNIT         ?PR?TIMER_0_ISR?MAIN
            CODE    0657H     0038H     UNIT         ?PR?DRV_INIT?SYS_MAIN
            CODE    068FH     0036H     UNIT         ?PR?DRV_OTHER_RUN?DRV_OTHER
            CODE    06C5H     0034H     UNIT         ?PR?_READ_DS1302_BYTE?DRV_RTC
            CODE    06F9H     0032H     UNIT         ?PR?MODE_RUN?APP_MAIN
            CODE    072BH     0030H     UNIT         ?PR?_DRV_RTC_SET?DRV_RTC
            CODE    075BH     002BH     UNIT         ?CO?DRV_SEG
            CODE    0786H     0028H     UNIT         ?PR?_DRV_RTC_GET?DRV_RTC
            CODE    07AEH     0027H     UNIT         ?PR?INIT_DS18B20?DRV_TEMP
            CODE    07D5H     0024H     UNIT         ?PR?RELAY_CTRL?APP_MAIN
            CODE    07F9H     0023H     UNIT         ?PR?DRV_TEMP_INIT?DRV_TEMP
            CODE    081CH     001EH     UNIT         ?PR?_WRITE_DS18B20?DRV_TEMP
            CODE    083AH     001DH     UNIT         ?PR?LED_0_CTRL?APP_MAIN
            CODE    0857H     001BH     UNIT         ?PR?DRV_RTC_INIT?DRV_RTC
            CODE    0872H     001AH     UNIT         ?PR?APP_TASK_500MS?APP_MAIN
            CODE    088CH     001AH     UNIT         ?PR?_DELAY_ONEWIRE?DRV_TEMP
            CODE    08A6H     001AH     UNIT         ?PR?READ_DS18B20?DRV_TEMP
            CODE    08C0H     0016H     UNIT         ?PR?_DRV_SEG_SET_ALL?DRV_SEG
            CODE    08D6H     0016H     UNIT         ?PR?_BCD_TO_HEX?DRV_RTC
            CODE    08ECH     0015H     UNIT         ?PR?TICK_TIMER_INIT?SYS_MAIN
            CODE    0901H     0014H     UNIT         ?PR?_WRITE_DS1302_BYTE?DRV_RTC
            CODE    0915H     0013H     UNIT         ?PR?_WRITE_DS1302?DRV_RTC
            CODE    0928H     0013H     UNIT         ?PR?_HEX_TO_BCD?DRV_RTC
            CODE    093BH     0012H     UNIT         ?PR?GPIO_INIT?SYS_MAIN
            CODE    094DH     0012H     UNIT         ?PR?DEBUG_SET_TIME?APP_MAIN
            CODE    095FH     0012H     UNIT         ?PR?APP_TASK_100MS?APP_MAIN
            CODE    0971H     000EH     UNIT         ?PR?_SYS_DECODER?SYS_MAIN
            CODE    097FH     000EH     UNIT         ?PR?_DRV_KEY_IS?DRV_KEY
            CODE    098DH     000CH     UNIT         ?PR?APP_INIT?APP_MAIN
            CODE    0999H     000CH     UNIT         ?PR?_DRV_LED_SET?DRV_LED
            CODE    09A5H     000BH     UNIT         ?PR?MAIN?MAIN
            CODE    09B0H     000BH     UNIT         ?PR?SYS_TASK_ISR?SYS_TASK
            CODE    09BBH     0009H     UNIT         ?PR?SYS_INIT?SYS_MAIN



OVERLAY MAP OF MODULE:   .\Objects\ ±÷”¡∑œ∞2 (?C_STARTUP)


SEGMENT                                   BIT_GROUP          DATA_GROUP 
  +--> CALLED SEGMENT                  START    LENGTH     START    LENGTH
--------------------------------------------------------------------------
?C_C51STARTUP                          -----    -----      -----    -----
  +--> ?PR?MAIN?MAIN
  +--> ?C_INITSEG

BL51 BANKED LINKER/LOCATER V6.22.4.0                                                  03/06/2026  15:43:15  PAGE 3


?PR?MAIN?MAIN                          -----    -----      -----    -----
  +--> ?PR?SYS_INIT?SYS_MAIN
  +--> ?PR?SYS_TASK_DRV_RUN?SYS_TASK
  +--> ?PR?SYS_TASK_APP_RUN?SYS_TASK

?PR?SYS_INIT?SYS_MAIN                  -----    -----      -----    -----
  +--> ?PR?GPIO_INIT?SYS_MAIN
  +--> ?PR?DRV_INIT?SYS_MAIN
  +--> ?PR?TICK_TIMER_INIT?SYS_MAIN

?PR?DRV_INIT?SYS_MAIN                  -----    -----      -----    -----
  +--> ?PR?_SYS_DECODER?SYS_MAIN

?PR?SYS_TASK_DRV_RUN?SYS_TASK          -----    -----      0008H    0002H
  +--> ?PR?DRV_LED_RUN?DRV_LED
  +--> ?PR?DRV_OTHER_RUN?DRV_OTHER
  +--> ?PR?DRV_KEY_RUN?DRV_KEY

?PR?DRV_LED_RUN?DRV_LED                -----    -----      -----    -----
  +--> ?PR?_SYS_DECODER?SYS_MAIN

?PR?DRV_OTHER_RUN?DRV_OTHER            -----    -----      -----    -----
  +--> ?PR?_SYS_DECODER?SYS_MAIN

?PR?DRV_KEY_RUN?DRV_KEY                -----    -----      000AH    0001H

?PR?SYS_TASK_APP_RUN?SYS_TASK          -----    -----      0008H    0002H
  +--> ?PR?APP_TASK_100MS?APP_MAIN
  +--> ?PR?APP_TASK_500MS?APP_MAIN

?PR?APP_TASK_100MS?APP_MAIN            -----    -----      -----    -----
  +--> ?PR?APP_INIT?APP_MAIN
  +--> ?PR?SEG_DISPLAY?APP_MAIN
  +--> ?PR?KEY_CTRL?APP_MAIN
  +--> ?PR?RELAY_CTRL?APP_MAIN
  +--> ?PR?LED_0_CTRL?APP_MAIN
  +--> ?PR?MODE_RUN?APP_MAIN

?PR?APP_INIT?APP_MAIN                  -----    -----      -----    -----
  +--> ?PR?DRV_RTC_INIT?DRV_RTC
  +--> ?PR?DRV_TEMP_INIT?DRV_TEMP

?PR?DRV_RTC_INIT?DRV_RTC               -----    -----      -----    -----
  +--> ?PR?_WRITE_DS1302_BYTE?DRV_RTC
  +--> ?PR?_HEX_TO_BCD?DRV_RTC

?PR?_WRITE_DS1302_BYTE?DRV_RTC         -----    -----      -----    -----
  +--> ?PR?_WRITE_DS1302?DRV_RTC

?PR?DRV_TEMP_INIT?DRV_TEMP             -----    -----      -----    -----
  +--> ?PR?INIT_DS18B20?DRV_TEMP
  +--> ?PR?_WRITE_DS18B20?DRV_TEMP
  +--> ?PR?_DELAY_ONEWIRE?DRV_TEMP

?PR?INIT_DS18B20?DRV_TEMP              0020H.5  0000H.1    -----    -----
  +--> ?PR?_DELAY_ONEWIRE?DRV_TEMP

BL51 BANKED LINKER/LOCATER V6.22.4.0                                                  03/06/2026  15:43:15  PAGE 4


?PR?_WRITE_DS18B20?DRV_TEMP            -----    -----      -----    -----
  +--> ?PR?_DELAY_ONEWIRE?DRV_TEMP

?PR?SEG_DISPLAY?APP_MAIN               -----    -----      -----    -----
  +--> ?PR?_DRV_SEG_SET_ALL?DRV_SEG

?PR?_DRV_SEG_SET_ALL?DRV_SEG           -----    -----      000AH    000FH

?PR?KEY_CTRL?APP_MAIN                  -----    -----      -----    -----
  +--> ?PR?_DRV_KEY_IS?DRV_KEY
  +--> ?PR?DEBUG_SET_TIME?APP_MAIN

?PR?_DRV_KEY_IS?DRV_KEY                0020H.5  0000H.1    -----    -----

?PR?DEBUG_SET_TIME?APP_MAIN            -----    -----      -----    -----
  +--> ?PR?_DRV_RTC_SET?DRV_RTC

?PR?_DRV_RTC_SET?DRV_RTC               -----    -----      -----    -----
  +--> ?PR?_HEX_TO_BCD?DRV_RTC
  +--> ?PR?_WRITE_DS1302_BYTE?DRV_RTC

?PR?RELAY_CTRL?APP_MAIN                -----    -----      -----    -----
  +--> ?PR?DRV_RELAY_SET?DRV_OTHER
  +--> ?PR?_DRV_LED_SET?DRV_LED

?PR?DRV_RELAY_SET?DRV_OTHER            0020H.5  0000H.1    -----    -----

?PR?_DRV_LED_SET?DRV_LED               0020H.5  0000H.1    -----    -----

?PR?LED_0_CTRL?APP_MAIN                -----    -----      -----    -----
  +--> ?PR?_DRV_LED_SET?DRV_LED

?PR?MODE_RUN?APP_MAIN                  -----    -----      -----    -----
  +--> ?PR?_DRV_LED_SET?DRV_LED

?PR?APP_TASK_500MS?APP_MAIN            -----    -----      -----    -----
  +--> ?PR?_DRV_RTC_GET?DRV_RTC
  +--> ?PR?DRV_TEMP_GET?DRV_TEMP

?PR?_DRV_RTC_GET?DRV_RTC               -----    -----      -----    -----
  +--> ?PR?_BCD_TO_HEX?DRV_RTC
  +--> ?PR?_READ_DS1302_BYTE?DRV_RTC

?PR?_BCD_TO_HEX?DRV_RTC                -----    -----      -----    -----
  +--> ?PR?_READ_DS1302_BYTE?DRV_RTC

?PR?_READ_DS1302_BYTE?DRV_RTC          -----    -----      -----    -----
  +--> ?PR?_WRITE_DS1302?DRV_RTC

?PR?DRV_TEMP_GET?DRV_TEMP              -----    -----      -----    -----
  +--> ?PR?INIT_DS18B20?DRV_TEMP
  +--> ?PR?_WRITE_DS18B20?DRV_TEMP
  +--> ?PR?_DELAY_ONEWIRE?DRV_TEMP
  +--> ?PR?READ_DS18B20?DRV_TEMP

?PR?READ_DS18B20?DRV_TEMP              -----    -----      -----    -----
  +--> ?PR?_DELAY_ONEWIRE?DRV_TEMP
BL51 BANKED LINKER/LOCATER V6.22.4.0                                                  03/06/2026  15:43:15  PAGE 5



*** NEW ROOT ***************************************************

?PR?TIMER_0_ISR?MAIN                   -----    -----      -----    -----
  +--> ?PR?SYS_TASK_ISR?SYS_TASK

?PR?SYS_TASK_ISR?SYS_TASK              -----    -----      -----    -----
  +--> ?PR?DRV_SEG_RUN?DRV_SEG

?PR?DRV_SEG_RUN?DRV_SEG                -----    -----      -----    -----
  +--> ?PR?_SYS_DECODER?SYS_MAIN
  +--> ?CO?DRV_SEG



SYMBOL TABLE OF MODULE:  .\Objects\ ±÷”¡∑œ∞2 (?C_STARTUP)

  VALUE           TYPE          NAME
  ----------------------------------

  -------         MODULE        ?C_STARTUP
  C:02F1H         SEGMENT       ?C_C51STARTUP
  I:0050H         SEGMENT       ?STACK
  C:0000H         PUBLIC        ?C_STARTUP
  D:00E0H         SYMBOL        ACC
  D:00F0H         SYMBOL        B
  D:0083H         SYMBOL        DPH
  D:0082H         SYMBOL        DPL
  N:0000H         SYMBOL        IBPSTACK
  N:0100H         SYMBOL        IBPSTACKTOP
  N:0080H         SYMBOL        IDATALEN
  C:02F4H         SYMBOL        IDATALOOP
  N:0000H         SYMBOL        PBPSTACK
  N:0100H         SYMBOL        PBPSTACKTOP
  N:0000H         SYMBOL        PDATALEN
  N:0000H         SYMBOL        PDATASTART
  N:0000H         SYMBOL        PPAGE
  N:0000H         SYMBOL        PPAGEENABLE
  D:00A0H         SYMBOL        PPAGE_SFR
  D:0081H         SYMBOL        SP
  C:02F1H         SYMBOL        STARTUP1
  N:0000H         SYMBOL        XBPSTACK
  N:0000H         SYMBOL        XBPSTACKTOP
  N:0000H         SYMBOL        XDATALEN
  N:0000H         SYMBOL        XDATASTART
  C:0000H         LINE#         126
  C:02F1H         LINE#         133
  C:02F3H         LINE#         134
  C:02F4H         LINE#         135
  C:02F5H         LINE#         136
  C:02F7H         LINE#         185
  C:02FAH         LINE#         196
  -------         ENDMOD        ?C_STARTUP

  -------         MODULE        MAIN
  C:0000H         SYMBOL        _ICE_DUMMY_
  D:0080H         PUBLIC        P0
BL51 BANKED LINKER/LOCATER V6.22.4.0                                                  03/06/2026  15:43:15  PAGE 6


  D:0090H         PUBLIC        P1
  D:00A0H         PUBLIC        P2
  D:00B0H         PUBLIC        P3
  D:00C0H         PUBLIC        P4
  D:00C8H         PUBLIC        P5
  D:00E8H         PUBLIC        P6
  D:00F8H         PUBLIC        P7
  D:00A8H         PUBLIC        IE
  D:00B8H         PUBLIC        IP
  D:00D8H         PUBLIC        CCON
  C:09A5H         PUBLIC        main
  D:0098H         PUBLIC        SCON
  D:0088H         PUBLIC        TCON
  D:00F0H         PUBLIC        B
  D:00E0H         PUBLIC        ACC
  C:061CH         PUBLIC        timer_0_isr
  D:00D0H         PUBLIC        PSW
  -------         PROC          TIMER_0_ISR
  C:061CH         LINE#         3
  C:0639H         LINE#         5
  C:063CH         LINE#         6
  -------         ENDPROC       TIMER_0_ISR
  -------         PROC          MAIN
  C:09A5H         LINE#         8
  C:09A5H         LINE#         9
  C:09A5H         LINE#         10
  C:09A8H         LINE#         11
  C:09A8H         LINE#         12
  C:09A8H         LINE#         13
  C:09ABH         LINE#         14
  C:09AEH         LINE#         15
  -------         ENDPROC       MAIN
  -------         ENDMOD        MAIN

  -------         MODULE        SYS_MAIN
  C:0000H         SYMBOL        _ICE_DUMMY_
  D:0093H         PUBLIC        P0M1
  D:0092H         PUBLIC        P1M0
  D:0096H         PUBLIC        P2M0
  D:0091H         PUBLIC        P1M1
  D:0080H         PUBLIC        P0
  D:00B2H         PUBLIC        P3M0
  D:0095H         PUBLIC        P2M1
  D:0090H         PUBLIC        P1
  D:00B1H         PUBLIC        P3M1
  D:00A0H         PUBLIC        P2
  D:00B0H         PUBLIC        P3
  D:00C0H         PUBLIC        P4
  D:00C8H         PUBLIC        P5
  D:00E8H         PUBLIC        P6
  B:00A8H.7       PUBLIC        EA
  D:00F8H         PUBLIC        P7
  D:00A8H         PUBLIC        IE
  D:00B8H         PUBLIC        IP
  C:0971H         PUBLIC        _sys_decoder
  D:00D8H         PUBLIC        CCON
  D:0098H         PUBLIC        SCON
BL51 BANKED LINKER/LOCATER V6.22.4.0                                                  03/06/2026  15:43:15  PAGE 7


  D:0089H         PUBLIC        TMOD
  D:0088H         PUBLIC        TCON
  D:00F0H         PUBLIC        B
  D:008EH         PUBLIC        AUXR
  D:00E0H         PUBLIC        ACC
  C:093BH         PUBLIC        gpio_init
  C:08ECH         PUBLIC        tick_timer_init
  B:00A8H.1       PUBLIC        ET0
  B:0088H.5       PUBLIC        TF0
  D:008CH         PUBLIC        TH0
  D:008AH         PUBLIC        TL0
  B:0088H.4       PUBLIC        TR0
  C:0657H         PUBLIC        drv_init
  C:09BBH         PUBLIC        sys_init
  D:00D0H         PUBLIC        PSW
  D:0094H         PUBLIC        P0M0
  -------         PROC          GPIO_INIT
  C:093BH         LINE#         3
  C:093BH         LINE#         4
  C:093BH         LINE#         5
  C:0940H         LINE#         6
  C:0944H         LINE#         7
  C:0948H         LINE#         8
  C:094CH         LINE#         9
  -------         ENDPROC       GPIO_INIT
  -------         PROC          TICK_TIMER_INIT
  C:08ECH         LINE#         11
  C:08ECH         LINE#         12
  C:08ECH         LINE#         13
  C:08EFH         LINE#         14
  C:08F2H         LINE#         15
  C:08F5H         LINE#         16
  C:08F8H         LINE#         17
  C:08FAH         LINE#         18
  C:08FCH         LINE#         19
  C:08FEH         LINE#         21
  C:0900H         LINE#         22
  -------         ENDPROC       TICK_TIMER_INIT
  -------         PROC          DRV_INIT
  C:0657H         LINE#         24
  C:0657H         LINE#         25
  C:0657H         LINE#         26
  C:065CH         LINE#         27
  C:0669H         LINE#         28
  C:0675H         LINE#         29
  C:0682H         LINE#         30
  -------         ENDPROC       DRV_INIT
  -------         PROC          _SYS_DECODER
  D:0007H         SYMBOL        pin
  C:0971H         LINE#         33
  C:0971H         LINE#         34
  C:0971H         LINE#         35
  C:097EH         LINE#         36
  -------         ENDPROC       _SYS_DECODER
  -------         PROC          SYS_INIT
  C:09BBH         LINE#         37
  C:09BBH         LINE#         38
BL51 BANKED LINKER/LOCATER V6.22.4.0                                                  03/06/2026  15:43:15  PAGE 8


  C:09BBH         LINE#         39
  C:09BEH         LINE#         40
  C:09C1H         LINE#         41
  -------         ENDPROC       SYS_INIT
  -------         ENDMOD        SYS_MAIN

  -------         MODULE        SYS_TASK
  C:0000H         SYMBOL        _ICE_DUMMY_
  D:0080H         PUBLIC        P0
  D:002FH         SYMBOL        last_app_task_1
  D:0090H         PUBLIC        P1
  D:0031H         SYMBOL        last_app_task_2
  D:00A0H         PUBLIC        P2
  D:00B0H         PUBLIC        P3
  D:00C0H         PUBLIC        P4
  D:00C8H         PUBLIC        P5
  D:00E8H         PUBLIC        P6
  D:00F8H         PUBLIC        P7
  D:00A8H         PUBLIC        IE
  D:00B8H         PUBLIC        IP
  D:00D8H         PUBLIC        CCON
  C:09B0H         PUBLIC        sys_task_isr
  D:0033H         SYMBOL        sys_tick_ms
  D:0098H         PUBLIC        SCON
  D:0088H         PUBLIC        TCON
  D:0035H         SYMBOL        last_other
  D:00F0H         PUBLIC        B
  D:00E0H         PUBLIC        ACC
  D:0037H         SYMBOL        last_led
  C:05DBH         PUBLIC        sys_task_app_run
  C:04E6H         PUBLIC        sys_task_drv_run
  D:0039H         SYMBOL        last_key
  D:00D0H         PUBLIC        PSW
  -------         PROC          SYS_TASK_ISR
  C:09B0H         LINE#         13
  C:09B0H         LINE#         14
  C:09B0H         LINE#         15
  C:09B8H         LINE#         16
  -------         ENDPROC       SYS_TASK_ISR
  -------         PROC          SYS_TASK_DRV_RUN
  -------         DO            
  D:0008H         SYMBOL        now
  -------         ENDDO         
  C:04E6H         LINE#         18
  C:04E6H         LINE#         19
  C:04E6H         LINE#         20
  C:04ECH         LINE#         21
  C:0500H         LINE#         22
  C:0500H         LINE#         23
  C:0506H         LINE#         24
  C:0509H         LINE#         25
  C:0509H         LINE#         26
  C:051DH         LINE#         27
  C:051DH         LINE#         28
  C:0523H         LINE#         29
  C:0526H         LINE#         30
  C:0526H         LINE#         31
BL51 BANKED LINKER/LOCATER V6.22.4.0                                                  03/06/2026  15:43:15  PAGE 9


  C:053AH         LINE#         32
  C:053AH         LINE#         33
  C:0540H         LINE#         34
  C:0543H         LINE#         35
  C:0543H         LINE#         37
  -------         ENDPROC       SYS_TASK_DRV_RUN
  -------         PROC          SYS_TASK_APP_RUN
  -------         DO            
  D:0008H         SYMBOL        now
  -------         ENDDO         
  C:05DBH         LINE#         38
  C:05DBH         LINE#         39
  C:05DBH         LINE#         40
  C:05E1H         LINE#         41
  C:05F5H         LINE#         42
  C:05F5H         LINE#         43
  C:05FBH         LINE#         44
  C:05FEH         LINE#         45
  C:05FEH         LINE#         46
  C:0612H         LINE#         47
  C:0612H         LINE#         48
  C:0618H         LINE#         49
  C:061BH         LINE#         50
  C:061BH         LINE#         51
  -------         ENDPROC       SYS_TASK_APP_RUN
  -------         ENDMOD        SYS_TASK

  -------         MODULE        APP_MAIN
  C:0000H         SYMBOL        _ICE_DUMMY_
  D:003BH         PUBLIC        time_m
  D:0080H         PUBLIC        P0
  D:0090H         PUBLIC        P1
  D:00A0H         PUBLIC        P2
  D:00B0H         PUBLIC        P3
  D:00C0H         PUBLIC        P4
  D:003CH         PUBLIC        time_s
  D:00C8H         PUBLIC        P5
  D:00E8H         PUBLIC        P6
  D:00F8H         PUBLIC        P7
  D:00A8H         PUBLIC        IE
  D:00B8H         PUBLIC        IP
  C:000EH         PUBLIC        seg_display
  D:00D8H         PUBLIC        CCON
  C:095FH         PUBLIC        app_task_100ms
  C:0872H         PUBLIC        app_task_500ms
  D:0098H         PUBLIC        SCON
  D:0088H         PUBLIC        TCON
  C:07D5H         PUBLIC        relay_ctrl
  D:003DH         PUBLIC        d_t
  B:0020H.2       PUBLIC        ctrl_mode
  D:00F0H         PUBLIC        B
  D:003FH         PUBLIC        app_page
  D:00E0H         PUBLIC        ACC
  C:094DH         PUBLIC        debug_set_time
  D:0040H         PUBLIC        rtc
  C:098DH         PUBLIC        app_init
  C:06F9H         PUBLIC        mode_run
BL51 BANKED LINKER/LOCATER V6.22.4.0                                                  03/06/2026  15:43:15  PAGE 10


  C:083AH         PUBLIC        led_0_ctrl
  C:025BH         PUBLIC        key_ctrl
  D:0043H         PUBLIC        set_temp
  B:0020H.3       PUBLIC        relay_sw
  D:0045H         PUBLIC        time_h
  D:00D0H         PUBLIC        PSW
  -------         PROC          APP_INIT
  -------         DO            
  B:0020H.0       SYMBOL        initok
  -------         ENDDO         
  C:098DH         LINE#         17
  C:098DH         LINE#         18
  C:098DH         LINE#         20
  C:0990H         LINE#         21
  C:0990H         LINE#         22
  C:0992H         LINE#         23
  C:0995H         LINE#         24
  C:0998H         LINE#         25
  C:0998H         LINE#         26
  -------         ENDPROC       APP_INIT
  -------         PROC          DEBUG_SET_TIME
  C:094DH         LINE#         27
  C:094DH         LINE#         28
  C:094DH         LINE#         29
  C:0950H         LINE#         30
  C:0953H         LINE#         31
  C:0956H         LINE#         32
  -------         ENDPROC       DEBUG_SET_TIME
  -------         PROC          SEG_DISPLAY
  C:000EH         LINE#         35
  C:000EH         LINE#         36
  C:000EH         LINE#         37
  C:0027H         LINE#         38
  C:0027H         LINE#         39
  C:007FH         LINE#         40
  C:00BDH         LINE#         41
  C:010AH         LINE#         42
  C:0143H         LINE#         43
  C:0143H         LINE#         44
  -------         ENDPROC       SEG_DISPLAY
  -------         PROC          KEY_CTRL
  C:025BH         LINE#         45
  C:025BH         LINE#         46
  C:025BH         LINE#         47
  C:0267H         LINE#         48
  C:0277H         LINE#         49
  C:0277H         LINE#         50
  C:0282H         LINE#         51
  C:0297H         LINE#         52
  C:02DCH         LINE#         53
  C:02F0H         LINE#         54
  C:02F0H         LINE#         55
  -------         ENDPROC       KEY_CTRL
  -------         PROC          RELAY_CTRL
  -------         DO            
  B:0020H.1       SYMBOL        led2
  -------         ENDDO         
BL51 BANKED LINKER/LOCATER V6.22.4.0                                                  03/06/2026  15:43:15  PAGE 11


  C:07D5H         LINE#         56
  C:07D5H         LINE#         57
  C:07D5H         LINE#         59
  C:07D8H         LINE#         60
  C:07D8H         LINE#         61
  C:07DDH         LINE#         62
  C:07E6H         LINE#         63
  C:07EBH         LINE#         64
  C:07ECH         LINE#         65
  C:07ECH         LINE#         66
  C:07F1H         LINE#         67
  C:07F8H         LINE#         68
  C:07F8H         LINE#         69
  -------         ENDPROC       RELAY_CTRL
  -------         PROC          LED_0_CTRL
  C:083AH         LINE#         70
  C:083AH         LINE#         71
  C:083AH         LINE#         72
  C:0848H         LINE#         73
  C:0856H         LINE#         74
  -------         ENDPROC       LED_0_CTRL
  -------         PROC          MODE_RUN
  C:06F9H         LINE#         75
  C:06F9H         LINE#         76
  C:06F9H         LINE#         77
  C:0703H         LINE#         78
  C:0706H         LINE#         79
  C:0706H         LINE#         80
  C:0710H         LINE#         81
  C:0719H         LINE#         82
  C:071AH         LINE#         83
  C:071AH         LINE#         84
  C:0728H         LINE#         85
  C:072AH         LINE#         86
  C:072AH         LINE#         87
  -------         ENDPROC       MODE_RUN
  -------         PROC          APP_TASK_100MS
  C:095FH         LINE#         88
  C:095FH         LINE#         89
  C:095FH         LINE#         90
  C:0962H         LINE#         91
  C:0965H         LINE#         92
  C:0968H         LINE#         93
  C:096BH         LINE#         94
  C:096EH         LINE#         95
  -------         ENDPROC       APP_TASK_100MS
  -------         PROC          APP_TASK_500MS
  C:0872H         LINE#         97
  C:0872H         LINE#         98
  C:0872H         LINE#         99
  C:087BH         LINE#         100
  C:087EH         LINE#         101
  C:0881H         LINE#         102
  C:0884H         LINE#         103
  C:088BH         LINE#         104
  -------         ENDPROC       APP_TASK_500MS
  -------         ENDMOD        APP_MAIN
BL51 BANKED LINKER/LOCATER V6.22.4.0                                                  03/06/2026  15:43:15  PAGE 12



  -------         MODULE        DRV_LED
  C:0000H         SYMBOL        _ICE_DUMMY_
  D:0080H         PUBLIC        P0
  D:0090H         PUBLIC        P1
  D:00A0H         PUBLIC        P2
  D:00B0H         PUBLIC        P3
  D:00C0H         PUBLIC        P4
  D:00C8H         PUBLIC        P5
  D:00E8H         PUBLIC        P6
  D:00F8H         PUBLIC        P7
  D:00A8H         PUBLIC        IE
  C:0999H         PUBLIC        _drv_led_set
  D:00B8H         PUBLIC        IP
  C:0406H         PUBLIC        drv_led_run
  D:00D8H         PUBLIC        CCON
  D:0098H         PUBLIC        SCON
  D:0088H         PUBLIC        TCON
  D:00F0H         PUBLIC        B
  D:00E0H         PUBLIC        ACC
  D:0027H         PUBLIC        led_ram
  D:00D0H         PUBLIC        PSW
  -------         PROC          DRV_LED_RUN
  -------         DO            
  D:0021H         SYMBOL        led_tick
  D:0023H         SYMBOL        led_temp
  D:0025H         SYMBOL        led_last
  -------         ENDDO         
  C:0406H         LINE#         5
  C:0406H         LINE#         6
  C:0406H         LINE#         11
  C:0410H         LINE#         12
  C:0410H         LINE#         13
  C:0425H         LINE#         14
  C:0427H         LINE#         15
  C:0427H         LINE#         16
  C:0442H         LINE#         17
  C:0442H         LINE#         18
  C:044EH         LINE#         19
  C:044EH         LINE#         20
  C:045DH         LINE#         21
  C:0463H         LINE#         22
  C:0463H         LINE#         23
  C:0479H         LINE#         24
  -------         ENDPROC       DRV_LED_RUN
  -------         PROC          _DRV_LED_SET
  D:0007H         SYMBOL        p
  B:0020H.5       SYMBOL        sw
  C:0999H         LINE#         25
  C:0999H         LINE#         26
  C:0999H         LINE#         27
  C:09A4H         LINE#         28
  -------         ENDPROC       _DRV_LED_SET
  -------         ENDMOD        DRV_LED

  -------         MODULE        DRV_SEG
  C:0000H         SYMBOL        _ICE_DUMMY_
BL51 BANKED LINKER/LOCATER V6.22.4.0                                                  03/06/2026  15:43:15  PAGE 13


  D:0080H         PUBLIC        P0
  D:0090H         PUBLIC        P1
  D:00A0H         PUBLIC        P2
  D:00B0H         PUBLIC        P3
  D:00C0H         PUBLIC        P4
  D:00C8H         PUBLIC        P5
  D:00E8H         PUBLIC        P6
  D:00F8H         PUBLIC        P7
  D:00A8H         PUBLIC        IE
  D:00B8H         PUBLIC        IP
  D:00D8H         PUBLIC        CCON
  C:0544H         PUBLIC        drv_seg_run
  D:0098H         PUBLIC        SCON
  D:0088H         PUBLIC        TCON
  C:08C0H         PUBLIC        _drv_seg_set_all
  D:00F0H         PUBLIC        B
  D:00E0H         PUBLIC        ACC
  C:075BH         PUBLIC        t_display
  D:0048H         PUBLIC        seg_ram
  D:00D0H         PUBLIC        PSW
  -------         PROC          DRV_SEG_RUN
  -------         DO            
  D:0046H         SYMBOL        seg_tick
  -------         ENDDO         
  C:0544H         LINE#         12
  C:0544H         LINE#         13
  C:0544H         LINE#         15
  C:0551H         LINE#         16
  C:056AH         LINE#         17
  C:0581H         LINE#         18
  C:0597H         LINE#         19
  -------         ENDPROC       DRV_SEG_RUN
  -------         PROC          _DRV_SEG_SET_ALL
  D:0007H         SYMBOL        s0
  D:0004H         SYMBOL        s1
  D:0002H         SYMBOL        s2
  D:000FH         SYMBOL        s3
  D:0011H         SYMBOL        s4
  D:0013H         SYMBOL        s5
  D:0015H         SYMBOL        s6
  D:0017H         SYMBOL        s7
  C:08C0H         LINE#         22
  C:08C0H         LINE#         23
  C:08C0H         LINE#         24
  C:08D5H         LINE#         25
  -------         ENDPROC       _DRV_SEG_SET_ALL
  -------         ENDMOD        DRV_SEG

  -------         MODULE        DRV_OTHER
  C:0000H         SYMBOL        _ICE_DUMMY_
  D:0080H         PUBLIC        P0
  D:0090H         PUBLIC        P1
  D:00A0H         PUBLIC        P2
  D:00B0H         PUBLIC        P3
  D:00C0H         PUBLIC        P4
  D:00C8H         PUBLIC        P5
  D:00E8H         PUBLIC        P6
BL51 BANKED LINKER/LOCATER V6.22.4.0                                                  03/06/2026  15:43:15  PAGE 14


  D:00F8H         PUBLIC        P7
  C:068FH         PUBLIC        drv_other_run
  D:00A8H         PUBLIC        IE
  D:00B8H         PUBLIC        IP
  D:00D8H         PUBLIC        CCON
  D:0098H         PUBLIC        SCON
  D:0088H         PUBLIC        TCON
  D:00F0H         PUBLIC        B
  B:0020H.4       PUBLIC        other_ram
  D:00E0H         PUBLIC        ACC
  D:00D0H         PUBLIC        PSW
  C:0003H         PUBLIC        drv_relay_set
  -------         PROC          DRV_OTHER_RUN
  -------         DO            
  D:0019H         SYMBOL        other_last
  D:001BH         SYMBOL        other_temp
  -------         ENDDO         
  C:068FH         LINE#         5
  C:068FH         LINE#         6
  C:068FH         LINE#         10
  C:0692H         LINE#         11
  C:0692H         LINE#         12
  C:0698H         LINE#         13
  C:069AH         LINE#         14
  C:069AH         LINE#         15
  C:06A0H         LINE#         16
  C:06A0H         LINE#         17
  C:06ACH         LINE#         18
  C:06ACH         LINE#         19
  C:06BEH         LINE#         20
  C:06C4H         LINE#         21
  C:06C4H         LINE#         23
  -------         ENDPROC       DRV_OTHER_RUN
  -------         PROC          DRV_RELAY_SET
  B:0020H.5       SYMBOL        sw
  C:0003H         LINE#         24
  C:0003H         LINE#         25
  C:0003H         LINE#         26
  C:0007H         LINE#         27
  -------         ENDPROC       DRV_RELAY_SET
  -------         ENDMOD        DRV_OTHER

  -------         MODULE        DRV_KEY
  C:0000H         SYMBOL        _ICE_DUMMY_
  D:0080H         PUBLIC        P0
  D:0090H         PUBLIC        P1
  D:00A0H         PUBLIC        P2
  D:00B0H         PUBLIC        P3
  D:00C0H         PUBLIC        P4
  D:00C8H         PUBLIC        P5
  D:00E8H         PUBLIC        P6
  D:00F8H         PUBLIC        P7
  D:00A8H         PUBLIC        IE
  D:00B8H         PUBLIC        IP
  D:00D8H         PUBLIC        CCON
  C:037DH         PUBLIC        drv_key_run
  D:0098H         PUBLIC        SCON
BL51 BANKED LINKER/LOCATER V6.22.4.0                                                  03/06/2026  15:43:15  PAGE 15


  D:0088H         PUBLIC        TCON
  C:097FH         PUBLIC        _drv_key_is
  B:00C0H.2       PUBLIC        P42
  B:00C0H.4       PUBLIC        P44
  B:00B0H.6       PUBLIC        P36
  B:00B0H.7       PUBLIC        P37
  D:00F0H         PUBLIC        B
  D:00E0H         PUBLIC        ACC
  D:001FH         PUBLIC        key_ram
  D:00D0H         PUBLIC        PSW
  -------         PROC          DRV_KEY_RUN
  -------         DO            
  D:001DH         SYMBOL        key_step
  D:001EH         SYMBOL        key_save
  D:000AH         SYMBOL        key_temp
  -------         ENDDO         
  C:037DH         LINE#         5
  C:037DH         LINE#         6
  C:037DH         LINE#         9
  C:0380H         LINE#         11
  C:038FH         LINE#         12
  C:0395H         LINE#         14
  C:03A1H         LINE#         15
  C:03A1H         LINE#         16
  C:03A1H         LINE#         17
  C:03A1H         LINE#         18
  C:03AAH         LINE#         19
  C:03ABH         LINE#         20
  C:03ABH         LINE#         21
  C:03ABH         LINE#         22
  C:03B2H         LINE#         24
  C:03B2H         LINE#         25
  C:03C4H         LINE#         26
  C:03C7H         LINE#         27
  C:03D9H         LINE#         28
  C:03D9H         LINE#         29
  C:03DEH         LINE#         30
  C:03E3H         LINE#         31
  C:03E8H         LINE#         32
  C:03EBH         LINE#         33
  C:03EBH         LINE#         34
  C:03F1H         LINE#         35
  C:03F1H         LINE#         36
  C:03F4H         LINE#         37
  C:03F5H         LINE#         38
  C:03F5H         LINE#         39
  C:03F5H         LINE#         40
  C:03F5H         LINE#         41
  C:03F5H         LINE#         42
  C:03F7H         LINE#         43
  C:03F7H         LINE#         44
  C:03F7H         LINE#         45
  C:03FCH         LINE#         46
  C:03FCH         LINE#         47
  C:03FFH         LINE#         48
  C:0402H         LINE#         49
  C:0405H         LINE#         50
BL51 BANKED LINKER/LOCATER V6.22.4.0                                                  03/06/2026  15:43:15  PAGE 16


  C:0405H         LINE#         51
  C:0405H         LINE#         52
  C:0405H         LINE#         53
  -------         ENDPROC       DRV_KEY_RUN
  -------         PROC          _DRV_KEY_IS
  D:0007H         SYMBOL        keyv
  -------         DO            
  B:0020H.5       SYMBOL        keyok
  -------         ENDDO         
  C:097FH         LINE#         55
  C:097FH         LINE#         56
  C:097FH         LINE#         57
  C:0981H         LINE#         58
  C:0985H         LINE#         59
  C:0985H         LINE#         60
  C:0988H         LINE#         61
  C:098AH         LINE#         62
  C:098AH         LINE#         63
  C:098CH         LINE#         64
  -------         ENDPROC       _DRV_KEY_IS
  -------         ENDMOD        DRV_KEY

  -------         MODULE        DRV_RTC
  C:0000H         SYMBOL        _ICE_DUMMY_
  D:0080H         PUBLIC        P0
  D:0090H         PUBLIC        P1
  D:00A0H         PUBLIC        P2
  D:00B0H         PUBLIC        P3
  D:00C0H         PUBLIC        P4
  D:00C8H         PUBLIC        P5
  D:00E8H         PUBLIC        P6
  D:00F8H         PUBLIC        P7
  D:00A8H         PUBLIC        IE
  C:0857H         PUBLIC        drv_rtc_init
  C:0928H         PUBLIC        _hex_to_bcd
  C:08DDH         PUBLIC        _bcd_to_hex
  D:00B8H         PUBLIC        IP
  C:0786H         PUBLIC        _drv_rtc_get
  D:00D8H         PUBLIC        CCON
  C:072BH         PUBLIC        _drv_rtc_set
  D:0098H         PUBLIC        SCON
  D:0088H         PUBLIC        TCON
  D:00F0H         PUBLIC        B
  D:00E0H         PUBLIC        ACC
  C:06C5H         PUBLIC        _Read_Ds1302_Byte
  B:00A0H.3       PUBLIC        SDA
  B:0090H.7       PUBLIC        SCK
  C:0901H         PUBLIC        _Write_Ds1302_Byte
  C:0915H         PUBLIC        _Write_Ds1302
  B:0090H.3       PUBLIC        RST
  D:00D0H         PUBLIC        PSW
  -------         PROC          _WRITE_DS1302
  D:0007H         SYMBOL        temp
  -------         DO            
  D:0006H         SYMBOL        i
  -------         ENDDO         
  C:0915H         LINE#         3
BL51 BANKED LINKER/LOCATER V6.22.4.0                                                  03/06/2026  15:43:15  PAGE 17


  C:0915H         LINE#         4
  C:0915H         LINE#         6
  C:0917H         LINE#         7
  C:0917H         LINE#         8
  C:0919H         LINE#         9
  C:091DH         LINE#         10
  C:0921H         LINE#         11
  C:0923H         LINE#         12
  C:0927H         LINE#         13
  -------         ENDPROC       _WRITE_DS1302
  -------         PROC          _WRITE_DS1302_BYTE
  D:0007H         SYMBOL        address
  D:0005H         SYMBOL        dat
  C:0901H         LINE#         16
  C:0901H         LINE#         17
  C:0901H         LINE#         18
  C:0904H         LINE#         19
  C:0907H         LINE#         20
  C:090AH         LINE#         21
  C:090DH         LINE#         22
  C:0912H         LINE#         23
  C:0914H         LINE#         24
  -------         ENDPROC       _WRITE_DS1302_BYTE
  -------         PROC          _READ_DS1302_BYTE
  D:0007H         SYMBOL        address
  -------         DO            
  D:0007H         SYMBOL        i
  D:0005H         SYMBOL        temp
  -------         ENDDO         
  C:06C5H         LINE#         27
  C:06C5H         LINE#         28
  C:06C5H         LINE#         29
  C:06C7H         LINE#         30
  C:06CAH         LINE#         31
  C:06CDH         LINE#         32
  C:06D0H         LINE#         33
  C:06D3H         LINE#         34
  C:06D5H         LINE#         35
  C:06D5H         LINE#         36
  C:06D7H         LINE#         37
  C:06DBH         LINE#         38
  C:06DEH         LINE#         39
  C:06E1H         LINE#         40
  C:06E3H         LINE#         41
  C:06E7H         LINE#         42
  C:06EAH         LINE#         43
  C:06EDH         LINE#         44
  C:06F0H         LINE#         45
  C:06F3H         LINE#         46
  C:06F6H         LINE#         47
  C:06F8H         LINE#         48
  -------         ENDPROC       _READ_DS1302_BYTE
  -------         PROC          L?0016
  -------         ENDPROC       L?0016
  -------         PROC          _BCD_TO_HEX
  D:0007H         SYMBOL        bcd
  C:08DDH         LINE#         50
BL51 BANKED LINKER/LOCATER V6.22.4.0                                                  03/06/2026  15:43:15  PAGE 18


  C:08DDH         LINE#         51
  C:08DDH         LINE#         52
  C:08EBH         LINE#         53
  -------         ENDPROC       _BCD_TO_HEX
  -------         PROC          _HEX_TO_BCD
  D:0007H         SYMBOL        hex
  C:0928H         LINE#         55
  C:0928H         LINE#         56
  C:0928H         LINE#         57
  C:093AH         LINE#         58
  -------         ENDPROC       _HEX_TO_BCD
  -------         PROC          DRV_RTC_INIT
  C:0857H         LINE#         60
  C:0857H         LINE#         61
  C:0857H         LINE#         62
  C:085DH         LINE#         63
  C:0864H         LINE#         64
  -------         ENDPROC       DRV_RTC_INIT
  -------         PROC          _DRV_RTC_SET
  D:0001H         SYMBOL        time
  C:072BH         LINE#         67
  C:072BH         LINE#         68
  C:072BH         LINE#         69
  C:0739H         LINE#         70
  C:074AH         LINE#         71
  -------         ENDPROC       _DRV_RTC_SET
  -------         PROC          _DRV_RTC_GET
  D:0001H         SYMBOL        time
  C:0786H         LINE#         73
  C:0786H         LINE#         74
  C:0786H         LINE#         75
  C:078FH         LINE#         76
  C:079BH         LINE#         77
  -------         ENDPROC       _DRV_RTC_GET
  -------         ENDMOD        DRV_RTC

  -------         MODULE        DRV_TEMP
  C:0000H         SYMBOL        _ICE_DUMMY_
  D:0080H         PUBLIC        P0
  D:0090H         PUBLIC        P1
  D:00A0H         PUBLIC        P2
  D:00B0H         PUBLIC        P3
  D:00C0H         PUBLIC        P4
  C:08A6H         PUBLIC        Read_DS18B20
  D:00C8H         PUBLIC        P5
  D:00E8H         PUBLIC        P6
  D:00F8H         PUBLIC        P7
  C:0598H         PUBLIC        drv_temp_get
  D:00A8H         PUBLIC        IE
  C:0890H         PUBLIC        _Delay_OneWire
  C:081CH         PUBLIC        _Write_DS18B20
  B:0090H.4       PUBLIC        DQ
  D:00B8H         PUBLIC        IP
  C:07AEH         PUBLIC        init_ds18b20
  D:00D8H         PUBLIC        CCON
  D:0098H         PUBLIC        SCON
  D:0088H         PUBLIC        TCON
BL51 BANKED LINKER/LOCATER V6.22.4.0                                                  03/06/2026  15:43:15  PAGE 19


  D:00F0H         PUBLIC        B
  D:00E0H         PUBLIC        ACC
  D:00D0H         PUBLIC        PSW
  C:07F9H         PUBLIC        drv_temp_init
  C:088CH         SYMBOL        L?0021
  -------         PROC          L?0020
  -------         ENDPROC       L?0020
  C:088CH         SYMBOL        L?0021
  -------         PROC          _DELAY_ONEWIRE
  D:0006H         SYMBOL        t
  -------         DO            
  D:0005H         SYMBOL        i
  -------         ENDDO         
  C:0890H         LINE#         3
  C:0890H         LINE#         4
  C:0890H         LINE#         6
  C:089AH         LINE#         7
  C:08A5H         LINE#         8
  C:08A5H         LINE#         9
  -------         ENDPROC       _DELAY_ONEWIRE
  -------         PROC          _WRITE_DS18B20
  D:0001H         SYMBOL        dat
  -------         DO            
  D:0003H         SYMBOL        i
  -------         ENDDO         
  C:081CH         LINE#         12
  C:081EH         LINE#         13
  C:081EH         LINE#         15
  C:0820H         LINE#         16
  C:0820H         LINE#         17
  C:0822H         LINE#         18
  C:0826H         LINE#         19
  C:0829H         LINE#         20
  C:082BH         LINE#         21
  C:082FH         LINE#         22
  C:0833H         LINE#         23
  -------         ENDPROC       _WRITE_DS18B20
  -------         PROC          READ_DS18B20
  -------         DO            
  D:0003H         SYMBOL        i
  D:0004H         SYMBOL        dat
  -------         ENDDO         
  C:08A6H         LINE#         27
  C:08A6H         LINE#         28
  C:08A6H         LINE#         32
  C:08A8H         LINE#         33
  C:08A8H         LINE#         34
  C:08AAH         LINE#         35
  C:08AEH         LINE#         36
  C:08B0H         LINE#         37
  C:08B3H         LINE#         38
  C:08B3H         LINE#         39
  C:08B6H         LINE#         40
  C:08B6H         LINE#         41
  C:08B9H         LINE#         42
  C:08BDH         LINE#         43
  C:08BFH         LINE#         44
BL51 BANKED LINKER/LOCATER V6.22.4.0                                                  03/06/2026  15:43:15  PAGE 20


  -------         ENDPROC       READ_DS18B20
  -------         PROC          INIT_DS18B20
  -------         DO            
  B:0020H.5       SYMBOL        initflag
  -------         ENDDO         
  C:07AEH         LINE#         47
  C:07AEH         LINE#         48
  C:07AEH         LINE#         49
  C:07B0H         LINE#         51
  C:07B2H         LINE#         52
  C:07B9H         LINE#         53
  C:07BBH         LINE#         54
  C:07C2H         LINE#         55
  C:07C4H         LINE#         56
  C:07CBH         LINE#         57
  C:07CFH         LINE#         58
  C:07D2H         LINE#         60
  C:07D4H         LINE#         61
  -------         ENDPROC       INIT_DS18B20
  -------         PROC          DRV_TEMP_INIT
  C:07F9H         LINE#         64
  C:07F9H         LINE#         65
  C:07F9H         LINE#         66
  C:07FCH         LINE#         67
  C:0801H         LINE#         68
  C:0806H         LINE#         69
  C:080BH         LINE#         70
  C:0810H         LINE#         71
  C:0815H         LINE#         72
  -------         ENDPROC       DRV_TEMP_INIT
  -------         PROC          DRV_TEMP_GET
  -------         DO            
  D:0007H         SYMBOL        high
  D:0001H         SYMBOL        low
  D:0006H         SYMBOL        raw
  -------         ENDDO         
  C:0598H         LINE#         76
  C:0598H         LINE#         77
  C:0598H         LINE#         80
  C:059BH         LINE#         81
  C:05A0H         LINE#         82
  C:05A5H         LINE#         83
  C:05ACH         LINE#         84
  C:05AFH         LINE#         85
  C:05B4H         LINE#         86
  C:05B9H         LINE#         87
  C:05BEH         LINE#         88
  C:05C1H         LINE#         89
  C:05C5H         LINE#         90
  C:05DAH         LINE#         93
  -------         ENDPROC       DRV_TEMP_GET
  -------         ENDMOD        DRV_TEMP

  -------         MODULE        ?C?CLDPTR
  C:0144H         PUBLIC        ?C?CLDPTR
  -------         ENDMOD        ?C?CLDPTR

BL51 BANKED LINKER/LOCATER V6.22.4.0                                                  03/06/2026  15:43:15  PAGE 21


  -------         MODULE        ?C?CLDOPTR
  C:015DH         PUBLIC        ?C?CLDOPTR
  -------         ENDMOD        ?C?CLDOPTR

  -------         MODULE        ?C?CSTPTR
  C:018AH         PUBLIC        ?C?CSTPTR
  -------         ENDMOD        ?C?CSTPTR

  -------         MODULE        ?C?CSTOPTR
  C:019CH         PUBLIC        ?C?CSTOPTR
  -------         ENDMOD        ?C?CSTOPTR

  -------         MODULE        ?C?IMUL
  C:01BEH         PUBLIC        ?C?IMUL
  -------         ENDMOD        ?C?IMUL

  -------         MODULE        ?C?UIDIV
  C:01D0H         PUBLIC        ?C?UIDIV
  -------         ENDMOD        ?C?UIDIV

  -------         MODULE        ?C?SIDIV
  C:0225H         PUBLIC        ?C?SIDIV
  -------         ENDMOD        ?C?SIDIV

Program Size: data=80.6 xdata=0 code=2497
LINK/LOCATE RUN COMPLETE.  0 WARNING(S),  0 ERROR(S)
