C51 COMPILER V9.60.7.0   SYS_MAIN                                                          04/04/2026 19:17:56 PAGE 1   


C51 COMPILER V9.60.7.0, COMPILATION OF MODULE SYS_MAIN
OBJECT MODULE PLACED IN .\Objects\sys_main.obj
COMPILER INVOKED BY: C:\Program Files (x86)\keil\C51\BIN\C51.EXE sys_main.c OPTIMIZE(8,SPEED) BROWSE DEBUG OBJECTEXTEND 
                    -PRINT(.\Listings\sys_main.lst) TABS(2) OBJECT(.\Objects\sys_main.obj)

line level    source

   1          //sys_main.c
   2          
   3          #include "sys_main.h"
   4          
   5          void gpio_init()
   6          {
   7   1          P0M0 = 0x00; P0M1 = 0x00; 
   8   1          P1M0 = 0x00; P1M1 = 0x00; 
   9   1          P2M0 = 0x00; P2M1 = 0x00; 
  10   1          P3M0 = 0x00; P3M1 = 0x00; 
  11   1      }
  12          
  13          void drv_init()
  14          {
  15   1        sys_decoder(4);P0 = 0xff;
  16   1        sys_decoder(6);P0 = 0x00;
  17   1        sys_decoder(7);P0 = 0xff;
  18   1        sys_decoder(5);P0 = 0xaf;
  19   1      }
  20          
  21          void tick_timer_init()
  22          {
  23   1        AUXR |= 0x80;     //定时器时钟1T模式
  24   1        TMOD &= 0xF0;     //设置定时器模式
  25   1        TL0 = 0x20;       //设置定时初始值
  26   1        TH0 = 0xD1;       //设置定时初始值
  27   1        TF0 = 0;        //清除TF0标志
  28   1        TR0 = 1;        //定时器0开始计时
  29   1        ET0 = 1;        //使能定时器0中断
  30   1        
  31   1        EA = 1;
  32   1      }
  33          
  34          void sys_decoder(uint8 pin)
  35          {
  36   1        P2 = (P2 & 0x1F) | ((pin << 5) & 0xE0);
  37   1      }
  38          
  39          void sys_init()
  40          {
  41   1        gpio_init();
  42   1        drv_init();
  43   1        tick_timer_init();
  44   1      }


MODULE INFORMATION:   STATIC OVERLAYABLE
   CODE SIZE        =     95    ----
   CONSTANT SIZE    =   ----    ----
   XDATA SIZE       =   ----    ----
   PDATA SIZE       =   ----    ----
   DATA SIZE        =   ----    ----
   IDATA SIZE       =   ----    ----
   BIT SIZE         =   ----    ----
C51 COMPILER V9.60.7.0   SYS_MAIN                                                          04/04/2026 19:17:56 PAGE 2   

END OF MODULE INFORMATION.


C51 COMPILATION COMPLETE.  0 WARNING(S),  0 ERROR(S)
