C51 COMPILER V9.60.7.0   SYS_TASK                                                          03/10/2026 18:07:30 PAGE 1   


C51 COMPILER V9.60.7.0, COMPILATION OF MODULE SYS_TASK
OBJECT MODULE PLACED IN .\Objects\sys_task.obj
COMPILER INVOKED BY: C:\Program Files (x86)\keil\C51\BIN\C51.EXE sys_task.c OPTIMIZE(8,SPEED) BROWSE DEBUG OBJECTEXTEND 
                    -PRINT(.\Listings\sys_task.lst) TABS(2) OBJECT(.\Objects\sys_task.obj)

line level    source

   1          //sys_task.c
   2          
   3          #include "sys_task.h"
   4          
   5          static uint16 sys_tick_ms = 0;
   6          
   7          static uint16 last_led  = 0;
   8          static uint16 last_key  = 0;
   9          static uint16 last_other = 0;
  10          
  11          static uint16 last_app_task_1_run = 0;
  12          static uint16 last_app_task_2_run = 0;
  13          static uint16 last_app_task_3_run = 0;
  14          
  15          void sys_task_isr()
  16          {
  17   1          sys_tick_ms++;
  18   1        
  19   1          drv_seg_run();
  20   1      }
  21            
  22          void sys_task_drv_run()
  23          {
  24   1        uint16 now = sys_tick_ms;
  25   1        if (now - last_led >= 5)
  26   1        {
  27   2          last_led = now;drv_led_run();
  28   2        }
  29   1        if (now - last_key >= 10)
  30   1        {
  31   2          last_key = now;drv_key_run();       
  32   2        }
  33   1        if (now - last_other >= 20)
  34   1        {
  35   2          last_other = now;drv_other_run();
  36   2        }
  37   1      }
  38          
  39          void sys_task_app_run()
  40          {
  41   1        uint16 now = sys_tick_ms;
  42   1        if (now - last_app_task_1_run >= 100)
  43   1        {
  44   2          last_app_task_1_run = now;app_task_100ms();
  45   2        }
  46   1      //  if (last_app_task_2_run >= 5)
  47   1      //  {
  48   1      //    last_app_task_2_run = now;
  49   1      //    _nop_;
  50   1      //  }
  51   1      //  if (last_app_task_3_run >= 5)
  52   1      //  {
  53   1      //    last_app_task_3_run = now;
  54   1      //    _nop_;
C51 COMPILER V9.60.7.0   SYS_TASK                                                          03/10/2026 18:07:30 PAGE 2   

  55   1      //  }
  56   1      }


MODULE INFORMATION:   STATIC OVERLAYABLE
   CODE SIZE        =    135    ----
   CONSTANT SIZE    =   ----    ----
   XDATA SIZE       =   ----    ----
   PDATA SIZE       =   ----    ----
   DATA SIZE        =     14       2
   IDATA SIZE       =   ----    ----
   BIT SIZE         =   ----    ----
END OF MODULE INFORMATION.


C51 COMPILATION COMPLETE.  0 WARNING(S),  0 ERROR(S)
