C51 COMPILER V9.60.7.0   SEG                                                               01/23/2026 22:03:14 PAGE 1   


C51 COMPILER V9.60.7.0, COMPILATION OF MODULE SEG
OBJECT MODULE PLACED IN .\Objects\seg.obj
COMPILER INVOKED BY: C:\Program Files (x86)\keil\C51\BIN\C51.EXE seg.c OPTIMIZE(8,SPEED) BROWSE DEBUG OBJECTEXTEND PRINT
                    -(.\Listings\seg.lst) TABS(2) OBJECT(.\Objects\seg.obj)

line level    source

   1          //seg.c
   2          #include "seg.h"
   3          
   4          void seg_init()
   5          {
   6   1        decoder_set(6); 
   7   1        P0 = 0x00;
   8   1        decoder_set(7);
   9   1        P0 = 0xff;
  10   1        decoder_set(0);
  11   1      
  12   1      }
  13          
  14          uint8 code seg_code[]= {                       //标准字库
  15          //   0    1    2    3    4    5    6    7    8    9    A10  B11  C12  D13  E14  F15
  16              0x3F,0x06,0x5B,0x4F,0x66,0x6D,0x7D,0x07,0x7F,0x6F,0x77,0x7C,0x39,0x5E,0x79,0x71,
  17          //16black  -17 H18  J19  K20  L21  N22  o23  P24  U25  t26 G27  Q28  r29   M30  y31
  18              0x00,0x40,0x76,0x1E,0x70,0x38,0x37,0x5C,0x73,0x3E,0x78,0x3d,0x67,0x50,0x37,0x6e,
  19              0xBF,0x86,0xDB,0xCF,0xE6,0xED,0xFD,0x87,0xFF,0xEF,0x46};    
  20              //0.   1.   2.   3.   4.   5.   6.   7.   8.   9.   -1
  21          //   32   33    34    35  36   37  38   39    40   41   42
  22          uint8 seg_ram[8] = {16,16,16,16,16,16,16,16};
  23          
  24          void seg_set(uint8 position, uint8 number){seg_ram[position] = number;}
  25          
  26          void seg_run()
  27          {
  28   1        static uint8 seg_tick = 0;
  29   1      
  30   1        P0 = 0xFF;
  31   1        decoder_set(7);
  32   1        decoder_set(0);
  33   1      
  34   1        P0 = 0x01 << seg_tick;
  35   1        decoder_set(6);
  36   1        decoder_set(0);
  37   1      
  38   1        P0 = ~ seg_code[seg_ram[seg_tick++]];
  39   1        decoder_set(7);
  40   1        decoder_set(0);;
  41   1      
  42   1        if (seg_tick >= 8) {seg_tick = 0;}
  43   1      
  44   1      }
  45          
  46          void seg_set0()
  47          {
  48   1        seg_ram[0]=16;seg_ram[1]=16;seg_ram[2]=16;seg_ram[3]=16;seg_ram[4]=16;seg_ram[5]=16;seg_ram[6]=16;seg_ram
             -[7]=16;
  49   1      }
  50          
  51          void seg_set_all(uint8 s0,s1,s2,s3,s4,s5,s6,s7)
  52          {
  53   1        seg_ram[0]=s0;seg_ram[1]=s1;seg_ram[2]=s2;seg_ram[3]=s3;seg_ram[4]=s4;seg_ram[5]=s5;seg_ram[6]=s6;seg_ram
C51 COMPILER V9.60.7.0   SEG                                                               01/23/2026 22:03:14 PAGE 2   

             -[7]=s7;
  54   1      }


MODULE INFORMATION:   STATIC OVERLAYABLE
   CODE SIZE        =    150    ----
   CONSTANT SIZE    =     43    ----
   XDATA SIZE       =   ----    ----
   PDATA SIZE       =   ----    ----
   DATA SIZE        =      9      15
   IDATA SIZE       =   ----    ----
   BIT SIZE         =   ----    ----
END OF MODULE INFORMATION.


C51 COMPILATION COMPLETE.  0 WARNING(S),  0 ERROR(S)
