C51 COMPILER V9.60.7.0   APPLED                                                            01/23/2026 19:18:21 PAGE 1   


C51 COMPILER V9.60.7.0, COMPILATION OF MODULE APPLED
OBJECT MODULE PLACED IN .\Objects\appled.obj
COMPILER INVOKED BY: C:\Program Files (x86)\keil\C51\BIN\C51.EXE appled.c OPTIMIZE(8,SPEED) BROWSE DEBUG OBJECTEXTEND PR
                    -INT(.\Listings\appled.lst) TABS(2) OBJECT(.\Objects\appled.obj)

line level    source

   1          //appled.c
   2          #include "appled.h"
   3          
   4          void appled_main()
   5          {
   6   1        uint8 mode = 1;
   7   1        uint8 key_temp;
   8   1        bit appled_tick_0 = 1;
   9   1        uint8 appled_tick_1 = 0;
  10   1        uint8 appled_tick_2 = 0;
  11   1      
  12   1        
  13   1        seg_set0();
  14   1        while(1)
  15   1        {
  16   2          
  17   2          key_temp = key_get();
  18   2          if (key_temp == 6 ){mode += 1;if(mode == 10){mode = 1;}seg_set0();led_set0();}    
  19   2          if (key_temp == 7 ){mode -= 1;if(mode == 0){mode = 9;}seg_set0();led_set0();}
  20   2          if (key_temp == 4 ){seg_set0();led_set0();break;}   
  21   2          
  22   2      
  23   2          
  24   2          seg_set(7,mode);
  25   2          
  26   2          switch(mode)
  27   2          {
  28   3            case 1:
  29   3            {
  30   4            seg_set(0,16);seg_set(1,16);led_set(0,1);led_set(1,1);led_set(2,1);led_set(3,1);led_set(4,1);led_set(5,
             -1);led_set(6,1);led_set(7,1);
  31   4            }break;
  32   3            case 2:
  33   3            {
  34   4            seg_set(0,16);seg_set(1,16);led_set(0,1);led_set(1,0);led_set(2,1);led_set(3,0);led_set(4,1);led_set(5,
             -0);led_set(6,1);led_set(7,0);
  35   4            }break;
  36   3            case 3:
  37   3            {
  38   4                   
  39   4              if(get_1s_flag())
  40   4              {
  41   5                if(appled_tick_0){led_set(0,1);led_set(1,1);led_set(2,1);led_set(3,1);led_set(4,1);led_set(5,1);led_s
             -et(6,1);led_set(7,1);appled_tick_0 = 0;}
  42   5                else{led_set0();appled_tick_0 = 1;}           
  43   5              }
  44   4             } break;
  45   3            case 4:
  46   3            {
  47   4                   
  48   4              if(get_100ms_flag())
  49   4              {
  50   5                if(appled_tick_1  < 8){led_set(appled_tick_1 ++,1);}
  51   5                else if(appled_tick_1  < 16){led_set((appled_tick_1 ++ - 8),0);}
C51 COMPILER V9.60.7.0   APPLED                                                            01/23/2026 19:18:21 PAGE 2   

  52   5                if(appled_tick_1  >= 16){appled_tick_1  = 0;}             
  53   5              }
  54   4             } break;
  55   3            case 5:
  56   3            {
  57   4              if(get_100ms_flag())
  58   4              {
  59   5                led_set0();led_set(appled_tick_2++,1);
  60   5                if(appled_tick_2 >= 8){appled_tick_2 = 0;}
  61   5              
  62   5              }
  63   4                    
  64   4      
  65   4             } break;
  66   3            case 6:
  67   3            {
  68   4                   
  69   4              if(get_100ms_flag())
  70   4              {
  71   5                if(appled_tick_1  < 8){led_set(appled_tick_1 ++,1);}
  72   5                else if(appled_tick_1  < 16){led_set((7 - (appled_tick_1 ++ - 8)),0);}
  73   5                if(appled_tick_1  >= 16){appled_tick_1  = 0;}             
  74   5              }
  75   4             } break;
  76   3            default:{led_set0();seg_set(0, 22);seg_set(1, 0);seg_set(2, 16);seg_set(3, 16);seg_set(4,16);seg_set(5,
             - 16);seg_set(6, 16);}     
  77   3          }
  78   2          
  79   2        
  80   2        }
  81   1      }


MODULE INFORMATION:   STATIC OVERLAYABLE
   CODE SIZE        =    537    ----
   CONSTANT SIZE    =   ----    ----
   XDATA SIZE       =   ----    ----
   PDATA SIZE       =   ----    ----
   DATA SIZE        =   ----       4
   IDATA SIZE       =   ----    ----
   BIT SIZE         =   ----       1
END OF MODULE INFORMATION.


C51 COMPILATION COMPLETE.  0 WARNING(S),  0 ERROR(S)
