C51 COMPILER V9.60.7.0   KEY                                                               01/23/2026 16:43:38 PAGE 1   


C51 COMPILER V9.60.7.0, COMPILATION OF MODULE KEY
OBJECT MODULE PLACED IN .\Objects\key.obj
COMPILER INVOKED BY: C:\Program Files (x86)\keil\C51\BIN\C51.EXE key.c OPTIMIZE(8,SPEED) BROWSE DEBUG OBJECTEXTEND PRINT
                    -(.\Listings\key.lst) TABS(2) OBJECT(.\Objects\key.obj)

line level    source

   1          #include "key.h"
   2          
   3          static uint8 key_ram = 200;
   4          
   5          void key_run()
   6          {
   7   1          static uint8 key_step = 0;
   8   1          static uint8 key_ptime = 0;
   9   1          static uint8 saved_key = 0; // 👈 新增：保存原始键值（4～19）
  10   1      
  11   1          uint8 key_now = 0xFF;
  12   1          uint8 key_temp = 201; // 默认无效
  13   1      
  14   1          // 行扫描：拉低所有行
  15   1          P3 = 0x0F;
  16   1          P42 = 0;
  17   1          P44 = 0;
  18   1          P36 = P42;
  19   1          P37 = P44;
  20   1          key_now = P3 & 0x0F;
  21   1      
  22   1          switch(key_step)
  23   1          {
  24   2              case 0: // 空闲态
  25   2                  if (key_now != 0x0F) {
  26   3                      key_step = 1;
  27   3                  }
  28   2                  break;
  29   2      
  30   2              case 1: // 检测到有键按下，开始列扫描
  31   2                  if (key_now == 0x0F) {
  32   3                      key_step = 0; // 抖动，回到空闲
  33   3                  } else {
  34   3                      // 切换到列输出模式
  35   3                      P3 = key_now | 0xF0;
  36   3                      P42 = 1;
  37   3                      P44 = 1;
  38   3                      P36 = P42;
  39   3                      P37 = P44;
  40   3                      key_now = P3; // 读取完整键值
  41   3      
  42   3                      // 识别键值
  43   3                      switch (key_now) 
  44   3                      {
  45   4                          case 0x77: saved_key = 4; break;
  46   4                          case 0x7B: saved_key = 5; break;
  47   4                          case 0x7D: saved_key = 6; break;
  48   4                          case 0x7E: saved_key = 7; break;
  49   4      
  50   4                          case 0xB7: saved_key = 8; break;
  51   4                          case 0xBB: saved_key = 9; break;
  52   4                          case 0xBD: saved_key = 10; break;
  53   4                          case 0xBE: saved_key = 11; break;
  54   4      
C51 COMPILER V9.60.7.0   KEY                                                               01/23/2026 16:43:38 PAGE 2   

  55   4                          case 0xD7: saved_key = 12; break;
  56   4                          case 0xDB: saved_key = 13; break;
  57   4                          case 0xDD: saved_key = 14; break;
  58   4                          case 0xDE: saved_key = 15; break;
  59   4      
  60   4                          case 0xE7: saved_key = 16; break;
  61   4                          case 0xEB: saved_key = 17; break;
  62   4                          case 0xED: saved_key = 18; break;
  63   4                          case 0xEE: saved_key = 19; break;
  64   4                          default:
  65   4                              key_step = 0;
  66   4                              saved_key = 201;
  67   4                              return; // 退出，不更新 key_ram
  68   4                      }
  69   3                      key_step = 2;
  70   3                  }
  71   2                  break;
  72   2      
  73   2              case 2: // 等待释放（短按）或进入长按
  74   2                  // 重新读取行状态
  75   2                  P3 = 0x0F;
  76   2                  P42 = 0;
  77   2                  P44 = 0;
  78   2                  P36 = P42;
  79   2                  P37 = P44;
  80   2                  key_now = P3 & 0x0F;
  81   2      
  82   2                  if (key_now != 0x0F) {
  83   3                      // 按键仍按下，计时
  84   3                      key_ptime++;
  85   3                      if (key_ptime > 70) { // 长按阈值
  86   4                          key_ptime = 0;
  87   4                          key_step = 3;
  88   4                          // 注意：长按结果在松手时才上报
  89   4                      }
  90   3                  } else {
  91   3                      // 短按：松手了
  92   3                      key_ptime = 0;
  93   3                      key_step = 0;
  94   3                      key_temp = saved_key; // 👈 使用保存的键值
  95   3                  }
  96   2                  break;
  97   2      
  98   2              case 3: // 长按等待松手
  99   2                  P3 = 0x0F;
 100   2                  P42 = 0;
 101   2                  P44 = 0;
 102   2                  P36 = P42;
 103   2                  P37 = P44;
 104   2                  key_now = P3 & 0x0F;
 105   2      
 106   2                  if (key_now == 0x0F) {
 107   3                      // 松手，上报长按
 108   3                      key_step = 0;
 109   3                      key_temp = saved_key + 100; // 👈 正确：原始键值+100
 110   3                  }
 111   2                  break;
 112   2          }
 113   1      
 114   1          key_ram = key_temp;
 115   1      }
 116          
C51 COMPILER V9.60.7.0   KEY                                                               01/23/2026 16:43:38 PAGE 3   

 117          uint8 key_get()
 118          {
 119   1          uint8 temp = key_ram;
 120   1          key_ram = 201; // 清除，避免重复上报
 121   1          return temp;
 122   1      }


MODULE INFORMATION:   STATIC OVERLAYABLE
   CODE SIZE        =    342    ----
   CONSTANT SIZE    =   ----    ----
   XDATA SIZE       =   ----    ----
   PDATA SIZE       =   ----    ----
   DATA SIZE        =      4       2
   IDATA SIZE       =   ----    ----
   BIT SIZE         =   ----    ----
END OF MODULE INFORMATION.


C51 COMPILATION COMPLETE.  0 WARNING(S),  0 ERROR(S)
