C51 COMPILER V9.60.7.0   MAIN                                                              01/23/2026 19:18:19 PAGE 1   


C51 COMPILER V9.60.7.0, COMPILATION OF MODULE MAIN
OBJECT MODULE PLACED IN .\Objects\main.obj
COMPILER INVOKED BY: C:\Program Files (x86)\keil\C51\BIN\C51.EXE main.c OPTIMIZE(8,SPEED) BROWSE DEBUG OBJECTEXTEND PRIN
                    -T(.\Listings\main.lst) TABS(2) OBJECT(.\Objects\main.obj)

line level    source

   1          //main.c
   2          #include "main.h"
   3          
   4          void sys_timer_1ms() interrupt 3
   5          {
   6   1        static uint8 sys_tick = 0;
   7   1        
   8   1        if(sys_tick % 10 == 0)
   9   1        {
  10   2          app_tick_run();
  11   2        } 
  12   1        
  13   1        if(sys_tick % 3 == 0)
  14   1        {
  15   2          led_run();
  16   2        }
  17   1        if(sys_tick % 2 == 0)
  18   1        {
  19   2          seg_run();
  20   2        }
  21   1        if(sys_tick % 10  == 0)
  22   1        {
  23   2          key_run();
  24   2        }
  25   1        
  26   1        sys_tick++;
  27   1        if(sys_tick >= 200){sys_tick = 0;}
  28   1      }
  29          
  30          
  31          
  32          void main()
  33          {
  34   1        static uint16 page = 1;
  35   1        
  36   1        sys_init();
  37   1        
  38   1        seg_set_all(5,26,12,16,2,12,25,25);
  39   1        led_set(0,1);sys_sleep_100ms();
  40   1        led_set(1,1);sys_sleep_100ms();
  41   1        led_set(2,1);sys_sleep_100ms();
  42   1        led_set(3,1);sys_sleep_100ms();
  43   1        led_set(4,1);sys_sleep_100ms();
  44   1        led_set(5,1);sys_sleep_100ms();
  45   1        led_set(6,1);sys_sleep_100ms();
  46   1        led_set(7,1);sys_sleep_100ms();
  47   1        seg_set0();
  48   1        seg_set_all(25,14,29,16,16,2+32,0,1);
  49   1        sys_sleep_1s();seg_set0();led_set0();
  50   1        
  51   1        while(1)
  52   1        { 
  53   2          uint8 temp;
  54   2          while(1)
C51 COMPILER V9.60.7.0   MAIN                                                              01/23/2026 19:18:19 PAGE 2   

  55   2          {
  56   3            temp = key_get();
  57   3            seg_set(0,page/10);seg_set(1,page%10+32);
  58   3            switch(page)
  59   3            {
  60   4              case 1:{seg_set(2, 16);seg_set(3, 16);seg_set(4, 16);seg_set(5, 21);seg_set(6,14);seg_set(7, 13);}brea
             -k;
  61   4              case 2:{seg_set(2, 16);seg_set(3, 16);seg_set(4, 16);seg_set(5, 5);seg_set(6,14);seg_set(7, 27);}break
             -;
  62   4              case 3:{seg_set(2, 16);seg_set(3, 16);seg_set(4, 16);seg_set(5, 20);seg_set(6,14);seg_set(7, 31);}brea
             -k;
  63   4              default:{seg_set(2, 16);seg_set(3, 16);seg_set(4, 22);seg_set(5, 23);seg_set(6,22);seg_set(7, 14);}     
  64   4            }
  65   3          
  66   3            if (temp == 6 ){page += 1;if(page == 100){page = 1;}}   
  67   3            if (temp == 7 ){page -= 1;if(page == 0){page = 99;}}
  68   3            if (temp == 5)
  69   3            {
  70   4              
  71   4              switch(page)
  72   4              {
  73   5                case 1:{appled_main();}break; 
  74   5                case 2:{appseg_main();}break;
  75   5                case 3:{appkey_main();}break;
  76   5              }       
  77   4            }   
  78   3          }
  79   2      
  80   2        }
  81   1      }


MODULE INFORMATION:   STATIC OVERLAYABLE
   CODE SIZE        =    612    ----
   CONSTANT SIZE    =   ----    ----
   XDATA SIZE       =   ----    ----
   PDATA SIZE       =   ----    ----
   DATA SIZE        =      3       1
   IDATA SIZE       =   ----    ----
   BIT SIZE         =   ----    ----
END OF MODULE INFORMATION.


C51 COMPILATION COMPLETE.  0 WARNING(S),  0 ERROR(S)
