C51 COMPILER V9.60.7.0   APP_MAIN                                                          03/10/2026 18:07:31 PAGE 1   


C51 COMPILER V9.60.7.0, COMPILATION OF MODULE APP_MAIN
OBJECT MODULE PLACED IN .\Objects\app_main.obj
COMPILER INVOKED BY: C:\Program Files (x86)\keil\C51\BIN\C51.EXE app_main.c OPTIMIZE(8,SPEED) BROWSE DEBUG OBJECTEXTEND 
                    -PRINT(.\Listings\app_main.lst) TABS(2) OBJECT(.\Objects\app_main.obj)

line level    source

   1          //app_main.c
   2          
   3          #include "app_main.h"
   4          
   5          void app_task_100ms()
   6          {
   7   1      
   8   1        if(drv_key_is(4)){drv_relay_set(1);}
   9   1        if(drv_key_is(5)){drv_relay_set(0);}
  10   1        if(drv_key_is(6)){drv_buzz_set(1);}
  11   1        if(drv_key_is(7)){drv_buzz_set(0);} 
  12   1      
  13   1        drv_led_set(0,~(drv_led_get(0)));
  14   1      
  15   1        
  16   1        drv_seg_set(6,drv_key_get_now()/10);drv_seg_set(7,drv_key_get_now()%10);
  17   1      }


MODULE INFORMATION:   STATIC OVERLAYABLE
   CODE SIZE        =     98    ----
   CONSTANT SIZE    =   ----    ----
   XDATA SIZE       =   ----    ----
   PDATA SIZE       =   ----    ----
   DATA SIZE        =   ----    ----
   IDATA SIZE       =   ----    ----
   BIT SIZE         =   ----    ----
END OF MODULE INFORMATION.


C51 COMPILATION COMPLETE.  0 WARNING(S),  0 ERROR(S)
