C51 COMPILER V9.60.7.0   DRV_OTHER                                                         03/05/2026 00:11:17 PAGE 1   


C51 COMPILER V9.60.7.0, COMPILATION OF MODULE DRV_OTHER
OBJECT MODULE PLACED IN .\Objects\drv_other.obj
COMPILER INVOKED BY: C:\Program Files (x86)\keil\C51\BIN\C51.EXE drv_other.c OPTIMIZE(8,SPEED) BROWSE DEBUG OBJECTEXTEND
                    - PRINT(.\Listings\drv_other.lst) TABS(2) OBJECT(.\Objects\drv_other.obj)

line level    source

   1          //drv_other.c
   2          #include "drv_other.h"
   3          
   4          uint8 y5driver_ram[2] = {0, 0};  // [0]=继电器, [1]=蜂鸣器
   5          
   6          void drv_other_run(void)
   7          {
   8   1          static uint8 y5driver_last = 0xaf;  // 初始化为0xAF确保第一次刷新
   9   1          uint8 y5driver_temp = 0x00;
  10   1          
  11   1          if(y5driver_ram[0]) y5driver_temp |= (1 << 4);  // P0.4 = 继电器
  12   1          if(y5driver_ram[1]) y5driver_temp |= (1 << 6);  // P0.6 = 蜂鸣器
  13   1          
  14   1          if(y5driver_last != y5driver_temp)
  15   1          {
  16   2              y5;                    
  17   2              P0 = y5driver_temp;
  18   2              y0;                    
  19   2              y5driver_last = y5driver_temp;
  20   2          }
  21   1      }
  22          void drv_relay_set(bit sw)
  23          {
  24   1          y5driver_ram[0] = sw;
  25   1      }
  26          void drv_buzz_set(bit sw)
  27          {
  28   1          y5driver_ram[1] = sw;
  29   1      }


MODULE INFORMATION:   STATIC OVERLAYABLE
   CODE SIZE        =     54    ----
   CONSTANT SIZE    =   ----    ----
   XDATA SIZE       =   ----    ----
   PDATA SIZE       =   ----    ----
   DATA SIZE        =      3       1
   IDATA SIZE       =   ----    ----
   BIT SIZE         =   ----       2
END OF MODULE INFORMATION.


C51 COMPILATION COMPLETE.  0 WARNING(S),  0 ERROR(S)
