C51 COMPILER V9.60.7.0   DRV_KEY                                                           03/06/2026 21:33:06 PAGE 1   


C51 COMPILER V9.60.7.0, COMPILATION OF MODULE DRV_KEY
OBJECT MODULE PLACED IN .\Objects\drv_key.obj
COMPILER INVOKED BY: C:\Program Files (x86)\keil\C51\BIN\C51.EXE drv_key.c OPTIMIZE(8,SPEED) BROWSE DEBUG OBJECTEXTEND P
                    -RINT(.\Listings\drv_key.lst) TABS(2) OBJECT(.\Objects\drv_key.obj)

line level    source

   1          #include "drv_key.h"
   2          
   3          u8 key_ram = 200;
   4          
   5          void drv_key_run()
   6          {
   7   1        static u8 key_step = 0;
   8   1        static u8 key_save = 0;
   9   1        u8 key_temp = 0x0f;
  10   1        
  11   1        P3 = 0x0f;P42 = 0;P44 = 0;P36 = P42;P37 = P44;
  12   1        key_temp = P3;
  13   1        
  14   1        switch(key_step)
  15   1        {
  16   2          case 0:
  17   2          {
  18   3            if(key_temp != 0x0f)
  19   3            {
  20   4              key_step = 1;
  21   4            }
  22   3          }break;
  23   2          case 1:
  24   2          {
  25   3            if(key_temp == 0x0f)
  26   3            {
  27   4              key_step = 0;
  28   4            }else
  29   3            {
  30   4              P3 = key_temp | 0xf0;P42 = 1;P44 = 1;P36 = P42;P37 = P44;
  31   4              key_temp = P3;
  32   4              switch(key_temp)
  33   4              {
  34   5                case 0xd7:key_save = 12;break;
  35   5                case 0xdb:key_save = 13;break;
  36   5                case 0xe7:key_save = 16;break;
  37   5                case 0xeb:key_save = 17;break;          
  38   5              }
  39   4              if(key_save == 200)
  40   4              {
  41   5                key_step = 0;
  42   5              }else
  43   4              {
  44   5                key_step = 2;
  45   5              }
  46   4            }
  47   3          }break;
  48   2          case 2:
  49   2          {
  50   3            if(key_temp == 0x0f)
  51   3            {
  52   4              key_ram = key_save;
  53   4              key_save = 200;
  54   4              key_step = 0;
C51 COMPILER V9.60.7.0   DRV_KEY                                                           03/06/2026 21:33:06 PAGE 2   

  55   4            }
  56   3          }break;
  57   2        }
  58   1      }
  59          bit drv_key_is(u8 keyv)
  60          {
  61   1        bit keyok =0;
  62   1        if(key_ram == keyv)
  63   1        {
  64   2          keyok = 1;
  65   2          key_ram = 200;
  66   2        }
  67   1        return keyok;
  68   1      }


MODULE INFORMATION:   STATIC OVERLAYABLE
   CODE SIZE        =    148    ----
   CONSTANT SIZE    =   ----    ----
   XDATA SIZE       =   ----    ----
   PDATA SIZE       =   ----    ----
   DATA SIZE        =      3       1
   IDATA SIZE       =   ----    ----
   BIT SIZE         =   ----       1
END OF MODULE INFORMATION.


C51 COMPILATION COMPLETE.  0 WARNING(S),  0 ERROR(S)
