C51 COMPILER V9.60.7.0   APP_MAIN                                                          03/08/2026 14:54:59 PAGE 1   


C51 COMPILER V9.60.7.0, COMPILATION OF MODULE APP_MAIN
OBJECT MODULE PLACED IN .\Objects\app_main.obj
COMPILER INVOKED BY: C:\Program Files (x86)\keil\C51\BIN\C51.EXE app_main.c OPTIMIZE(8,SPEED) BROWSE DEBUG OBJECTEXTEND 
                    -PRINT(.\Listings\app_main.lst) TABS(2) OBJECT(.\Objects\app_main.obj)

line level    source

   1          #include "app_main.h"
   2          
   3          #include "drv_rtc.h"
   4          #include "drv_temp.h"
   5          
   6          
   7          static bit mode = 0;
   8          static u8 page = 0;
   9          static u16 d_t = 213;
  10          static u8 t_s = 55;
  11          static u8 t_m = 56;
  12          static u8 t_h = 21;
  13          static u16 s_t = 230;
  14          static bit relay_sw = 0;
  15          
  16          rtc_type rtc;
  17          
  18          void app_init()
  19          {
  20   1          static bit initok = 0;
  21   1          if(initok == 0)
  22   1          {
  23   2              initok = 1;
  24   2              drv_rtc_init();
  25   2              drv_temp_init();
  26   2          }
  27   1      }
  28          void debug_time()
  29          {
  30   1          rtc.s = 55;
  31   1          rtc.m = 59;
  32   1          rtc.h = 22;
  33   1          drv_rtc_set(&rtc);
  34   1      }
  35          void seg_display()
  36          {
  37   1          switch(page)
  38   1          {
  39   2              case 0 :{drv_seg_set_all(25,1,16,16,16,d_t/100,d_t%100/10+32,d_t%10);}break;
  40   2              case 1 :{drv_seg_set_all(25,2,16,t_h/10,t_h%10,17,t_m/10,t_m%10);}break;
  41   2              case 2 :{drv_seg_set_all(25,3,16,16,16,16,s_t/100,s_t%100/10);}break;
  42   2              case 11 :{drv_seg_set_all(relay_sw,16,16,16,16,16,t_s/10,t_s%10);}break;
  43   2          }
  44   1      }
  45          void key_ctrl()
  46          {
  47   1          if(drv_key_is(13)){mode ^= 1;}
  48   1          switch(page)
  49   1          {
  50   2              case 0 :{
  51   3                          if(drv_key_is(12)){page = 1;}
  52   3                      }break;
  53   2              case 1 :{
  54   3                          if(drv_key_is(12)){page = 2;}
C51 COMPILER V9.60.7.0   APP_MAIN                                                          03/08/2026 14:54:59 PAGE 2   

  55   3                          if(drv_key_is(17)){page = 11;}
  56   3                      }break;
  57   2              case 2 :{
  58   3                          if(drv_key_is(12)){page = 0;}
  59   3                          if(drv_key_is(17) && s_t > 100){s_t -= 10;}
  60   3                          if(drv_key_is(16) && s_t < 990){s_t += 10;}
  61   3                      }break;
  62   2              case 11 :{
  63   3                          if(drv_key_is(17)){page = 1;}
  64   3                          if(drv_key_is(16)){debug_time();}
  65   3                      }break;
  66   2          }
  67   1      }
  68          void relay_run()
  69          {
  70   1          static bit led_2 = 0;
  71   1          if(relay_sw)
  72   1          {
  73   2              drv_relay_set(1);
  74   2              drv_led_set(2,led_2);
  75   2              led_2 ^= 1;
  76   2          }else
  77   1          {
  78   2              drv_relay_set(0);
  79   2              drv_led_set(2,0);        
  80   2          }
  81   1      }
  82          void led_0()
  83          {
  84   1          if(t_m == 0 && t_s == 0){drv_led_set(0,1);}
  85   1          if(t_s > 4){drv_led_set(0,0);}
  86   1      }
  87          void mode_run()
  88          {
  89   1          drv_led_set(1,~mode);
  90   1          if(mode)
  91   1          {
  92   2              if(t_m == 0 && t_s == 0){relay_sw = 1;}
  93   2              if(t_s > 4){relay_sw = 0;}        
  94   2          }else
  95   1          {
  96   2              if(d_t > s_t){relay_sw = 1;}
  97   2              else{relay_sw = 0;}
  98   2          }
  99   1      }
 100          
 101          void app_task_100ms()
 102          {  
 103   1          app_init();
 104   1          seg_display();
 105   1          key_ctrl();
 106   1          relay_run();
 107   1          led_0();
 108   1          mode_run();
 109   1      }
 110          void app_task_500ms()
 111          {
 112   1          drv_rtc_get(&rtc);
 113   1          t_s = rtc.s;
 114   1          t_m = rtc.m;
 115   1          t_h = rtc.h;
 116   1          d_t = drv_temp_get();
C51 COMPILER V9.60.7.0   APP_MAIN                                                          03/08/2026 14:54:59 PAGE 3   

 117   1      }


MODULE INFORMATION:   STATIC OVERLAYABLE
   CODE SIZE        =    650    ----
   CONSTANT SIZE    =   ----    ----
   XDATA SIZE       =   ----    ----
   PDATA SIZE       =   ----    ----
   DATA SIZE        =     11    ----
   IDATA SIZE       =   ----    ----
   BIT SIZE         =      4    ----
END OF MODULE INFORMATION.


C51 COMPILATION COMPLETE.  0 WARNING(S),  0 ERROR(S)
