C51 COMPILER V9.60.7.0   DRV_OTHER                                                         03/08/2026 14:54:59 PAGE 1   


C51 COMPILER V9.60.7.0, COMPILATION OF MODULE DRV_OTHER
OBJECT MODULE PLACED IN .\Objects\drv_other.obj
COMPILER INVOKED BY: C:\Program Files (x86)\keil\C51\BIN\C51.EXE drv_other.c OPTIMIZE(8,SPEED) BROWSE DEBUG OBJECTEXTEND
                    - PRINT(.\Listings\drv_other.lst) TABS(2) OBJECT(.\Objects\drv_other.obj)

line level    source

   1          #include "drv_other.h"
   2          
   3          static bit other_ram = 0;
   4          
   5          void drv_other_run()
   6          {
   7   1          static other_last = 0xaf;
   8   1          static other_temp = 0xaf;
   9   1          if(other_ram)
  10   1          {
  11   2              other_temp = 0xbf;
  12   2          }else
  13   1          {
  14   2              other_temp = 0xaf;
  15   2          }
  16   1          if(other_last != other_temp)
  17   1          {
  18   2              P0 = other_temp;y5;y0;
  19   2              other_last = other_temp;
  20   2          }
  21   1      }
  22          void drv_relay_set(bit sw)
  23          {
  24   1          other_ram = sw;
  25   1      }


MODULE INFORMATION:   STATIC OVERLAYABLE
   CODE SIZE        =     54    ----
   CONSTANT SIZE    =   ----    ----
   XDATA SIZE       =   ----    ----
   PDATA SIZE       =   ----    ----
   DATA SIZE        =      4    ----
   IDATA SIZE       =   ----    ----
   BIT SIZE         =      1       1
END OF MODULE INFORMATION.


C51 COMPILATION COMPLETE.  0 WARNING(S),  0 ERROR(S)
