C51 COMPILER V9.60.7.0   DRV_RTC                                                           03/08/2026 14:54:59 PAGE 1   


C51 COMPILER V9.60.7.0, COMPILATION OF MODULE DRV_RTC
OBJECT MODULE PLACED IN .\Objects\drv_rtc.obj
COMPILER INVOKED BY: C:\Program Files (x86)\keil\C51\BIN\C51.EXE drv_rtc.c OPTIMIZE(8,SPEED) BROWSE DEBUG OBJECTEXTEND P
                    -RINT(.\Listings\drv_rtc.lst) TABS(2) OBJECT(.\Objects\drv_rtc.obj)

line level    source

   1          #include "drv_rtc.h"
   2          
   3          
   4          void Write_Ds1302(unsigned  char temp) 
   5          {
   6   1        unsigned char i;
   7   1        for (i=0;i<8;i++)       
   8   1        { 
   9   2          SCK = 0;
  10   2          SDA = temp&0x01;
  11   2          temp>>=1; 
  12   2          SCK=1;
  13   2        }
  14   1      }   
  15          
  16          //
  17          void Write_Ds1302_Byte( unsigned char address,unsigned char dat )     
  18          {
  19   1        RST=0;  _nop_();
  20   1        SCK=0;  _nop_();
  21   1        RST=1;  _nop_();  
  22   1        Write_Ds1302(address);  
  23   1        Write_Ds1302(dat);    
  24   1        RST=0; 
  25   1      }
  26          
  27          //
  28          unsigned char Read_Ds1302_Byte ( unsigned char address )
  29          {
  30   1        unsigned char i,temp=0x00;
  31   1        RST=0;  _nop_();
  32   1        SCK=0;  _nop_();
  33   1        RST=1;  _nop_();
  34   1        Write_Ds1302(address);
  35   1        for (i=0;i<8;i++)   
  36   1        {   
  37   2          SCK=0;
  38   2          temp>>=1; 
  39   2          if(SDA)
  40   2          temp|=0x80; 
  41   2          SCK=1;
  42   2        } 
  43   1        RST=0;  _nop_();
  44   1        SCK=0;  _nop_();
  45   1        SCK=1;  _nop_();
  46   1        SDA=0;  _nop_();
  47   1        SDA=1;  _nop_();
  48   1        return (temp);      
  49   1      }
  50          
  51          
  52          u8 bcd_to_hex(bcd)
  53          {
  54   1          return (bcd / 16 *10)+(bcd %16);
C51 COMPILER V9.60.7.0   DRV_RTC                                                           03/08/2026 14:54:59 PAGE 2   

  55   1      }
  56          u8 hex_to_bcd(hex)
  57          {
  58   1          return (hex / 10 *16)+(hex % 10);
  59   1      }
  60          void drv_rtc_init()
  61          {
  62   1          RST=0;SCK=0;SDA=0;
  63   1          Write_Ds1302_Byte(0x8e,0x00);
  64   1          Write_Ds1302_Byte(0x80,hex_to_bcd(10)&0x7f);
  65   1      }
  66          void drv_rtc_set(rtc_type *time)
  67          {
  68   1          Write_Ds1302_Byte(0x80,hex_to_bcd(time->s));
  69   1          Write_Ds1302_Byte(0x82,hex_to_bcd(time->m));
  70   1          Write_Ds1302_Byte(0x84,hex_to_bcd(time->h));
  71   1      }
  72          void drv_rtc_get(rtc_type *time)
  73          {
  74   1          time->s = bcd_to_hex(Read_Ds1302_Byte(0x81) & 0x7f);
  75   1          time->m = bcd_to_hex(Read_Ds1302_Byte(0x83) & 0x7f);
  76   1          time->h = bcd_to_hex(Read_Ds1302_Byte(0x85) & 0x3f);
  77   1      }


MODULE INFORMATION:   STATIC OVERLAYABLE
   CODE SIZE        =    318    ----
   CONSTANT SIZE    =   ----    ----
   XDATA SIZE       =   ----    ----
   PDATA SIZE       =   ----    ----
   DATA SIZE        =   ----      10
   IDATA SIZE       =   ----    ----
   BIT SIZE         =   ----    ----
END OF MODULE INFORMATION.


C51 COMPILATION COMPLETE.  0 WARNING(S),  0 ERROR(S)
