C51 COMPILER V9.60.7.0   SYS_TASK                                                          03/08/2026 14:54:59 PAGE 1   


C51 COMPILER V9.60.7.0, COMPILATION OF MODULE SYS_TASK
OBJECT MODULE PLACED IN .\Objects\sys_task.obj
COMPILER INVOKED BY: C:\Program Files (x86)\keil\C51\BIN\C51.EXE sys_task.c OPTIMIZE(8,SPEED) BROWSE DEBUG OBJECTEXTEND 
                    -PRINT(.\Listings\sys_task.lst) TABS(2) OBJECT(.\Objects\sys_task.obj)

line level    source

   1          #include "sys_task.h"
   2          
   3          static u16 sys_tick_ms = 0;
   4          
   5          static u16 last_led = 0;
   6          static u16 last_key = 0;
   7          static u16 last_other = 0;
   8          
   9          static u16 last_app_task_1 = 0;
  10          static u16 last_app_task_2 = 0;
  11          
  12          void sys_task_isr()
  13          {
  14   1          sys_tick_ms++;
  15   1          drv_seg_run();
  16   1      }
  17          void sys_task_drv_run()
  18          {
  19   1          u16 now = sys_tick_ms;
  20   1          if(now - last_led >= 5)
  21   1          {
  22   2              last_led = now;
  23   2              drv_led_run();
  24   2          }
  25   1          if(now - last_key >= 10)
  26   1          {
  27   2              last_key = now;
  28   2              drv_key_run();
  29   2          }
  30   1          if(now - last_other >= 20)
  31   1          {
  32   2              last_other = now;
  33   2              drv_other_run();
  34   2          }
  35   1      }
  36          void sys_task_app_run()
  37          {
  38   1          u16 now = sys_tick_ms;
  39   1          if(now - last_app_task_1 >= 100)
  40   1          {
  41   2              last_app_task_1 = now;
  42   2              app_task_100ms();
  43   2          }
  44   1          if(now - last_app_task_2 >= 500)
  45   1          {
  46   2              last_app_task_2 = now;
  47   2              app_task_500ms();
  48   2          }
  49   1      }


MODULE INFORMATION:   STATIC OVERLAYABLE
   CODE SIZE        =    170    ----
   CONSTANT SIZE    =   ----    ----
C51 COMPILER V9.60.7.0   SYS_TASK                                                          03/08/2026 14:54:59 PAGE 2   

   XDATA SIZE       =   ----    ----
   PDATA SIZE       =   ----    ----
   DATA SIZE        =     12       4
   IDATA SIZE       =   ----    ----
   BIT SIZE         =   ----    ----
END OF MODULE INFORMATION.


C51 COMPILATION COMPLETE.  0 WARNING(S),  0 ERROR(S)
