C51 COMPILER V9.60.7.0   SYS_MAIN                                                          03/08/2026 14:54:58 PAGE 1   


C51 COMPILER V9.60.7.0, COMPILATION OF MODULE SYS_MAIN
OBJECT MODULE PLACED IN .\Objects\sys_main.obj
COMPILER INVOKED BY: C:\Program Files (x86)\keil\C51\BIN\C51.EXE sys_main.c OPTIMIZE(8,SPEED) BROWSE DEBUG OBJECTEXTEND 
                    -PRINT(.\Listings\sys_main.lst) TABS(2) OBJECT(.\Objects\sys_main.obj)

line level    source

   1          #include "sys_main.h"
   2          
   3          void gpio_init()
   4          {
   5   1          P0M0 = 0x00; P0M1 = 0x00; 
   6   1          P1M0 = 0x00; P1M1 = 0x00; 
   7   1          P2M0 = 0x00; P2M1 = 0x00; 
   8   1          P3M0 = 0x00; P3M1 = 0x00; 
   9   1      }
  10          void drv_init()
  11          {
  12   1          y0;
  13   1          y4;P0 = 0xff;y0;
  14   1          y6;P0 = 0x00;y0;
  15   1          y7;P0 = 0xff;y0;
  16   1          y5;P0 = 0xaf;y0;    
  17   1      }
  18          void timer_0_init()
  19          {
  20   1          AUXR &= 0x7F;     //定时器时钟12T模式
  21   1        TMOD &= 0xF0;     //设置定时器模式
  22   1        TL0 = 0x18;       //设置定时初始值
  23   1        TH0 = 0xFC;       //设置定时初始值
  24   1        TF0 = 0;        //清除TF0标志
  25   1        TR0 = 1;        //定时器0开始计时
  26   1        ET0 = 1;        //使能定时器0中断
  27   1      
  28   1          EA = 1;
  29   1      }
  30          void sys_decoder(u8 pin)
  31          {
  32   1          P2 = (P2 & 0x1f) | (pin<<5);
  33   1      }
  34          void sys_init()
  35          {
  36   1          gpio_init();
  37   1          drv_init();
  38   1          timer_0_init();
  39   1      }


MODULE INFORMATION:   STATIC OVERLAYABLE
   CODE SIZE        =    118    ----
   CONSTANT SIZE    =   ----    ----
   XDATA SIZE       =   ----    ----
   PDATA SIZE       =   ----    ----
   DATA SIZE        =   ----    ----
   IDATA SIZE       =   ----    ----
   BIT SIZE         =   ----    ----
END OF MODULE INFORMATION.


C51 COMPILATION COMPLETE.  0 WARNING(S),  0 ERROR(S)
