C51 COMPILER V9.60.7.0   APP_MAIN                                                          03/05/2026 23:42:03 PAGE 1   


C51 COMPILER V9.60.7.0, COMPILATION OF MODULE APP_MAIN
OBJECT MODULE PLACED IN .\Objects\app_main.obj
COMPILER INVOKED BY: C:\Program Files (x86)\keil\C51\BIN\C51.EXE app_main.c OPTIMIZE(8,SPEED) BROWSE DEBUG OBJECTEXTEND 
                    -PRINT(.\Listings\app_main.lst) TABS(2) OBJECT(.\Objects\app_main.obj)

line level    source

   1          #include "app_main.h"
   2          
   3          #include "drv_rtc.h"
   4          #include "drv_temp.h"
   5          
   6          static uint8 page = 0;
   7          static uint16 d_temp = 231;
   8          static uint8 time_h = 12;
   9          static uint8 time_m = 59;
  10          static uint8 time_s = 55;
  11          static uint16 set_temp = 230;
  12          bit ctrl_mode = 0;
  13          bit relay_sw = 0;
  14          
  15          rtc_timetype rtc_time;
  16          
  17          void app_init()
  18          {
  19   1        static bit init_ok = 0;
  20   1        if(init_ok != 1)
  21   1        {
  22   2          init_ok = 1;
  23   2          drv_rtc_init();
  24   2          drv_temp_init();
  25   2        }
  26   1      }
  27          
  28          void test_set_time()
  29          {
  30   1          rtc_time.rtc_s = 55;rtc_time.rtc_m = 59;rtc_time.rtc_h = 10;
  31   1          drv_rtc_set(&rtc_time);
  32   1      }
  33          
  34          void seg_display()
  35          {
  36   1        switch(page)
  37   1        {
  38   2          case 0:drv_seg_set_all(25,1,16,16,16,d_temp/100,(d_temp%100/10)+32,d_temp%10);break;
  39   2          case 1:drv_seg_set_all(25,2,16,time_h/10,time_h%10,17,time_m/10,time_m%10);break;
  40   2          case 2:drv_seg_set_all(25,3,16,16,16,16,set_temp/100,set_temp/10%10);break;
  41   2          case 11:drv_seg_set_all(25,2,16,16,16,16,time_s/10,time_s%10);break;
  42   2        }
  43   1      }
  44          void key_ctrl()
  45          {
  46   1        if(drv_key_is(13)){ctrl_mode = ~ ctrl_mode;}
  47   1        switch(page)
  48   1        {
  49   2          case 0:if(drv_key_is(12)){page = 1;}break;
  50   2          case 1:if(drv_key_is(12)){page = 2;}if(drv_key_is(17)){page = 11;}break;
  51   2          case 2:if(drv_key_is(12)){page = 0;}if(drv_key_is(17) && set_temp > 100){set_temp -= 10;}if(drv_key_is(1
             -6) && set_temp < 990){set_temp +=10;}break;
  52   2          case 11:if(drv_key_is(17)){page = 1;}if(drv_key_is(16)){test_set_time();}break;
  53   2        }
C51 COMPILER V9.60.7.0   APP_MAIN                                                          03/05/2026 23:42:03 PAGE 2   

  54   1      }
  55          
  56          void relay_ctrl()
  57          { 
  58   1        static bit l3 = 0;
  59   1        if(relay_sw)
  60   1        {
  61   2          drv_led_set(2,l3);
  62   2          l3 = ~ l3;
  63   2          drv_relay_set(1);
  64   2        }else
  65   1        {
  66   2          drv_led_set(2,0);
  67   2          drv_relay_set(0);
  68   2        }
  69   1      }
  70          void led1_ctrl()
  71          {
  72   1        if(time_m == 0 & time_s == 0){drv_led_set(0,1);}
  73   1        if(time_s > 4){drv_led_set(0,0);}
  74   1      }
  75          
  76          void mode_run()
  77          {
  78   1        drv_led_set(1,~ ctrl_mode);
  79   1        if(ctrl_mode)
  80   1        {
  81   2          if(time_m == 0 & time_s == 0){relay_sw = 1;}
  82   2          if(time_s > 4){relay_sw = 0;}   
  83   2        }else
  84   1        {
  85   2          if(d_temp > set_temp){relay_sw = 1;}
  86   2          else{relay_sw = 0;}
  87   2        }
  88   1      }
  89          
  90          
  91          void app_task_100ms()
  92          {
  93   1        app_init();
  94   1        seg_display();
  95   1        key_ctrl();
  96   1        relay_ctrl();
  97   1        led1_ctrl();
  98   1        mode_run();
  99   1      }
 100          void app_task_500ms()
 101          {
 102   1        drv_rtc_get(&rtc_time);
 103   1        time_h = rtc_time.rtc_h;time_m = rtc_time.rtc_m;time_s = rtc_time.rtc_s;
 104   1        d_temp = drv_temp_get();
 105   1      }


MODULE INFORMATION:   STATIC OVERLAYABLE
   CODE SIZE        =    662    ----
   CONSTANT SIZE    =   ----    ----
   XDATA SIZE       =   ----    ----
   PDATA SIZE       =   ----    ----
   DATA SIZE        =     11    ----
   IDATA SIZE       =   ----    ----
   BIT SIZE         =      4    ----
C51 COMPILER V9.60.7.0   APP_MAIN                                                          03/05/2026 23:42:03 PAGE 3   

END OF MODULE INFORMATION.


C51 COMPILATION COMPLETE.  0 WARNING(S),  0 ERROR(S)
