C51 COMPILER V9.60.7.0   DRV_KEY                                                           03/05/2026 23:42:03 PAGE 1   


C51 COMPILER V9.60.7.0, COMPILATION OF MODULE DRV_KEY
OBJECT MODULE PLACED IN .\Objects\drv_key.obj
COMPILER INVOKED BY: C:\Program Files (x86)\keil\C51\BIN\C51.EXE drv_key.c OPTIMIZE(8,SPEED) BROWSE DEBUG OBJECTEXTEND P
                    -RINT(.\Listings\drv_key.lst) TABS(2) OBJECT(.\Objects\drv_key.obj)

line level    source

   1          #include "drv_key.h"
   2          
   3          static uint8 key_ram = 200;
   4          
   5          
   6          void drv_key_run()
   7          {
   8   1        static uint8 key_step = 0;
   9   1        static uint8 key_save = 200;
  10   1        
  11   1        uint8 key_temp = 0x0f;
  12   1        
  13   1        P3 = 0x0f;P42 = 0;P44 = 0;P36 = P42;P37 = P44;
  14   1        key_temp = P3 & 0x0f; // 0000 xxxx
  15   1        
  16   1        switch(key_step)
  17   1        {
  18   2          case 0:
  19   2          {
  20   3            if(key_temp != 0x0f)
  21   3            {
  22   4              key_step = 1;
  23   4            }
  24   3          }break;
  25   2          case 1:
  26   2          {
  27   3            if(key_temp != 0x0f)
  28   3            {
  29   4              P3 = key_temp |0xf0;P42 = 1;P44 = 1;P36 = P42;P37 = P44;
  30   4              key_temp = P3;
  31   4              switch(key_temp)
  32   4              {
  33   5                case 0xd7:key_save = 12;break;
  34   5                case 0xdb:key_save = 13;break;
  35   5                case 0xe7:key_save = 16;break;
  36   5                case 0xeb:key_save = 17;break;
  37   5                default:key_step = 0;
  38   5              }   
  39   4              key_step = 2;
  40   4            }else
  41   3            {
  42   4              key_step = 0;
  43   4            }
  44   3          }break;
  45   2          case 2:
  46   2          {
  47   3            if(key_temp == 0x0f)
  48   3            {
  49   4              key_ram = key_save;key_save = 200;
  50   4              key_step = 0;
  51   4            }
  52   3          }break;
  53   2        }
  54   1        
C51 COMPILER V9.60.7.0   DRV_KEY                                                           03/05/2026 23:42:03 PAGE 2   

  55   1        
  56   1      }
  57          bit drv_key_is(uint8 keyv)
  58          {
  59   1        uint8 temp = key_ram;
  60   1        bit is = 0;
  61   1        if(key_ram == keyv)
  62   1        {
  63   2          is = 1;key_ram = 200;
  64   2        }
  65   1        return is;
  66   1      }


MODULE INFORMATION:   STATIC OVERLAYABLE
   CODE SIZE        =    151    ----
   CONSTANT SIZE    =   ----    ----
   XDATA SIZE       =   ----    ----
   PDATA SIZE       =   ----    ----
   DATA SIZE        =      3       2
   IDATA SIZE       =   ----    ----
   BIT SIZE         =   ----       1
END OF MODULE INFORMATION.


C51 COMPILATION COMPLETE.  0 WARNING(S),  0 ERROR(S)
