C51 COMPILER V9.60.7.0   SYS_MAIN                                                          03/05/2026 23:42:02 PAGE 1   


C51 COMPILER V9.60.7.0, COMPILATION OF MODULE SYS_MAIN
OBJECT MODULE PLACED IN .\Objects\sys_main.obj
COMPILER INVOKED BY: C:\Program Files (x86)\keil\C51\BIN\C51.EXE sys_main.c OPTIMIZE(8,SPEED) BROWSE DEBUG OBJECTEXTEND 
                    -PRINT(.\Listings\sys_main.lst) TABS(2) OBJECT(.\Objects\sys_main.obj)

line level    source

   1          #include "sys_main.h"
   2          
   3          void gpio_init()
   4          {
   5   1          P0M0 = 0x00; P0M1 = 0x00; 
   6   1          P1M0 = 0x00; P1M1 = 0x00; 
   7   1          P2M0 = 0x00; P2M1 = 0x00; 
   8   1          P3M0 = 0x00; P3M1 = 0x00; 
   9   1      }
  10          
  11          void drv_init()
  12          {
  13   1        sys_decoder(4);P0 = 0xff;
  14   1        sys_decoder(6);P0 = 0x00;
  15   1        sys_decoder(7);P0 = 0xff;
  16   1        sys_decoder(5);P0 = 0xaf;
  17   1        sys_decoder(0);
  18   1      
  19   1      }
  20          
  21          void tick_timer_init()
  22          {
  23   1      
  24   1        AUXR &= 0x7F;     //定时器时钟12T模式
  25   1        TMOD &= 0xF0;     //设置定时器模式
  26   1        TL0 = 0x18;       //设置定时初始值
  27   1        TH0 = 0xFC;       //设置定时初始值
  28   1        TF0 = 0;        //清除TF0标志
  29   1        TR0 = 1;        //定时器0开始计时
  30   1        ET0 = 1;        //使能定时器0中断
  31   1        
  32   1        EA = 1;
  33   1      
  34   1      }
  35          void sys_decoder(uint8 pin)
  36          {
  37   1        P2 = (P2 & 0x1f) | ((pin << 5) & 0xe0);
  38   1      } 
  39          
  40          void sys_init()
  41          {
  42   1        gpio_init();
  43   1        drv_init();
  44   1        tick_timer_init();
  45   1      }


MODULE INFORMATION:   STATIC OVERLAYABLE
   CODE SIZE        =     99    ----
   CONSTANT SIZE    =   ----    ----
   XDATA SIZE       =   ----    ----
   PDATA SIZE       =   ----    ----
   DATA SIZE        =   ----    ----
   IDATA SIZE       =   ----    ----
C51 COMPILER V9.60.7.0   SYS_MAIN                                                          03/05/2026 23:42:02 PAGE 2   

   BIT SIZE         =   ----    ----
END OF MODULE INFORMATION.


C51 COMPILATION COMPLETE.  0 WARNING(S),  0 ERROR(S)
