C51 COMPILER V9.60.7.0   SYS_TASK                                                          03/05/2026 23:42:03 PAGE 1   


C51 COMPILER V9.60.7.0, COMPILATION OF MODULE SYS_TASK
OBJECT MODULE PLACED IN .\Objects\sys_task.obj
COMPILER INVOKED BY: C:\Program Files (x86)\keil\C51\BIN\C51.EXE sys_task.c OPTIMIZE(8,SPEED) BROWSE DEBUG OBJECTEXTEND 
                    -PRINT(.\Listings\sys_task.lst) TABS(2) OBJECT(.\Objects\sys_task.obj)

line level    source

   1          #include "sys_task.h"
   2          
   3          
   4          static uint16 sys_tick_ms = 0;
   5          
   6          static uint16 last_led = 0;
   7          static uint16 last_other = 0;
   8          static uint16 last_key = 0;
   9          
  10          static uint16 last_app_task_1_run =0;
  11          static uint16 last_app_task_2_run =0;
  12          
  13          void sys_task_isr()
  14          {
  15   1        sys_tick_ms++;
  16   1        drv_seg_run();
  17   1        
  18   1      }
  19          
  20          void sys_task_drv_run()
  21          {
  22   1        uint16 now = sys_tick_ms;
  23   1        if(now - last_led >= 5)
  24   1        {
  25   2          last_led = now;drv_led_run();
  26   2        }
  27   1        if(now - last_other >= 20)
  28   1        {
  29   2          last_other = now;drv_other_run();
  30   2        }
  31   1        if(now - last_key >= 10)
  32   1        {
  33   2          last_key = now;drv_key_run();
  34   2        }
  35   1      
  36   1      }
  37          
  38          void sys_task_app_run()
  39          {
  40   1        uint16 now = sys_tick_ms;
  41   1        if(now - last_app_task_1_run >= 100)
  42   1        {
  43   2          last_app_task_1_run = now;app_task_100ms();
  44   2        }
  45   1        if(now - last_app_task_2_run >= 500)
  46   1        {
  47   2          last_app_task_2_run = now;app_task_500ms();
  48   2        }
  49   1      
  50   1      
  51   1      }


MODULE INFORMATION:   STATIC OVERLAYABLE
C51 COMPILER V9.60.7.0   SYS_TASK                                                          03/05/2026 23:42:03 PAGE 2   

   CODE SIZE        =    170    ----
   CONSTANT SIZE    =   ----    ----
   XDATA SIZE       =   ----    ----
   PDATA SIZE       =   ----    ----
   DATA SIZE        =     12       4
   IDATA SIZE       =   ----    ----
   BIT SIZE         =   ----    ----
END OF MODULE INFORMATION.


C51 COMPILATION COMPLETE.  0 WARNING(S),  0 ERROR(S)
