C51 COMPILER V9.60.7.0   BUZZ                                                              01/23/2026 21:18:42 PAGE 1   


C51 COMPILER V9.60.7.0, COMPILATION OF MODULE BUZZ
OBJECT MODULE PLACED IN .\Objects\buzz.obj
COMPILER INVOKED BY: C:\Program Files (x86)\keil\C51\BIN\C51.EXE buzz.c OPTIMIZE(8,SPEED) BROWSE DEBUG OBJECTEXTEND PRIN
                    -T(.\Listings\buzz.lst) TABS(2) OBJECT(.\Objects\buzz.obj)

line level    source

   1          #include "buzz.h"
   2          
   3          void buzz_init()
   4          {
   5   1        decoder_set(5);
   6   1        P06 = 0;
   7   1        decoder_set(0);
   8   1      }
   9          void buzz_set(bit buzz_sw)
  10          {
  11   1        if(buzz_sw == 1)
  12   1        {
  13   2          decoder_set(5);
  14   2          P0 = P0 | (1 << 6);
  15   2          decoder_set(0);
  16   2        }else
  17   1        {
  18   2          decoder_set(5);
  19   2          P0 = P0 & ~(1 << 6);
  20   2          decoder_set(0); 
  21   2        }
  22   1      }


MODULE INFORMATION:   STATIC OVERLAYABLE
   CODE SIZE        =     37    ----
   CONSTANT SIZE    =   ----    ----
   XDATA SIZE       =   ----    ----
   PDATA SIZE       =   ----    ----
   DATA SIZE        =   ----    ----
   IDATA SIZE       =   ----    ----
   BIT SIZE         =   ----       1
END OF MODULE INFORMATION.


C51 COMPILATION COMPLETE.  0 WARNING(S),  0 ERROR(S)
