C51 COMPILER V9.60.7.0   SYS_TASK                                                          03/05/2026 01:45:00 PAGE 1   


C51 COMPILER V9.60.7.0, COMPILATION OF MODULE SYS_TASK
OBJECT MODULE PLACED IN .\Objects\sys_task.obj
COMPILER INVOKED BY: C:\Program Files (x86)\keil\C51\BIN\C51.EXE sys_task.c OPTIMIZE(8,SPEED) BROWSE DEBUG OBJECTEXTEND 
                    -PRINT(.\Listings\sys_task.lst) TABS(2) OBJECT(.\Objects\sys_task.obj)

line level    source

   1          //sys_task.c
   2          #include "sys_task.h"
   3          
   4          /* ========================
   5             全局 1ms tick
   6             ======================== */
   7          volatile uint8 sys_tick_ms = 0;
   8          
   9          /* 上次运行时间 */
  10          //static uint16 last_seg  = 0;
  11          static uint16 last_led  = 0;
  12          static uint16 last_key  = 0;
  13          static uint16 last_misc = 0;
  14          
  15          /* ========================
  16             1ms 中断调用
  17             ======================== */
  18          void sys_task_isr(void)
  19          {
  20   1          sys_tick_ms++;
  21   1          drv_seg_run();
  22   1      //    if (sys_tick_ms >= 200)
  23   1      //    {
  24   1      //        sys_tick_ms = 0;
  25   1      //    }
  26   1      }
  27          
  28          /* ========================
  29             主循环调度器
  30             ======================== */
  31          void sys_task_run(void)
  32          {
  33   1          uint16 now = sys_tick_ms;
  34   1      
  35   1          /* 数码管：2ms */
  36   1      //    if ((uint16)(now - last_seg) >= 2)
  37   1      //    {
  38   1      //        last_seg = now;
  39   1      //        drv_seg_run();
  40   1      //    }
  41   1      
  42   1          /* LED：5ms */
  43   1          if ((uint16)(now - last_led) >= 5)
  44   1          {
  45   2              last_led = now;
  46   2              drv_led_run();
  47   2          }
  48   1      
  49   1          /* 按键：10ms */
  50   1          if ((uint16)(now - last_key) >= 10)
  51   1          {
  52   2              last_key = now;
  53   2              drv_key_run();
  54   2          }
C51 COMPILER V9.60.7.0   SYS_TASK                                                          03/05/2026 01:45:00 PAGE 2   

  55   1      
  56   1          /* 继电器 / 蜂鸣器：50ms */
  57   1          if ((uint16)(now - last_misc) >= 50)
  58   1          {
  59   2              last_misc = now;
  60   2              drv_other_run();
  61   2          }
  62   1      }


MODULE INFORMATION:   STATIC OVERLAYABLE
   CODE SIZE        =    100    ----
   CONSTANT SIZE    =   ----    ----
   XDATA SIZE       =   ----    ----
   PDATA SIZE       =   ----    ----
   DATA SIZE        =      7       2
   IDATA SIZE       =   ----    ----
   BIT SIZE         =   ----    ----
END OF MODULE INFORMATION.


C51 COMPILATION COMPLETE.  0 WARNING(S),  0 ERROR(S)
