C51 COMPILER V9.60.7.0   SYS_TICK                                                          01/29/2026 19:10:30 PAGE 1   


C51 COMPILER V9.60.7.0, COMPILATION OF MODULE SYS_TICK
OBJECT MODULE PLACED IN .\Objects\sys_tick.obj
COMPILER INVOKED BY: C:\Program Files (x86)\keil\C51\BIN\C51.EXE sys_tick.c OPTIMIZE(8,SPEED) BROWSE DEBUG OBJECTEXTEND 
                    -PRINT(.\Listings\sys_tick.lst) TABS(2) OBJECT(.\Objects\sys_tick.obj)

line level    source

   1          //sys_tick.c
   2          
   3          #include "sys_tick.h"
   4          
   5          /* tick 计数 */
   6          static uint16 tick_ms = 0;
   7          
   8          /* 事件标志 */
   9          static bit flag_1ms   = 0;
  10          static bit flag_10ms  = 0;
  11          static bit flag_100ms = 0;
  12          static bit flag_1s    = 0;
  13          
  14          void sys_tick_init(void)
  15          {
  16   1          tick_ms = 0;
  17   1      }
  18          
  19          /* ⭐ 在 Timer1 中断中调用 */
  20          void sys_tick_isr(void)
  21          {
  22   1          tick_ms++;
  23   1          flag_1ms = 1;
  24   1      
  25   1          if (tick_ms % 10 == 0)   flag_10ms  = 1;
  26   1          if (tick_ms % 100 == 0)  flag_100ms = 1;
  27   1          if (tick_ms % 1000 == 0) flag_1s    = 1;
  28   1      
  29   1          if (tick_ms >= 60000) tick_ms = 0;
  30   1      }
  31          
  32          /* ====== 对外接口（读一次清一次） ====== */
  33          
  34          bit sys_tick_1ms(void)
  35          {
  36   1          if (flag_1ms) { flag_1ms = 0; return 1; }
  37   1          return 0;
  38   1      }
  39          
  40          bit sys_tick_10ms(void)
  41          {
  42   1          if (flag_10ms) { flag_10ms = 0; return 1; }
  43   1          return 0;
  44   1      }
  45          
  46          bit sys_tick_100ms(void)
  47          {
  48   1          if (flag_100ms) { flag_100ms = 0; return 1; }
  49   1          return 0;
  50   1      }
  51          
  52          bit sys_tick_1s(void)
  53          {
  54   1          if (flag_1s) { flag_1s = 0; return 1; }
C51 COMPILER V9.60.7.0   SYS_TICK                                                          01/29/2026 19:10:30 PAGE 2   

  55   1          return 0;
  56   1      }


MODULE INFORMATION:   STATIC OVERLAYABLE
   CODE SIZE        =    127    ----
   CONSTANT SIZE    =   ----    ----
   XDATA SIZE       =   ----    ----
   PDATA SIZE       =   ----    ----
   DATA SIZE        =      2    ----
   IDATA SIZE       =   ----    ----
   BIT SIZE         =      4    ----
END OF MODULE INFORMATION.


C51 COMPILATION COMPLETE.  0 WARNING(S),  0 ERROR(S)
