C51 COMPILER V9.60.7.0   APP_MAIN                                                          03/07/2026 17:12:53 PAGE 1   


C51 COMPILER V9.60.7.0, COMPILATION OF MODULE APP_MAIN
OBJECT MODULE PLACED IN .\Objects\app_main.obj
COMPILER INVOKED BY: C:\Program Files (x86)\keil\C51\BIN\C51.EXE app_main.c OPTIMIZE(8,SPEED) BROWSE DEBUG OBJECTEXTEND 
                    -PRINT(.\Listings\app_main.lst) TABS(2) OBJECT(.\Objects\app_main.obj)

line level    source

   1          #include "app_main.h"
   2          
   3          #include "drv_rtc.h"
   4          #include "drv_temp.h"
   5          
   6          static u8 app_page = 0;
   7          static bit mode = 0;
   8          static u16 d_temp = 213;
   9          static u8 time_s = 35;
  10          static u8 time_m = 50;
  11          static u8 time_h = 20;
  12          static u16 set_temp = 230;
  13          static bit relay_sw = 0;
  14          
  15          rtc_type rtc;
  16          
  17          void app_init()
  18          {
  19   1          static bit initok = 0;
  20   1          if(initok == 0)
  21   1          {
  22   2              initok = 1;
  23   2              drv_rtc_init();
  24   2              drv_temp_init();
  25   2          }
  26   1      }
  27          void debug_time()
  28          {
  29   1          rtc.s=55;
  30   1          rtc.m=59;
  31   1          rtc.h=22;  
  32   1          drv_rtc_set(&rtc); 
  33   1      }
  34          void seg_display()
  35          {
  36   1          switch(app_page)
  37   1          {
  38   2              case 0:{drv_seg_set_all(25,1,16,16,16,d_temp/100,d_temp%100/10 +32,d_temp%10);}break;
  39   2              case 1:{drv_seg_set_all(25,2,16,time_h/10,time_h%10,17,time_m/10,time_m%10);}break;
  40   2              case 2:{drv_seg_set_all(25,3,16,16,16,16,set_temp/100,set_temp/10%10);}break;
  41   2              case 11:{drv_seg_set_all(25,17,7,16,relay_sw,16,time_s/10,time_s%10);}break;
  42   2          }
  43   1      }
  44          void key_ctrl()
  45          {
  46   1          if(drv_key_is(13)){mode ^= 1;}
  47   1          switch(app_page)
  48   1          {
  49   2              case 0:{if(drv_key_is(12)){app_page = 1;}}break;
  50   2              case 1:{if(drv_key_is(12)){app_page = 2;}if(drv_key_is(17)){app_page = 11;}}break;
  51   2              case 2:{if(drv_key_is(12)){app_page = 0;}if(drv_key_is(17)&&set_temp > 100){set_temp-=10;}if(drv_k
             -ey_is(16)&&set_temp < 990){set_temp+=10;}}break;
  52   2              case 11:{if(drv_key_is(17)){app_page = 1;}if(drv_key_is(16)){debug_time();}}break;
  53   2          }
C51 COMPILER V9.60.7.0   APP_MAIN                                                          03/07/2026 17:12:53 PAGE 2   

  54   1      }
  55          void relay_ctrl()
  56          {
  57   1          static bit led2;
  58   1          if(relay_sw)
  59   1          {
  60   2              drv_relay_set(1);
  61   2              drv_led_set(2,led2);
  62   2              led2 ^= 1;
  63   2          }else
  64   1          {
  65   2              drv_relay_set(0);
  66   2              drv_led_set(2,0);        
  67   2          }
  68   1      
  69   1      }
  70          void led0_run()
  71          {
  72   1          if(time_m == 0 && time_s == 0){drv_led_set(0,1);}
  73   1          if(time_s > 4){drv_led_set(0,0);}
  74   1      }
  75          void mode_run()
  76          {
  77   1          drv_led_set(1,~mode);
  78   1          if(mode)
  79   1          {
  80   2              if(time_m == 0 && time_s == 0){relay_sw = 1;}
  81   2              if(time_s > 4){relay_sw = 0;}        
  82   2          }else
  83   1          {
  84   2              if(d_temp > set_temp){relay_sw = 1;}
  85   2              else{relay_sw = 0;}
  86   2          }
  87   1      }
  88          
  89          void app_task_100ms()
  90          {
  91   1          app_init();
  92   1          seg_display();
  93   1          key_ctrl();
  94   1          relay_ctrl();
  95   1          led0_run();
  96   1          mode_run();
  97   1      }
  98          void app_task_500ms()
  99          {
 100   1          drv_rtc_get(&rtc);
 101   1          time_s = rtc.s;
 102   1          time_m = rtc.m;
 103   1          time_h = rtc.h;    
 104   1          d_temp = drv_temp_get();
 105   1      }


MODULE INFORMATION:   STATIC OVERLAYABLE
   CODE SIZE        =    640    ----
   CONSTANT SIZE    =   ----    ----
   XDATA SIZE       =   ----    ----
   PDATA SIZE       =   ----    ----
   DATA SIZE        =     11    ----
   IDATA SIZE       =   ----    ----
   BIT SIZE         =      4    ----
C51 COMPILER V9.60.7.0   APP_MAIN                                                          03/07/2026 17:12:53 PAGE 3   

END OF MODULE INFORMATION.


C51 COMPILATION COMPLETE.  0 WARNING(S),  0 ERROR(S)
