C51 COMPILER V9.60.7.0   DRV_RTC                                                           03/07/2026 17:12:54 PAGE 1   


C51 COMPILER V9.60.7.0, COMPILATION OF MODULE DRV_RTC
OBJECT MODULE PLACED IN .\Objects\drv_rtc.obj
COMPILER INVOKED BY: C:\Program Files (x86)\keil\C51\BIN\C51.EXE drv_rtc.c OPTIMIZE(8,SPEED) BROWSE DEBUG OBJECTEXTEND P
                    -RINT(.\Listings\drv_rtc.lst) TABS(2) OBJECT(.\Objects\drv_rtc.obj)

line level    source

   1          #include "drv_rtc.h"
   2          
   3          void Write_Ds1302(unsigned  char temp) 
   4          {
   5   1        unsigned char i;
   6   1        for (i=0;i<8;i++)       
   7   1        { 
   8   2          SCK = 0;
   9   2          SDA = temp&0x01;
  10   2          temp>>=1; 
  11   2          SCK=1;
  12   2        }
  13   1      }   
  14          
  15          //
  16          void Write_Ds1302_Byte( unsigned char address,unsigned char dat )     
  17          {
  18   1        RST=0;  _nop_();
  19   1        SCK=0;  _nop_();
  20   1        RST=1;  _nop_();  
  21   1        Write_Ds1302(address);  
  22   1        Write_Ds1302(dat);    
  23   1        RST=0; 
  24   1      }
  25          
  26          //
  27          unsigned char Read_Ds1302_Byte ( unsigned char address )
  28          {
  29   1        unsigned char i,temp=0x00;
  30   1        RST=0;  _nop_();
  31   1        SCK=0;  _nop_();
  32   1        RST=1;  _nop_();
  33   1        Write_Ds1302(address);
  34   1        for (i=0;i<8;i++)   
  35   1        {   
  36   2          SCK=0;
  37   2          temp>>=1; 
  38   2          if(SDA)
  39   2          temp|=0x80; 
  40   2          SCK=1;
  41   2        } 
  42   1        RST=0;  _nop_();
  43   1        SCK=0;  _nop_();
  44   1        SCK=1;  _nop_();
  45   1        SDA=0;  _nop_();
  46   1        SDA=1;  _nop_();
  47   1        return (temp);      
  48   1      }
  49          
  50          
  51          u8 hex_to_bcd(hex)
  52          {
  53   1          return (hex/10*16)+(hex%10);
  54   1      }
C51 COMPILER V9.60.7.0   DRV_RTC                                                           03/07/2026 17:12:54 PAGE 2   

  55          u8 bcd_to_hex(bcd)
  56          {
  57   1          return (bcd/16*10)+(bcd%16);
  58   1      }
  59          void drv_rtc_init()
  60          {
  61   1          RST=0;SCK=0;SDA=0;
  62   1          Write_Ds1302_Byte(0x8e,0x00);
  63   1          Write_Ds1302_Byte(0x80,hex_to_bcd(10)&0x7f);
  64   1      }
  65          void drv_rtc_set(rtc_type *time)
  66          {
  67   1          Write_Ds1302_Byte(0x80,hex_to_bcd(time->s));
  68   1          Write_Ds1302_Byte(0x82,hex_to_bcd(time->m));
  69   1          Write_Ds1302_Byte(0x84,hex_to_bcd(time->h));
  70   1      }
  71          void drv_rtc_get(rtc_type *time)
  72          {
  73   1          time->s = bcd_to_hex(Read_Ds1302_Byte(0x81)&0x7f);
  74   1          time->m = bcd_to_hex(Read_Ds1302_Byte(0x83)&0x7f);
  75   1          time->h = bcd_to_hex(Read_Ds1302_Byte(0x85)&0x3f);
  76   1      }


MODULE INFORMATION:   STATIC OVERLAYABLE
   CODE SIZE        =    318    ----
   CONSTANT SIZE    =   ----    ----
   XDATA SIZE       =   ----    ----
   PDATA SIZE       =   ----    ----
   DATA SIZE        =   ----      10
   IDATA SIZE       =   ----    ----
   BIT SIZE         =   ----    ----
END OF MODULE INFORMATION.


C51 COMPILATION COMPLETE.  0 WARNING(S),  0 ERROR(S)
