C51 COMPILER V9.60.7.0   DRV_KEY                                                           03/07/2026 17:12:54 PAGE 1   


C51 COMPILER V9.60.7.0, COMPILATION OF MODULE DRV_KEY
OBJECT MODULE PLACED IN .\Objects\drv_key.obj
COMPILER INVOKED BY: C:\Program Files (x86)\keil\C51\BIN\C51.EXE drv_key.c OPTIMIZE(8,SPEED) BROWSE DEBUG OBJECTEXTEND P
                    -RINT(.\Listings\drv_key.lst) TABS(2) OBJECT(.\Objects\drv_key.obj)

line level    source

   1          #include "drv_key.h"
   2          
   3          static u8 key_ram = 200;
   4          
   5          void drv_key_run()
   6          {
   7   1          static u8 key_step = 0;
   8   1          static u8 key_save = 0x0f;
   9   1          u8 key_temp;
  10   1      
  11   1          P3 = 0x0f;P42=0;P44=0;P36=P42;P37=P44;
  12   1          key_temp = P3;
  13   1          switch(key_step)
  14   1          {
  15   2              case 0:
  16   2              {
  17   3                  if(key_temp != 0x0f){key_step=1;}
  18   3              }break;
  19   2              case 1:
  20   2              {
  21   3                  if(key_temp == 0x0f){key_step=0;}
  22   3                  else
  23   3                  {
  24   4                      P3 = key_temp | 0xf0;P42=1;P44=1;P36=P42;P37=P44;
  25   4                      key_temp = P3;
  26   4                      switch(key_temp)
  27   4                      {
  28   5                          case 0xd7:key_save = 12;break;
  29   5                          case 0xdb:key_save = 13;break;
  30   5                          case 0xe7:key_save = 16;break;
  31   5                          case 0xeb:key_save = 17;break;
  32   5                      }
  33   4                      if(key_save == 200)
  34   4                      {
  35   5                          key_step = 0;
  36   5                      }else
  37   4                      {
  38   5                          key_step = 2;
  39   5                      }
  40   4                  }
  41   3              }break;
  42   2              case 2:
  43   2              {
  44   3                  if(key_temp == 0x0f)
  45   3                  {
  46   4                      key_ram = key_save;
  47   4                      key_save = 200;
  48   4                      key_step = 0;
  49   4                  }
  50   3              }break;
  51   2          }
  52   1      }
  53          
  54          bit drv_key_is(u8 keyv)
C51 COMPILER V9.60.7.0   DRV_KEY                                                           03/07/2026 17:12:54 PAGE 2   

  55          {
  56   1          bit ok = 0;
  57   1          if(key_ram == keyv)
  58   1          {
  59   2              ok =1;
  60   2              key_ram = 200;
  61   2          }
  62   1          return ok;
  63   1      }


MODULE INFORMATION:   STATIC OVERLAYABLE
   CODE SIZE        =    145    ----
   CONSTANT SIZE    =   ----    ----
   XDATA SIZE       =   ----    ----
   PDATA SIZE       =   ----    ----
   DATA SIZE        =      3       1
   IDATA SIZE       =   ----    ----
   BIT SIZE         =   ----       1
END OF MODULE INFORMATION.


C51 COMPILATION COMPLETE.  0 WARNING(S),  0 ERROR(S)
