BL51 BANKED LINKER/LOCATER V6.22.4.0                                                    03/07/2026  17:12:54  PAGE 1


BL51 BANKED LINKER/LOCATER V6.22.4.0, INVOKED BY:
C:\PROGRAM FILES (X86)\KEIL\C51\BIN\BL51.EXE .\Objects\STARTUP.obj, .\Objects\main.obj, .\Objects\sys_main.obj, .\Object
>> s\sys_task.obj, .\Objects\app_main.obj, .\Objects\drv_led.obj, .\Objects\drv_seg.obj, .\Objects\drv_other.obj, .\Obje
>> cts\drv_key.obj, .\Objects\drv_rtc.obj, .\Objects\drv_temp.obj TO .\Objects\Ê±ÖÓÄ¬Ð´3 PRINT (.\Listings\Ê±ÖÓÄ¬Ð´3.m51
>> ) RAMSIZE (256)


MEMORY MODEL: SMALL


INPUT MODULES INCLUDED:
  .\Objects\STARTUP.obj (?C_STARTUP)
  .\Objects\main.obj (MAIN)
  .\Objects\sys_main.obj (SYS_MAIN)
  .\Objects\sys_task.obj (SYS_TASK)
  .\Objects\app_main.obj (APP_MAIN)
  .\Objects\drv_led.obj (DRV_LED)
  .\Objects\drv_seg.obj (DRV_SEG)
  .\Objects\drv_other.obj (DRV_OTHER)
  .\Objects\drv_key.obj (DRV_KEY)
  .\Objects\drv_rtc.obj (DRV_RTC)
  .\Objects\drv_temp.obj (DRV_TEMP)
  C:\PROGRAM FILES (X86)\KEIL\C51\LIB\C51S.LIB (?C_INIT)
  C:\PROGRAM FILES (X86)\KEIL\C51\LIB\C51S.LIB (?C?CLDPTR)
  C:\PROGRAM FILES (X86)\KEIL\C51\LIB\C51S.LIB (?C?CLDOPTR)
  C:\PROGRAM FILES (X86)\KEIL\C51\LIB\C51S.LIB (?C?CSTPTR)
  C:\PROGRAM FILES (X86)\KEIL\C51\LIB\C51S.LIB (?C?CSTOPTR)
  C:\PROGRAM FILES (X86)\KEIL\C51\LIB\C51S.LIB (?C?IMUL)
  C:\PROGRAM FILES (X86)\KEIL\C51\LIB\C51S.LIB (?C?UIDIV)
  C:\PROGRAM FILES (X86)\KEIL\C51\LIB\C51S.LIB (?C?SIDIV)


LINK MAP OF MODULE:  .\Objects\Ê±ÖÓÄ¬Ð´3 (?C_STARTUP)


            TYPE    BASE      LENGTH    RELOCATION   SEGMENT NAME
            -----------------------------------------------------

            * * * * * * *   D A T A   M E M O R Y   * * * * * * *
            REG     0000H     0008H     ABSOLUTE     "REG BANK 0"
            DATA    0008H     0013H     UNIT         ?DT?DRV_LED
            DATA    001BH     0003H     UNIT         ?DT?DRV_KEY
            DATA    001EH     0001H     UNIT         ?DT?DRV_OTHER
                    001FH     0001H                  *** GAP ***
            BIT     0020H.0   0000H.4   UNIT         ?BI?APP_MAIN
            BIT     0020H.4   0000H.1   UNIT         ?BI?DRV_OTHER
            BIT     0020H.5   0000H.1   UNIT         _BIT_GROUP_
                    0020H.6   0000H.2                *** GAP ***
            DATA    0021H     0011H     UNIT         _DATA_GROUP_
            DATA    0032H     000CH     UNIT         ?DT?SYS_TASK
            DATA    003EH     000BH     UNIT         ?DT?APP_MAIN
            DATA    0049H     000AH     UNIT         ?DT?DRV_SEG
            IDATA   0053H     0001H     UNIT         ?STACK

            * * * * * * *   C O D E   M E M O R Y   * * * * * * *
            CODE    0000H     0003H     ABSOLUTE     
            CODE    0003H     0005H     UNIT         ?PR?DRV_RELAY_SET?DRV_OTHER
                    0008H     0003H                  *** GAP ***
BL51 BANKED LINKER/LOCATER V6.22.4.0                                                  03/07/2026  17:12:54  PAGE 2


            CODE    000BH     0003H     ABSOLUTE     
            CODE    000EH     012DH     UNIT         ?PR?SEG_DISPLAY?APP_MAIN
            CODE    013BH     0117H     UNIT         ?C?LIB_CODE
            CODE    0252H     0096H     UNIT         ?PR?KEY_CTRL?APP_MAIN
            CODE    02E8H     008CH     UNIT         ?C_C51STARTUP
            CODE    0374H     0082H     UNIT         ?PR?DRV_KEY_RUN?DRV_KEY
            CODE    03F6H     006AH     UNIT         ?C_INITSEG
            CODE    0460H     005BH     UNIT         ?PR?SYS_TASK_DRV_RUN?SYS_TASK
            CODE    04BBH     0054H     UNIT         ?PR?DRV_SEG_RUN?DRV_SEG
            CODE    050FH     004DH     UNIT         ?PR?DRV_LED_RUN?DRV_LED
            CODE    055CH     0043H     UNIT         ?PR?DRV_TEMP_GET?DRV_TEMP
            CODE    059FH     0042H     UNIT         ?PR?_DRV_RTC_GET?DRV_RTC
            CODE    05E1H     0041H     UNIT         ?PR?SYS_TASK_APP_RUN?SYS_TASK
            CODE    0622H     003BH     UNIT         ?PR?TIMER_1_ISR?MAIN
            CODE    065DH     0038H     UNIT         ?PR?DRV_INIT?SYS_MAIN
            CODE    0695H     0034H     UNIT         ?PR?_READ_DS1302_BYTE?DRV_RTC
            CODE    06C9H     0032H     UNIT         ?PR?MODE_RUN?APP_MAIN
            CODE    06FBH     0030H     UNIT         ?PR?_DRV_RTC_SET?DRV_RTC
            CODE    072BH     002BH     UNIT         ?CO?DRV_SEG
            CODE    0756H     002BH     UNIT         ?PR?_HEX_TO_BCD?DRV_RTC
            CODE    0781H     0029H     UNIT         ?PR?_BCD_TO_HEX?DRV_RTC
            CODE    07AAH     0027H     UNIT         ?PR?INIT_DS18B20?DRV_TEMP
            CODE    07D1H     0025H     UNIT         ?PR?DRV_OTHER_RUN?DRV_OTHER
            CODE    07F6H     0024H     UNIT         ?PR?RELAY_CTRL?APP_MAIN
            CODE    081AH     0023H     UNIT         ?PR?DRV_TEMP_INIT?DRV_TEMP
            CODE    083DH     001EH     UNIT         ?PR?_WRITE_DS18B20?DRV_TEMP
            CODE    085BH     001DH     UNIT         ?PR?LED0_RUN?APP_MAIN
            CODE    0878H     001DH     UNIT         ?PR?DRV_RTC_INIT?DRV_RTC
            CODE    0895H     001AH     UNIT         ?PR?APP_TASK_500MS?APP_MAIN
            CODE    08AFH     001AH     UNIT         ?PR?_DELAY_ONEWIRE?DRV_TEMP
            CODE    08C9H     001AH     UNIT         ?PR?READ_DS18B20?DRV_TEMP
            CODE    08E3H     0016H     UNIT         ?PR?_DRV_SEG_SET_ALL?DRV_SEG
            CODE    08F9H     0015H     UNIT         ?PR?SYS_TIMER_INIT?SYS_MAIN
            CODE    090EH     0014H     UNIT         ?PR?_WRITE_DS1302_BYTE?DRV_RTC
            CODE    0922H     0013H     UNIT         ?PR?_WRITE_DS1302?DRV_RTC
            CODE    0935H     0012H     UNIT         ?PR?GPIO_INIT?SYS_MAIN
            CODE    0947H     0012H     UNIT         ?PR?DEBUG_TIME?APP_MAIN
            CODE    0959H     0012H     UNIT         ?PR?APP_TASK_100MS?APP_MAIN
            CODE    096BH     0011H     UNIT         ?PR?_DRV_LED_SET?DRV_LED
            CODE    097CH     000FH     UNIT         ?PR?_DRV_KEY_IS?DRV_KEY
            CODE    098BH     000EH     UNIT         ?PR?_SYS_DECODER?SYS_MAIN
            CODE    0999H     000CH     UNIT         ?PR?APP_INIT?APP_MAIN
            CODE    09A5H     000BH     UNIT         ?PR?MAIN?MAIN
            CODE    09B0H     000BH     UNIT         ?PR?SYS_TASK_ISR?SYS_TASK
            CODE    09BBH     0009H     UNIT         ?PR?SYS_INIT?SYS_MAIN



OVERLAY MAP OF MODULE:   .\Objects\Ê±ÖÓÄ¬Ð´3 (?C_STARTUP)


SEGMENT                                   BIT_GROUP          DATA_GROUP 
  +--> CALLED SEGMENT                  START    LENGTH     START    LENGTH
--------------------------------------------------------------------------
?C_C51STARTUP                          -----    -----      -----    -----
  +--> ?PR?MAIN?MAIN
  +--> ?C_INITSEG
BL51 BANKED LINKER/LOCATER V6.22.4.0                                                  03/07/2026  17:12:54  PAGE 3



?PR?MAIN?MAIN                          -----    -----      -----    -----
  +--> ?PR?SYS_INIT?SYS_MAIN
  +--> ?PR?SYS_TASK_DRV_RUN?SYS_TASK
  +--> ?PR?SYS_TASK_APP_RUN?SYS_TASK

?PR?SYS_INIT?SYS_MAIN                  -----    -----      -----    -----
  +--> ?PR?GPIO_INIT?SYS_MAIN
  +--> ?PR?DRV_INIT?SYS_MAIN
  +--> ?PR?SYS_TIMER_INIT?SYS_MAIN

?PR?DRV_INIT?SYS_MAIN                  -----    -----      -----    -----
  +--> ?PR?_SYS_DECODER?SYS_MAIN

?PR?SYS_TASK_DRV_RUN?SYS_TASK          -----    -----      0021H    0001H
  +--> ?PR?DRV_LED_RUN?DRV_LED
  +--> ?PR?DRV_KEY_RUN?DRV_KEY
  +--> ?PR?DRV_OTHER_RUN?DRV_OTHER

?PR?DRV_LED_RUN?DRV_LED                -----    -----      -----    -----
  +--> ?PR?_SYS_DECODER?SYS_MAIN

?PR?DRV_KEY_RUN?DRV_KEY                -----    -----      0022H    0001H

?PR?DRV_OTHER_RUN?DRV_OTHER            -----    -----      0022H    0001H
  +--> ?PR?_SYS_DECODER?SYS_MAIN

?PR?SYS_TASK_APP_RUN?SYS_TASK          -----    -----      0021H    0002H
  +--> ?PR?APP_TASK_100MS?APP_MAIN
  +--> ?PR?APP_TASK_500MS?APP_MAIN

?PR?APP_TASK_100MS?APP_MAIN            -----    -----      -----    -----
  +--> ?PR?APP_INIT?APP_MAIN
  +--> ?PR?SEG_DISPLAY?APP_MAIN
  +--> ?PR?KEY_CTRL?APP_MAIN
  +--> ?PR?RELAY_CTRL?APP_MAIN
  +--> ?PR?LED0_RUN?APP_MAIN
  +--> ?PR?MODE_RUN?APP_MAIN

?PR?APP_INIT?APP_MAIN                  -----    -----      -----    -----
  +--> ?PR?DRV_RTC_INIT?DRV_RTC
  +--> ?PR?DRV_TEMP_INIT?DRV_TEMP

?PR?DRV_RTC_INIT?DRV_RTC               -----    -----      -----    -----
  +--> ?PR?_WRITE_DS1302_BYTE?DRV_RTC
  +--> ?PR?_HEX_TO_BCD?DRV_RTC

?PR?_WRITE_DS1302_BYTE?DRV_RTC         -----    -----      -----    -----
  +--> ?PR?_WRITE_DS1302?DRV_RTC

?PR?_HEX_TO_BCD?DRV_RTC                -----    -----      0026H    0002H

?PR?DRV_TEMP_INIT?DRV_TEMP             -----    -----      -----    -----
  +--> ?PR?INIT_DS18B20?DRV_TEMP
  +--> ?PR?_WRITE_DS18B20?DRV_TEMP
  +--> ?PR?_DELAY_ONEWIRE?DRV_TEMP

BL51 BANKED LINKER/LOCATER V6.22.4.0                                                  03/07/2026  17:12:54  PAGE 4


?PR?INIT_DS18B20?DRV_TEMP              0020H.5  0000H.1    -----    -----
  +--> ?PR?_DELAY_ONEWIRE?DRV_TEMP

?PR?_WRITE_DS18B20?DRV_TEMP            -----    -----      -----    -----
  +--> ?PR?_DELAY_ONEWIRE?DRV_TEMP

?PR?SEG_DISPLAY?APP_MAIN               -----    -----      -----    -----
  +--> ?PR?_DRV_SEG_SET_ALL?DRV_SEG

?PR?_DRV_SEG_SET_ALL?DRV_SEG           -----    -----      0023H    000FH

?PR?KEY_CTRL?APP_MAIN                  -----    -----      -----    -----
  +--> ?PR?_DRV_KEY_IS?DRV_KEY
  +--> ?PR?DEBUG_TIME?APP_MAIN

?PR?_DRV_KEY_IS?DRV_KEY                0020H.5  0000H.1    -----    -----

?PR?DEBUG_TIME?APP_MAIN                -----    -----      -----    -----
  +--> ?PR?_DRV_RTC_SET?DRV_RTC

?PR?_DRV_RTC_SET?DRV_RTC               -----    -----      0023H    0003H
  +--> ?PR?_HEX_TO_BCD?DRV_RTC
  +--> ?PR?_WRITE_DS1302_BYTE?DRV_RTC

?PR?RELAY_CTRL?APP_MAIN                -----    -----      -----    -----
  +--> ?PR?DRV_RELAY_SET?DRV_OTHER
  +--> ?PR?_DRV_LED_SET?DRV_LED

?PR?DRV_RELAY_SET?DRV_OTHER            0020H.5  0000H.1    -----    -----

?PR?_DRV_LED_SET?DRV_LED               0020H.5  0000H.1    -----    -----

?PR?LED0_RUN?APP_MAIN                  -----    -----      -----    -----
  +--> ?PR?_DRV_LED_SET?DRV_LED

?PR?MODE_RUN?APP_MAIN                  -----    -----      -----    -----
  +--> ?PR?_DRV_LED_SET?DRV_LED

?PR?APP_TASK_500MS?APP_MAIN            -----    -----      -----    -----
  +--> ?PR?_DRV_RTC_GET?DRV_RTC
  +--> ?PR?DRV_TEMP_GET?DRV_TEMP

?PR?_DRV_RTC_GET?DRV_RTC               -----    -----      0023H    0003H
  +--> ?PR?_BCD_TO_HEX?DRV_RTC
  +--> ?PR?_READ_DS1302_BYTE?DRV_RTC

?PR?_BCD_TO_HEX?DRV_RTC                -----    -----      0026H    0002H
  +--> ?PR?_READ_DS1302_BYTE?DRV_RTC

?PR?_READ_DS1302_BYTE?DRV_RTC          -----    -----      -----    -----
  +--> ?PR?_WRITE_DS1302?DRV_RTC

?PR?DRV_TEMP_GET?DRV_TEMP              -----    -----      -----    -----
  +--> ?PR?INIT_DS18B20?DRV_TEMP
  +--> ?PR?_WRITE_DS18B20?DRV_TEMP
  +--> ?PR?_DELAY_ONEWIRE?DRV_TEMP
  +--> ?PR?READ_DS18B20?DRV_TEMP
BL51 BANKED LINKER/LOCATER V6.22.4.0                                                  03/07/2026  17:12:54  PAGE 5



?PR?READ_DS18B20?DRV_TEMP              -----    -----      -----    -----
  +--> ?PR?_DELAY_ONEWIRE?DRV_TEMP

*** NEW ROOT ***************************************************

?PR?TIMER_1_ISR?MAIN                   -----    -----      -----    -----
  +--> ?PR?SYS_TASK_ISR?SYS_TASK

?PR?SYS_TASK_ISR?SYS_TASK              -----    -----      -----    -----
  +--> ?PR?DRV_SEG_RUN?DRV_SEG

?PR?DRV_SEG_RUN?DRV_SEG                -----    -----      -----    -----
  +--> ?PR?_SYS_DECODER?SYS_MAIN
  +--> ?CO?DRV_SEG



SYMBOL TABLE OF MODULE:  .\Objects\Ê±ÖÓÄ¬Ð´3 (?C_STARTUP)

  VALUE           TYPE          NAME
  ----------------------------------

  -------         MODULE        ?C_STARTUP
  C:02E8H         SEGMENT       ?C_C51STARTUP
  I:0053H         SEGMENT       ?STACK
  C:0000H         PUBLIC        ?C_STARTUP
  D:00E0H         SYMBOL        ACC
  D:00F0H         SYMBOL        B
  D:0083H         SYMBOL        DPH
  D:0082H         SYMBOL        DPL
  N:0000H         SYMBOL        IBPSTACK
  N:0100H         SYMBOL        IBPSTACKTOP
  N:0080H         SYMBOL        IDATALEN
  C:02EBH         SYMBOL        IDATALOOP
  N:0000H         SYMBOL        PBPSTACK
  N:0100H         SYMBOL        PBPSTACKTOP
  N:0000H         SYMBOL        PDATALEN
  N:0000H         SYMBOL        PDATASTART
  N:0000H         SYMBOL        PPAGE
  N:0000H         SYMBOL        PPAGEENABLE
  D:00A0H         SYMBOL        PPAGE_SFR
  D:0081H         SYMBOL        SP
  C:02E8H         SYMBOL        STARTUP1
  N:0000H         SYMBOL        XBPSTACK
  N:0000H         SYMBOL        XBPSTACKTOP
  N:0000H         SYMBOL        XDATALEN
  N:0000H         SYMBOL        XDATASTART
  C:0000H         LINE#         126
  C:02E8H         LINE#         133
  C:02EAH         LINE#         134
  C:02EBH         LINE#         135
  C:02ECH         LINE#         136
  C:02EEH         LINE#         185
  C:02F1H         LINE#         196
  -------         ENDMOD        ?C_STARTUP

BL51 BANKED LINKER/LOCATER V6.22.4.0                                                  03/07/2026  17:12:54  PAGE 6


  -------         MODULE        MAIN
  C:0000H         SYMBOL        _ICE_DUMMY_
  D:0080H         PUBLIC        P0
  D:0090H         PUBLIC        P1
  D:00A0H         PUBLIC        P2
  D:00B0H         PUBLIC        P3
  D:00C0H         PUBLIC        P4
  D:00C8H         PUBLIC        P5
  D:00E8H         PUBLIC        P6
  D:00F8H         PUBLIC        P7
  D:00A8H         PUBLIC        IE
  D:00B8H         PUBLIC        IP
  D:00D8H         PUBLIC        CCON
  C:09A5H         PUBLIC        main
  D:0098H         PUBLIC        SCON
  D:0088H         PUBLIC        TCON
  D:00F0H         PUBLIC        B
  D:00E0H         PUBLIC        ACC
  C:0622H         PUBLIC        timer_1_isr
  D:00D0H         PUBLIC        PSW
  -------         PROC          TIMER_1_ISR
  C:0622H         LINE#         3
  C:063FH         LINE#         5
  C:0642H         LINE#         7
  -------         ENDPROC       TIMER_1_ISR
  -------         PROC          MAIN
  C:09A5H         LINE#         8
  C:09A5H         LINE#         9
  C:09A5H         LINE#         10
  C:09A8H         LINE#         12
  C:09A8H         LINE#         13
  C:09A8H         LINE#         14
  C:09ABH         LINE#         15
  C:09AEH         LINE#         17
  -------         ENDPROC       MAIN
  -------         ENDMOD        MAIN

  -------         MODULE        SYS_MAIN
  C:0000H         SYMBOL        _ICE_DUMMY_
  D:0093H         PUBLIC        P0M1
  D:0092H         PUBLIC        P1M0
  D:0096H         PUBLIC        P2M0
  D:0091H         PUBLIC        P1M1
  D:0080H         PUBLIC        P0
  D:00B2H         PUBLIC        P3M0
  D:0095H         PUBLIC        P2M1
  D:0090H         PUBLIC        P1
  D:00B1H         PUBLIC        P3M1
  D:00A0H         PUBLIC        P2
  D:00B0H         PUBLIC        P3
  D:00C0H         PUBLIC        P4
  D:00C8H         PUBLIC        P5
  D:00E8H         PUBLIC        P6
  B:00A8H.7       PUBLIC        EA
  D:00F8H         PUBLIC        P7
  D:00A8H         PUBLIC        IE
  D:00B8H         PUBLIC        IP
BL51 BANKED LINKER/LOCATER V6.22.4.0                                                  03/07/2026  17:12:54  PAGE 7


  C:098BH         PUBLIC        _sys_decoder
  D:00D8H         PUBLIC        CCON
  D:0098H         PUBLIC        SCON
  D:0089H         PUBLIC        TMOD
  D:0088H         PUBLIC        TCON
  D:00F0H         PUBLIC        B
  D:008EH         PUBLIC        AUXR
  D:00E0H         PUBLIC        ACC
  C:0935H         PUBLIC        gpio_init
  B:00A8H.1       PUBLIC        ET0
  B:0088H.5       PUBLIC        TF0
  D:008CH         PUBLIC        TH0
  D:008AH         PUBLIC        TL0
  B:0088H.4       PUBLIC        TR0
  C:065DH         PUBLIC        drv_init
  C:09BBH         PUBLIC        sys_init
  D:00D0H         PUBLIC        PSW
  C:08F9H         PUBLIC        sys_timer_init
  D:0094H         PUBLIC        P0M0
  -------         PROC          GPIO_INIT
  C:0935H         LINE#         3
  C:0935H         LINE#         4
  C:0935H         LINE#         5
  C:093AH         LINE#         6
  C:093EH         LINE#         7
  C:0942H         LINE#         8
  C:0946H         LINE#         9
  -------         ENDPROC       GPIO_INIT
  -------         PROC          DRV_INIT
  C:065DH         LINE#         10
  C:065DH         LINE#         11
  C:065DH         LINE#         12
  C:0662H         LINE#         13
  C:066FH         LINE#         14
  C:067BH         LINE#         15
  C:0688H         LINE#         16
  -------         ENDPROC       DRV_INIT
  -------         PROC          SYS_TIMER_INIT
  C:08F9H         LINE#         18
  C:08F9H         LINE#         19
  C:08F9H         LINE#         21
  C:08FCH         LINE#         22
  C:08FFH         LINE#         23
  C:0902H         LINE#         24
  C:0905H         LINE#         25
  C:0907H         LINE#         26
  C:0909H         LINE#         27
  C:090BH         LINE#         28
  C:090DH         LINE#         30
  -------         ENDPROC       SYS_TIMER_INIT
  -------         PROC          _SYS_DECODER
  D:0007H         SYMBOL        pin
  C:098BH         LINE#         32
  C:098BH         LINE#         33
  C:098BH         LINE#         34
  C:0998H         LINE#         35
  -------         ENDPROC       _SYS_DECODER
BL51 BANKED LINKER/LOCATER V6.22.4.0                                                  03/07/2026  17:12:54  PAGE 8


  -------         PROC          SYS_INIT
  C:09BBH         LINE#         36
  C:09BBH         LINE#         37
  C:09BBH         LINE#         38
  C:09BEH         LINE#         39
  C:09C1H         LINE#         40
  -------         ENDPROC       SYS_INIT
  -------         ENDMOD        SYS_MAIN

  -------         MODULE        SYS_TASK
  C:0000H         SYMBOL        _ICE_DUMMY_
  D:0080H         PUBLIC        P0
  D:0032H         SYMBOL        last_app_task_1
  D:0090H         PUBLIC        P1
  D:0034H         SYMBOL        last_app_task_2
  D:00A0H         PUBLIC        P2
  D:00B0H         PUBLIC        P3
  D:00C0H         PUBLIC        P4
  D:00C8H         PUBLIC        P5
  D:00E8H         PUBLIC        P6
  D:00F8H         PUBLIC        P7
  D:00A8H         PUBLIC        IE
  D:00B8H         PUBLIC        IP
  D:00D8H         PUBLIC        CCON
  C:09B0H         PUBLIC        sys_task_isr
  D:0036H         SYMBOL        sys_tick_ms
  D:0098H         PUBLIC        SCON
  D:0088H         PUBLIC        TCON
  D:0038H         SYMBOL        last_other
  D:00F0H         PUBLIC        B
  D:00E0H         PUBLIC        ACC
  D:003AH         SYMBOL        last_led
  C:05E1H         PUBLIC        sys_task_app_run
  C:0460H         PUBLIC        sys_task_drv_run
  D:003CH         SYMBOL        last_key
  D:00D0H         PUBLIC        PSW
  -------         PROC          SYS_TASK_ISR
  C:09B0H         LINE#         12
  C:09B0H         LINE#         13
  C:09B0H         LINE#         14
  C:09B8H         LINE#         15
  -------         ENDPROC       SYS_TASK_ISR
  -------         PROC          SYS_TASK_DRV_RUN
  -------         DO            
  D:0021H         SYMBOL        now
  -------         ENDDO         
  C:0460H         LINE#         17
  C:0460H         LINE#         18
  C:0460H         LINE#         19
  C:0463H         LINE#         20
  C:0479H         LINE#         21
  C:0479H         LINE#         22
  C:047DH         LINE#         23
  C:0480H         LINE#         24
  C:0480H         LINE#         25
  C:0496H         LINE#         26
  C:0496H         LINE#         27
BL51 BANKED LINKER/LOCATER V6.22.4.0                                                  03/07/2026  17:12:54  PAGE 9


  C:049AH         LINE#         28
  C:049DH         LINE#         29
  C:049DH         LINE#         30
  C:04B3H         LINE#         31
  C:04B3H         LINE#         32
  C:04B7H         LINE#         33
  C:04BAH         LINE#         34
  C:04BAH         LINE#         35
  -------         ENDPROC       SYS_TASK_DRV_RUN
  -------         PROC          SYS_TASK_APP_RUN
  -------         DO            
  D:0021H         SYMBOL        now
  -------         ENDDO         
  C:05E1H         LINE#         36
  C:05E1H         LINE#         37
  C:05E1H         LINE#         38
  C:05E7H         LINE#         39
  C:05FBH         LINE#         40
  C:05FBH         LINE#         41
  C:0601H         LINE#         42
  C:0604H         LINE#         43
  C:0604H         LINE#         44
  C:0618H         LINE#         45
  C:0618H         LINE#         46
  C:061EH         LINE#         47
  C:0621H         LINE#         48
  C:0621H         LINE#         49
  -------         ENDPROC       SYS_TASK_APP_RUN
  -------         ENDMOD        SYS_TASK

  -------         MODULE        APP_MAIN
  C:0000H         SYMBOL        _ICE_DUMMY_
  D:003EH         SYMBOL        time_m
  D:0080H         PUBLIC        P0
  D:0090H         PUBLIC        P1
  D:00A0H         PUBLIC        P2
  D:00B0H         PUBLIC        P3
  D:00C0H         PUBLIC        P4
  D:003FH         SYMBOL        time_s
  D:00C8H         PUBLIC        P5
  D:00E8H         PUBLIC        P6
  D:00F8H         PUBLIC        P7
  D:00A8H         PUBLIC        IE
  D:00B8H         PUBLIC        IP
  C:000EH         PUBLIC        seg_display
  C:0947H         PUBLIC        debug_time
  C:085BH         PUBLIC        led0_run
  D:00D8H         PUBLIC        CCON
  B:0020H.2       SYMBOL        mode
  C:0959H         PUBLIC        app_task_100ms
  C:0895H         PUBLIC        app_task_500ms
  D:0098H         PUBLIC        SCON
  D:0088H         PUBLIC        TCON
  C:07F6H         PUBLIC        relay_ctrl
  D:00F0H         PUBLIC        B
  D:0040H         SYMBOL        app_page
  D:00E0H         PUBLIC        ACC
BL51 BANKED LINKER/LOCATER V6.22.4.0                                                  03/07/2026  17:12:54  PAGE 10


  D:0041H         PUBLIC        rtc
  C:0999H         PUBLIC        app_init
  C:06C9H         PUBLIC        mode_run
  C:0252H         PUBLIC        key_ctrl
  D:0044H         SYMBOL        set_temp
  B:0020H.3       SYMBOL        relay_sw
  D:0046H         SYMBOL        time_h
  D:00D0H         PUBLIC        PSW
  D:0047H         SYMBOL        d_temp
  -------         PROC          APP_INIT
  -------         DO            
  B:0020H.0       SYMBOL        initok
  -------         ENDDO         
  C:0999H         LINE#         17
  C:0999H         LINE#         18
  C:0999H         LINE#         20
  C:099CH         LINE#         21
  C:099CH         LINE#         22
  C:099EH         LINE#         23
  C:09A1H         LINE#         24
  C:09A4H         LINE#         25
  C:09A4H         LINE#         26
  -------         ENDPROC       APP_INIT
  -------         PROC          DEBUG_TIME
  C:0947H         LINE#         27
  C:0947H         LINE#         28
  C:0947H         LINE#         29
  C:094AH         LINE#         30
  C:094DH         LINE#         31
  C:0950H         LINE#         32
  -------         ENDPROC       DEBUG_TIME
  -------         PROC          SEG_DISPLAY
  C:000EH         LINE#         34
  C:000EH         LINE#         35
  C:000EH         LINE#         36
  C:0027H         LINE#         37
  C:0027H         LINE#         38
  C:007FH         LINE#         39
  C:00BDH         LINE#         40
  C:0100H         LINE#         41
  C:013AH         LINE#         42
  C:013AH         LINE#         43
  -------         ENDPROC       SEG_DISPLAY
  -------         PROC          KEY_CTRL
  C:0252H         LINE#         44
  C:0252H         LINE#         45
  C:0252H         LINE#         46
  C:025EH         LINE#         47
  C:026EH         LINE#         48
  C:026EH         LINE#         49
  C:0279H         LINE#         50
  C:028EH         LINE#         51
  C:02D3H         LINE#         52
  C:02E7H         LINE#         53
  C:02E7H         LINE#         54
  -------         ENDPROC       KEY_CTRL
  -------         PROC          RELAY_CTRL
BL51 BANKED LINKER/LOCATER V6.22.4.0                                                  03/07/2026  17:12:54  PAGE 11


  -------         DO            
  B:0020H.1       SYMBOL        led2
  -------         ENDDO         
  C:07F6H         LINE#         55
  C:07F6H         LINE#         56
  C:07F6H         LINE#         58
  C:07F9H         LINE#         59
  C:07F9H         LINE#         60
  C:07FEH         LINE#         61
  C:0807H         LINE#         62
  C:080CH         LINE#         63
  C:080DH         LINE#         64
  C:080DH         LINE#         65
  C:0812H         LINE#         66
  C:0819H         LINE#         67
  C:0819H         LINE#         69
  -------         ENDPROC       RELAY_CTRL
  -------         PROC          LED0_RUN
  C:085BH         LINE#         70
  C:085BH         LINE#         71
  C:085BH         LINE#         72
  C:0869H         LINE#         73
  C:0877H         LINE#         74
  -------         ENDPROC       LED0_RUN
  -------         PROC          MODE_RUN
  C:06C9H         LINE#         75
  C:06C9H         LINE#         76
  C:06C9H         LINE#         77
  C:06D3H         LINE#         78
  C:06D6H         LINE#         79
  C:06D6H         LINE#         80
  C:06E0H         LINE#         81
  C:06E9H         LINE#         82
  C:06EAH         LINE#         83
  C:06EAH         LINE#         84
  C:06F8H         LINE#         85
  C:06FAH         LINE#         86
  C:06FAH         LINE#         87
  -------         ENDPROC       MODE_RUN
  -------         PROC          APP_TASK_100MS
  C:0959H         LINE#         89
  C:0959H         LINE#         90
  C:0959H         LINE#         91
  C:095CH         LINE#         92
  C:095FH         LINE#         93
  C:0962H         LINE#         94
  C:0965H         LINE#         95
  C:0968H         LINE#         96
  -------         ENDPROC       APP_TASK_100MS
  -------         PROC          APP_TASK_500MS
  C:0895H         LINE#         98
  C:0895H         LINE#         99
  C:0895H         LINE#         100
  C:089EH         LINE#         101
  C:08A1H         LINE#         102
  C:08A4H         LINE#         103
  C:08A7H         LINE#         104
BL51 BANKED LINKER/LOCATER V6.22.4.0                                                  03/07/2026  17:12:54  PAGE 12


  C:08AEH         LINE#         105
  -------         ENDPROC       APP_TASK_500MS
  -------         ENDMOD        APP_MAIN

  -------         MODULE        DRV_LED
  C:0000H         SYMBOL        _ICE_DUMMY_
  D:0080H         PUBLIC        P0
  D:0090H         PUBLIC        P1
  D:00A0H         PUBLIC        P2
  D:00B0H         PUBLIC        P3
  D:00C0H         PUBLIC        P4
  D:00C8H         PUBLIC        P5
  D:00E8H         PUBLIC        P6
  D:00F8H         PUBLIC        P7
  D:00A8H         PUBLIC        IE
  C:096BH         PUBLIC        _drv_led_set
  D:00B8H         PUBLIC        IP
  C:050FH         PUBLIC        drv_led_run
  D:00D8H         PUBLIC        CCON
  D:0098H         PUBLIC        SCON
  D:0088H         PUBLIC        TCON
  D:00F0H         PUBLIC        B
  D:00E0H         PUBLIC        ACC
  D:000BH         SYMBOL        led_ram
  D:00D0H         PUBLIC        PSW
  -------         PROC          DRV_LED_RUN
  -------         DO            
  D:0008H         SYMBOL        led_tick
  D:0009H         SYMBOL        led_last
  D:000AH         SYMBOL        led_temp
  -------         ENDDO         
  C:050FH         LINE#         5
  C:050FH         LINE#         6
  C:050FH         LINE#         13
  C:051DH         LINE#         14
  C:051DH         LINE#         15
  C:052CH         LINE#         16
  C:052EH         LINE#         17
  C:052EH         LINE#         18
  C:053EH         LINE#         19
  C:053EH         LINE#         21
  C:0544H         LINE#         22
  C:0544H         LINE#         23
  C:0553H         LINE#         24
  C:0556H         LINE#         25
  C:0556H         LINE#         27
  C:055BH         LINE#         28
  -------         ENDPROC       DRV_LED_RUN
  -------         PROC          _DRV_LED_SET
  D:0007H         SYMBOL        p
  B:0020H.5       SYMBOL        sw
  C:096BH         LINE#         29
  C:096BH         LINE#         30
  C:096BH         LINE#         31
  C:097BH         LINE#         32
  -------         ENDPROC       _DRV_LED_SET
  -------         ENDMOD        DRV_LED
BL51 BANKED LINKER/LOCATER V6.22.4.0                                                  03/07/2026  17:12:54  PAGE 13



  -------         MODULE        DRV_SEG
  C:0000H         SYMBOL        _ICE_DUMMY_
  D:0080H         PUBLIC        P0
  D:0090H         PUBLIC        P1
  D:00A0H         PUBLIC        P2
  D:00B0H         PUBLIC        P3
  D:00C0H         PUBLIC        P4
  D:00C8H         PUBLIC        P5
  D:00E8H         PUBLIC        P6
  D:00F8H         PUBLIC        P7
  D:00A8H         PUBLIC        IE
  D:00B8H         PUBLIC        IP
  D:00D8H         PUBLIC        CCON
  C:04BBH         PUBLIC        drv_seg_run
  D:0098H         PUBLIC        SCON
  D:0088H         PUBLIC        TCON
  C:08E3H         PUBLIC        _drv_seg_set_all
  D:00F0H         PUBLIC        B
  D:00E0H         PUBLIC        ACC
  C:072BH         PUBLIC        t_display
  D:004BH         SYMBOL        seg_ram
  D:00D0H         PUBLIC        PSW
  -------         PROC          DRV_SEG_RUN
  -------         DO            
  D:0049H         SYMBOL        seg_tick
  -------         ENDDO         
  C:04BBH         LINE#         13
  C:04BBH         LINE#         14
  C:04BBH         LINE#         16
  C:04C8H         LINE#         17
  C:04E1H         LINE#         18
  C:04F8H         LINE#         19
  C:050EH         LINE#         20
  -------         ENDPROC       DRV_SEG_RUN
  -------         PROC          _DRV_SEG_SET_ALL
  D:0007H         SYMBOL        s0
  D:0004H         SYMBOL        s1
  D:0002H         SYMBOL        s2
  D:0028H         SYMBOL        s3
  D:002AH         SYMBOL        s4
  D:002CH         SYMBOL        s5
  D:002EH         SYMBOL        s6
  D:0030H         SYMBOL        s7
  C:08E3H         LINE#         21
  C:08E3H         LINE#         22
  C:08E3H         LINE#         23
  C:08E5H         LINE#         24
  C:08E7H         LINE#         25
  C:08E9H         LINE#         26
  C:08ECH         LINE#         27
  C:08EFH         LINE#         28
  C:08F2H         LINE#         29
  C:08F5H         LINE#         30
  C:08F8H         LINE#         31
  -------         ENDPROC       _DRV_SEG_SET_ALL
  -------         ENDMOD        DRV_SEG
BL51 BANKED LINKER/LOCATER V6.22.4.0                                                  03/07/2026  17:12:54  PAGE 14



  -------         MODULE        DRV_OTHER
  C:0000H         SYMBOL        _ICE_DUMMY_
  D:0080H         PUBLIC        P0
  D:0090H         PUBLIC        P1
  D:00A0H         PUBLIC        P2
  D:00B0H         PUBLIC        P3
  D:00C0H         PUBLIC        P4
  D:00C8H         PUBLIC        P5
  D:00E8H         PUBLIC        P6
  D:00F8H         PUBLIC        P7
  C:07D1H         PUBLIC        drv_other_run
  D:00A8H         PUBLIC        IE
  D:00B8H         PUBLIC        IP
  D:00D8H         PUBLIC        CCON
  D:0098H         PUBLIC        SCON
  D:0088H         PUBLIC        TCON
  D:00F0H         PUBLIC        B
  B:0020H.4       SYMBOL        relay_ram
  D:00E0H         PUBLIC        ACC
  D:00D0H         PUBLIC        PSW
  C:0003H         PUBLIC        drv_relay_set
  -------         PROC          DRV_OTHER_RUN
  -------         DO            
  D:001EH         SYMBOL        other_last
  D:0022H         SYMBOL        other_temp
  -------         ENDDO         
  C:07D1H         LINE#         5
  C:07D1H         LINE#         6
  C:07D1H         LINE#         8
  C:07D4H         LINE#         9
  C:07D7H         LINE#         10
  C:07D7H         LINE#         11
  C:07DAH         LINE#         12
  C:07DCH         LINE#         13
  C:07DCH         LINE#         14
  C:07DFH         LINE#         15
  C:07DFH         LINE#         16
  C:07E5H         LINE#         17
  C:07E5H         LINE#         18
  C:07F2H         LINE#         19
  C:07F5H         LINE#         20
  C:07F5H         LINE#         21
  -------         ENDPROC       DRV_OTHER_RUN
  -------         PROC          DRV_RELAY_SET
  B:0020H.5       SYMBOL        sw
  C:0003H         LINE#         22
  C:0003H         LINE#         23
  C:0003H         LINE#         24
  C:0007H         LINE#         25
  -------         ENDPROC       DRV_RELAY_SET
  -------         ENDMOD        DRV_OTHER

  -------         MODULE        DRV_KEY
  C:0000H         SYMBOL        _ICE_DUMMY_
  D:0080H         PUBLIC        P0
  D:0090H         PUBLIC        P1
BL51 BANKED LINKER/LOCATER V6.22.4.0                                                  03/07/2026  17:12:54  PAGE 15


  D:00A0H         PUBLIC        P2
  D:00B0H         PUBLIC        P3
  D:00C0H         PUBLIC        P4
  D:00C8H         PUBLIC        P5
  D:00E8H         PUBLIC        P6
  D:00F8H         PUBLIC        P7
  D:00A8H         PUBLIC        IE
  D:00B8H         PUBLIC        IP
  D:00D8H         PUBLIC        CCON
  C:0374H         PUBLIC        drv_key_run
  D:0098H         PUBLIC        SCON
  D:0088H         PUBLIC        TCON
  C:097CH         PUBLIC        _drv_key_is
  B:00C0H.2       PUBLIC        P42
  B:00C0H.4       PUBLIC        P44
  B:00B0H.6       PUBLIC        P36
  B:00B0H.7       PUBLIC        P37
  D:00F0H         PUBLIC        B
  D:00E0H         PUBLIC        ACC
  D:001DH         SYMBOL        key_ram
  D:00D0H         PUBLIC        PSW
  -------         PROC          DRV_KEY_RUN
  -------         DO            
  D:001BH         SYMBOL        key_step
  D:001CH         SYMBOL        key_save
  D:0022H         SYMBOL        key_temp
  -------         ENDDO         
  C:0374H         LINE#         5
  C:0374H         LINE#         6
  C:0374H         LINE#         11
  C:0383H         LINE#         12
  C:0386H         LINE#         13
  C:0392H         LINE#         14
  C:0392H         LINE#         15
  C:0392H         LINE#         16
  C:0392H         LINE#         17
  C:039BH         LINE#         18
  C:039CH         LINE#         19
  C:039CH         LINE#         20
  C:039CH         LINE#         21
  C:03A3H         LINE#         23
  C:03A3H         LINE#         24
  C:03B5H         LINE#         25
  C:03B8H         LINE#         26
  C:03CAH         LINE#         27
  C:03CAH         LINE#         28
  C:03CFH         LINE#         29
  C:03D4H         LINE#         30
  C:03D9H         LINE#         31
  C:03DCH         LINE#         32
  C:03DCH         LINE#         33
  C:03E1H         LINE#         34
  C:03E1H         LINE#         35
  C:03E1H         LINE#         36
  C:03E3H         LINE#         37
  C:03E3H         LINE#         38
  C:03E6H         LINE#         39
BL51 BANKED LINKER/LOCATER V6.22.4.0                                                  03/07/2026  17:12:54  PAGE 16


  C:03E6H         LINE#         40
  C:03E6H         LINE#         41
  C:03E7H         LINE#         42
  C:03E7H         LINE#         43
  C:03E7H         LINE#         44
  C:03ECH         LINE#         45
  C:03ECH         LINE#         46
  C:03EFH         LINE#         47
  C:03F2H         LINE#         48
  C:03F5H         LINE#         49
  C:03F5H         LINE#         50
  C:03F5H         LINE#         51
  C:03F5H         LINE#         52
  -------         ENDPROC       DRV_KEY_RUN
  -------         PROC          _DRV_KEY_IS
  D:0007H         SYMBOL        keyv
  -------         DO            
  B:0020H.5       SYMBOL        ok
  -------         ENDDO         
  C:097CH         LINE#         54
  C:097CH         LINE#         55
  C:097CH         LINE#         56
  C:097EH         LINE#         57
  C:0983H         LINE#         58
  C:0983H         LINE#         59
  C:0985H         LINE#         60
  C:0988H         LINE#         61
  C:0988H         LINE#         62
  C:098AH         LINE#         63
  -------         ENDPROC       _DRV_KEY_IS
  -------         ENDMOD        DRV_KEY

  -------         MODULE        DRV_RTC
  C:0000H         SYMBOL        _ICE_DUMMY_
  D:0080H         PUBLIC        P0
  D:0090H         PUBLIC        P1
  D:00A0H         PUBLIC        P2
  D:00B0H         PUBLIC        P3
  D:00C0H         PUBLIC        P4
  D:00C8H         PUBLIC        P5
  D:00E8H         PUBLIC        P6
  D:00F8H         PUBLIC        P7
  D:00A8H         PUBLIC        IE
  C:0878H         PUBLIC        drv_rtc_init
  C:078AH         PUBLIC        _bcd_to_hex
  C:0762H         PUBLIC        _hex_to_bcd
  D:00B8H         PUBLIC        IP
  C:059FH         PUBLIC        _drv_rtc_get
  D:00D8H         PUBLIC        CCON
  C:06FBH         PUBLIC        _drv_rtc_set
  D:0098H         PUBLIC        SCON
  D:0088H         PUBLIC        TCON
  D:00F0H         PUBLIC        B
  D:00E0H         PUBLIC        ACC
  C:0695H         PUBLIC        _Read_Ds1302_Byte
  B:00A0H.3       PUBLIC        SDA
  B:0090H.7       PUBLIC        SCK
BL51 BANKED LINKER/LOCATER V6.22.4.0                                                  03/07/2026  17:12:54  PAGE 17


  C:090EH         PUBLIC        _Write_Ds1302_Byte
  C:0922H         PUBLIC        _Write_Ds1302
  B:0090H.3       PUBLIC        RST
  D:00D0H         PUBLIC        PSW
  -------         PROC          _WRITE_DS1302
  D:0007H         SYMBOL        temp
  -------         DO            
  D:0006H         SYMBOL        i
  -------         ENDDO         
  C:0922H         LINE#         3
  C:0922H         LINE#         4
  C:0922H         LINE#         6
  C:0924H         LINE#         7
  C:0924H         LINE#         8
  C:0926H         LINE#         9
  C:092AH         LINE#         10
  C:092EH         LINE#         11
  C:0930H         LINE#         12
  C:0934H         LINE#         13
  -------         ENDPROC       _WRITE_DS1302
  -------         PROC          _WRITE_DS1302_BYTE
  D:0007H         SYMBOL        address
  D:0005H         SYMBOL        dat
  C:090EH         LINE#         16
  C:090EH         LINE#         17
  C:090EH         LINE#         18
  C:0911H         LINE#         19
  C:0914H         LINE#         20
  C:0917H         LINE#         21
  C:091AH         LINE#         22
  C:091FH         LINE#         23
  C:0921H         LINE#         24
  -------         ENDPROC       _WRITE_DS1302_BYTE
  -------         PROC          _READ_DS1302_BYTE
  D:0007H         SYMBOL        address
  -------         DO            
  D:0007H         SYMBOL        i
  D:0005H         SYMBOL        temp
  -------         ENDDO         
  C:0695H         LINE#         27
  C:0695H         LINE#         28
  C:0695H         LINE#         29
  C:0697H         LINE#         30
  C:069AH         LINE#         31
  C:069DH         LINE#         32
  C:06A0H         LINE#         33
  C:06A3H         LINE#         34
  C:06A5H         LINE#         35
  C:06A5H         LINE#         36
  C:06A7H         LINE#         37
  C:06ABH         LINE#         38
  C:06AEH         LINE#         39
  C:06B1H         LINE#         40
  C:06B3H         LINE#         41
  C:06B7H         LINE#         42
  C:06BAH         LINE#         43
  C:06BDH         LINE#         44
BL51 BANKED LINKER/LOCATER V6.22.4.0                                                  03/07/2026  17:12:54  PAGE 18


  C:06C0H         LINE#         45
  C:06C3H         LINE#         46
  C:06C6H         LINE#         47
  C:06C8H         LINE#         48
  -------         ENDPROC       _READ_DS1302_BYTE
  -------         PROC          L?0016
  -------         ENDPROC       L?0016
  -------         PROC          _HEX_TO_BCD
  D:0026H         SYMBOL        hex
  C:0762H         LINE#         51
  C:0766H         LINE#         52
  C:0766H         LINE#         53
  C:0780H         LINE#         54
  -------         ENDPROC       _HEX_TO_BCD
  -------         PROC          L?0017
  -------         ENDPROC       L?0017
  -------         PROC          _BCD_TO_HEX
  D:0026H         SYMBOL        bcd
  C:078AH         LINE#         55
  C:078EH         LINE#         56
  C:078EH         LINE#         57
  C:07A9H         LINE#         58
  -------         ENDPROC       _BCD_TO_HEX
  -------         PROC          DRV_RTC_INIT
  C:0878H         LINE#         59
  C:0878H         LINE#         60
  C:0878H         LINE#         61
  C:087EH         LINE#         62
  C:0885H         LINE#         63
  -------         ENDPROC       DRV_RTC_INIT
  -------         PROC          _DRV_RTC_SET
  D:0023H         SYMBOL        time
  C:06FBH         LINE#         65
  C:0701H         LINE#         66
  C:0701H         LINE#         67
  C:0711H         LINE#         68
  C:071EH         LINE#         69
  -------         ENDPROC       _DRV_RTC_SET
  -------         PROC          _DRV_RTC_GET
  D:0023H         SYMBOL        time
  C:059FH         LINE#         71
  C:05A5H         LINE#         72
  C:05A5H         LINE#         73
  C:05B4H         LINE#         74
  C:05C6H         LINE#         75
  -------         ENDPROC       _DRV_RTC_GET
  -------         ENDMOD        DRV_RTC

  -------         MODULE        DRV_TEMP
  C:0000H         SYMBOL        _ICE_DUMMY_
  D:0080H         PUBLIC        P0
  D:0090H         PUBLIC        P1
  D:00A0H         PUBLIC        P2
  D:00B0H         PUBLIC        P3
  D:00C0H         PUBLIC        P4
  C:08C9H         PUBLIC        Read_DS18B20
  D:00C8H         PUBLIC        P5
BL51 BANKED LINKER/LOCATER V6.22.4.0                                                  03/07/2026  17:12:54  PAGE 19


  D:00E8H         PUBLIC        P6
  D:00F8H         PUBLIC        P7
  C:055CH         PUBLIC        drv_temp_get
  D:00A8H         PUBLIC        IE
  C:08B3H         PUBLIC        _Delay_OneWire
  C:083DH         PUBLIC        _Write_DS18B20
  B:0090H.4       PUBLIC        DQ
  D:00B8H         PUBLIC        IP
  C:07AAH         PUBLIC        init_ds18b20
  D:00D8H         PUBLIC        CCON
  D:0098H         PUBLIC        SCON
  D:0088H         PUBLIC        TCON
  D:00F0H         PUBLIC        B
  D:00E0H         PUBLIC        ACC
  D:00D0H         PUBLIC        PSW
  C:081AH         PUBLIC        drv_temp_init
  C:08AFH         SYMBOL        L?0021
  -------         PROC          L?0020
  -------         ENDPROC       L?0020
  C:08AFH         SYMBOL        L?0021
  -------         PROC          _DELAY_ONEWIRE
  D:0006H         SYMBOL        t
  -------         DO            
  D:0005H         SYMBOL        i
  -------         ENDDO         
  C:08B3H         LINE#         3
  C:08B3H         LINE#         4
  C:08B3H         LINE#         6
  C:08BDH         LINE#         7
  C:08C8H         LINE#         8
  C:08C8H         LINE#         9
  -------         ENDPROC       _DELAY_ONEWIRE
  -------         PROC          _WRITE_DS18B20
  D:0001H         SYMBOL        dat
  -------         DO            
  D:0003H         SYMBOL        i
  -------         ENDDO         
  C:083DH         LINE#         12
  C:083FH         LINE#         13
  C:083FH         LINE#         15
  C:0841H         LINE#         16
  C:0841H         LINE#         17
  C:0843H         LINE#         18
  C:0847H         LINE#         19
  C:084AH         LINE#         20
  C:084CH         LINE#         21
  C:0850H         LINE#         22
  C:0854H         LINE#         23
  -------         ENDPROC       _WRITE_DS18B20
  -------         PROC          READ_DS18B20
  -------         DO            
  D:0003H         SYMBOL        i
  D:0004H         SYMBOL        dat
  -------         ENDDO         
  C:08C9H         LINE#         27
  C:08C9H         LINE#         28
  C:08C9H         LINE#         32
BL51 BANKED LINKER/LOCATER V6.22.4.0                                                  03/07/2026  17:12:54  PAGE 20


  C:08CBH         LINE#         33
  C:08CBH         LINE#         34
  C:08CDH         LINE#         35
  C:08D1H         LINE#         36
  C:08D3H         LINE#         37
  C:08D6H         LINE#         38
  C:08D6H         LINE#         39
  C:08D9H         LINE#         40
  C:08D9H         LINE#         41
  C:08DCH         LINE#         42
  C:08E0H         LINE#         43
  C:08E2H         LINE#         44
  -------         ENDPROC       READ_DS18B20
  -------         PROC          INIT_DS18B20
  -------         DO            
  B:0020H.5       SYMBOL        initflag
  -------         ENDDO         
  C:07AAH         LINE#         47
  C:07AAH         LINE#         48
  C:07AAH         LINE#         49
  C:07ACH         LINE#         51
  C:07AEH         LINE#         52
  C:07B5H         LINE#         53
  C:07B7H         LINE#         54
  C:07BEH         LINE#         55
  C:07C0H         LINE#         56
  C:07C7H         LINE#         57
  C:07CBH         LINE#         58
  C:07CEH         LINE#         60
  C:07D0H         LINE#         61
  -------         ENDPROC       INIT_DS18B20
  -------         PROC          DRV_TEMP_INIT
  C:081AH         LINE#         64
  C:081AH         LINE#         65
  C:081AH         LINE#         66
  C:081DH         LINE#         67
  C:0822H         LINE#         68
  C:0827H         LINE#         69
  C:082CH         LINE#         70
  C:0831H         LINE#         71
  C:0836H         LINE#         72
  -------         ENDPROC       DRV_TEMP_INIT
  -------         PROC          DRV_TEMP_GET
  -------         DO            
  D:0001H         SYMBOL        l
  D:0007H         SYMBOL        h
  D:0006H         SYMBOL        raw
  -------         ENDDO         
  C:055CH         LINE#         74
  C:055CH         LINE#         75
  C:055CH         LINE#         78
  C:055FH         LINE#         79
  C:0564H         LINE#         80
  C:0569H         LINE#         81
  C:0570H         LINE#         82
  C:0573H         LINE#         83
  C:0578H         LINE#         84
BL51 BANKED LINKER/LOCATER V6.22.4.0                                                  03/07/2026  17:12:54  PAGE 21


  C:057DH         LINE#         85
  C:0582H         LINE#         86
  C:0585H         LINE#         87
  C:0589H         LINE#         88
  C:059EH         LINE#         89
  -------         ENDPROC       DRV_TEMP_GET
  -------         ENDMOD        DRV_TEMP

  -------         MODULE        ?C?CLDPTR
  C:013BH         PUBLIC        ?C?CLDPTR
  -------         ENDMOD        ?C?CLDPTR

  -------         MODULE        ?C?CLDOPTR
  C:0154H         PUBLIC        ?C?CLDOPTR
  -------         ENDMOD        ?C?CLDOPTR

  -------         MODULE        ?C?CSTPTR
  C:0181H         PUBLIC        ?C?CSTPTR
  -------         ENDMOD        ?C?CSTPTR

  -------         MODULE        ?C?CSTOPTR
  C:0193H         PUBLIC        ?C?CSTOPTR
  -------         ENDMOD        ?C?CSTOPTR

  -------         MODULE        ?C?IMUL
  C:01B5H         PUBLIC        ?C?IMUL
  -------         ENDMOD        ?C?IMUL

  -------         MODULE        ?C?UIDIV
  C:01C7H         PUBLIC        ?C?UIDIV
  -------         ENDMOD        ?C?UIDIV

  -------         MODULE        ?C?SIDIV
  C:021CH         PUBLIC        ?C?SIDIV
  -------         ENDMOD        ?C?SIDIV

Program Size: data=82.6 xdata=0 code=2497
LINK/LOCATE RUN COMPLETE.  0 WARNING(S),  0 ERROR(S)
