C51 COMPILER V9.60.7.0   DAC                                                               04/01/2024 17:11:18 PAGE 1   


C51 COMPILER V9.60.7.0, COMPILATION OF MODULE DAC
OBJECT MODULE PLACED IN .\Objects\dac.obj
COMPILER INVOKED BY: C:\Keil_v5\C51\BIN\C51.EXE ..\Code\dac.c OPTIMIZE(8,SPEED) BROWSE DEBUG OBJECTEXTEND PRINT(.\Listin
                    -gs\dac.lst) OBJECT(.\Objects\dac.obj)

line level    source

   1          #include "dac.h"
   2          
   3          #if 0
              //
              void initDAC(void)
              {
                      I2CStart();
                      I2CSendByte(0x90);
                  I2CWaitAck();
                      I2CSendByte(0x43);  //
                      I2CWaitAck();
                      I2CStop();
                      delay10Ms();
              }
              #endif
  16          
  17          //
  18          void setDAC(unsigned char dat)
  19          {
  20   1              I2CStart();
  21   1              I2CSendByte(0x90);
  22   1              I2CWaitAck();
  23   1              I2CSendByte(0x40);  //
  24   1              I2CWaitAck();
  25   1              
  26   1              I2CSendByte(dat);
  27   1              I2CWaitAck();
  28   1              I2CStop();
  29   1      }


MODULE INFORMATION:   STATIC OVERLAYABLE
   CODE SIZE        =     32    ----
   CONSTANT SIZE    =   ----    ----
   XDATA SIZE       =   ----    ----
   PDATA SIZE       =   ----    ----
   DATA SIZE        =   ----       1
   IDATA SIZE       =   ----    ----
   BIT SIZE         =   ----    ----
END OF MODULE INFORMATION.


C51 COMPILATION COMPLETE.  0 WARNING(S),  0 ERROR(S)
