C51 COMPILER V9.60.7.0   KB                                                                04/01/2024 17:11:18 PAGE 1   


C51 COMPILER V9.60.7.0, COMPILATION OF MODULE KB
OBJECT MODULE PLACED IN .\Objects\kb.obj
COMPILER INVOKED BY: C:\Keil_v5\C51\BIN\C51.EXE ..\Code\kb.c OPTIMIZE(8,SPEED) BROWSE DEBUG OBJECTEXTEND PRINT(.\Listing
                    -s\kb.lst) OBJECT(.\Objects\kb.obj)

line level    source

   1          #include "kb.h"
   2          
   3          extern bdata unsigned char flag;
   4          
   5          static unsigned char keyValue = 255;
   6          //
   7          static void clsC(void) { P42 = 0; P44 = 0; P32 = 1; P33 = 1;}
   8          static void clsR(void) { P42 = 1; P44 = 1; P32 = 0; P33 = 0;}
   9          
  10          unsigned char keyGet(void) {return keyValue;}
  11          void keySet(unsigned char value) {keyValue = value;}
  12          
  13          //
  14          void keyScan(void)
  15          {
  16   1          static unsigned char keyStatus = 0;
  17   1          static unsigned char col = 0;
  18   1      
  19   1          //KeyScan
  20   1          if ((flag & 0x01) == 0)
  21   1              return;
  22   1          flag &= ~0x01;
  23   1      
  24   1          switch(keyStatus)
  25   1          {
  26   2              case 0:
  27   2                  clsR();
  28   2                  if((P42 == 0) || (P44 == 0)){
  29   3                      keyStatus = 1;
  30   3                  }
  31   2                  break;
  32   2              case 1:
  33   2                  clsR();
  34   2                  if(P44 == 0){
  35   3                      col = 1;
  36   3                      keyStatus = 2;
  37   3                  }else if(P42 == 0){
  38   3                      col = 2;
  39   3                      keyStatus = 2;
  40   3                  }else{
  41   3                      keyStatus = 0;
  42   3                  }
  43   2                  break;
  44   2              case 2:
  45   2                  clsC();
  46   2                  keyStatus = 3;
  47   2                  if((P32 == 0) && (col == 1)){
  48   3                      keyValue = 5; 
  49   3                  }else if((P33 == 0) && (col == 1)){
  50   3                      keyValue = 4;
  51   3                  }else if((P32 == 0) && (col == 2)){
  52   3                      keyValue = 9;
  53   3                  }else if((P33 == 0) && (col == 2)){
  54   3                      keyValue = 8;
C51 COMPILER V9.60.7.0   KB                                                                04/01/2024 17:11:18 PAGE 2   

  55   3                  }else{
  56   3                      keyStatus = 0;
  57   3                      col = 0;
  58   3                  }
  59   2                  break;
  60   2              case 3:
  61   2                  clsC();
  62   2                  if((P32 == 1) && (P33 == 1)){
  63   3                      keyStatus = 0;
  64   3                  }
  65   2                  break;
  66   2      
  67   2          }
  68   1      }


MODULE INFORMATION:   STATIC OVERLAYABLE
   CODE SIZE        =    154    ----
   CONSTANT SIZE    =   ----    ----
   XDATA SIZE       =   ----    ----
   PDATA SIZE       =   ----    ----
   DATA SIZE        =      3    ----
   IDATA SIZE       =   ----    ----
   BIT SIZE         =   ----    ----
END OF MODULE INFORMATION.


C51 COMPILATION COMPLETE.  0 WARNING(S),  0 ERROR(S)
