C51 COMPILER V9.60.7.0   MAIN                                                              04/01/2024 17:11:19 PAGE 1   


C51 COMPILER V9.60.7.0, COMPILATION OF MODULE MAIN
OBJECT MODULE PLACED IN .\Objects\main.obj
COMPILER INVOKED BY: C:\Keil_v5\C51\BIN\C51.EXE ..\Code\main.c OPTIMIZE(8,SPEED) BROWSE DEBUG OBJECTEXTEND PRINT(.\Listi
                    -ngs\main.lst) OBJECT(.\Objects\main.obj)

line level    source

   1          #include "main.h"
   2          
   3          void main(void)
   4          {
   5   1          initSysTick();
   6   1          initFrqTimer();
   7   1          buzOff();
   8   1          delay10Ms();
   9   1          rtcInit();
  10   1          // initDAC();
  11   1      
  12   1          while(1){
  13   2              getFrq();
  14   2              keyScan();
  15   2              uiDsp();
  16   2              uiKey();
  17   2              uiLed();
  18   2          }
  19   1      }


MODULE INFORMATION:   STATIC OVERLAYABLE
   CODE SIZE        =     32    ----
   CONSTANT SIZE    =   ----    ----
   XDATA SIZE       =   ----    ----
   PDATA SIZE       =   ----    ----
   DATA SIZE        =   ----    ----
   IDATA SIZE       =   ----    ----
   BIT SIZE         =   ----    ----
END OF MODULE INFORMATION.


C51 COMPILATION COMPLETE.  0 WARNING(S),  0 ERROR(S)
