C51 COMPILER V9.60.7.0   RTC                                                               04/01/2024 17:11:19 PAGE 1   


C51 COMPILER V9.60.7.0, COMPILATION OF MODULE RTC
OBJECT MODULE PLACED IN .\Objects\rtc.obj
COMPILER INVOKED BY: C:\Keil_v5\C51\BIN\C51.EXE ..\Code\rtc.c OPTIMIZE(8,SPEED) BROWSE DEBUG OBJECTEXTEND PRINT(.\Listin
                    -gs\rtc.lst) OBJECT(.\Objects\rtc.obj)

line level    source

   1          #include "rtc.h"
   2          
   3          
   4          code unsigned char w_rtc_address[7]={0x80,0x82,0x84,0x86,0x88,0x8a,0x8c}; //秒分时日月周年
   5          code unsigned char r_rtc_address[7]={0x81,0x83,0x85,0x87,0x89,0x8b,0x8d}; 
   6          
   7          static unsigned char set[6] = {2,3,5,9,5,5};
   8          
   9          //
  10          void rtcGet(unsigned char *rtc)
  11          {
  12   1              unsigned char i, *p;
  13   1              unsigned char tmp[3];
  14   1              
  15   1              p = (unsigned char *)r_rtc_address;     //地址传递
  16   1              
  17   1              for(i=0;i<3;i++){
  18   2                      tmp[i]=Read_Ds1302_Byte(*p);
  19   2                      p++;
  20   2              }
  21   1              
  22   1              rtc[0] = (tmp[2] >> 4);
  23   1              rtc[1] = (tmp[2] & 0x0F);       
  24   1              rtc[2] = (tmp[1] >> 4);
  25   1              rtc[3] = (tmp[1] & 0x0F);
  26   1              rtc[4] = (tmp[0] >> 4);
  27   1              rtc[5] = (tmp[0] & 0x0F);
  28   1      }
  29          
  30          //
  31          void rtcInit(void)
  32          {
  33   1              Write_Ds1302_Byte(0x8E,0X00);
  34   1              
  35   1              Write_Ds1302_Byte(w_rtc_address[0], (set[4]<<4) | (set[5]));
  36   1              Write_Ds1302_Byte(w_rtc_address[1], (set[2]<<4) | (set[3]));
  37   1              Write_Ds1302_Byte(w_rtc_address[2], (set[0]<<4) | (set[1]));
  38   1              
  39   1              Write_Ds1302_Byte(0x8E,0x80);
  40   1      }


MODULE INFORMATION:   STATIC OVERLAYABLE
   CODE SIZE        =    195    ----
   CONSTANT SIZE    =     14    ----
   XDATA SIZE       =   ----    ----
   PDATA SIZE       =   ----    ----
   DATA SIZE        =      6      10
   IDATA SIZE       =   ----    ----
   BIT SIZE         =   ----    ----
END OF MODULE INFORMATION.


C51 COMPILATION COMPLETE.  0 WARNING(S),  0 ERROR(S)
