BL51 BANKED LINKER/LOCATER V6.22.4.0                                                    04/01/2024  20:53:22  PAGE 1


BL51 BANKED LINKER/LOCATER V6.22.4.0, INVOKED BY:
C:\KEIL_V5\C51\BIN\BL51.EXE .\Objects\dac.obj, .\Objects\ds1302.obj, .\Objects\iic.obj, .\Objects\kb.obj, .\Objects\main
>> .obj, .\Objects\rtc.obj, .\Objects\seg.obj, .\Objects\sys.obj, .\Objects\ui.obj TO .\Objects\SCM_15PA PRINT (.\Listin
>> gs\SCM_15PA.m51) RAMSIZE (256)


MEMORY MODEL: SMALL WITH FLOATING POINT ARITHMETIC


INPUT MODULES INCLUDED:
  .\Objects\dac.obj (DAC)
  .\Objects\ds1302.obj (DS1302)
  .\Objects\iic.obj (IIC)
  .\Objects\kb.obj (KB)
  .\Objects\main.obj (MAIN)
  .\Objects\rtc.obj (RTC)
  .\Objects\seg.obj (SEG)
  .\Objects\sys.obj (SYS)
  .\Objects\ui.obj (UI)
  C:\KEIL_V5\C51\LIB\C51FPS.LIB (?C?FPADD)
  C:\KEIL_V5\C51\LIB\C51FPS.LIB (?C?FPMUL)
  C:\KEIL_V5\C51\LIB\C51FPS.LIB (?C?FPDIV)
  C:\KEIL_V5\C51\LIB\C51FPS.LIB (?C?FCAST)
  C:\KEIL_V5\C51\LIB\C51FPS.LIB (?C?CASTF)
  C:\KEIL_V5\C51\LIB\C51FPS.LIB (?C?FPGETOPN)
  C:\KEIL_V5\C51\LIB\C51S.LIB (?C_STARTUP)
  C:\KEIL_V5\C51\LIB\C51S.LIB (?C?CLDPTR)
  C:\KEIL_V5\C51\LIB\C51S.LIB (?C?CSTPTR)
  C:\KEIL_V5\C51\LIB\C51S.LIB (?C?CSTOPTR)
  C:\KEIL_V5\C51\LIB\C51S.LIB (?C?IMUL)
  C:\KEIL_V5\C51\LIB\C51S.LIB (?C?UIDIV)
  C:\KEIL_V5\C51\LIB\C51S.LIB (?C?SIDIV)
  C:\KEIL_V5\C51\LIB\C51S.LIB (?C?LNEG)
  C:\KEIL_V5\C51\LIB\C51S.LIB (?C_INIT)


LINK MAP OF MODULE:  .\Objects\SCM_15PA (DAC)


            TYPE    BASE      LENGTH    RELOCATION   SEGMENT NAME
            -----------------------------------------------------

            * * * * * * *   D A T A   M E M O R Y   * * * * * * *
            REG     0000H     0008H     ABSOLUTE     "REG BANK 0"
            DATA    0008H     0010H     UNIT         ?DT?SYS
            DATA    0018H     0006H     UNIT         ?DT?RTC
                    001EH     0002H                  *** GAP ***
            DATA    0020H     0001H     BIT_ADDR     ?BA?SYS
            DATA    0021H     0019H     UNIT         ?DT?UI
            DATA    003AH     000BH     UNIT         _DATA_GROUP_
            DATA    0045H     0009H     UNIT         ?DT?SEG
            DATA    004EH     0003H     UNIT         ?DT?KB
            IDATA   0051H     0001H     UNIT         ?STACK

            * * * * * * *   C O D E   M E M O R Y   * * * * * * *
            CODE    0000H     0003H     ABSOLUTE     
            CODE    0003H     004CH     UNIT         ?PR?SEGDSP?SEG
            CODE    004FH     0014H     UNIT         ?PR?_WRITE_DS1302_BYTE?DS1302
BL51 BANKED LINKER/LOCATER V6.22.4.0                                                  04/01/2024  20:53:22  PAGE 2


            CODE    0063H     0003H     ABSOLUTE     
            CODE    0066H     0455H     UNIT         ?C?LIB_CODE
            CODE    04BBH     0118H     UNIT         ?PR?_UIRECD?UI
            CODE    05D3H     0108H     UNIT         ?PR?UIKEY?UI
            CODE    06DBH     0104H     UNIT         ?PR?GETFRQ?UI
            CODE    07DFH     0100H     UNIT         ?PR?UIFRQ?UI
            CODE    08DFH     00BEH     UNIT         ?PR?_UIPARA?UI
            CODE    099DH     00B9H     UNIT         ?PR?ISRSYSTICK?SYS
            CODE    0A56H     008CH     UNIT         ?C_C51STARTUP
            CODE    0AE2H     0082H     UNIT         ?PR?KEYSCAN?KB
            CODE    0B64H     0082H     UNIT         ?PR?_RTCGET?RTC
            CODE    0BE6H     004AH     UNIT         ?PR?UILED?UI
            CODE    0C30H     0045H     UNIT         ?C_INITSEG
            CODE    0C75H     0041H     UNIT         ?PR?RTCINIT?RTC
            CODE    0CB6H     0038H     UNIT         ?PR?UIRTC?UI
            CODE    0CEEH     0034H     UNIT         ?PR?_READ_DS1302_BYTE?DS1302
            CODE    0D22H     002CH     UNIT         ?PR?_I2CSENDBYTE?IIC
            CODE    0D4EH     0028H     UNIT         ?PR?UIDSP?UI
            CODE    0D76H     0022H     UNIT         ?PR?CALFRQ?SYS
            CODE    0D98H     0020H     UNIT         ?PR?_SETDAC?DAC
            CODE    0DB8H     0020H     UNIT         ?PR?MAIN?MAIN
            CODE    0DD8H     001DH     UNIT         ?PR?BUZOFF?SYS
            CODE    0DF5H     001AH     UNIT         ?PR?_I2C_DELAY?IIC
            CODE    0E0FH     0013H     UNIT         ?PR?_WRITE_DS1302?DS1302
            CODE    0E22H     0012H     UNIT         ?PR?I2CWAITACK?IIC
            CODE    0E34H     0012H     UNIT         ?CO?SEG
            CODE    0E46H     0012H     UNIT         ?PR?INITSYSTICK?SYS
            CODE    0E58H     0010H     UNIT         ?PR?INITFRQTIMER?SYS
            CODE    0E68H     000FH     UNIT         ?PR?I2CSTART?IIC
            CODE    0E77H     000EH     UNIT         ?CO?RTC
            CODE    0E85H     000CH     UNIT         ?PR?I2CSTOP?IIC
            CODE    0E91H     0009H     UNIT         ?PR?CLSC?KB
            CODE    0E9AH     0009H     UNIT         ?PR?CLSR?KB
            CODE    0EA3H     0009H     UNIT         ?PR?DELAY10MS?SYS
            CODE    0EACH     0007H     UNIT         ?PR?_SETSEGDATA?SEG
            CODE    0EB3H     0003H     UNIT         ?PR?KEYGET?KB
            CODE    0EB6H     0003H     UNIT         ?PR?_KEYSET?KB



OVERLAY MAP OF MODULE:   .\Objects\SCM_15PA (DAC)


SEGMENT                                 DATA_GROUP 
  +--> CALLED SEGMENT                 START    LENGTH
-----------------------------------------------------
?PR?ISRSYSTICK?SYS                    -----    -----
  +--> ?PR?SEGDSP?SEG
  +--> ?PR?CALFRQ?SYS

?PR?SEGDSP?SEG                        -----    -----
  +--> ?CO?SEG

*** NEW ROOT ***************************************************

?C_C51STARTUP                         -----    -----
  +--> ?PR?MAIN?MAIN
BL51 BANKED LINKER/LOCATER V6.22.4.0                                                  04/01/2024  20:53:22  PAGE 3


  +--> ?C_INITSEG

?PR?MAIN?MAIN                         -----    -----
  +--> ?PR?INITSYSTICK?SYS
  +--> ?PR?INITFRQTIMER?SYS
  +--> ?PR?BUZOFF?SYS
  +--> ?PR?DELAY10MS?SYS
  +--> ?PR?RTCINIT?RTC
  +--> ?PR?GETFRQ?UI
  +--> ?PR?KEYSCAN?KB
  +--> ?PR?UIDSP?UI
  +--> ?PR?UIKEY?UI
  +--> ?PR?UILED?UI

?PR?RTCINIT?RTC                       -----    -----
  +--> ?PR?_WRITE_DS1302_BYTE?DS1302
  +--> ?CO?RTC

?PR?_WRITE_DS1302_BYTE?DS1302         -----    -----
  +--> ?PR?_WRITE_DS1302?DS1302

?PR?GETFRQ?UI                         003AH    0001H
  +--> ?PR?_RTCGET?RTC
  +--> ?PR?_SETDAC?DAC

?PR?_RTCGET?RTC                       003BH    000AH
  +--> ?CO?RTC
  +--> ?PR?_READ_DS1302_BYTE?DS1302

?PR?_READ_DS1302_BYTE?DS1302          -----    -----
  +--> ?PR?_WRITE_DS1302?DS1302

?PR?_SETDAC?DAC                       003BH    0001H
  +--> ?PR?I2CSTART?IIC
  +--> ?PR?_I2CSENDBYTE?IIC
  +--> ?PR?I2CWAITACK?IIC
  +--> ?PR?I2CSTOP?IIC

?PR?I2CSTART?IIC                      -----    -----
  +--> ?PR?_I2C_DELAY?IIC

?PR?_I2CSENDBYTE?IIC                  -----    -----
  +--> ?PR?_I2C_DELAY?IIC

?PR?I2CWAITACK?IIC                    -----    -----
  +--> ?PR?_I2C_DELAY?IIC

?PR?I2CSTOP?IIC                       -----    -----
  +--> ?PR?_I2C_DELAY?IIC

?PR?KEYSCAN?KB                        -----    -----
  +--> ?PR?CLSR?KB
  +--> ?PR?CLSC?KB

?PR?UIDSP?UI                          -----    -----
  +--> ?PR?UIFRQ?UI
  +--> ?PR?_UIPARA?UI
BL51 BANKED LINKER/LOCATER V6.22.4.0                                                  04/01/2024  20:53:22  PAGE 4


  +--> ?PR?UIRTC?UI
  +--> ?PR?_UIRECD?UI

?PR?UIFRQ?UI                          -----    -----
  +--> ?PR?_SETSEGDATA?SEG

?PR?_UIPARA?UI                        003AH    0001H
  +--> ?PR?_SETSEGDATA?SEG

?PR?UIRTC?UI                          -----    -----
  +--> ?PR?_SETSEGDATA?SEG

?PR?_UIRECD?UI                        003AH    0001H
  +--> ?PR?_SETSEGDATA?SEG

?PR?UIKEY?UI                          -----    -----
  +--> ?PR?KEYGET?KB
  +--> ?PR?_KEYSET?KB



SYMBOL TABLE OF MODULE:  .\Objects\SCM_15PA (DAC)

  VALUE           TYPE          NAME
  ----------------------------------

  -------         MODULE        DAC
  C:0000H         SYMBOL        _ICE_DUMMY_
  D:0080H         PUBLIC        P0
  D:0090H         PUBLIC        P1
  D:00A0H         PUBLIC        P2
  D:00B0H         PUBLIC        P3
  D:00C0H         PUBLIC        P4
  D:00C8H         PUBLIC        P5
  D:00E8H         PUBLIC        P6
  D:00F8H         PUBLIC        P7
  D:00A8H         PUBLIC        IE
  C:0D98H         PUBLIC        _setDAC
  D:00B8H         PUBLIC        IP
  D:00D8H         PUBLIC        CCON
  D:0098H         PUBLIC        SCON
  D:0088H         PUBLIC        TCON
  D:00D0H         PUBLIC        PSW
  -------         PROC          _SETDAC
  D:003BH         SYMBOL        dat
  C:0D98H         LINE#         18
  C:0D9AH         LINE#         19
  C:0D9AH         LINE#         20
  C:0D9DH         LINE#         21
  C:0DA2H         LINE#         22
  C:0DA5H         LINE#         23
  C:0DAAH         LINE#         24
  C:0DADH         LINE#         26
  C:0DB2H         LINE#         27
  C:0DB5H         LINE#         28
  -------         ENDPROC       _SETDAC
  -------         ENDMOD        DAC
BL51 BANKED LINKER/LOCATER V6.22.4.0                                                  04/01/2024  20:53:22  PAGE 5



  -------         MODULE        DS1302
  C:0000H         SYMBOL        _ICE_DUMMY_
  D:0080H         PUBLIC        P0
  D:0090H         PUBLIC        P1
  D:00A0H         PUBLIC        P2
  D:00B0H         PUBLIC        P3
  D:00C0H         PUBLIC        P4
  D:00C8H         PUBLIC        P5
  D:00E8H         PUBLIC        P6
  D:00F8H         PUBLIC        P7
  D:00A8H         PUBLIC        IE
  D:00B8H         PUBLIC        IP
  D:00D8H         PUBLIC        CCON
  D:0098H         PUBLIC        SCON
  D:0088H         PUBLIC        TCON
  C:0CEEH         PUBLIC        _Read_Ds1302_Byte
  B:00A0H.3       PUBLIC        SDA
  B:0090H.7       PUBLIC        SCK
  C:004FH         PUBLIC        _Write_Ds1302_Byte
  C:0E0FH         PUBLIC        _Write_Ds1302
  B:0090H.3       PUBLIC        RST
  D:00D0H         PUBLIC        PSW
  -------         PROC          _WRITE_DS1302
  D:0007H         SYMBOL        temp
  -------         DO            
  D:0006H         SYMBOL        i
  -------         ENDDO         
  C:0E0FH         LINE#         8
  C:0E0FH         LINE#         9
  C:0E0FH         LINE#         11
  C:0E11H         LINE#         12
  C:0E11H         LINE#         13
  C:0E13H         LINE#         14
  C:0E17H         LINE#         15
  C:0E1BH         LINE#         16
  C:0E1DH         LINE#         17
  C:0E21H         LINE#         18
  -------         ENDPROC       _WRITE_DS1302
  -------         PROC          _WRITE_DS1302_BYTE
  D:0007H         SYMBOL        address
  D:0005H         SYMBOL        dat
  C:004FH         LINE#         21
  C:004FH         LINE#         22
  C:004FH         LINE#         23
  C:0052H         LINE#         24
  C:0055H         LINE#         25
  C:0058H         LINE#         26
  C:005BH         LINE#         27
  C:0060H         LINE#         28
  C:0062H         LINE#         29
  -------         ENDPROC       _WRITE_DS1302_BYTE
  -------         PROC          _READ_DS1302_BYTE
  D:0007H         SYMBOL        address
  -------         DO            
  D:0007H         SYMBOL        i
  D:0005H         SYMBOL        temp
BL51 BANKED LINKER/LOCATER V6.22.4.0                                                  04/01/2024  20:53:22  PAGE 6


  -------         ENDDO         
  C:0CEEH         LINE#         32
  C:0CEEH         LINE#         33
  C:0CEEH         LINE#         34
  C:0CF0H         LINE#         35
  C:0CF3H         LINE#         36
  C:0CF6H         LINE#         37
  C:0CF9H         LINE#         38
  C:0CFCH         LINE#         39
  C:0CFEH         LINE#         40
  C:0CFEH         LINE#         41
  C:0D00H         LINE#         42
  C:0D04H         LINE#         43
  C:0D07H         LINE#         44
  C:0D0AH         LINE#         45
  C:0D0CH         LINE#         46
  C:0D10H         LINE#         47
  C:0D13H         LINE#         48
  C:0D16H         LINE#         49
  C:0D19H         LINE#         50
  C:0D1CH         LINE#         51
  C:0D1FH         LINE#         52
  C:0D21H         LINE#         53
  -------         ENDPROC       _READ_DS1302_BYTE
  -------         ENDMOD        DS1302

  -------         MODULE        IIC
  C:0000H         SYMBOL        _ICE_DUMMY_
  D:0080H         PUBLIC        P0
  D:0090H         PUBLIC        P1
  D:00A0H         PUBLIC        P2
  D:00B0H         PUBLIC        P3
  D:00C0H         PUBLIC        P4
  D:00C8H         PUBLIC        P5
  D:00E8H         PUBLIC        P6
  D:00F8H         PUBLIC        P7
  D:00A8H         PUBLIC        IE
  C:0DF9H         SYMBOL        _I2C_Delay
  D:00B8H         PUBLIC        IP
  D:00D8H         PUBLIC        CCON
  D:0098H         PUBLIC        SCON
  D:0088H         PUBLIC        TCON
  B:00A0H.1       PUBLIC        sda
  B:00A0H.0       PUBLIC        scl
  C:0E68H         PUBLIC        I2CStart
  C:0D22H         PUBLIC        _I2CSendByte
  C:0E22H         PUBLIC        I2CWaitAck
  C:0E85H         PUBLIC        I2CStop
  D:00D0H         PUBLIC        PSW
  C:0DF5H         SYMBOL        L?0015
  -------         PROC          L?0014
  -------         ENDPROC       L?0014
  C:0DF5H         SYMBOL        L?0015
  -------         PROC          _I2C_DELAY
  D:0007H         SYMBOL        n
  C:0DF9H         LINE#         11
  C:0DF9H         LINE#         12
BL51 BANKED LINKER/LOCATER V6.22.4.0                                                  04/01/2024  20:53:22  PAGE 7


  C:0DF9H         LINE#         14
  C:0DF9H         LINE#         15
  C:0DFEH         LINE#         16
  C:0E03H         LINE#         17
  C:0E08H         LINE#         18
  C:0E08H         LINE#         19
  C:0E0EH         LINE#         20
  -------         ENDPROC       _I2C_DELAY
  -------         PROC          I2CSTART
  C:0E68H         LINE#         23
  C:0E68H         LINE#         24
  C:0E68H         LINE#         25
  C:0E6AH         LINE#         26
  C:0E6AH         LINE#         27
  C:0E6DH         LINE#         28
  C:0E6FH         LINE#         29
  C:0E74H         LINE#         30
  C:0E76H         LINE#         31
  -------         ENDPROC       I2CSTART
  -------         PROC          I2CSTOP
  C:0E85H         LINE#         34
  C:0E85H         LINE#         35
  C:0E85H         LINE#         36
  C:0E87H         LINE#         37
  C:0E87H         LINE#         38
  C:0E8AH         LINE#         39
  C:0E8CH         LINE#         40
  -------         ENDPROC       I2CSTOP
  -------         PROC          _I2CSENDBYTE
  D:0005H         SYMBOL        byt
  -------         DO            
  D:0004H         SYMBOL        i
  -------         ENDDO         
  C:0D22H         LINE#         44
  C:0D24H         LINE#         45
  C:0D24H         LINE#         48
  C:0D26H         LINE#         49
  C:0D28H         LINE#         50
  C:0D2DH         LINE#         51
  C:0D31H         LINE#         52
  C:0D33H         LINE#         53
  C:0D35H         LINE#         54
  C:0D35H         LINE#         55
  C:0D37H         LINE#         56
  C:0D37H         LINE#         57
  C:0D3CH         LINE#         58
  C:0D3EH         LINE#         59
  C:0D42H         LINE#         60
  C:0D47H         LINE#         61
  C:0D4BH         LINE#         63
  C:0D4DH         LINE#         64
  -------         ENDPROC       _I2CSENDBYTE
  -------         PROC          I2CWAITACK
  -------         DO            
  D:0005H         SYMBOL        ackbit
  -------         ENDDO         
  C:0E22H         LINE#         67
BL51 BANKED LINKER/LOCATER V6.22.4.0                                                  04/01/2024  20:53:22  PAGE 8


  C:0E22H         LINE#         68
  C:0E22H         LINE#         71
  C:0E22H         LINE#         72
  C:0E25H         LINE#         73
  C:0E2AH         LINE#         74
  C:0E2CH         LINE#         75
  C:0E31H         LINE#         77
  C:0E33H         LINE#         78
  -------         ENDPROC       I2CWAITACK
  -------         ENDMOD        IIC

  -------         MODULE        KB
  C:0000H         SYMBOL        _ICE_DUMMY_
  D:0080H         PUBLIC        P0
  D:0090H         PUBLIC        P1
  D:00A0H         PUBLIC        P2
  D:00B0H         PUBLIC        P3
  D:00C0H         PUBLIC        P4
  D:00C8H         PUBLIC        P5
  D:00E8H         PUBLIC        P6
  C:0E91H         SYMBOL        clsC
  D:00F8H         PUBLIC        P7
  D:00A8H         PUBLIC        IE
  C:0E9AH         SYMBOL        clsR
  D:00B8H         PUBLIC        IP
  D:00D8H         PUBLIC        CCON
  D:0098H         PUBLIC        SCON
  D:0088H         PUBLIC        TCON
  B:00B0H.2       PUBLIC        P32
  B:00C0H.2       PUBLIC        P42
  B:00B0H.3       PUBLIC        P33
  B:00C0H.4       PUBLIC        P44
  D:0050H         SYMBOL        keyValue
  C:0AE2H         PUBLIC        keyScan
  C:0EB3H         PUBLIC        keyGet
  C:0EB6H         PUBLIC        _keySet
  D:00D0H         PUBLIC        PSW
  -------         PROC          CLSC
  C:0E91H         LINE#         7
  -------         ENDPROC       CLSC
  -------         PROC          CLSR
  C:0E9AH         LINE#         8
  -------         ENDPROC       CLSR
  -------         PROC          KEYGET
  C:0EB3H         LINE#         10
  -------         ENDPROC       KEYGET
  -------         PROC          _KEYSET
  D:0007H         SYMBOL        value
  C:0EB6H         LINE#         11
  -------         ENDPROC       _KEYSET
  -------         PROC          KEYSCAN
  -------         DO            
  D:004EH         SYMBOL        keyStatus
  D:004FH         SYMBOL        col
  -------         ENDDO         
  C:0AE2H         LINE#         14
  C:0AE2H         LINE#         15
BL51 BANKED LINKER/LOCATER V6.22.4.0                                                  04/01/2024  20:53:22  PAGE 9


  C:0AE2H         LINE#         20
  C:0AE7H         LINE#         22
  C:0AEAH         LINE#         24
  C:0AF9H         LINE#         25
  C:0AF9H         LINE#         26
  C:0AF9H         LINE#         27
  C:0AFCH         LINE#         28
  C:0B02H         LINE#         29
  C:0B05H         LINE#         30
  C:0B05H         LINE#         31
  C:0B06H         LINE#         32
  C:0B06H         LINE#         33
  C:0B09H         LINE#         34
  C:0B0CH         LINE#         35
  C:0B0FH         LINE#         36
  C:0B0FH         LINE#         37
  C:0B14H         LINE#         38
  C:0B17H         LINE#         39
  C:0B1AH         LINE#         40
  C:0B1BH         LINE#         44
  C:0B1BH         LINE#         45
  C:0B1EH         LINE#         46
  C:0B21H         LINE#         47
  C:0B29H         LINE#         48
  C:0B2CH         LINE#         49
  C:0B35H         LINE#         50
  C:0B38H         LINE#         51
  C:0B41H         LINE#         52
  C:0B44H         LINE#         53
  C:0B4DH         LINE#         54
  C:0B50H         LINE#         55
  C:0B51H         LINE#         56
  C:0B54H         LINE#         57
  C:0B56H         LINE#         58
  C:0B56H         LINE#         59
  C:0B57H         LINE#         60
  C:0B57H         LINE#         61
  C:0B5AH         LINE#         62
  C:0B60H         LINE#         63
  C:0B63H         LINE#         64
  C:0B63H         LINE#         65
  C:0B63H         LINE#         67
  C:0B63H         LINE#         68
  -------         ENDPROC       KEYSCAN
  -------         ENDMOD        KB

  -------         MODULE        MAIN
  C:0000H         SYMBOL        _ICE_DUMMY_
  D:0080H         PUBLIC        P0
  D:0090H         PUBLIC        P1
  D:00A0H         PUBLIC        P2
  D:00B0H         PUBLIC        P3
  D:00C0H         PUBLIC        P4
  D:00C8H         PUBLIC        P5
  D:00E8H         PUBLIC        P6
  D:00F8H         PUBLIC        P7
  D:00A8H         PUBLIC        IE
BL51 BANKED LINKER/LOCATER V6.22.4.0                                                  04/01/2024  20:53:22  PAGE 10


  D:00B8H         PUBLIC        IP
  D:00D8H         PUBLIC        CCON
  C:0DB8H         PUBLIC        main
  D:0098H         PUBLIC        SCON
  D:0088H         PUBLIC        TCON
  D:00D0H         PUBLIC        PSW
  -------         PROC          MAIN
  C:0DB8H         LINE#         3
  C:0DB8H         LINE#         4
  C:0DB8H         LINE#         5
  C:0DBBH         LINE#         6
  C:0DBEH         LINE#         7
  C:0DC1H         LINE#         8
  C:0DC4H         LINE#         9
  C:0DC7H         LINE#         12
  C:0DC7H         LINE#         13
  C:0DCAH         LINE#         14
  C:0DCDH         LINE#         15
  C:0DD0H         LINE#         16
  C:0DD3H         LINE#         17
  C:0DD6H         LINE#         18
  -------         ENDPROC       MAIN
  -------         ENDMOD        MAIN

  -------         MODULE        RTC
  C:0000H         SYMBOL        _ICE_DUMMY_
  D:0080H         PUBLIC        P0
  D:0090H         PUBLIC        P1
  D:00A0H         PUBLIC        P2
  D:00B0H         PUBLIC        P3
  D:00C0H         PUBLIC        P4
  D:00C8H         PUBLIC        P5
  D:00E8H         PUBLIC        P6
  D:00F8H         PUBLIC        P7
  D:00A8H         PUBLIC        IE
  D:00B8H         PUBLIC        IP
  D:00D8H         PUBLIC        CCON
  D:0098H         PUBLIC        SCON
  D:0088H         PUBLIC        TCON
  D:0018H         SYMBOL        set
  C:0C75H         PUBLIC        rtcInit
  C:0E7EH         PUBLIC        r_rtc_address
  C:0B64H         PUBLIC        _rtcGet
  C:0E77H         PUBLIC        w_rtc_address
  D:00D0H         PUBLIC        PSW
  -------         PROC          _RTCGET
  D:003BH         SYMBOL        rtc
  -------         DO            
  D:003EH         SYMBOL        i
  D:003FH         SYMBOL        p
  D:0042H         SYMBOL        tmp
  -------         ENDDO         
  C:0B64H         LINE#         10
  C:0B6AH         LINE#         11
  C:0B6AH         LINE#         15
  C:0B73H         LINE#         17
  C:0B76H         LINE#         18
BL51 BANKED LINKER/LOCATER V6.22.4.0                                                  04/01/2024  20:53:22  PAGE 11


  C:0B8AH         LINE#         19
  C:0B95H         LINE#         20
  C:0B9EH         LINE#         22
  C:0BACH         LINE#         23
  C:0BBCH         LINE#         24
  C:0BC7H         LINE#         25
  C:0BD1H         LINE#         26
  C:0BDCH         LINE#         27
  -------         ENDPROC       _RTCGET
  -------         PROC          RTCINIT
  C:0C75H         LINE#         31
  C:0C75H         LINE#         32
  C:0C75H         LINE#         33
  C:0C7CH         LINE#         35
  C:0C8DH         LINE#         36
  C:0C9EH         LINE#         37
  C:0CAFH         LINE#         39
  -------         ENDPROC       RTCINIT
  -------         ENDMOD        RTC

  -------         MODULE        SEG
  C:0000H         SYMBOL        _ICE_DUMMY_
  D:0080H         PUBLIC        P0
  D:0090H         PUBLIC        P1
  D:00A0H         PUBLIC        P2
  D:00B0H         PUBLIC        P3
  D:00C0H         PUBLIC        P4
  D:00C8H         PUBLIC        P5
  D:00E8H         PUBLIC        P6
  D:00F8H         PUBLIC        P7
  D:00A8H         PUBLIC        IE
  D:00B8H         PUBLIC        IP
  D:00D8H         PUBLIC        CCON
  D:0098H         PUBLIC        SCON
  D:0088H         PUBLIC        TCON
  D:0046H         SYMBOL        segData
  C:0E34H         PUBLIC        segCode
  C:0003H         PUBLIC        segDsp
  C:0EACH         PUBLIC        _setSegData
  D:00D0H         PUBLIC        PSW
  -------         PROC          _SETSEGDATA
  D:0007H         SYMBOL        seg_pos
  D:0005H         SYMBOL        content
  C:0EACH         LINE#         9
  C:0EACH         LINE#         10
  C:0EACH         LINE#         11
  C:0EB2H         LINE#         12
  -------         ENDPROC       _SETSEGDATA
  -------         PROC          SEGDSP
  -------         DO            
  D:0045H         SYMBOL        comBit
  -------         ENDDO         
  C:0003H         LINE#         15
  C:0003H         LINE#         16
  C:0003H         LINE#         17
  C:0003H         LINE#         18
  C:0011H         LINE#         19
BL51 BANKED LINKER/LOCATER V6.22.4.0                                                  04/01/2024  20:53:22  PAGE 12


  C:002BH         LINE#         21
  C:0042H         LINE#         23
  C:004BH         LINE#         24
  C:004EH         LINE#         25
  C:004EH         LINE#         26
  -------         ENDPROC       SEGDSP
  -------         ENDMOD        SEG

  -------         MODULE        SYS
  C:0000H         SYMBOL        _ICE_DUMMY_
  D:0080H         PUBLIC        P0
  D:0090H         PUBLIC        P1
  D:00A0H         PUBLIC        P2
  D:00B0H         PUBLIC        P3
  D:00C0H         PUBLIC        P4
  D:00C8H         PUBLIC        P5
  C:0E46H         PUBLIC        initSysTick
  B:00A8H.7       PUBLIC        EA
  D:00E8H         PUBLIC        P6
  D:00F8H         PUBLIC        P7
  D:00A8H         PUBLIC        IE
  D:00B8H         PUBLIC        IP
  D:0020H         PUBLIC        flag
  C:099DH         PUBLIC        isrSysTick
  D:00D8H         PUBLIC        CCON
  D:0098H         PUBLIC        SCON
  C:0EA3H         PUBLIC        delay10Ms
  D:0089H         PUBLIC        TMOD
  D:0088H         PUBLIC        TCON
  D:00AFH         PUBLIC        IE2
  D:008EH         PUBLIC        AUXR
  D:0008H         PUBLIC        frq
  B:0088H.5       PUBLIC        TF0
  D:008CH         PUBLIC        TH0
  D:00D6H         PUBLIC        T2H
  D:008AH         PUBLIC        TL0
  D:00D7H         PUBLIC        T2L
  B:0088H.4       PUBLIC        TR0
  C:0D76H         PUBLIC        calFrq
  D:000AH         SYMBOL        ms
  C:0E58H         PUBLIC        initFrqTimer
  C:0DD8H         PUBLIC        buzOff
  D:00D0H         PUBLIC        PSW
  -------         PROC          BUZOFF
  C:0DD8H         LINE#         11
  C:0DD8H         LINE#         12
  C:0DD8H         LINE#         13
  C:0DE6H         LINE#         14
  C:0DF4H         LINE#         15
  -------         ENDPROC       BUZOFF
  -------         PROC          DELAY10MS
  -------         DO            
  D:0007H         SYMBOL        i
  D:0006H         SYMBOL        j
  -------         ENDDO         
  C:0EA3H         LINE#         17
  C:0EA3H         LINE#         18
BL51 BANKED LINKER/LOCATER V6.22.4.0                                                  04/01/2024  20:53:22  PAGE 13


  C:0EA3H         LINE#         21
  C:0EA5H         LINE#         22
  C:0EA7H         LINE#         24
  C:0EA7H         LINE#         25
  C:0EA9H         LINE#         26
  C:0EABH         LINE#         27
  -------         ENDPROC       DELAY10MS
  -------         PROC          INITFRQTIMER
  C:0E58H         LINE#         30
  C:0E58H         LINE#         31
  C:0E58H         LINE#         32
  C:0E5BH         LINE#         34
  C:0E5EH         LINE#         35
  C:0E61H         LINE#         36
  C:0E63H         LINE#         37
  C:0E65H         LINE#         38
  C:0E67H         LINE#         39
  -------         ENDPROC       INITFRQTIMER
  -------         PROC          CALFRQ
  C:0D76H         LINE#         41
  C:0D76H         LINE#         42
  C:0D76H         LINE#         44
  C:0D78H         LINE#         45
  C:0D82H         LINE#         46
  C:0D90H         LINE#         48
  C:0D93H         LINE#         49
  C:0D95H         LINE#         50
  C:0D97H         LINE#         51
  -------         ENDPROC       CALFRQ
  -------         PROC          INITSYSTICK
  C:0E46H         LINE#         54
  C:0E46H         LINE#         55
  C:0E46H         LINE#         56
  C:0E49H         LINE#         57
  C:0E4CH         LINE#         58
  C:0E4FH         LINE#         59
  C:0E52H         LINE#         60
  C:0E55H         LINE#         61
  C:0E57H         LINE#         62
  -------         ENDPROC       INITSYSTICK
  -------         PROC          ISRSYSTICK
  C:099DH         LINE#         65
  C:09BAH         LINE#         67
  C:09BDH         LINE#         70
  C:09CBH         LINE#         71
  C:09D2H         LINE#         72
  C:09D2H         LINE#         74
  C:09E0H         LINE#         75
  C:09E7H         LINE#         76
  C:09E7H         LINE#         78
  C:09F5H         LINE#         79
  C:09FCH         LINE#         80
  C:09FCH         LINE#         82
  C:0A0AH         LINE#         83
  C:0A11H         LINE#         84
  C:0A11H         LINE#         86
  C:0A1FH         LINE#         87
BL51 BANKED LINKER/LOCATER V6.22.4.0                                                  04/01/2024  20:53:22  PAGE 14


  C:0A23H         LINE#         88
  C:0A26H         LINE#         89
  C:0A26H         LINE#         91
  C:0A34H         LINE#         92
  C:0A3BH         LINE#         93
  C:0A3BH         LINE#         94
  -------         ENDPROC       ISRSYSTICK
  -------         ENDMOD        SYS

  -------         MODULE        UI
  C:0000H         SYMBOL        _ICE_DUMMY_
  D:0080H         PUBLIC        P0
  D:0090H         PUBLIC        P1
  D:00A0H         PUBLIC        P2
  D:00B0H         PUBLIC        P3
  D:00C0H         PUBLIC        P4
  D:0021H         SYMBOL        frqMaxTime
  D:00C8H         PUBLIC        P5
  D:00E8H         PUBLIC        P6
  D:00F8H         PUBLIC        P7
  C:0D4EH         PUBLIC        uiDsp
  C:05D3H         PUBLIC        uiKey
  C:07DFH         PUBLIC        uiFrq
  D:00A8H         PUBLIC        IE
  D:0027H         SYMBOL        paraOffset
  D:00B8H         PUBLIC        IP
  D:00D8H         PUBLIC        CCON
  D:0098H         PUBLIC        SCON
  D:0088H         PUBLIC        TCON
  D:0029H         SYMBOL        led
  D:002AH         SYMBOL        frq_adjust
  C:0CB6H         PUBLIC        uiRTC
  D:002CH         SYMBOL        paraMax
  D:002EH         PUBLIC        frq_error_flag
  D:002FH         SYMBOL        uiIndex
  D:0030H         SYMBOL        uiRecdIndex
  D:0031H         SYMBOL        rtcTime
  C:04BBH         PUBLIC        _uiRecd
  D:0037H         SYMBOL        uiParaIndex
  C:08DFH         PUBLIC        _uiPara
  C:06DBH         PUBLIC        getFrq
  D:0038H         SYMBOL        frqMax
  C:0BE6H         PUBLIC        uiLed
  D:00D0H         PUBLIC        PSW
  -------         PROC          GETFRQ
  -------         DO            
  D:003AH         SYMBOL        dac_val
  -------         ENDDO         
  C:06DBH         LINE#         20
  C:06DBH         LINE#         21
  C:06DBH         LINE#         22
  C:06DEH         LINE#         24
  C:06E6H         LINE#         26
  C:06E9H         LINE#         28
  C:06F2H         LINE#         30
  C:06FEH         LINE#         31
  C:0701H         LINE#         33
BL51 BANKED LINKER/LOCATER V6.22.4.0                                                  04/01/2024  20:53:22  PAGE 15


  C:070AH         LINE#         34
  C:071CH         LINE#         35
  C:071FH         LINE#         36
  C:071FH         LINE#         37
  C:071FH         LINE#         40
  C:0726H         LINE#         43
  C:0731H         LINE#         44
  C:0737H         LINE#         45
  C:073AH         LINE#         46
  C:073DH         LINE#         47
  C:0740H         LINE#         48
  C:0743H         LINE#         49
  C:0746H         LINE#         50
  C:0749H         LINE#         51
  C:0749H         LINE#         54
  C:0754H         LINE#         55
  C:0756H         LINE#         56
  C:076FH         LINE#         59
  C:07D3H         LINE#         60
  C:07D3H         LINE#         62
  C:07D5H         LINE#         63
  C:07D7H         LINE#         64
  C:07D7H         LINE#         65
  C:07D9H         LINE#         66
  C:07DEH         LINE#         67
  C:07DEH         LINE#         68
  -------         ENDPROC       GETFRQ
  -------         PROC          _UIRECD
  D:003AH         SYMBOL        recd_num
  C:04BBH         LINE#         71
  C:04BDH         LINE#         72
  C:04BDH         LINE#         73
  C:04C4H         LINE#         75
  C:04CDH         LINE#         77
  C:04D4H         LINE#         78
  C:04DBH         LINE#         79
  C:04FEH         LINE#         80
  C:052EH         LINE#         81
  C:055EH         LINE#         82
  C:058EH         LINE#         83
  C:0599H         LINE#         84
  C:05A1H         LINE#         86
  C:05A8H         LINE#         87
  C:05AFH         LINE#         88
  C:05B6H         LINE#         89
  C:05BDH         LINE#         90
  C:05C4H         LINE#         91
  C:05CBH         LINE#         92
  C:05D2H         LINE#         93
  C:05D2H         LINE#         94
  -------         ENDPROC       _UIRECD
  -------         PROC          UIFRQ
  C:07DFH         LINE#         97
  C:07DFH         LINE#         98
  C:07DFH         LINE#         99
  C:07E6H         LINE#         100
  C:07EDH         LINE#         101
BL51 BANKED LINKER/LOCATER V6.22.4.0                                                  04/01/2024  20:53:22  PAGE 16


  C:07F4H         LINE#         103
  C:07FAH         LINE#         104
  C:0801H         LINE#         105
  C:0808H         LINE#         106
  C:080FH         LINE#         107
  C:0816H         LINE#         108
  C:0818H         LINE#         110
  C:081BH         LINE#         111
  C:083EH         LINE#         112
  C:086EH         LINE#         113
  C:089EH         LINE#         114
  C:08CEH         LINE#         115
  C:08DEH         LINE#         116
  C:08DEH         LINE#         117
  -------         ENDPROC       UIFRQ
  -------         PROC          UIRTC
  C:0CB6H         LINE#         120
  C:0CB6H         LINE#         121
  C:0CB6H         LINE#         123
  C:0CBDH         LINE#         124
  C:0CC4H         LINE#         125
  C:0CCBH         LINE#         126
  C:0CD2H         LINE#         127
  C:0CD9H         LINE#         128
  C:0CE0H         LINE#         129
  C:0CE7H         LINE#         130
  -------         ENDPROC       UIRTC
  -------         PROC          _UIPARA
  D:003AH         SYMBOL        para_num
  C:08DFH         LINE#         134
  C:08E1H         LINE#         135
  C:08E1H         LINE#         136
  C:08E8H         LINE#         137
  C:08EFH         LINE#         138
  C:08F6H         LINE#         139
  C:08FDH         LINE#         141
  C:0903H         LINE#         142
  C:0915H         LINE#         143
  C:091CH         LINE#         144
  C:0923H         LINE#         145
  C:0923H         LINE#         146
  C:092BH         LINE#         147
  C:0938H         LINE#         149
  C:093FH         LINE#         150
  C:0951H         LINE#         151
  C:0953H         LINE#         152
  C:095EH         LINE#         154
  C:0965H         LINE#         155
  C:097CH         LINE#         156
  C:097EH         LINE#         157
  C:0980H         LINE#         158
  C:0987H         LINE#         159
  C:098EH         LINE#         160
  C:0995H         LINE#         161
  C:0995H         LINE#         163
  C:099CH         LINE#         164
  C:099CH         LINE#         165
BL51 BANKED LINKER/LOCATER V6.22.4.0                                                  04/01/2024  20:53:22  PAGE 17


  -------         ENDPROC       _UIPARA
  -------         PROC          UIDSP
  C:0D4EH         LINE#         169
  C:0D4EH         LINE#         170
  C:0D4EH         LINE#         172
  C:0D53H         LINE#         174
  C:0D56H         LINE#         176
  C:0D65H         LINE#         177
  C:0D65H         LINE#         178
  C:0D68H         LINE#         179
  C:0D68H         LINE#         180
  C:0D68H         LINE#         181
  C:0D6DH         LINE#         182
  C:0D6DH         LINE#         183
  C:0D6DH         LINE#         184
  C:0D70H         LINE#         185
  C:0D70H         LINE#         186
  C:0D70H         LINE#         187
  C:0D75H         LINE#         188
  C:0D75H         LINE#         189
  C:0D75H         LINE#         190
  -------         ENDPROC       UIDSP
  -------         PROC          UILED
  C:0BE6H         LINE#         193
  C:0BE6H         LINE#         194
  C:0BE6H         LINE#         196
  C:0BEBH         LINE#         198
  C:0BEEH         LINE#         201
  C:0BF2H         LINE#         202
  C:0BF5H         LINE#         203
  C:0BF7H         LINE#         204
  C:0BFAH         LINE#         205
  C:0BFAH         LINE#         208
  C:0C09H         LINE#         209
  C:0C0CH         LINE#         210
  C:0C0EH         LINE#         211
  C:0C19H         LINE#         212
  C:0C1CH         LINE#         213
  C:0C1EH         LINE#         214
  C:0C21H         LINE#         215
  C:0C21H         LINE#         216
  C:0C21H         LINE#         217
  C:0C2FH         LINE#         218
  -------         ENDPROC       UILED
  -------         PROC          UIKEY
  C:05D3H         LINE#         221
  C:05D3H         LINE#         222
  C:05D3H         LINE#         223
  C:05D9H         LINE#         224
  C:05DEH         LINE#         225
  C:05E7H         LINE#         226
  C:05EAH         LINE#         227
  C:05EAH         LINE#         228
  C:05EFH         LINE#         230
  C:05F2H         LINE#         231
  C:05F2H         LINE#         232
  C:05FBH         LINE#         234
BL51 BANKED LINKER/LOCATER V6.22.4.0                                                  04/01/2024  20:53:22  PAGE 18


  C:05FBH         LINE#         235
  C:05FBH         LINE#         236
  C:0605H         LINE#         237
  C:060AH         LINE#         238
  C:060FH         LINE#         239
  C:0616H         LINE#         240
  C:0619H         LINE#         241
  C:0619H         LINE#         242
  C:0619H         LINE#         243
  C:0622H         LINE#         244
  C:062DH         LINE#         245
  C:0630H         LINE#         246
  C:0630H         LINE#         247
  C:0630H         LINE#         248
  C:0639H         LINE#         249
  C:063EH         LINE#         250
  C:0647H         LINE#         252
  C:064CH         LINE#         253
  C:0658H         LINE#         254
  C:0662H         LINE#         255
  C:0668H         LINE#         256
  C:0668H         LINE#         257
  C:0668H         LINE#         259
  C:066EH         LINE#         260
  C:0679H         LINE#         261
  C:0685H         LINE#         262
  C:068BH         LINE#         263
  C:068BH         LINE#         264
  C:068BH         LINE#         265
  C:068BH         LINE#         266
  C:0694H         LINE#         267
  C:0699H         LINE#         268
  C:069EH         LINE#         270
  C:06A3H         LINE#         271
  C:06AFH         LINE#         272
  C:06B3H         LINE#         273
  C:06B9H         LINE#         274
  C:06B9H         LINE#         275
  C:06B9H         LINE#         277
  C:06BEH         LINE#         278
  C:06CAH         LINE#         279
  C:06D4H         LINE#         280
  C:06DAH         LINE#         281
  C:06DAH         LINE#         282
  C:06DAH         LINE#         283
  C:06DAH         LINE#         284
  C:06DAH         LINE#         285
  -------         ENDPROC       UIKEY
  -------         ENDMOD        UI

  -------         MODULE        ?C?FPADD
  C:006DH         PUBLIC        ?C?FPADD
  C:0069H         PUBLIC        ?C?FPSUB
  -------         ENDMOD        ?C?FPADD

  -------         MODULE        ?C?FPMUL
  C:015EH         PUBLIC        ?C?FPMUL
BL51 BANKED LINKER/LOCATER V6.22.4.0                                                  04/01/2024  20:53:22  PAGE 19


  -------         ENDMOD        ?C?FPMUL

  -------         MODULE        ?C?FPDIV
  C:0267H         PUBLIC        ?C?FPDIV
  -------         ENDMOD        ?C?FPDIV

  -------         MODULE        ?C?FCAST
  C:030EH         PUBLIC        ?C?FCASTC
  C:0309H         PUBLIC        ?C?FCASTI
  C:0304H         PUBLIC        ?C?FCASTL
  -------         ENDMOD        ?C?FCAST

  -------         MODULE        ?C?CASTF
  C:0342H         PUBLIC        ?C?CASTF
  -------         ENDMOD        ?C?CASTF

  -------         MODULE        ?C?CLDPTR
  C:03C3H         PUBLIC        ?C?CLDPTR
  -------         ENDMOD        ?C?CLDPTR

  -------         MODULE        ?C?CSTPTR
  C:03DCH         PUBLIC        ?C?CSTPTR
  -------         ENDMOD        ?C?CSTPTR

  -------         MODULE        ?C?CSTOPTR
  C:03EEH         PUBLIC        ?C?CSTOPTR
  -------         ENDMOD        ?C?CSTOPTR

  -------         MODULE        ?C?IMUL
  C:0410H         PUBLIC        ?C?IMUL
  -------         ENDMOD        ?C?IMUL

  -------         MODULE        ?C?UIDIV
  C:0422H         PUBLIC        ?C?UIDIV
  -------         ENDMOD        ?C?UIDIV

  -------         MODULE        ?C?SIDIV
  C:0477H         PUBLIC        ?C?SIDIV
  -------         ENDMOD        ?C?SIDIV

  -------         MODULE        ?C?LNEG
  C:04ADH         PUBLIC        ?C?LNEG
  -------         ENDMOD        ?C?LNEG

Program Size: data=80.0 xdata=0 code=3769
LINK/LOCATE RUN COMPLETE.  0 WARNING(S),  0 ERROR(S)
