C51 COMPILER V9.60.7.0   SEG                                                               04/01/2024 17:11:19 PAGE 1   


C51 COMPILER V9.60.7.0, COMPILATION OF MODULE SEG
OBJECT MODULE PLACED IN .\Objects\seg.obj
COMPILER INVOKED BY: C:\Keil_v5\C51\BIN\C51.EXE ..\Code\seg.c OPTIMIZE(8,SPEED) BROWSE DEBUG OBJECTEXTEND PRINT(.\Listin
                    -gs\seg.lst) OBJECT(.\Objects\seg.obj)

line level    source

   1          #include "seg.h"
   2          
   3          
   4          //0123456789-OFF-E                                                                                
   5          code unsigned char segCode[] = {0xc0,0xf9,0xa4,0xb0,0x99,0x92,0x82,0xf8,0x80,0x90,0xff,0xC1,0xbf,0x8c,0xC7
             -,0x88, 0x8E,0x89};
   6          static unsigned char segData[8] = {1,2,3,4,5,6,7,8};
   7          
   8          //
   9          void setSegData(unsigned char seg_pos, unsigned char content)
  10          {
  11   1          segData[seg_pos] = content;
  12   1      }
  13          
  14          //
  15          void segDsp(void)
  16          {
  17   1          static unsigned char comBit = 0;
  18   1          SEG(0xFF);
  19   1          COM(1 << comBit);
  20   1      
  21   1          SEG(segCode[segData[comBit]]);
  22   1      
  23   1          if(++comBit >= 8){
  24   2              comBit = 0;
  25   2          }
  26   1      }


MODULE INFORMATION:   STATIC OVERLAYABLE
   CODE SIZE        =     83    ----
   CONSTANT SIZE    =     18    ----
   XDATA SIZE       =   ----    ----
   PDATA SIZE       =   ----    ----
   DATA SIZE        =      9    ----
   IDATA SIZE       =   ----    ----
   BIT SIZE         =   ----    ----
END OF MODULE INFORMATION.


C51 COMPILATION COMPLETE.  0 WARNING(S),  0 ERROR(S)
