C51 COMPILER V9.60.7.0   APPLED                                                            01/20/2026 21:19:08 PAGE 1   


C51 COMPILER V9.60.7.0, COMPILATION OF MODULE APPLED
OBJECT MODULE PLACED IN .\Objects\appled.obj
COMPILER INVOKED BY: C:\Program Files (x86)\keil\C51\BIN\C51.EXE appled.c OPTIMIZE(8,SPEED) BROWSE DEBUG OBJECTEXTEND PR
                    -INT(.\Listings\appled.lst) TABS(2) OBJECT(.\Objects\appled.obj)

line level    source

   1          #include "appled.h"
   2          
   3          void appled_main()
   4          {
   5   1        uint8 mode = 1;
   6   1        uint8 key_temp;
   7   1        uint8 tick = 0;
   8   1        
   9   1        seg_set0();
  10   1        while(1)
  11   1        {
  12   2          key_temp = key_get();
  13   2          if (key_temp == 6 ){mode += 1;if(mode == 10){mode = 1;}}    
  14   2          if (key_temp == 7 ){mode -= 1;if(mode == 0){mode = 9;}}
  15   2          if (key_temp == 4 ){break;}   
  16   2          
  17   2          seg_set(7,mode);
  18   2          
  19   2          switch(mode)
  20   2          {
  21   3            case 1:
  22   3            {
  23   4            seg_set(0,16);seg_set(1,16);led_set(0,1);led_set(1,1);led_set(2,1);led_set(3,1);led_set(4,1);led_set(5,
             -1);led_set(6,1);led_set(7,1);
  24   4            }break;
  25   3            case 2:
  26   3            {
  27   4            seg_set(0,16);seg_set(1,16);led_set(0,1);led_set(1,0);led_set(2,1);led_set(3,0);led_set(4,1);led_set(5,
             -0);led_set(6,1);led_set(7,0);
  28   4            }break;
  29   3            case 3:
  30   3            {
  31   4            seg_set(0,16);seg_set(1,16);
  32   4            if(tick<8)
  33   4            {
  34   5              led_set(tick,1);tick++;
  35   5              sys_sleep_100ms();
  36   5            }
  37   4            if(tick>=8)
  38   4            { 
  39   5              led_set(tick-8,0);tick++;
  40   5              sys_sleep_100ms();
  41   5            }
  42   4            if(tick == 16)
  43   4            {
  44   5              tick=0;sys_sleep_100ms();
  45   5            }
  46   4            }break;
  47   3            default:{led_set0();seg_set(0, 22);seg_set(1, 0);seg_set(2, 16);seg_set(3, 16);seg_set(4,16);seg_set(5,
             - 16);seg_set(6, 16);}     
  48   3          }
  49   2          
  50   2        
  51   2        }
C51 COMPILER V9.60.7.0   APPLED                                                            01/20/2026 21:19:08 PAGE 2   

  52   1      }


MODULE INFORMATION:   STATIC OVERLAYABLE
   CODE SIZE        =    336    ----
   CONSTANT SIZE    =   ----    ----
   XDATA SIZE       =   ----    ----
   PDATA SIZE       =   ----    ----
   DATA SIZE        =   ----       2
   IDATA SIZE       =   ----    ----
   BIT SIZE         =   ----    ----
END OF MODULE INFORMATION.


C51 COMPILATION COMPLETE.  0 WARNING(S),  0 ERROR(S)
