C51 COMPILER V9.60.7.0   I2C                                                               03/26/2026 18:30:39 PAGE 1   


C51 COMPILER V9.60.7.0, COMPILATION OF MODULE I2C
OBJECT MODULE PLACED IN .\Objects\i2c.obj
COMPILER INVOKED BY: C:\Program Files (x86)\keil\C51\BIN\C51.EXE i2c.c OPTIMIZE(8,SPEED) BROWSE DEBUG OBJECTEXTEND PRINT
                    -(.\Listings\i2c.lst) TABS(2) OBJECT(.\Objects\i2c.obj)

line level    source

   1          #include "i2c.h"
   2          
   3          
   4          #define DELAY_TIME  10
   5          
   6          //
   7          static void I2C_Delay(unsigned char n)
   8          {
   9   1          do
  10   1          {
  11   2              _nop_();_nop_();_nop_();_nop_();_nop_();
  12   2              _nop_();_nop_();_nop_();_nop_();_nop_();
  13   2              _nop_();_nop_();_nop_();_nop_();_nop_();    
  14   2          }
  15   1          while(n--);       
  16   1      }
  17          
  18          //
  19          void I2CStart(void)
  20          {
  21   1          sda = 1;
  22   1          scl = 1;
  23   1        I2C_Delay(DELAY_TIME);
  24   1          sda = 0;
  25   1        I2C_Delay(DELAY_TIME);
  26   1          scl = 0;    
  27   1      }
  28          
  29          //
  30          void I2CStop(void)
  31          {
  32   1          sda = 0;
  33   1          scl = 1;
  34   1        I2C_Delay(DELAY_TIME);
  35   1          sda = 1;
  36   1        I2C_Delay(DELAY_TIME);
  37   1      }
  38          
  39          //
  40          void I2CSendByte(unsigned char byt)
  41          {
  42   1          unsigned char i;
  43   1        
  44   1          for(i=0; i<8; i++){
  45   2              scl = 0;
  46   2          I2C_Delay(DELAY_TIME);
  47   2              if(byt & 0x80){
  48   3                  sda = 1;
  49   3              }
  50   2              else{
  51   3                  sda = 0;
  52   3              }
  53   2          I2C_Delay(DELAY_TIME);
  54   2              scl = 1;
C51 COMPILER V9.60.7.0   I2C                                                               03/26/2026 18:30:39 PAGE 2   

  55   2              byt <<= 1;
  56   2          I2C_Delay(DELAY_TIME);
  57   2          }
  58   1        
  59   1          scl = 0;  
  60   1      }
  61          
  62          //
  63          unsigned char I2CReceiveByte(void)
  64          {
  65   1        unsigned char da;
  66   1        unsigned char i;
  67   1        for(i=0;i<8;i++){   
  68   2          scl = 1;
  69   2          I2C_Delay(DELAY_TIME);
  70   2          da <<= 1;
  71   2          if(sda) 
  72   2            da |= 0x01;
  73   2          scl = 0;
  74   2          I2C_Delay(DELAY_TIME);
  75   2        }
  76   1        return da;    
  77   1      }
  78          
  79          //
  80          unsigned char I2CWaitAck(void)
  81          {
  82   1        unsigned char ackbit;
  83   1        
  84   1          scl = 1;
  85   1        I2C_Delay(DELAY_TIME);
  86   1          ackbit = sda; 
  87   1          scl = 0;
  88   1        I2C_Delay(DELAY_TIME);
  89   1        
  90   1        return ackbit;
  91   1      }
  92          
  93          //
  94          void I2CSendAck(unsigned char ackbit)
  95          {
  96   1          scl = 0;
  97   1          sda = ackbit; 
  98   1        I2C_Delay(DELAY_TIME);
  99   1          scl = 1;
 100   1        I2C_Delay(DELAY_TIME);
 101   1          scl = 0; 
 102   1        sda = 1;
 103   1        I2C_Delay(DELAY_TIME);
 104   1      }
 105          
 106          u8 adc_get()
 107          {
 108   1          u8 date;
 109   1          I2CStart();
 110   1          I2CSendByte(0x90);
 111   1          I2CWaitAck();
 112   1      
 113   1          I2CSendByte(0x01);
 114   1          I2CWaitAck();
 115   1          I2CStop();
 116   1      
C51 COMPILER V9.60.7.0   I2C                                                               03/26/2026 18:30:39 PAGE 3   

 117   1          I2CStart();
 118   1          I2CSendByte(0x91);
 119   1          I2CWaitAck();
 120   1      
 121   1          date = I2CReceiveByte();
 122   1          I2CSendAck(1);
 123   1          I2CStop();
 124   1          return date;
 125   1      
 126   1      
 127   1      
 128   1      }


MODULE INFORMATION:   STATIC OVERLAYABLE
   CODE SIZE        =    214    ----
   CONSTANT SIZE    =   ----    ----
   XDATA SIZE       =   ----    ----
   PDATA SIZE       =   ----    ----
   DATA SIZE        =   ----    ----
   IDATA SIZE       =   ----    ----
   BIT SIZE         =   ----    ----
END OF MODULE INFORMATION.


C51 COMPILATION COMPLETE.  0 WARNING(S),  0 ERROR(S)
