C51 COMPILER V9.60.7.0   KEY                                                               03/26/2026 18:30:38 PAGE 1   


C51 COMPILER V9.60.7.0, COMPILATION OF MODULE KEY
OBJECT MODULE PLACED IN .\Objects\key.obj
COMPILER INVOKED BY: C:\Program Files (x86)\keil\C51\BIN\C51.EXE key.c OPTIMIZE(8,SPEED) BROWSE DEBUG OBJECTEXTEND PRINT
                    -(.\Listings\key.lst) TABS(2) OBJECT(.\Objects\key.obj)

line level    source

   1          #include "key.h"
   2          
   3          
   4          u8 key_scan()
   5          {
   6   1          static u8 state, value, i;
   7   1          u8 press = 0xFF, temp = 99;
   8   1          P3 = 0x0F;
   9   1          P42 = 0;
  10   1          P44 = 0;
  11   1          P36 = P42;
  12   1          P37 = P44;
  13   1      
  14   1          press = P3 & 0x0F;
  15   1      
  16   1          switch (state) {
  17   2              case 0:
  18   2              {
  19   3                  if (press != 0x0F) {
  20   4                      state = 1;
  21   4                  }
  22   3              }
  23   2              break;
  24   2      
  25   2              case 1:
  26   2              {
  27   3                  if (press == 0x0F) {
  28   4                      state = 0;
  29   4                  } else {
  30   4                      P3 = press | 0xF0;
  31   4                      P42 = 1; P44 = 1;
  32   4                      P36 = P42; P37 = P44;
  33   4      
  34   4                      press = P3;
  35   4                      state = 2;
  36   4      
  37   4                      switch (press) {
  38   5                          case 0x77: value = 4; break;
  39   5                          case 0x7b: value = 5; break;
  40   5                          case 0xb7: value = 8; break;
  41   5                          case 0xbb: value = 9; break;
  42   5                          default: state = 0;
  43   5                      }
  44   4      
  45   4                  }
  46   3              }
  47   2              break;
  48   2      
  49   2              case 2:
  50   2              {
  51   3                  if (press != 0x0F) {
  52   4                      i++;
  53   4                      if (i > 100) {
  54   5                          i = 0;
C51 COMPILER V9.60.7.0   KEY                                                               03/26/2026 18:30:38 PAGE 2   

  55   5                          state = 3;
  56   5                      }
  57   4                  } else {
  58   4                      state = 0;
  59   4                      temp = value;
  60   4                      value = 0;
  61   4                      i = 0;
  62   4                  }
  63   3              }
  64   2              break;
  65   2      
  66   2              case 3:
  67   2              {
  68   3                  if (press == 0x0F) {
  69   4                      state = 0;
  70   4                      temp = value + 20;
  71   4                      value = 0;
  72   4                  }
  73   3              }
  74   2              break;
  75   2      
  76   2          }
  77   1          
  78   1          return temp;
  79   1      }


MODULE INFORMATION:   STATIC OVERLAYABLE
   CODE SIZE        =    191    ----
   CONSTANT SIZE    =   ----    ----
   XDATA SIZE       =   ----    ----
   PDATA SIZE       =   ----    ----
   DATA SIZE        =      3       2
   IDATA SIZE       =   ----    ----
   BIT SIZE         =   ----    ----
END OF MODULE INFORMATION.


C51 COMPILATION COMPLETE.  0 WARNING(S),  0 ERROR(S)
