C51 COMPILER V9.60.7.0   LED                                                               03/26/2026 18:30:38 PAGE 1   


C51 COMPILER V9.60.7.0, COMPILATION OF MODULE LED
OBJECT MODULE PLACED IN .\Objects\led.obj
COMPILER INVOKED BY: C:\Program Files (x86)\keil\C51\BIN\C51.EXE led.c OPTIMIZE(8,SPEED) BROWSE DEBUG OBJECTEXTEND PRINT
                    -(.\Listings\led.lst) TABS(2) OBJECT(.\Objects\led.obj)

line level    source

   1          #include "led.h"
   2          
   3          u8 led_ram[8] = {0, 0, 0, 0, 0, 0, 0, 0};
   4          
   5          void led_run()
   6          {
   7   1        static u8 led_tick = 0;
   8   1        static u8 led_last = 0x00;
   9   1        static u8 led_temp = 0x00;
  10   1        
  11   1        if(led_ram[led_tick])
  12   1        {
  13   2          led_temp = led_temp | (0x01<<led_tick++);
  14   2        }else
  15   1        {
  16   2          led_temp = led_temp & ~(0x01<<led_tick++);
  17   2        }
  18   1        
  19   1        if(led_tick >= 8){led_tick = 0;}
  20   1        
  21   1        if(led_last != led_temp)
  22   1        {
  23   2          sys_decoder(4);
  24   2          P0 = ~led_temp;
  25   2          sys_decoder(0);
  26   2          led_last = led_temp;
  27   2        } 
  28   1      }
  29          
  30          void led_set(u8 position, bit value)
  31          {
  32   1        led_ram[position] = value;
  33   1      }


MODULE INFORMATION:   STATIC OVERLAYABLE
   CODE SIZE        =     92    ----
   CONSTANT SIZE    =   ----    ----
   XDATA SIZE       =   ----    ----
   PDATA SIZE       =   ----    ----
   DATA SIZE        =     11    ----
   IDATA SIZE       =   ----    ----
   BIT SIZE         =   ----       1
END OF MODULE INFORMATION.


C51 COMPILATION COMPLETE.  0 WARNING(S),  0 ERROR(S)
