C51 COMPILER V9.60.7.0   MAIN                                                              03/26/2026 18:30:38 PAGE 1   


C51 COMPILER V9.60.7.0, COMPILATION OF MODULE MAIN
OBJECT MODULE PLACED IN .\Objects\main.obj
COMPILER INVOKED BY: C:\Program Files (x86)\keil\C51\BIN\C51.EXE main.c OPTIMIZE(8,SPEED) BROWSE DEBUG OBJECTEXTEND PRIN
                    -T(.\Listings\main.lst) TABS(2) OBJECT(.\Objects\main.obj)

line level    source

   1          #include "main.h"
   2          
   3          static u16 sys_tick = 0;
   4          
   5          static u16 last_led = 0;
   6          
   7          static u16 last_app_task_100ms = 0;
   8          static u16 last_app_task_10ms = 0;
   9          static u16 last_app_task_500ms = 0;
  10          static u16 last_app_task_1000ms = 0;
  11          
  12          Timer2_Isr(void) interrupt 12
  13          {
  14   1          sys_tick++;
  15   1          seg_run();
  16   1      }
  17          void drv_run()
  18          {
  19   1          u16 now = sys_tick;
  20   1          if(now - last_led >= 5)
  21   1          {
  22   2              last_led = now;
  23   2              led_run();
  24   2          }
  25   1      
  26   1      }
  27          
  28          void app_run()
  29          {
  30   1          u16 now = sys_tick;
  31   1          if(now - last_app_task_100ms >= 100)
  32   1          {
  33   2              last_app_task_100ms = now;
  34   2              app_task_100ms();
  35   2          }
  36   1          if(now - last_app_task_10ms >= 10)
  37   1          {
  38   2              last_app_task_10ms = now;
  39   2              app_task_10ms();
  40   2          }
  41   1          if(now - last_app_task_500ms >= 500)
  42   1          {
  43   2              last_app_task_500ms = now;
  44   2              app_task_500ms();
  45   2          }
  46   1          if(now - last_app_task_1000ms >= 1000)
  47   1          {
  48   2              last_app_task_1000ms = now;
  49   2              app_task_1000ms();
  50   2          }
  51   1      }
  52          
  53          void main()
  54          {
C51 COMPILER V9.60.7.0   MAIN                                                              03/26/2026 18:30:38 PAGE 2   

  55   1          sys_init();
  56   1          while(1)
  57   1          {
  58   2              drv_run();
  59   2              app_run();
  60   2          }
  61   1        
  62   1      }
  63          


MODULE INFORMATION:   STATIC OVERLAYABLE
   CODE SIZE        =    231    ----
   CONSTANT SIZE    =   ----    ----
   XDATA SIZE       =   ----    ----
   PDATA SIZE       =   ----    ----
   DATA SIZE        =     12       2
   IDATA SIZE       =   ----    ----
   BIT SIZE         =   ----    ----
END OF MODULE INFORMATION.


C51 COMPILATION COMPLETE.  0 WARNING(S),  0 ERROR(S)
