C51 COMPILER V9.60.7.0   NE555                                                             04/01/2026 20:02:31 PAGE 1   


C51 COMPILER V9.60.7.0, COMPILATION OF MODULE NE555
OBJECT MODULE PLACED IN .\Objects\ne555.obj
COMPILER INVOKED BY: C:\Program Files (x86)\keil\C51\BIN\C51.EXE ne555.c COMPACT OPTIMIZE(8,SPEED) BROWSE DEBUG OBJECTEX
                    -TEND PRINT(.\Listings\ne555.lst) TABS(2) OBJECT(.\Objects\ne555.obj)

line level    source

   1          #include "ne555.h"
   2          
   3          void ne555_init()
   4          {
   5   1      
   6   1          AUXR &= 0x7F;     //定时器时钟12T模式
   7   1        TMOD |= 0x04;     //设置定时器模式
   8   1        TL0 = 0x00;       //设置定时初始值
   9   1        TH0 = 0x00;       //设置定时初始值
  10   1        TF0 = 0;        //清除TF0标志
  11   1        TR0 = 1;        //定时器0开始计时
  12   1      //  ET0 = 1;        //使能定时器0中断
  13   1      //  PT0 =1;
  14   1      }
  15          


MODULE INFORMATION:   STATIC OVERLAYABLE
   CODE SIZE        =     16    ----
   CONSTANT SIZE    =   ----    ----
   XDATA SIZE       =   ----    ----
   PDATA SIZE       =   ----    ----
   DATA SIZE        =   ----    ----
   IDATA SIZE       =   ----    ----
   BIT SIZE         =   ----    ----
END OF MODULE INFORMATION.


C51 COMPILATION COMPLETE.  0 WARNING(S),  0 ERROR(S)
