C51 COMPILER V9.60.7.0   SYS                                                               04/01/2026 20:02:31 PAGE 1   


C51 COMPILER V9.60.7.0, COMPILATION OF MODULE SYS
OBJECT MODULE PLACED IN .\Objects\sys.obj
COMPILER INVOKED BY: C:\Program Files (x86)\keil\C51\BIN\C51.EXE sys.c COMPACT OPTIMIZE(8,SPEED) BROWSE DEBUG OBJECTEXTE
                    -ND PRINT(.\Listings\sys.lst) TABS(2) OBJECT(.\Objects\sys.obj)

line level    source

   1          #include "sys.h"
   2          
   3          void gpio_init()
   4          {
   5   1          P0M0 = 0x00; P0M1 = 0x00; 
   6   1          P1M0 = 0x00; P1M1 = 0x00; 
   7   1          P2M0 = 0x00; P2M1 = 0x00; 
   8   1          P3M0 = 0x00; P3M1 = 0x00; 
   9   1          P4M0 = 0x00; P4M1 = 0x00; 
  10   1          P5M0 = 0x00; P5M1 = 0x00; 
  11   1          P6M0 = 0x00; P6M1 = 0x00; 
  12   1          P7M0 = 0x00; P7M1 = 0x00; 
  13   1      }
  14          
  15          void drv_init()
  16          {
  17   1          sys_decoder(0);
  18   1          P0 = 0xff;sys_decoder(4);sys_decoder(0);
  19   1          P0 = 0x00;sys_decoder(6);sys_decoder(0);
  20   1          P0 = 0xff;sys_decoder(7);sys_decoder(0);
  21   1          P0 = 0xaf;sys_decoder(5);sys_decoder(0);
  22   1      }
  23          
  24          void sys_tick_timer_init()
  25          {
  26   1          AUXR &= 0xFB;     //定时器时钟12T模式
  27   1        T2L = 0x18;       //设置定时初始值
  28   1        T2H = 0xFC;       //设置定时初始值
  29   1        AUXR |= 0x10;     //定时器2开始计时
  30   1        IE2 |= 0x04;      //使能定时器2中断
  31   1      
  32   1          EA = 1;
  33   1      }
  34          
  35          
  36          void sys_decoder(u8 pin)
  37          {
  38   1          P2 = (P2 &= 0x1f) | (pin<<5);
  39   1      }
  40          
  41          void sys_init()
  42          {
  43   1          gpio_init();
  44   1          drv_init();
  45   1          sys_tick_timer_init();
  46   1      }


MODULE INFORMATION:   STATIC OVERLAYABLE
   CODE SIZE        =    135    ----
   CONSTANT SIZE    =   ----    ----
   XDATA SIZE       =   ----    ----
   PDATA SIZE       =   ----    ----
   DATA SIZE        =   ----    ----
C51 COMPILER V9.60.7.0   SYS                                                               04/01/2026 20:02:31 PAGE 2   

   IDATA SIZE       =   ----    ----
   BIT SIZE         =   ----    ----
END OF MODULE INFORMATION.


C51 COMPILATION COMPLETE.  0 WARNING(S),  0 ERROR(S)
