BL51 BANKED LINKER/LOCATER V6.22.4.0                                                    04/01/2026  20:02:32  PAGE 1


BL51 BANKED LINKER/LOCATER V6.22.4.0, INVOKED BY:
C:\PROGRAM FILES (X86)\KEIL\C51\BIN\BL51.EXE .\Objects\STARTUP.obj, .\Objects\main.obj, .\Objects\sys.obj, .\Objects\app
>> .obj, .\Objects\led.obj, .\Objects\seg.obj, .\Objects\key.obj, .\Objects\rtc.obj, .\Objects\ne555.obj, .\Objects\i2c.
>> obj, .\Objects\temp.obj TO .\Objects\十四届v2 PRINT (.\Listings\十四届v2.m51) RAMSIZE (256)


MEMORY MODEL: COMPACT


INPUT MODULES INCLUDED:
  .\Objects\STARTUP.obj (?C_STARTUP)
  .\Objects\main.obj (MAIN)
  .\Objects\sys.obj (SYS)
  .\Objects\app.obj (APP)
  .\Objects\led.obj (LED)
  .\Objects\seg.obj (SEG)
  .\Objects\key.obj (KEY)
  .\Objects\rtc.obj (RTC)
  .\Objects\ne555.obj (NE555)
  .\Objects\i2c.obj (I2C)
  .\Objects\temp.obj (TEMP)
  C:\PROGRAM FILES (X86)\KEIL\C51\LIB\C51C.LIB (?C_INIT)
  C:\PROGRAM FILES (X86)\KEIL\C51\LIB\C51C.LIB (?C?CSTPTR)
  C:\PROGRAM FILES (X86)\KEIL\C51\LIB\C51C.LIB (?C?CSTOPTR)
  C:\PROGRAM FILES (X86)\KEIL\C51\LIB\C51C.LIB (?C?IMUL)
  C:\PROGRAM FILES (X86)\KEIL\C51\LIB\C51C.LIB (?C?UIDIV)
  C:\PROGRAM FILES (X86)\KEIL\C51\LIB\C51C.LIB (?C?SIDIV)
  C:\PROGRAM FILES (X86)\KEIL\C51\LIB\C51C.LIB (?C?SLCMP)


LINK MAP OF MODULE:  .\Objects\十四届v2 (?C_STARTUP)


            TYPE    BASE      LENGTH    RELOCATION   SEGMENT NAME
            -----------------------------------------------------

            * * * * * * *   D A T A   M E M O R Y   * * * * * * *
            REG     0000H     0008H     ABSOLUTE     "REG BANK 0"
                    0008H     0018H                  *** GAP ***
            BIT     0020H.0   0000H.4   UNIT         ?BI?APP
            BIT     0020H.4   0000H.1   UNIT         _BIT_GROUP_
                    0020H.5   0000H.3                *** GAP ***
            IDATA   0021H     0001H     UNIT         ?STACK

            * * * * * * *  X D A T A   M E M O R Y  * * * * * * *
            XDATA   0000H     000CH     INPAGE       ?PD?MAIN
            XDATA   000CH     0024H     INPAGE       ?PD?APP
            XDATA   0030H     000BH     INPAGE       ?PD?LED
            XDATA   003BH     0009H     INPAGE       ?PD?SEG
            XDATA   0044H     0003H     INPAGE       ?PD?KEY
            XDATA   0047H     0011H     INPAGE       _PDATA_GROUP_
            XDATA   0058H     0028H     UNIT         ?XD?APP

            * * * * * * *   C O D E   M E M O R Y   * * * * * * *
            CODE    0000H     0003H     ABSOLUTE     
            CODE    0003H     0052H     UNIT         ?PR?_RTC_GET?RTC
            CODE    0055H     000CH     UNIT         ?PR?_LED_SET?LED
                    0061H     0002H                  *** GAP ***
BL51 BANKED LINKER/LOCATER V6.22.4.0                                                  04/01/2026  20:02:32  PAGE 2


            CODE    0063H     0003H     ABSOLUTE     
            CODE    0066H     0430H     UNIT         ?PR?SEG_DISPLAY?APP
            CODE    0496H     0150H     UNIT         ?PR?AVG_JISHUAN?APP
            CODE    05E6H     00EFH     UNIT         ?PR?KEY_CTRL?APP
            CODE    06D5H     00E7H     UNIT         ?C?LIB_CODE
            CODE    07BCH     00E5H     UNIT         ?PR?KEY_SCAN?KEY
            CODE    08A1H     00BEH     UNIT         ?C_INITSEG
            CODE    095FH     00B8H     UNIT         ?PR?FFFF?APP
            CODE    0A17H     00ADH     UNIT         ?PR?APP_RUN?MAIN
            CODE    0AC4H     008CH     UNIT         ?C_C51STARTUP
            CODE    0B50H     0073H     UNIT         ?PR?LED_CTRL?APP
            CODE    0BC3H     0063H     UNIT         ?PR?LED_RUN?LED
            CODE    0C26H     004EH     UNIT         ?PR?SEG_RUN?SEG
            CODE    0C74H     0046H     UNIT         ?PR?TIMER2_ISR?MAIN
            CODE    0CBAH     0043H     UNIT         ?PR?TEMP_GET?TEMP
            CODE    0CFDH     0041H     UNIT         ?PR?HUM_GET?APP
            CODE    0D3EH     0039H     UNIT         ?PR?DRV_INIT?SYS
            CODE    0D77H     0035H     UNIT         ?PR?_READ_DS1302_BYTE?RTC
            CODE    0DACH     002FH     UNIT         ?PR?_BCD_TO_HEX?RTC
            CODE    0DDBH     002EH     UNIT         ?PR?_SEG_SET?SEG
            CODE    0E09H     002DH     UNIT         ?PR?_I2CSENDBYTE?I2C
            CODE    0E36H     002BH     UNIT         ?CO?SEG
            CODE    0E61H     002BH     UNIT         ?PR?ADC_GET?I2C
            CODE    0E8CH     0028H     UNIT         ?PR?DRV_RUN?MAIN
            CODE    0EB4H     0028H     UNIT         ?PR?L4_RUN?APP
            CODE    0EDCH     0027H     UNIT         ?PR?INIT_DS18B20?TEMP
            CODE    0F03H     0025H     UNIT         ?PR?_HEX_TO_BCD?RTC
            CODE    0F28H     0023H     UNIT         ?PR?TEMP_INIT?TEMP
            CODE    0F4BH     0022H     UNIT         ?PR?GPIO_INIT?SYS
            CODE    0F6DH     001FH     UNIT         ?PR?_WRITE_DS18B20?TEMP
            CODE    0F8CH     001EH     UNIT         ?PR?I2CRECEIVEBYTE?I2C
            CODE    0FAAH     001DH     UNIT         ?PR?RTC_INIT?RTC
            CODE    0FC7H     001CH     UNIT         ?PR?RTC_RUN?APP
            CODE    0FE3H     001CH     UNIT         ?PR?ADC_F_RUN?APP
            CODE    0FFFH     001BH     UNIT         ?PR?READ_DS18B20?TEMP
            CODE    101AH     001AH     UNIT         ?PR?_I2C_DELAY?I2C
            CODE    1034H     001AH     UNIT         ?PR?_DELAY_ONEWIRE?TEMP
            CODE    104EH     0019H     UNIT         ?PR?INIT?APP
            CODE    1067H     0018H     UNIT         ?PR?_I2CSENDACK?I2C
            CODE    107FH     0015H     UNIT         ?PR?APP_TASK_1000MS?APP
            CODE    1094H     0015H     UNIT         ?PR?APP_TASK_100MS?APP
            CODE    10A9H     0015H     UNIT         ?PR?I2CWAITACK?I2C
            CODE    10BEH     0014H     UNIT         ?PR?_WRITE_DS1302?RTC
            CODE    10D2H     0014H     UNIT         ?PR?_WRITE_DS1302_BYTE?RTC
            CODE    10E6H     0012H     UNIT         ?PR?SYS_TICK_TIMER_INIT?SYS
            CODE    10F8H     0011H     UNIT         ?PR?_SYS_DECODER?SYS
            CODE    1109H     0010H     UNIT         ?PR?NE555_INIT?NE555
            CODE    1119H     000FH     UNIT         ?PR?I2CSTART?I2C
            CODE    1128H     000CH     UNIT         ?PR?I2CSTOP?I2C
            CODE    1134H     000BH     UNIT         ?PR?MAIN?MAIN
            CODE    113FH     0009H     UNIT         ?PR?SYS_INIT?SYS
            CODE    1148H     0008H     UNIT         ?PR?ADC_RUN?APP
            CODE    1150H     0003H     UNIT         ?PR?APP_TASK_500MS?APP
            CODE    1153H     0003H     UNIT         ?PR?APP_TASK_10MS?APP



BL51 BANKED LINKER/LOCATER V6.22.4.0                                                  04/01/2026  20:02:32  PAGE 3


OVERLAY MAP OF MODULE:   .\Objects\十四届v2 (?C_STARTUP)


SEGMENT                                BIT_GROUP          PDATA_GROUP
  +--> CALLED SEGMENT               START    LENGTH     START    LENGTH
-----------------------------------------------------------------------
?C_C51STARTUP                       -----    -----      -----    -----
  +--> ?PR?MAIN?MAIN
  +--> ?C_INITSEG

?PR?MAIN?MAIN                       -----    -----      -----    -----
  +--> ?PR?SYS_INIT?SYS
  +--> ?PR?DRV_RUN?MAIN
  +--> ?PR?APP_RUN?MAIN

?PR?SYS_INIT?SYS                    -----    -----      -----    -----
  +--> ?PR?GPIO_INIT?SYS
  +--> ?PR?DRV_INIT?SYS
  +--> ?PR?SYS_TICK_TIMER_INIT?SYS

?PR?DRV_INIT?SYS                    -----    -----      -----    -----
  +--> ?PR?_SYS_DECODER?SYS

?PR?DRV_RUN?MAIN                    -----    -----      -----    -----
  +--> ?PR?LED_RUN?LED

?PR?LED_RUN?LED                     -----    -----      -----    -----
  +--> ?PR?_SYS_DECODER?SYS

?PR?APP_RUN?MAIN                    -----    -----      0047H    0002H
  +--> ?PR?APP_TASK_100MS?APP
  +--> ?PR?APP_TASK_10MS?APP
  +--> ?PR?APP_TASK_500MS?APP
  +--> ?PR?APP_TASK_1000MS?APP

?PR?APP_TASK_100MS?APP              -----    -----      -----    -----
  +--> ?PR?INIT?APP
  +--> ?PR?SEG_DISPLAY?APP
  +--> ?PR?ADC_RUN?APP
  +--> ?PR?LED_CTRL?APP
  +--> ?PR?L4_RUN?APP
  +--> ?PR?ADC_F_RUN?APP
  +--> ?PR?FFFF?APP

?PR?INIT?APP                        -----    -----      -----    -----
  +--> ?PR?RTC_INIT?RTC
  +--> ?PR?NE555_INIT?NE555
  +--> ?PR?TEMP_INIT?TEMP
  +--> ?PR?TEMP_GET?TEMP

?PR?RTC_INIT?RTC                    -----    -----      -----    -----
  +--> ?PR?_WRITE_DS1302_BYTE?RTC
  +--> ?PR?_HEX_TO_BCD?RTC

?PR?_WRITE_DS1302_BYTE?RTC          -----    -----      -----    -----
  +--> ?PR?_WRITE_DS1302?RTC

BL51 BANKED LINKER/LOCATER V6.22.4.0                                                  04/01/2026  20:02:32  PAGE 4


?PR?_HEX_TO_BCD?RTC                 -----    -----      0049H    0002H

?PR?TEMP_INIT?TEMP                  -----    -----      -----    -----
  +--> ?PR?INIT_DS18B20?TEMP
  +--> ?PR?_WRITE_DS18B20?TEMP
  +--> ?PR?_DELAY_ONEWIRE?TEMP

?PR?INIT_DS18B20?TEMP               0020H.4  0000H.1    -----    -----
  +--> ?PR?_DELAY_ONEWIRE?TEMP

?PR?_WRITE_DS18B20?TEMP             -----    -----      -----    -----
  +--> ?PR?_DELAY_ONEWIRE?TEMP

?PR?TEMP_GET?TEMP                   -----    -----      -----    -----
  +--> ?PR?INIT_DS18B20?TEMP
  +--> ?PR?_WRITE_DS18B20?TEMP
  +--> ?PR?_DELAY_ONEWIRE?TEMP
  +--> ?PR?READ_DS18B20?TEMP

?PR?READ_DS18B20?TEMP               -----    -----      -----    -----
  +--> ?PR?_DELAY_ONEWIRE?TEMP

?PR?SEG_DISPLAY?APP                 -----    -----      -----    -----
  +--> ?PR?_SEG_SET?SEG
  +--> ?PR?_LED_SET?LED

?PR?_SEG_SET?SEG                    -----    -----      0049H    000FH

?PR?_LED_SET?LED                    0020H.4  0000H.1    -----    -----

?PR?ADC_RUN?APP                     -----    -----      -----    -----
  +--> ?PR?ADC_GET?I2C

?PR?ADC_GET?I2C                     -----    -----      -----    -----
  +--> ?PR?I2CSTART?I2C
  +--> ?PR?I2CWAITACK?I2C
  +--> ?PR?I2CSTOP?I2C
  +--> ?PR?_I2CSENDBYTE?I2C
  +--> ?PR?I2CRECEIVEBYTE?I2C
  +--> ?PR?_I2CSENDACK?I2C

?PR?I2CSTART?I2C                    -----    -----      -----    -----
  +--> ?PR?_I2C_DELAY?I2C

?PR?I2CWAITACK?I2C                  -----    -----      -----    -----
  +--> ?PR?_I2CSENDBYTE?I2C
  +--> ?PR?_I2C_DELAY?I2C

?PR?_I2CSENDBYTE?I2C                -----    -----      -----    -----
  +--> ?PR?_I2C_DELAY?I2C

?PR?I2CSTOP?I2C                     -----    -----      -----    -----
  +--> ?PR?_I2C_DELAY?I2C

?PR?I2CRECEIVEBYTE?I2C              -----    -----      -----    -----
  +--> ?PR?_I2C_DELAY?I2C

BL51 BANKED LINKER/LOCATER V6.22.4.0                                                  04/01/2026  20:02:32  PAGE 5


?PR?_I2CSENDACK?I2C                 -----    -----      -----    -----
  +--> ?PR?_I2C_DELAY?I2C

?PR?LED_CTRL?APP                    -----    -----      -----    -----
  +--> ?PR?_LED_SET?LED

?PR?L4_RUN?APP                      -----    -----      -----    -----
  +--> ?PR?_LED_SET?LED

?PR?FFFF?APP                        -----    -----      -----    -----
  +--> ?PR?TEMP_GET?TEMP
  +--> ?PR?HUM_GET?APP
  +--> ?PR?AVG_JISHUAN?APP

?PR?APP_TASK_10MS?APP               -----    -----      -----    -----
  +--> ?PR?KEY_CTRL?APP

?PR?KEY_CTRL?APP                    -----    -----      0049H    0001H
  +--> ?PR?KEY_SCAN?KEY

?PR?KEY_SCAN?KEY                    -----    -----      004AH    0002H

?PR?APP_TASK_500MS?APP              -----    -----      -----    -----
  +--> ?PR?RTC_RUN?APP

?PR?RTC_RUN?APP                     -----    -----      -----    -----
  +--> ?PR?_RTC_GET?RTC

?PR?_RTC_GET?RTC                    -----    -----      0049H    0003H
  +--> ?PR?_BCD_TO_HEX?RTC
  +--> ?PR?_READ_DS1302_BYTE?RTC

?PR?_BCD_TO_HEX?RTC                 -----    -----      004CH    0002H
  +--> ?PR?_READ_DS1302_BYTE?RTC

?PR?_READ_DS1302_BYTE?RTC           -----    -----      -----    -----
  +--> ?PR?_WRITE_DS1302?RTC

*** NEW ROOT ***************************************************

?PR?TIMER2_ISR?MAIN                 -----    -----      -----    -----
  +--> ?PR?SEG_RUN?SEG

?PR?SEG_RUN?SEG                     -----    -----      -----    -----
  +--> ?PR?_SYS_DECODER?SYS
  +--> ?CO?SEG



SYMBOL TABLE OF MODULE:  .\Objects\十四届v2 (?C_STARTUP)

  VALUE           TYPE          NAME
  ----------------------------------

  -------         MODULE        ?C_STARTUP
  C:0AC4H         SEGMENT       ?C_C51STARTUP
  I:0021H         SEGMENT       ?STACK
BL51 BANKED LINKER/LOCATER V6.22.4.0                                                  04/01/2026  20:02:32  PAGE 6


  C:0000H         PUBLIC        ?C_STARTUP
  D:00E0H         SYMBOL        ACC
  D:00F0H         SYMBOL        B
  D:0083H         SYMBOL        DPH
  D:0082H         SYMBOL        DPL
  N:0000H         SYMBOL        IBPSTACK
  N:0100H         SYMBOL        IBPSTACKTOP
  N:0080H         SYMBOL        IDATALEN
  C:0AC7H         SYMBOL        IDATALOOP
  N:0000H         SYMBOL        PBPSTACK
  N:0100H         SYMBOL        PBPSTACKTOP
  N:0000H         SYMBOL        PDATALEN
  N:0000H         SYMBOL        PDATASTART
  N:0000H         SYMBOL        PPAGE
  N:0000H         SYMBOL        PPAGEENABLE
  D:00A0H         SYMBOL        PPAGE_SFR
  D:0081H         SYMBOL        SP
  C:0AC4H         SYMBOL        STARTUP1
  N:0000H         SYMBOL        XBPSTACK
  N:0000H         SYMBOL        XBPSTACKTOP
  N:0000H         SYMBOL        XDATALEN
  N:0000H         SYMBOL        XDATASTART
  C:0000H         LINE#         126
  C:0AC4H         LINE#         133
  C:0AC6H         LINE#         134
  C:0AC7H         LINE#         135
  C:0AC8H         LINE#         136
  C:0ACAH         LINE#         185
  C:0ACDH         LINE#         196
  -------         ENDMOD        ?C_STARTUP

  -------         MODULE        MAIN
  C:0000H         SYMBOL        _ICE_DUMMY_
  D:0080H         PUBLIC        P0
  D:0090H         PUBLIC        P1
  D:00A0H         PUBLIC        P2
  D:00B0H         PUBLIC        P3
  D:00C0H         PUBLIC        P4
  C:0E8CH         PUBLIC        drv_run
  D:00C8H         PUBLIC        P5
  D:00E8H         PUBLIC        P6
  D:00F8H         PUBLIC        P7
  D:00A8H         PUBLIC        IE
  X:0000H         SYMBOL        last_app_task_10ms
  D:00B8H         PUBLIC        IP
  D:00D8H         PUBLIC        CCON
  C:1134H         PUBLIC        main
  D:0098H         PUBLIC        SCON
  D:0088H         PUBLIC        TCON
  D:00F0H         PUBLIC        B
  X:0002H         SYMBOL        last_app_task_100ms
  C:0C74H         PUBLIC        Timer2_Isr
  X:0004H         SYMBOL        last_app_task_500ms
  D:00E0H         PUBLIC        ACC
  X:0006H         SYMBOL        last_led
  X:0008H         SYMBOL        sys_tick
  X:000AH         SYMBOL        last_app_task_1000ms
BL51 BANKED LINKER/LOCATER V6.22.4.0                                                  04/01/2026  20:02:32  PAGE 7


  C:0A17H         PUBLIC        app_run
  D:00D0H         PUBLIC        PSW
  -------         PROC          TIMER2_ISR
  C:0C74H         LINE#         12
  C:0C91H         LINE#         14
  C:0C9CH         LINE#         15
  C:0C9FH         LINE#         16
  -------         ENDPROC       TIMER2_ISR
  -------         PROC          DRV_RUN
  -------         DO            
  D:0006H         SYMBOL        now
  -------         ENDDO         
  C:0E8CH         LINE#         17
  C:0E8CH         LINE#         18
  C:0E8CH         LINE#         19
  C:0E93H         LINE#         20
  C:0EAAH         LINE#         21
  C:0EAAH         LINE#         22
  C:0EB0H         LINE#         23
  C:0EB3H         LINE#         24
  C:0EB3H         LINE#         26
  -------         ENDPROC       DRV_RUN
  -------         PROC          APP_RUN
  -------         DO            
  X:0047H         SYMBOL        now
  -------         ENDDO         
  C:0A17H         LINE#         28
  C:0A17H         LINE#         29
  C:0A17H         LINE#         30
  C:0A27H         LINE#         31
  C:0A3EH         LINE#         32
  C:0A3EH         LINE#         33
  C:0A4BH         LINE#         34
  C:0A4EH         LINE#         35
  C:0A4EH         LINE#         36
  C:0A6BH         LINE#         37
  C:0A6BH         LINE#         38
  C:0A72H         LINE#         39
  C:0A75H         LINE#         40
  C:0A75H         LINE#         41
  C:0A92H         LINE#         42
  C:0A92H         LINE#         43
  C:0A99H         LINE#         44
  C:0A9CH         LINE#         45
  C:0A9CH         LINE#         46
  C:0AB9H         LINE#         47
  C:0AB9H         LINE#         48
  C:0AC0H         LINE#         49
  C:0AC3H         LINE#         50
  C:0AC3H         LINE#         51
  -------         ENDPROC       APP_RUN
  -------         PROC          MAIN
  C:1134H         LINE#         53
  C:1134H         LINE#         54
  C:1134H         LINE#         55
  C:1137H         LINE#         56
  C:1137H         LINE#         57
BL51 BANKED LINKER/LOCATER V6.22.4.0                                                  04/01/2026  20:02:32  PAGE 8


  C:1137H         LINE#         58
  C:113AH         LINE#         59
  C:113DH         LINE#         60
  -------         ENDPROC       MAIN
  -------         ENDMOD        MAIN

  -------         MODULE        SYS
  C:0000H         SYMBOL        _ICE_DUMMY_
  D:0093H         PUBLIC        P0M1
  D:0092H         PUBLIC        P1M0
  D:0096H         PUBLIC        P2M0
  D:0091H         PUBLIC        P1M1
  D:0080H         PUBLIC        P0
  D:00B2H         PUBLIC        P3M0
  D:0095H         PUBLIC        P2M1
  D:0090H         PUBLIC        P1
  D:00B4H         PUBLIC        P4M0
  D:00B1H         PUBLIC        P3M1
  D:00A0H         PUBLIC        P2
  D:00CAH         PUBLIC        P5M0
  D:00B3H         PUBLIC        P4M1
  D:00B0H         PUBLIC        P3
  D:00CCH         PUBLIC        P6M0
  D:00C9H         PUBLIC        P5M1
  D:00C0H         PUBLIC        P4
  D:00E2H         PUBLIC        P7M0
  D:00CBH         PUBLIC        P6M1
  D:00C8H         PUBLIC        P5
  D:00E8H         PUBLIC        P6
  D:00E1H         PUBLIC        P7M1
  B:00A8H.7       PUBLIC        EA
  D:00F8H         PUBLIC        P7
  C:10E6H         PUBLIC        sys_tick_timer_init
  D:00A8H         PUBLIC        IE
  D:00B8H         PUBLIC        IP
  C:10F8H         PUBLIC        _sys_decoder
  D:00D8H         PUBLIC        CCON
  D:0098H         PUBLIC        SCON
  D:0088H         PUBLIC        TCON
  D:00AFH         PUBLIC        IE2
  D:00F0H         PUBLIC        B
  D:008EH         PUBLIC        AUXR
  D:00E0H         PUBLIC        ACC
  C:0F4BH         PUBLIC        gpio_init
  D:00D6H         PUBLIC        T2H
  D:00D7H         PUBLIC        T2L
  C:0D3EH         PUBLIC        drv_init
  C:113FH         PUBLIC        sys_init
  D:00D0H         PUBLIC        PSW
  D:0094H         PUBLIC        P0M0
  -------         PROC          GPIO_INIT
  C:0F4BH         LINE#         3
  C:0F4BH         LINE#         4
  C:0F4BH         LINE#         5
  C:0F50H         LINE#         6
  C:0F54H         LINE#         7
  C:0F58H         LINE#         8
BL51 BANKED LINKER/LOCATER V6.22.4.0                                                  04/01/2026  20:02:32  PAGE 9


  C:0F5CH         LINE#         9
  C:0F60H         LINE#         10
  C:0F64H         LINE#         11
  C:0F68H         LINE#         12
  C:0F6CH         LINE#         13
  -------         ENDPROC       GPIO_INIT
  -------         PROC          DRV_INIT
  C:0D3EH         LINE#         15
  C:0D3EH         LINE#         16
  C:0D3EH         LINE#         17
  C:0D43H         LINE#         18
  C:0D50H         LINE#         19
  C:0D5DH         LINE#         20
  C:0D6AH         LINE#         21
  -------         ENDPROC       DRV_INIT
  -------         PROC          SYS_TICK_TIMER_INIT
  C:10E6H         LINE#         24
  C:10E6H         LINE#         25
  C:10E6H         LINE#         26
  C:10E9H         LINE#         27
  C:10ECH         LINE#         28
  C:10EFH         LINE#         29
  C:10F2H         LINE#         30
  C:10F5H         LINE#         32
  C:10F7H         LINE#         33
  -------         ENDPROC       SYS_TICK_TIMER_INIT
  -------         PROC          _SYS_DECODER
  D:0007H         SYMBOL        pin
  C:10F8H         LINE#         36
  C:10F8H         LINE#         37
  C:10F8H         LINE#         38
  C:1108H         LINE#         39
  -------         ENDPROC       _SYS_DECODER
  -------         PROC          SYS_INIT
  C:113FH         LINE#         41
  C:113FH         LINE#         42
  C:113FH         LINE#         43
  C:1142H         LINE#         44
  C:1145H         LINE#         45
  -------         ENDPROC       SYS_INIT
  -------         ENDMOD        SYS

  -------         MODULE        APP
  C:0000H         SYMBOL        _ICE_DUMMY_
  X:0010H         PUBLIC        time_m
  D:0080H         PUBLIC        P0
  D:0090H         PUBLIC        P1
  C:0FC7H         PUBLIC        rtc_run
  X:0011H         PUBLIC        hum_now
  D:00A0H         PUBLIC        P2
  D:00B0H         PUBLIC        P3
  D:00C0H         PUBLIC        P4
  X:0013H         PUBLIC        time_s
  D:00C8H         PUBLIC        P5
  D:00E8H         PUBLIC        P6
  D:00F8H         PUBLIC        P7
  D:00A8H         PUBLIC        IE
BL51 BANKED LINKER/LOCATER V6.22.4.0                                                  04/01/2026  20:02:32  PAGE 10


  X:0014H         PUBLIC        fr_out
  C:0496H         PUBLIC        avg_jishuan
  D:00B8H         PUBLIC        IP
  C:095FH         PUBLIC        ffff
  C:0066H         PUBLIC        seg_display
  X:0016H         PUBLIC        page
  D:00D8H         PUBLIC        CCON
  C:0FE3H         PUBLIC        adc_f_run
  X:0017H         PUBLIC        adc
  C:1094H         PUBLIC        app_task_100ms
  X:0018H         PUBLIC        f_h
  C:1150H         PUBLIC        app_task_500ms
  X:0019H         PUBLIC        f_m
  D:0098H         PUBLIC        SCON
  D:0088H         PUBLIC        TCON
  C:104EH         PUBLIC        init
  X:001AH         PUBLIC        page_last
  D:00F0H         PUBLIC        B
  D:00E0H         PUBLIC        ACC
  X:001BH         PUBLIC        rtc
  D:008CH         PUBLIC        TH0
  C:0B50H         PUBLIC        led_ctrl
  X:001EH         PUBLIC        temp_last
  D:008AH         PUBLIC        TL0
  B:0020H.3       PUBLIC        fsw
  B:0088H.4       PUBLIC        TR0
  C:0EB4H         PUBLIC        l4_run
  X:0020H         PUBLIC        temp_avg
  C:107FH         PUBLIC        app_task_1000ms
  X:0058H         PUBLIC        temp_his
  C:1148H         PUBLIC        adc_run
  X:0022H         PUBLIC        temp_max
  C:05E6H         PUBLIC        key_ctrl
  X:0024H         PUBLIC        hum_last
  X:0026H         PUBLIC        temp_set
  X:0028H         SYMBOL        f_times
  X:0029H         PUBLIC        hum_avg
  C:0CFDH         PUBLIC        hum_get
  X:002BH         PUBLIC        temp_now
  X:006CH         PUBLIC        hum_his
  X:002DH         PUBLIC        hum_max
  X:002FH         PUBLIC        time_h
  D:00D0H         PUBLIC        PSW
  C:1153H         PUBLIC        app_task_10ms
  -------         PROC          INIT
  -------         DO            
  B:0020H.0       SYMBOL        initok
  -------         ENDDO         
  C:104EH         LINE#         52
  C:104EH         LINE#         53
  C:104EH         LINE#         55
  C:1051H         LINE#         56
  C:1051H         LINE#         57
  C:1053H         LINE#         58
  C:1056H         LINE#         59
  C:1059H         LINE#         61
  C:105CH         LINE#         62
BL51 BANKED LINKER/LOCATER V6.22.4.0                                                  04/01/2026  20:02:32  PAGE 11


  C:1066H         LINE#         64
  C:1066H         LINE#         65
  -------         ENDPROC       INIT
  -------         PROC          SEG_DISPLAY
  C:0066H         LINE#         67
  C:0066H         LINE#         68
  C:0066H         LINE#         69
  C:008DH         LINE#         70
  C:008DH         LINE#         71
  C:008DH         LINE#         72
  C:008DH         LINE#         73
  C:00E7H         LINE#         74
  C:00EAH         LINE#         75
  C:00EAH         LINE#         76
  C:00EAH         LINE#         77
  C:00F2H         LINE#         78
  C:018EH         LINE#         79
  C:01BAH         LINE#         80
  C:01BDH         LINE#         81
  C:01BDH         LINE#         82
  C:01BDH         LINE#         83
  C:01C5H         LINE#         84
  C:0261H         LINE#         85
  C:028DH         LINE#         86
  C:0290H         LINE#         87
  C:0290H         LINE#         88
  C:0290H         LINE#         89
  C:0296H         LINE#         90
  C:02E9H         LINE#         91
  C:0324H         LINE#         92
  C:0326H         LINE#         93
  C:0326H         LINE#         94
  C:0326H         LINE#         95
  C:0382H         LINE#         96
  C:0382H         LINE#         97
  C:0382H         LINE#         98
  C:0382H         LINE#         99
  C:039DH         LINE#         100
  C:039DH         LINE#         101
  C:042EH         LINE#         102
  C:0430H         LINE#         103
  C:0432H         LINE#         104
  C:0432H         LINE#         105
  C:048EH         LINE#         107
  C:0495H         LINE#         108
  C:0495H         LINE#         109
  C:0495H         LINE#         110
  C:0495H         LINE#         112
  -------         ENDPROC       SEG_DISPLAY
  -------         PROC          LED_CTRL
  C:0B50H         LINE#         116
  C:0B50H         LINE#         117
  C:0B50H         LINE#         118
  C:0B55H         LINE#         119
  C:0B55H         LINE#         120
  C:0B57H         LINE#         121
  C:0B59H         LINE#         122
BL51 BANKED LINKER/LOCATER V6.22.4.0                                                  04/01/2026  20:02:32  PAGE 12


  C:0B59H         LINE#         123
  C:0B60H         LINE#         124
  C:0B60H         LINE#         125
  C:0B71H         LINE#         126
  C:0B71H         LINE#         127
  C:0B73H         LINE#         128
  C:0B75H         LINE#         129
  C:0B75H         LINE#         130
  C:0B7CH         LINE#         131
  C:0B7CH         LINE#         132
  C:0B82H         LINE#         133
  C:0B82H         LINE#         134
  C:0B84H         LINE#         135
  C:0B86H         LINE#         136
  C:0B86H         LINE#         137
  C:0B8DH         LINE#         138
  C:0B8DH         LINE#         139
  C:0BB7H         LINE#         140
  C:0BB7H         LINE#         141
  C:0BB9H         LINE#         142
  C:0BBBH         LINE#         143
  C:0BBBH         LINE#         144
  C:0BC2H         LINE#         145
  C:0BC2H         LINE#         147
  -------         ENDPROC       LED_CTRL
  -------         PROC          KEY_CTRL
  -------         DO            
  X:0049H         SYMBOL        key_v
  -------         ENDDO         
  C:05E6H         LINE#         149
  C:05E6H         LINE#         150
  C:05E6H         LINE#         151
  C:05F0H         LINE#         152
  C:05F0H         LINE#         153
  C:05F7H         LINE#         154
  C:05FEH         LINE#         155
  C:05FEH         LINE#         156
  C:0619H         LINE#         157
  C:0619H         LINE#         158
  C:0619H         LINE#         159
  C:0619H         LINE#         160
  C:0628H         LINE#         161
  C:0629H         LINE#         162
  C:0629H         LINE#         163
  C:0629H         LINE#         164
  C:0635H         LINE#         165
  C:0642H         LINE#         166
  C:0643H         LINE#         167
  C:0643H         LINE#         168
  C:0643H         LINE#         169
  C:064FH         LINE#         170
  C:065CH         LINE#         171
  C:065DH         LINE#         172
  C:065DH         LINE#         173
  C:065DH         LINE#         174
  C:0669H         LINE#         175
  C:0672H         LINE#         176
BL51 BANKED LINKER/LOCATER V6.22.4.0                                                  04/01/2026  20:02:32  PAGE 13


  C:0692H         LINE#         177
  C:0693H         LINE#         178
  C:0693H         LINE#         179
  C:0693H         LINE#         180
  C:069EH         LINE#         181
  C:06B8H         LINE#         182
  C:06D4H         LINE#         183
  C:06D4H         LINE#         184
  C:06D4H         LINE#         185
  C:06D4H         LINE#         186
  C:06D4H         LINE#         187
  -------         ENDPROC       KEY_CTRL
  -------         PROC          HUM_GET
  C:0CFDH         LINE#         189
  C:0CFDH         LINE#         190
  C:0CFDH         LINE#         191
  C:0D15H         LINE#         192
  C:0D15H         LINE#         194
  C:0D33H         LINE#         195
  C:0D34H         LINE#         196
  C:0D34H         LINE#         197
  C:0D3DH         LINE#         198
  C:0D3DH         LINE#         199
  -------         ENDPROC       HUM_GET
  -------         PROC          L4_RUN
  -------         DO            
  B:0020H.1       SYMBOL        l4sw
  -------         ENDDO         
  C:0EB4H         LINE#         202
  C:0EB4H         LINE#         203
  C:0EB4H         LINE#         205
  C:0EC5H         LINE#         206
  C:0EC5H         LINE#         207
  C:0ECEH         LINE#         208
  C:0ED3H         LINE#         209
  C:0ED4H         LINE#         210
  C:0ED4H         LINE#         211
  C:0EDBH         LINE#         212
  C:0EDBH         LINE#         213
  -------         ENDPROC       L4_RUN
  -------         PROC          RTC_RUN
  C:0FC7H         LINE#         214
  C:0FC7H         LINE#         215
  C:0FC7H         LINE#         216
  C:0FD0H         LINE#         217
  C:0FD6H         LINE#         218
  C:0FDCH         LINE#         219
  C:0FE2H         LINE#         220
  -------         ENDPROC       RTC_RUN
  -------         PROC          ADC_RUN
  C:1148H         LINE#         222
  C:1148H         LINE#         223
  C:1148H         LINE#         224
  C:114FH         LINE#         225
  -------         ENDPROC       ADC_RUN
  -------         PROC          AVG_JISHUAN
  -------         DO            
BL51 BANKED LINKER/LOCATER V6.22.4.0                                                  04/01/2026  20:02:32  PAGE 14


  X:000CH         SYMBOL        avg_tick
  X:000DH         SYMBOL        avg_ticktotle
  -------         ENDDO         
  C:0496H         LINE#         227
  C:0496H         LINE#         228
  C:0496H         LINE#         232
  C:04B1H         LINE#         233
  C:04C9H         LINE#         235
  C:04D4H         LINE#         238
  C:0559H         LINE#         239
  C:05DBH         LINE#         240
  C:05E5H         LINE#         242
  -------         ENDPROC       AVG_JISHUAN
  -------         PROC          FFFF
  -------         DO            
  X:000EH         SYMBOL        fff_step
  X:000FH         SYMBOL        fff_time
  -------         ENDDO         
  C:095FH         LINE#         244
  C:095FH         LINE#         245
  C:095FH         LINE#         249
  C:0975H         LINE#         250
  C:0975H         LINE#         251
  C:0975H         LINE#         252
  C:0975H         LINE#         253
  C:097BH         LINE#         254
  C:097BH         LINE#         255
  C:0985H         LINE#         256
  C:0988H         LINE#         257
  C:098EH         LINE#         258
  C:0993H         LINE#         259
  C:0998H         LINE#         260
  C:09AEH         LINE#         261
  C:09AEH         LINE#         262
  C:09B4H         LINE#         263
  C:09BAH         LINE#         264
  C:09BFH         LINE#         265
  C:09D3H         LINE#         266
  C:09D3H         LINE#         267
  C:09DAH         LINE#         268
  C:09DAH         LINE#         269
  C:09EEH         LINE#         270
  C:09EEH         LINE#         271
  C:09F5H         LINE#         272
  C:09F5H         LINE#         273
  C:09F8H         LINE#         274
  C:09F8H         LINE#         275
  C:09F8H         LINE#         276
  C:09F8H         LINE#         277
  C:09F8H         LINE#         278
  C:09F8H         LINE#         279
  C:09FDH         LINE#         280
  C:0A03H         LINE#         281
  C:0A03H         LINE#         282
  C:0A07H         LINE#         283
  C:0A07H         LINE#         284
  C:0A08H         LINE#         285
BL51 BANKED LINKER/LOCATER V6.22.4.0                                                  04/01/2026  20:02:32  PAGE 15


  C:0A08H         LINE#         286
  C:0A08H         LINE#         287
  C:0A0CH         LINE#         288
  C:0A0EH         LINE#         289
  C:0A14H         LINE#         290
  C:0A16H         LINE#         291
  C:0A16H         LINE#         292
  C:0A16H         LINE#         293
  -------         ENDPROC       FFFF
  -------         PROC          ADC_F_RUN
  -------         DO            
  B:0020H.2       SYMBOL        liang
  -------         ENDDO         
  C:0FE3H         LINE#         295
  C:0FE3H         LINE#         296
  C:0FE3H         LINE#         298
  C:0FE6H         LINE#         299
  C:0FE6H         LINE#         300
  C:0FF1H         LINE#         301
  C:0FFAH         LINE#         302
  C:0FFAH         LINE#         303
  C:0FFCH         LINE#         304
  C:0FFEH         LINE#         305
  C:0FFEH         LINE#         306
  C:0FFEH         LINE#         307
  -------         ENDPROC       ADC_F_RUN
  -------         PROC          APP_TASK_1000MS
  C:107FH         LINE#         309
  C:107FH         LINE#         310
  C:107FH         LINE#         311
  C:1081H         LINE#         312
  C:108CH         LINE#         313
  C:108FH         LINE#         314
  C:1091H         LINE#         315
  C:1093H         LINE#         316
  -------         ENDPROC       APP_TASK_1000MS
  -------         PROC          APP_TASK_100MS
  C:1094H         LINE#         318
  C:1094H         LINE#         319
  C:1094H         LINE#         320
  C:1097H         LINE#         321
  C:109AH         LINE#         322
  C:109DH         LINE#         324
  C:10A0H         LINE#         325
  C:10A3H         LINE#         326
  C:10A6H         LINE#         327
  -------         ENDPROC       APP_TASK_100MS
  -------         PROC          APP_TASK_500MS
  C:1150H         LINE#         330
  C:1150H         LINE#         331
  C:1150H         LINE#         332
  -------         ENDPROC       APP_TASK_500MS
  -------         PROC          APP_TASK_10MS
  C:1153H         LINE#         338
  C:1153H         LINE#         339
  C:1153H         LINE#         340
  -------         ENDPROC       APP_TASK_10MS
BL51 BANKED LINKER/LOCATER V6.22.4.0                                                  04/01/2026  20:02:32  PAGE 16


  -------         ENDMOD        APP

  -------         MODULE        LED
  C:0000H         SYMBOL        _ICE_DUMMY_
  D:0080H         PUBLIC        P0
  D:0090H         PUBLIC        P1
  D:00A0H         PUBLIC        P2
  D:00B0H         PUBLIC        P3
  D:00C0H         PUBLIC        P4
  D:00C8H         PUBLIC        P5
  D:00E8H         PUBLIC        P6
  D:00F8H         PUBLIC        P7
  D:00A8H         PUBLIC        IE
  D:00B8H         PUBLIC        IP
  D:00D8H         PUBLIC        CCON
  D:0098H         PUBLIC        SCON
  D:0088H         PUBLIC        TCON
  D:00F0H         PUBLIC        B
  D:00E0H         PUBLIC        ACC
  X:0033H         PUBLIC        led_ram
  C:0055H         PUBLIC        _led_set
  C:0BC3H         PUBLIC        led_run
  D:00D0H         PUBLIC        PSW
  -------         PROC          LED_RUN
  -------         DO            
  X:0030H         SYMBOL        led_tick
  X:0031H         SYMBOL        led_last
  X:0032H         SYMBOL        led_temp
  -------         ENDDO         
  C:0BC3H         LINE#         5
  C:0BC3H         LINE#         6
  C:0BC3H         LINE#         11
  C:0BCCH         LINE#         12
  C:0BCCH         LINE#         13
  C:0BE3H         LINE#         14
  C:0BE5H         LINE#         15
  C:0BE5H         LINE#         16
  C:0BFDH         LINE#         17
  C:0BFDH         LINE#         19
  C:0C07H         LINE#         21
  C:0C10H         LINE#         22
  C:0C10H         LINE#         23
  C:0C15H         LINE#         24
  C:0C1BH         LINE#         25
  C:0C20H         LINE#         26
  C:0C25H         LINE#         27
  C:0C25H         LINE#         28
  -------         ENDPROC       LED_RUN
  -------         PROC          _LED_SET
  D:0007H         SYMBOL        position
  B:0020H.4       SYMBOL        value
  C:0055H         LINE#         30
  C:0055H         LINE#         31
  C:0055H         LINE#         32
  C:0060H         LINE#         33
  -------         ENDPROC       _LED_SET
  -------         ENDMOD        LED
BL51 BANKED LINKER/LOCATER V6.22.4.0                                                  04/01/2026  20:02:32  PAGE 17



  -------         MODULE        SEG
  C:0000H         SYMBOL        _ICE_DUMMY_
  D:0080H         PUBLIC        P0
  D:0090H         PUBLIC        P1
  D:00A0H         PUBLIC        P2
  D:00B0H         PUBLIC        P3
  D:00C0H         PUBLIC        P4
  D:00C8H         PUBLIC        P5
  D:00E8H         PUBLIC        P6
  D:00F8H         PUBLIC        P7
  D:00A8H         PUBLIC        IE
  D:00B8H         PUBLIC        IP
  D:00D8H         PUBLIC        CCON
  D:0098H         PUBLIC        SCON
  D:0088H         PUBLIC        TCON
  C:0E36H         PUBLIC        seg_code
  D:00F0H         PUBLIC        B
  D:00E0H         PUBLIC        ACC
  X:003CH         PUBLIC        seg_ram
  C:0DDBH         PUBLIC        _seg_set
  C:0C26H         PUBLIC        seg_run
  D:00D0H         PUBLIC        PSW
  -------         PROC          SEG_RUN
  -------         DO            
  X:003BH         SYMBOL        seg_tick
  -------         ENDDO         
  C:0C26H         LINE#         14
  C:0C26H         LINE#         15
  C:0C26H         LINE#         18
  C:0C29H         LINE#         19
  C:0C2EH         LINE#         20
  C:0C33H         LINE#         22
  C:0C43H         LINE#         23
  C:0C48H         LINE#         24
  C:0C4DH         LINE#         26
  C:0C5FH         LINE#         27
  C:0C64H         LINE#         28
  C:0C69H         LINE#         30
  C:0C73H         LINE#         32
  -------         ENDPROC       SEG_RUN
  -------         PROC          _SEG_SET
  D:0007H         SYMBOL        s0
  D:0004H         SYMBOL        s1
  D:0002H         SYMBOL        s2
  X:004EH         SYMBOL        s3
  X:0050H         SYMBOL        s4
  X:0052H         SYMBOL        s5
  X:0054H         SYMBOL        s6
  X:0056H         SYMBOL        s7
  C:0DDBH         LINE#         34
  C:0DDBH         LINE#         35
  C:0DDBH         LINE#         36
  C:0E08H         LINE#         37
  -------         ENDPROC       _SEG_SET
  -------         ENDMOD        SEG

BL51 BANKED LINKER/LOCATER V6.22.4.0                                                  04/01/2026  20:02:32  PAGE 18


  -------         MODULE        KEY
  C:0000H         SYMBOL        _ICE_DUMMY_
  D:0080H         PUBLIC        P0
  D:0090H         PUBLIC        P1
  D:00A0H         PUBLIC        P2
  D:00B0H         PUBLIC        P3
  D:00C0H         PUBLIC        P4
  D:00C8H         PUBLIC        P5
  D:00E8H         PUBLIC        P6
  D:00F8H         PUBLIC        P7
  D:00A8H         PUBLIC        IE
  D:00B8H         PUBLIC        IP
  D:00D8H         PUBLIC        CCON
  D:0098H         PUBLIC        SCON
  D:0088H         PUBLIC        TCON
  B:00C0H.2       PUBLIC        P42
  B:00C0H.4       PUBLIC        P44
  B:00B0H.6       PUBLIC        P36
  B:00B0H.7       PUBLIC        P37
  D:00F0H         PUBLIC        B
  D:00E0H         PUBLIC        ACC
  C:07BCH         PUBLIC        key_scan
  D:00D0H         PUBLIC        PSW
  -------         PROC          KEY_SCAN
  -------         DO            
  X:0044H         SYMBOL        state
  X:0045H         SYMBOL        value
  X:0046H         SYMBOL        i
  X:004AH         SYMBOL        press
  X:004BH         SYMBOL        temp
  -------         ENDDO         
  C:07BCH         LINE#         4
  C:07BCH         LINE#         5
  C:07BCH         LINE#         7
  C:07C5H         LINE#         8
  C:07C8H         LINE#         9
  C:07CAH         LINE#         10
  C:07CCH         LINE#         11
  C:07D0H         LINE#         12
  C:07D4H         LINE#         14
  C:07DAH         LINE#         16
  C:07F0H         LINE#         17
  C:07F0H         LINE#         18
  C:07F0H         LINE#         19
  C:07FAH         LINE#         20
  C:07FFH         LINE#         21
  C:07FFH         LINE#         22
  C:07FFH         LINE#         23
  C:0802H         LINE#         25
  C:0802H         LINE#         26
  C:0802H         LINE#         27
  C:0809H         LINE#         28
  C:0809H         LINE#         29
  C:080BH         LINE#         30
  C:0810H         LINE#         31
  C:0814H         LINE#         32
  C:081CH         LINE#         34
BL51 BANKED LINKER/LOCATER V6.22.4.0                                                  04/01/2026  20:02:32  PAGE 19


  C:0821H         LINE#         35
  C:0826H         LINE#         37
  C:0839H         LINE#         38
  C:0840H         LINE#         39
  C:0847H         LINE#         40
  C:084EH         LINE#         41
  C:0855H         LINE#         42
  C:0859H         LINE#         43
  C:0859H         LINE#         45
  C:0859H         LINE#         46
  C:0859H         LINE#         47
  C:085BH         LINE#         49
  C:085BH         LINE#         50
  C:085BH         LINE#         51
  C:0862H         LINE#         52
  C:0867H         LINE#         53
  C:086DH         LINE#         54
  C:086FH         LINE#         55
  C:0874H         LINE#         56
  C:0874H         LINE#         57
  C:0876H         LINE#         58
  C:087AH         LINE#         59
  C:087FH         LINE#         60
  C:0883H         LINE#         61
  C:0885H         LINE#         62
  C:0885H         LINE#         63
  C:0885H         LINE#         64
  C:0887H         LINE#         66
  C:0887H         LINE#         67
  C:0887H         LINE#         68
  C:088DH         LINE#         69
  C:0891H         LINE#         70
  C:0898H         LINE#         71
  C:089CH         LINE#         72
  C:089CH         LINE#         73
  C:089CH         LINE#         74
  C:089CH         LINE#         76
  C:089CH         LINE#         78
  C:08A0H         LINE#         79
  -------         ENDPROC       KEY_SCAN
  -------         ENDMOD        KEY

  -------         MODULE        RTC
  C:0000H         SYMBOL        _ICE_DUMMY_
  D:0080H         PUBLIC        P0
  D:0090H         PUBLIC        P1
  D:00A0H         PUBLIC        P2
  D:00B0H         PUBLIC        P3
  D:00C0H         PUBLIC        P4
  D:00C8H         PUBLIC        P5
  D:00E8H         PUBLIC        P6
  D:00F8H         PUBLIC        P7
  D:00A8H         PUBLIC        IE
  C:0DB5H         PUBLIC        _bcd_to_hex
  C:0F03H         PUBLIC        _hex_to_bcd
  D:00B8H         PUBLIC        IP
  D:00D8H         PUBLIC        CCON
BL51 BANKED LINKER/LOCATER V6.22.4.0                                                  04/01/2026  20:02:32  PAGE 20


  D:0098H         PUBLIC        SCON
  D:0088H         PUBLIC        TCON
  D:00F0H         PUBLIC        B
  D:00E0H         PUBLIC        ACC
  C:0D77H         PUBLIC        _Read_Ds1302_Byte
  B:00A0H.3       PUBLIC        SDA
  C:0FAAH         PUBLIC        rtc_init
  B:0090H.7       PUBLIC        SCK
  C:10D2H         PUBLIC        _Write_Ds1302_Byte
  C:0003H         PUBLIC        _rtc_get
  C:10BEH         PUBLIC        _Write_Ds1302
  B:0090H.3       PUBLIC        RST
  D:00D0H         PUBLIC        PSW
  -------         PROC          _WRITE_DS1302
  D:0007H         SYMBOL        temp
  -------         DO            
  D:0006H         SYMBOL        i
  -------         ENDDO         
  C:10BEH         LINE#         3
  C:10BEH         LINE#         4
  C:10BEH         LINE#         6
  C:10C0H         LINE#         7
  C:10C0H         LINE#         8
  C:10C2H         LINE#         9
  C:10C6H         LINE#         10
  C:10CAH         LINE#         11
  C:10CCH         LINE#         12
  C:10D1H         LINE#         13
  -------         ENDPROC       _WRITE_DS1302
  -------         PROC          _WRITE_DS1302_BYTE
  D:0007H         SYMBOL        address
  D:0005H         SYMBOL        dat
  C:10D2H         LINE#         16
  C:10D2H         LINE#         17
  C:10D2H         LINE#         18
  C:10D5H         LINE#         19
  C:10D8H         LINE#         20
  C:10DBH         LINE#         21
  C:10DEH         LINE#         22
  C:10E3H         LINE#         23
  C:10E5H         LINE#         24
  -------         ENDPROC       _WRITE_DS1302_BYTE
  -------         PROC          _READ_DS1302_BYTE
  D:0007H         SYMBOL        address
  -------         DO            
  D:0007H         SYMBOL        i
  D:0005H         SYMBOL        temp
  -------         ENDDO         
  C:0D77H         LINE#         27
  C:0D77H         LINE#         28
  C:0D77H         LINE#         29
  C:0D79H         LINE#         30
  C:0D7CH         LINE#         31
  C:0D7FH         LINE#         32
  C:0D82H         LINE#         33
  C:0D85H         LINE#         34
  C:0D87H         LINE#         35
BL51 BANKED LINKER/LOCATER V6.22.4.0                                                  04/01/2026  20:02:32  PAGE 21


  C:0D87H         LINE#         36
  C:0D89H         LINE#         37
  C:0D8DH         LINE#         38
  C:0D90H         LINE#         39
  C:0D93H         LINE#         40
  C:0D95H         LINE#         41
  C:0D9AH         LINE#         42
  C:0D9DH         LINE#         43
  C:0DA0H         LINE#         44
  C:0DA3H         LINE#         45
  C:0DA6H         LINE#         46
  C:0DA9H         LINE#         47
  C:0DABH         LINE#         48
  -------         ENDPROC       _READ_DS1302_BYTE
  -------         PROC          _HEX_TO_BCD
  X:0049H         SYMBOL        hex
  C:0F03H         LINE#         51
  C:0F0AH         LINE#         52
  C:0F0AH         LINE#         53
  C:0F27H         LINE#         54
  -------         ENDPROC       _HEX_TO_BCD
  -------         PROC          L?0015
  -------         ENDPROC       L?0015
  -------         PROC          _BCD_TO_HEX
  X:004CH         SYMBOL        bcd
  C:0DB5H         LINE#         55
  C:0DBCH         LINE#         56
  C:0DBCH         LINE#         57
  C:0DDAH         LINE#         58
  -------         ENDPROC       _BCD_TO_HEX
  -------         PROC          RTC_INIT
  C:0FAAH         LINE#         59
  C:0FAAH         LINE#         60
  C:0FAAH         LINE#         61
  C:0FB0H         LINE#         62
  C:0FB7H         LINE#         63
  -------         ENDPROC       RTC_INIT
  -------         PROC          _RTC_GET
  X:0049H         SYMBOL        time
  C:0003H         LINE#         71
  C:000DH         LINE#         72
  C:000DH         LINE#         73
  C:0020H         LINE#         74
  C:0036H         LINE#         75
  -------         ENDPROC       _RTC_GET
  -------         ENDMOD        RTC

  -------         MODULE        NE555
  C:0000H         SYMBOL        _ICE_DUMMY_
  D:0080H         PUBLIC        P0
  D:0090H         PUBLIC        P1
  D:00A0H         PUBLIC        P2
  D:00B0H         PUBLIC        P3
  D:00C0H         PUBLIC        P4
  D:00C8H         PUBLIC        P5
  D:00E8H         PUBLIC        P6
  D:00F8H         PUBLIC        P7
BL51 BANKED LINKER/LOCATER V6.22.4.0                                                  04/01/2026  20:02:32  PAGE 22


  C:1109H         PUBLIC        ne555_init
  D:00A8H         PUBLIC        IE
  D:00B8H         PUBLIC        IP
  D:00D8H         PUBLIC        CCON
  D:0098H         PUBLIC        SCON
  D:0089H         PUBLIC        TMOD
  D:0088H         PUBLIC        TCON
  D:00F0H         PUBLIC        B
  D:008EH         PUBLIC        AUXR
  D:00E0H         PUBLIC        ACC
  B:0088H.5       PUBLIC        TF0
  D:008CH         PUBLIC        TH0
  D:008AH         PUBLIC        TL0
  B:0088H.4       PUBLIC        TR0
  D:00D0H         PUBLIC        PSW
  -------         PROC          NE555_INIT
  C:1109H         LINE#         3
  C:1109H         LINE#         4
  C:1109H         LINE#         6
  C:110CH         LINE#         7
  C:110FH         LINE#         8
  C:1112H         LINE#         9
  C:1114H         LINE#         10
  C:1116H         LINE#         11
  C:1118H         LINE#         14
  -------         ENDPROC       NE555_INIT
  -------         ENDMOD        NE555

  -------         MODULE        I2C
  C:0000H         SYMBOL        _ICE_DUMMY_
  D:0080H         PUBLIC        P0
  D:0090H         PUBLIC        P1
  D:00A0H         PUBLIC        P2
  D:00B0H         PUBLIC        P3
  D:00C0H         PUBLIC        P4
  D:00C8H         PUBLIC        P5
  D:00E8H         PUBLIC        P6
  D:00F8H         PUBLIC        P7
  D:00A8H         PUBLIC        IE
  C:101EH         SYMBOL        _I2C_Delay
  D:00B8H         PUBLIC        IP
  C:0F8CH         PUBLIC        I2CReceiveByte
  D:00D8H         PUBLIC        CCON
  D:0098H         PUBLIC        SCON
  D:0088H         PUBLIC        TCON
  B:00A0H.1       PUBLIC        sda
  D:00F0H         PUBLIC        B
  B:00A0H.0       PUBLIC        scl
  D:00E0H         PUBLIC        ACC
  C:0E61H         PUBLIC        adc_get
  C:1119H         PUBLIC        I2CStart
  C:1067H         PUBLIC        _I2CSendAck
  C:0E09H         PUBLIC        _I2CSendByte
  C:10ACH         PUBLIC        I2CWaitAck
  C:1128H         PUBLIC        I2CStop
  D:00D0H         PUBLIC        PSW
  C:101AH         SYMBOL        L?0022
BL51 BANKED LINKER/LOCATER V6.22.4.0                                                  04/01/2026  20:02:32  PAGE 23


  -------         PROC          L?0021
  -------         ENDPROC       L?0021
  C:101AH         SYMBOL        L?0022
  -------         PROC          _I2C_DELAY
  D:0007H         SYMBOL        n
  C:101EH         LINE#         7
  C:101EH         LINE#         8
  C:101EH         LINE#         10
  C:101EH         LINE#         11
  C:1023H         LINE#         12
  C:1028H         LINE#         13
  C:102DH         LINE#         14
  C:102DH         LINE#         15
  C:1033H         LINE#         16
  -------         ENDPROC       _I2C_DELAY
  -------         PROC          I2CSTART
  C:1119H         LINE#         19
  C:1119H         LINE#         20
  C:1119H         LINE#         21
  C:111BH         LINE#         22
  C:111BH         LINE#         23
  C:111EH         LINE#         24
  C:1120H         LINE#         25
  C:1125H         LINE#         26
  C:1127H         LINE#         27
  -------         ENDPROC       I2CSTART
  -------         PROC          I2CSTOP
  C:1128H         LINE#         30
  C:1128H         LINE#         31
  C:1128H         LINE#         32
  C:112AH         LINE#         33
  C:112AH         LINE#         34
  C:112DH         LINE#         35
  C:112FH         LINE#         36
  -------         ENDPROC       I2CSTOP
  -------         PROC          _I2CSENDBYTE
  D:0005H         SYMBOL        byt
  -------         DO            
  D:0004H         SYMBOL        i
  -------         ENDDO         
  C:0E09H         LINE#         40
  C:0E0BH         LINE#         41
  C:0E0BH         LINE#         44
  C:0E0DH         LINE#         45
  C:0E0FH         LINE#         46
  C:0E14H         LINE#         47
  C:0E18H         LINE#         48
  C:0E1AH         LINE#         49
  C:0E1CH         LINE#         50
  C:0E1CH         LINE#         51
  C:0E1EH         LINE#         52
  C:0E1EH         LINE#         53
  C:0E23H         LINE#         54
  C:0E25H         LINE#         55
  C:0E29H         LINE#         56
  C:0E2EH         LINE#         57
  C:0E33H         LINE#         59
BL51 BANKED LINKER/LOCATER V6.22.4.0                                                  04/01/2026  20:02:32  PAGE 24


  C:0E35H         LINE#         60
  -------         ENDPROC       _I2CSENDBYTE
  -------         PROC          I2CRECEIVEBYTE
  -------         DO            
  D:0005H         SYMBOL        da
  D:0004H         SYMBOL        i
  -------         ENDDO         
  C:0F8CH         LINE#         63
  C:0F8CH         LINE#         64
  C:0F8CH         LINE#         67
  C:0F8EH         LINE#         68
  C:0F8EH         LINE#         69
  C:0F91H         LINE#         70
  C:0F95H         LINE#         71
  C:0F98H         LINE#         72
  C:0F9BH         LINE#         73
  C:0F9DH         LINE#         74
  C:0FA2H         LINE#         75
  C:0FA7H         LINE#         76
  C:0FA9H         LINE#         77
  -------         ENDPROC       I2CRECEIVEBYTE
  -------         PROC          L?0023
  -------         ENDPROC       L?0023
  -------         PROC          I2CWAITACK
  -------         DO            
  D:0005H         SYMBOL        ackbit
  -------         ENDDO         
  C:10ACH         LINE#         80
  C:10ACH         LINE#         81
  C:10ACH         LINE#         84
  C:10ACH         LINE#         85
  C:10AFH         LINE#         86
  C:10B4H         LINE#         87
  C:10B6H         LINE#         88
  C:10BBH         LINE#         90
  C:10BDH         LINE#         91
  -------         ENDPROC       I2CWAITACK
  -------         PROC          _I2CSENDACK
  D:0007H         SYMBOL        ackbit
  C:1067H         LINE#         94
  C:1067H         LINE#         95
  C:1067H         LINE#         96
  C:1069H         LINE#         97
  C:106EH         LINE#         98
  C:1073H         LINE#         99
  C:1073H         LINE#         100
  C:1076H         LINE#         101
  C:1078H         LINE#         102
  C:107AH         LINE#         103
  -------         ENDPROC       _I2CSENDACK
  -------         PROC          ADC_GET
  -------         DO            
  D:0005H         SYMBOL        date
  -------         ENDDO         
  C:0E61H         LINE#         106
  C:0E61H         LINE#         107
  C:0E61H         LINE#         109
BL51 BANKED LINKER/LOCATER V6.22.4.0                                                  04/01/2026  20:02:32  PAGE 25


  C:0E64H         LINE#         110
  C:0E66H         LINE#         111
  C:0E69H         LINE#         113
  C:0E6BH         LINE#         114
  C:0E6EH         LINE#         115
  C:0E71H         LINE#         117
  C:0E74H         LINE#         118
  C:0E79H         LINE#         119
  C:0E7CH         LINE#         121
  C:0E81H         LINE#         122
  C:0E86H         LINE#         123
  C:0E89H         LINE#         124
  C:0E8BH         LINE#         128
  -------         ENDPROC       ADC_GET
  -------         ENDMOD        I2C

  -------         MODULE        TEMP
  C:0000H         SYMBOL        _ICE_DUMMY_
  D:0080H         PUBLIC        P0
  D:0090H         PUBLIC        P1
  D:00A0H         PUBLIC        P2
  D:00B0H         PUBLIC        P3
  D:00C0H         PUBLIC        P4
  C:0FFFH         PUBLIC        Read_DS18B20
  D:00C8H         PUBLIC        P5
  D:00E8H         PUBLIC        P6
  D:00F8H         PUBLIC        P7
  D:00A8H         PUBLIC        IE
  C:1038H         PUBLIC        _Delay_OneWire
  C:0F6DH         PUBLIC        _Write_DS18B20
  B:0090H.4       PUBLIC        DQ
  D:00B8H         PUBLIC        IP
  C:0EDCH         PUBLIC        init_ds18b20
  D:00D8H         PUBLIC        CCON
  D:0098H         PUBLIC        SCON
  D:0088H         PUBLIC        TCON
  D:00F0H         PUBLIC        B
  D:00E0H         PUBLIC        ACC
  C:0F28H         PUBLIC        temp_init
  C:0CBAH         PUBLIC        temp_get
  D:00D0H         PUBLIC        PSW
  C:1034H         SYMBOL        L?0021
  -------         PROC          L?0020
  -------         ENDPROC       L?0020
  C:1034H         SYMBOL        L?0021
  -------         PROC          _DELAY_ONEWIRE
  D:0006H         SYMBOL        t
  -------         DO            
  D:0005H         SYMBOL        i
  -------         ENDDO         
  C:1038H         LINE#         3
  C:1038H         LINE#         4
  C:1038H         LINE#         6
  C:1042H         LINE#         7
  C:104DH         LINE#         8
  C:104DH         LINE#         9
  -------         ENDPROC       _DELAY_ONEWIRE
BL51 BANKED LINKER/LOCATER V6.22.4.0                                                  04/01/2026  20:02:32  PAGE 26


  -------         PROC          _WRITE_DS18B20
  D:0001H         SYMBOL        dat
  -------         DO            
  D:0003H         SYMBOL        i
  -------         ENDDO         
  C:0F6DH         LINE#         12
  C:0F6FH         LINE#         13
  C:0F6FH         LINE#         15
  C:0F71H         LINE#         16
  C:0F71H         LINE#         17
  C:0F73H         LINE#         18
  C:0F77H         LINE#         19
  C:0F7AH         LINE#         20
  C:0F7CH         LINE#         21
  C:0F80H         LINE#         22
  C:0F85H         LINE#         23
  -------         ENDPROC       _WRITE_DS18B20
  -------         PROC          READ_DS18B20
  -------         DO            
  D:0003H         SYMBOL        i
  D:0004H         SYMBOL        dat
  -------         ENDDO         
  C:0FFFH         LINE#         27
  C:0FFFH         LINE#         28
  C:0FFFH         LINE#         32
  C:1001H         LINE#         33
  C:1001H         LINE#         34
  C:1003H         LINE#         35
  C:1007H         LINE#         36
  C:1009H         LINE#         37
  C:100CH         LINE#         38
  C:100CH         LINE#         39
  C:100FH         LINE#         40
  C:100FH         LINE#         41
  C:1012H         LINE#         42
  C:1017H         LINE#         43
  C:1019H         LINE#         44
  -------         ENDPROC       READ_DS18B20
  -------         PROC          INIT_DS18B20
  -------         DO            
  B:0020H.4       SYMBOL        initflag
  -------         ENDDO         
  C:0EDCH         LINE#         47
  C:0EDCH         LINE#         48
  C:0EDCH         LINE#         49
  C:0EDEH         LINE#         51
  C:0EE0H         LINE#         52
  C:0EE7H         LINE#         53
  C:0EE9H         LINE#         54
  C:0EF0H         LINE#         55
  C:0EF2H         LINE#         56
  C:0EF9H         LINE#         57
  C:0EFDH         LINE#         58
  C:0F00H         LINE#         60
  C:0F02H         LINE#         61
  -------         ENDPROC       INIT_DS18B20
  -------         PROC          TEMP_INIT
BL51 BANKED LINKER/LOCATER V6.22.4.0                                                  04/01/2026  20:02:32  PAGE 27


  C:0F28H         LINE#         64
  C:0F28H         LINE#         65
  C:0F28H         LINE#         66
  C:0F2BH         LINE#         67
  C:0F30H         LINE#         68
  C:0F35H         LINE#         69
  C:0F3AH         LINE#         70
  C:0F3FH         LINE#         71
  C:0F44H         LINE#         72
  -------         ENDPROC       TEMP_INIT
  -------         PROC          TEMP_GET
  -------         DO            
  D:0001H         SYMBOL        l
  D:0007H         SYMBOL        h
  D:0006H         SYMBOL        raw
  -------         ENDDO         
  C:0CBAH         LINE#         74
  C:0CBAH         LINE#         75
  C:0CBAH         LINE#         78
  C:0CBDH         LINE#         79
  C:0CC2H         LINE#         80
  C:0CC7H         LINE#         81
  C:0CCEH         LINE#         82
  C:0CD1H         LINE#         83
  C:0CD6H         LINE#         84
  C:0CDBH         LINE#         85
  C:0CE0H         LINE#         86
  C:0CE3H         LINE#         87
  C:0CE7H         LINE#         88
  C:0CFCH         LINE#         89
  -------         ENDPROC       TEMP_GET
  -------         ENDMOD        TEMP

  -------         MODULE        ?C?CSTPTR
  C:06D5H         PUBLIC        ?C?CSTPTR
  -------         ENDMOD        ?C?CSTPTR

  -------         MODULE        ?C?CSTOPTR
  C:06E7H         PUBLIC        ?C?CSTOPTR
  -------         ENDMOD        ?C?CSTOPTR

  -------         MODULE        ?C?IMUL
  C:0709H         PUBLIC        ?C?IMUL
  -------         ENDMOD        ?C?IMUL

  -------         MODULE        ?C?UIDIV
  C:071BH         PUBLIC        ?C?UIDIV
  -------         ENDMOD        ?C?UIDIV

  -------         MODULE        ?C?SIDIV
  C:0770H         PUBLIC        ?C?SIDIV
  -------         ENDMOD        ?C?SIDIV

  -------         MODULE        ?C?SLCMP
  C:07A6H         PUBLIC        ?C?SLCMP
  -------         ENDMOD        ?C?SLCMP

BL51 BANKED LINKER/LOCATER V6.22.4.0                                                  04/01/2026  20:02:32  PAGE 28


Program Size: data=9.5 xdata=128 code=4436
LINK/LOCATE RUN COMPLETE.  0 WARNING(S),  0 ERROR(S)
