BL51 BANKED LINKER/LOCATER V6.22.4.0                                                    03/26/2026  18:30:39  PAGE 1


BL51 BANKED LINKER/LOCATER V6.22.4.0, INVOKED BY:
C:\PROGRAM FILES (X86)\KEIL\C51\BIN\BL51.EXE .\Objects\STARTUP.obj, .\Objects\main.obj, .\Objects\sys.obj, .\Objects\app
>> .obj, .\Objects\led.obj, .\Objects\seg.obj, .\Objects\key.obj, .\Objects\rtc.obj, .\Objects\ne555.obj, .\Objects\i2c.
>> obj, .\Objects\temp.obj TO .\Objects\十四届v2 PRINT (.\Listings\十四届v2.m51) RAMSIZE (256)


MEMORY MODEL: SMALL


INPUT MODULES INCLUDED:
  .\Objects\STARTUP.obj (?C_STARTUP)
  .\Objects\main.obj (MAIN)
  .\Objects\sys.obj (SYS)
  .\Objects\app.obj (APP)
  .\Objects\led.obj (LED)
  .\Objects\seg.obj (SEG)
  .\Objects\key.obj (KEY)
  .\Objects\rtc.obj (RTC)
  .\Objects\ne555.obj (NE555)
  .\Objects\i2c.obj (I2C)
  .\Objects\temp.obj (TEMP)
  C:\PROGRAM FILES (X86)\KEIL\C51\LIB\C51S.LIB (?C_INIT)
  C:\PROGRAM FILES (X86)\KEIL\C51\LIB\C51S.LIB (?C?CSTPTR)
  C:\PROGRAM FILES (X86)\KEIL\C51\LIB\C51S.LIB (?C?CSTOPTR)
  C:\PROGRAM FILES (X86)\KEIL\C51\LIB\C51S.LIB (?C?IMUL)
  C:\PROGRAM FILES (X86)\KEIL\C51\LIB\C51S.LIB (?C?UIDIV)
  C:\PROGRAM FILES (X86)\KEIL\C51\LIB\C51S.LIB (?C?SIDIV)
  C:\PROGRAM FILES (X86)\KEIL\C51\LIB\C51S.LIB (?C?SLCMP)


LINK MAP OF MODULE:  .\Objects\十四届v2 (?C_STARTUP)


            TYPE    BASE      LENGTH    RELOCATION   SEGMENT NAME
            -----------------------------------------------------

            * * * * * * *   D A T A   M E M O R Y   * * * * * * *
            REG     0000H     0008H     ABSOLUTE     "REG BANK 0"
            DATA    0008H     0011H     UNIT         _DATA_GROUP_
            DATA    0019H     0003H     UNIT         ?DT?KEY
                    001CH     0004H                  *** GAP ***
            BIT     0020H.0   0000H.4   UNIT         ?BI?APP
            BIT     0020H.4   0000H.1   UNIT         _BIT_GROUP_
                    0020H.5   0000H.3                *** GAP ***
            DATA    0021H     0026H     UNIT         ?DT?APP
            DATA    0047H     000CH     UNIT         ?DT?MAIN
            DATA    0053H     000BH     UNIT         ?DT?LED
            DATA    005EH     0009H     UNIT         ?DT?SEG
            IDATA   0067H     0001H     UNIT         ?STACK

            * * * * * * *  X D A T A   M E M O R Y  * * * * * * *
            XDATA   0000H     0028H     UNIT         ?XD?APP

            * * * * * * *   C O D E   M E M O R Y   * * * * * * *
            CODE    0000H     0003H     ABSOLUTE     
            CODE    0003H     0006H     UNIT         ?PR?ADC_RUN?APP
                    0009H     0002H                  *** GAP ***
            CODE    000BH     0003H     ABSOLUTE     
BL51 BANKED LINKER/LOCATER V6.22.4.0                                                  03/26/2026  18:30:39  PAGE 2


            CODE    000EH     0050H     UNIT         ?PR?LED_RUN?LED
            CODE    005EH     0003H     UNIT         ?PR?APP_TASK_500MS?APP
                    0061H     0002H                  *** GAP ***
            CODE    0063H     0003H     ABSOLUTE     
            CODE    0066H     03CFH     UNIT         ?PR?SEG_DISPLAY?APP
            CODE    0435H     013BH     UNIT         ?PR?AVG_JISHUAN?APP
            CODE    0570H     00E7H     UNIT         ?C?LIB_CODE
            CODE    0657H     00CFH     UNIT         ?PR?KEY_CTRL?APP
            CODE    0726H     00C2H     UNIT         ?C_INITSEG
            CODE    07E8H     00BFH     UNIT         ?PR?KEY_SCAN?KEY
            CODE    08A7H     008CH     UNIT         ?C_C51STARTUP
            CODE    0933H     007BH     UNIT         ?PR?APP_RUN?MAIN
            CODE    09AEH     007AH     UNIT         ?PR?FFFF?APP
            CODE    0A28H     0064H     UNIT         ?PR?LED_CTRL?APP
            CODE    0A8CH     004BH     UNIT         ?PR?SEG_RUN?SEG
            CODE    0AD7H     0043H     UNIT         ?PR?TIMER2_ISR?MAIN
            CODE    0B1AH     0043H     UNIT         ?PR?TEMP_GET?TEMP
            CODE    0B5DH     0042H     UNIT         ?PR?_RTC_GET?RTC
            CODE    0B9FH     003DH     UNIT         ?PR?HUM_GET?APP
            CODE    0BDCH     0039H     UNIT         ?PR?DRV_INIT?SYS
            CODE    0C15H     0034H     UNIT         ?PR?_READ_DS1302_BYTE?RTC
            CODE    0C49H     002CH     UNIT         ?PR?_I2CSENDBYTE?I2C
            CODE    0C75H     002BH     UNIT         ?CO?SEG
            CODE    0CA0H     002BH     UNIT         ?PR?ADC_GET?I2C
            CODE    0CCBH     0029H     UNIT         ?PR?_BCD_TO_HEX?RTC
            CODE    0CF4H     0027H     UNIT         ?PR?INIT_DS18B20?TEMP
            CODE    0D1BH     0023H     UNIT         ?PR?TEMP_INIT?TEMP
            CODE    0D3EH     0022H     UNIT         ?PR?GPIO_INIT?SYS
            CODE    0D60H     0022H     UNIT         ?PR?L4_RUN?APP
            CODE    0D82H     001FH     UNIT         ?PR?_HEX_TO_BCD?RTC
            CODE    0DA1H     001EH     UNIT         ?PR?DRV_RUN?MAIN
            CODE    0DBFH     001EH     UNIT         ?PR?_WRITE_DS18B20?TEMP
            CODE    0DDDH     001DH     UNIT         ?PR?RTC_INIT?RTC
            CODE    0DFAH     001DH     UNIT         ?PR?I2CRECEIVEBYTE?I2C
            CODE    0E17H     001BH     UNIT         ?PR?ADC_F_RUN?APP
            CODE    0E32H     001AH     UNIT         ?PR?_I2C_DELAY?I2C
            CODE    0E4CH     001AH     UNIT         ?PR?_DELAY_ONEWIRE?TEMP
            CODE    0E66H     001AH     UNIT         ?PR?READ_DS18B20?TEMP
            CODE    0E80H     0018H     UNIT         ?PR?_I2CSENDACK?I2C
            CODE    0E98H     0016H     UNIT         ?PR?INIT?APP
            CODE    0EAEH     0016H     UNIT         ?PR?_SEG_SET?SEG
            CODE    0EC4H     0015H     UNIT         ?PR?APP_TASK_100MS?APP
            CODE    0ED9H     0015H     UNIT         ?PR?NE555_INIT?NE555
            CODE    0EEEH     0015H     UNIT         ?PR?I2CWAITACK?I2C
            CODE    0F03H     0014H     UNIT         ?PR?_WRITE_DS1302_BYTE?RTC
            CODE    0F17H     0013H     UNIT         ?PR?RTC_RUN?APP
            CODE    0F2AH     0013H     UNIT         ?PR?_WRITE_DS1302?RTC
            CODE    0F3DH     0012H     UNIT         ?PR?SYS_TICK_TIMER_INIT?SYS
            CODE    0F4FH     0011H     UNIT         ?PR?_SYS_DECODER?SYS
            CODE    0F60H     000FH     UNIT         ?PR?I2CSTART?I2C
            CODE    0F6FH     000DH     UNIT         ?PR?TIMER0_ISR?APP
            CODE    0F7CH     000CH     UNIT         ?PR?APP_TASK_1000MS?APP
            CODE    0F88H     000CH     UNIT         ?PR?_LED_SET?LED
            CODE    0F94H     000CH     UNIT         ?PR?I2CSTOP?I2C
            CODE    0FA0H     000BH     UNIT         ?PR?MAIN?MAIN
            CODE    0FABH     0009H     UNIT         ?PR?SYS_INIT?SYS
            CODE    0FB4H     0003H     UNIT         ?PR?APP_TASK_10MS?APP
BL51 BANKED LINKER/LOCATER V6.22.4.0                                                  03/26/2026  18:30:39  PAGE 3





OVERLAY MAP OF MODULE:   .\Objects\十四届v2 (?C_STARTUP)


SEGMENT                                BIT_GROUP          DATA_GROUP 
  +--> CALLED SEGMENT               START    LENGTH     START    LENGTH
-----------------------------------------------------------------------
?C_C51STARTUP                       -----    -----      -----    -----
  +--> ?PR?MAIN?MAIN
  +--> ?C_INITSEG

?PR?MAIN?MAIN                       -----    -----      -----    -----
  +--> ?PR?SYS_INIT?SYS
  +--> ?PR?DRV_RUN?MAIN
  +--> ?PR?APP_RUN?MAIN

?PR?SYS_INIT?SYS                    -----    -----      -----    -----
  +--> ?PR?GPIO_INIT?SYS
  +--> ?PR?DRV_INIT?SYS
  +--> ?PR?SYS_TICK_TIMER_INIT?SYS

?PR?DRV_INIT?SYS                    -----    -----      -----    -----
  +--> ?PR?_SYS_DECODER?SYS

?PR?DRV_RUN?MAIN                    -----    -----      -----    -----
  +--> ?PR?LED_RUN?LED

?PR?LED_RUN?LED                     -----    -----      -----    -----
  +--> ?PR?_SYS_DECODER?SYS

?PR?APP_RUN?MAIN                    -----    -----      0008H    0002H
  +--> ?PR?APP_TASK_100MS?APP
  +--> ?PR?APP_TASK_10MS?APP
  +--> ?PR?APP_TASK_500MS?APP
  +--> ?PR?APP_TASK_1000MS?APP

?PR?APP_TASK_100MS?APP              -----    -----      -----    -----
  +--> ?PR?INIT?APP
  +--> ?PR?SEG_DISPLAY?APP
  +--> ?PR?ADC_RUN?APP
  +--> ?PR?LED_CTRL?APP
  +--> ?PR?L4_RUN?APP
  +--> ?PR?ADC_F_RUN?APP
  +--> ?PR?FFFF?APP

?PR?INIT?APP                        -----    -----      -----    -----
  +--> ?PR?RTC_INIT?RTC
  +--> ?PR?NE555_INIT?NE555
  +--> ?PR?TEMP_INIT?TEMP
  +--> ?PR?TEMP_GET?TEMP

?PR?RTC_INIT?RTC                    -----    -----      -----    -----
  +--> ?PR?_WRITE_DS1302_BYTE?RTC
  +--> ?PR?_HEX_TO_BCD?RTC

BL51 BANKED LINKER/LOCATER V6.22.4.0                                                  03/26/2026  18:30:39  PAGE 4


?PR?_WRITE_DS1302_BYTE?RTC          -----    -----      -----    -----
  +--> ?PR?_WRITE_DS1302?RTC

?PR?_HEX_TO_BCD?RTC                 -----    -----      000AH    0002H

?PR?TEMP_INIT?TEMP                  -----    -----      -----    -----
  +--> ?PR?INIT_DS18B20?TEMP
  +--> ?PR?_WRITE_DS18B20?TEMP
  +--> ?PR?_DELAY_ONEWIRE?TEMP

?PR?INIT_DS18B20?TEMP               0020H.4  0000H.1    -----    -----
  +--> ?PR?_DELAY_ONEWIRE?TEMP

?PR?_WRITE_DS18B20?TEMP             -----    -----      -----    -----
  +--> ?PR?_DELAY_ONEWIRE?TEMP

?PR?TEMP_GET?TEMP                   -----    -----      -----    -----
  +--> ?PR?INIT_DS18B20?TEMP
  +--> ?PR?_WRITE_DS18B20?TEMP
  +--> ?PR?_DELAY_ONEWIRE?TEMP
  +--> ?PR?READ_DS18B20?TEMP

?PR?READ_DS18B20?TEMP               -----    -----      -----    -----
  +--> ?PR?_DELAY_ONEWIRE?TEMP

?PR?SEG_DISPLAY?APP                 -----    -----      -----    -----
  +--> ?PR?_SEG_SET?SEG
  +--> ?PR?_LED_SET?LED

?PR?_SEG_SET?SEG                    -----    -----      000AH    000FH

?PR?_LED_SET?LED                    0020H.4  0000H.1    -----    -----

?PR?ADC_RUN?APP                     -----    -----      -----    -----
  +--> ?PR?ADC_GET?I2C

?PR?ADC_GET?I2C                     -----    -----      -----    -----
  +--> ?PR?I2CSTART?I2C
  +--> ?PR?I2CWAITACK?I2C
  +--> ?PR?I2CSTOP?I2C
  +--> ?PR?_I2CSENDBYTE?I2C
  +--> ?PR?I2CRECEIVEBYTE?I2C
  +--> ?PR?_I2CSENDACK?I2C

?PR?I2CSTART?I2C                    -----    -----      -----    -----
  +--> ?PR?_I2C_DELAY?I2C

?PR?I2CWAITACK?I2C                  -----    -----      -----    -----
  +--> ?PR?_I2CSENDBYTE?I2C
  +--> ?PR?_I2C_DELAY?I2C

?PR?_I2CSENDBYTE?I2C                -----    -----      -----    -----
  +--> ?PR?_I2C_DELAY?I2C

?PR?I2CSTOP?I2C                     -----    -----      -----    -----
  +--> ?PR?_I2C_DELAY?I2C

BL51 BANKED LINKER/LOCATER V6.22.4.0                                                  03/26/2026  18:30:39  PAGE 5


?PR?I2CRECEIVEBYTE?I2C              -----    -----      -----    -----
  +--> ?PR?_I2C_DELAY?I2C

?PR?_I2CSENDACK?I2C                 -----    -----      -----    -----
  +--> ?PR?_I2C_DELAY?I2C

?PR?LED_CTRL?APP                    -----    -----      -----    -----
  +--> ?PR?_LED_SET?LED

?PR?L4_RUN?APP                      -----    -----      -----    -----
  +--> ?PR?_LED_SET?LED

?PR?FFFF?APP                        -----    -----      -----    -----
  +--> ?PR?TEMP_GET?TEMP
  +--> ?PR?HUM_GET?APP
  +--> ?PR?AVG_JISHUAN?APP

?PR?APP_TASK_10MS?APP               -----    -----      -----    -----
  +--> ?PR?KEY_CTRL?APP

?PR?KEY_CTRL?APP                    -----    -----      000AH    0001H
  +--> ?PR?KEY_SCAN?KEY

?PR?KEY_SCAN?KEY                    -----    -----      000BH    0002H

?PR?APP_TASK_500MS?APP              -----    -----      -----    -----
  +--> ?PR?RTC_RUN?APP

?PR?RTC_RUN?APP                     -----    -----      -----    -----
  +--> ?PR?_RTC_GET?RTC

?PR?_RTC_GET?RTC                    -----    -----      000AH    0003H
  +--> ?PR?_BCD_TO_HEX?RTC
  +--> ?PR?_READ_DS1302_BYTE?RTC

?PR?_BCD_TO_HEX?RTC                 -----    -----      000DH    0002H
  +--> ?PR?_READ_DS1302_BYTE?RTC

?PR?_READ_DS1302_BYTE?RTC           -----    -----      -----    -----
  +--> ?PR?_WRITE_DS1302?RTC

*** NEW ROOT ***************************************************

?PR?TIMER2_ISR?MAIN                 -----    -----      -----    -----
  +--> ?PR?SEG_RUN?SEG

?PR?SEG_RUN?SEG                     -----    -----      -----    -----
  +--> ?PR?_SYS_DECODER?SYS
  +--> ?CO?SEG



SYMBOL TABLE OF MODULE:  .\Objects\十四届v2 (?C_STARTUP)

  VALUE           TYPE          NAME
  ----------------------------------

BL51 BANKED LINKER/LOCATER V6.22.4.0                                                  03/26/2026  18:30:39  PAGE 6


  -------         MODULE        ?C_STARTUP
  C:08A7H         SEGMENT       ?C_C51STARTUP
  I:0067H         SEGMENT       ?STACK
  C:0000H         PUBLIC        ?C_STARTUP
  D:00E0H         SYMBOL        ACC
  D:00F0H         SYMBOL        B
  D:0083H         SYMBOL        DPH
  D:0082H         SYMBOL        DPL
  N:0000H         SYMBOL        IBPSTACK
  N:0100H         SYMBOL        IBPSTACKTOP
  N:0080H         SYMBOL        IDATALEN
  C:08AAH         SYMBOL        IDATALOOP
  N:0000H         SYMBOL        PBPSTACK
  N:0100H         SYMBOL        PBPSTACKTOP
  N:0000H         SYMBOL        PDATALEN
  N:0000H         SYMBOL        PDATASTART
  N:0000H         SYMBOL        PPAGE
  N:0000H         SYMBOL        PPAGEENABLE
  D:00A0H         SYMBOL        PPAGE_SFR
  D:0081H         SYMBOL        SP
  C:08A7H         SYMBOL        STARTUP1
  N:0000H         SYMBOL        XBPSTACK
  N:0000H         SYMBOL        XBPSTACKTOP
  N:0000H         SYMBOL        XDATALEN
  N:0000H         SYMBOL        XDATASTART
  C:0000H         LINE#         126
  C:08A7H         LINE#         133
  C:08A9H         LINE#         134
  C:08AAH         LINE#         135
  C:08ABH         LINE#         136
  C:08ADH         LINE#         185
  C:08B0H         LINE#         196
  -------         ENDMOD        ?C_STARTUP

  -------         MODULE        MAIN
  C:0000H         SYMBOL        _ICE_DUMMY_
  D:0080H         PUBLIC        P0
  D:0090H         PUBLIC        P1
  D:00A0H         PUBLIC        P2
  D:00B0H         PUBLIC        P3
  D:00C0H         PUBLIC        P4
  C:0DA1H         PUBLIC        drv_run
  D:00C8H         PUBLIC        P5
  D:00E8H         PUBLIC        P6
  D:00F8H         PUBLIC        P7
  D:00A8H         PUBLIC        IE
  D:0047H         SYMBOL        last_app_task_10ms
  D:00B8H         PUBLIC        IP
  D:00D8H         PUBLIC        CCON
  C:0FA0H         PUBLIC        main
  D:0098H         PUBLIC        SCON
  D:0088H         PUBLIC        TCON
  D:00F0H         PUBLIC        B
  D:0049H         SYMBOL        last_app_task_100ms
  C:0AD7H         PUBLIC        Timer2_Isr
  D:004BH         SYMBOL        last_app_task_500ms
  D:00E0H         PUBLIC        ACC
BL51 BANKED LINKER/LOCATER V6.22.4.0                                                  03/26/2026  18:30:39  PAGE 7


  D:004DH         SYMBOL        last_led
  D:004FH         SYMBOL        sys_tick
  D:0051H         SYMBOL        last_app_task_1000ms
  C:0933H         PUBLIC        app_run
  D:00D0H         PUBLIC        PSW
  -------         PROC          TIMER2_ISR
  C:0AD7H         LINE#         12
  C:0AF4H         LINE#         14
  C:0AFCH         LINE#         15
  C:0AFFH         LINE#         16
  -------         ENDPROC       TIMER2_ISR
  -------         PROC          DRV_RUN
  -------         DO            
  D:0006H         SYMBOL        now
  -------         ENDDO         
  C:0DA1H         LINE#         17
  C:0DA1H         LINE#         18
  C:0DA1H         LINE#         19
  C:0DA5H         LINE#         20
  C:0DB7H         LINE#         21
  C:0DB7H         LINE#         22
  C:0DBBH         LINE#         23
  C:0DBEH         LINE#         24
  C:0DBEH         LINE#         26
  -------         ENDPROC       DRV_RUN
  -------         PROC          APP_RUN
  -------         DO            
  D:0008H         SYMBOL        now
  -------         ENDDO         
  C:0933H         LINE#         28
  C:0933H         LINE#         29
  C:0933H         LINE#         30
  C:0939H         LINE#         31
  C:094DH         LINE#         32
  C:094DH         LINE#         33
  C:0953H         LINE#         34
  C:0956H         LINE#         35
  C:0956H         LINE#         36
  C:096AH         LINE#         37
  C:096AH         LINE#         38
  C:0970H         LINE#         39
  C:0973H         LINE#         40
  C:0973H         LINE#         41
  C:0987H         LINE#         42
  C:0987H         LINE#         43
  C:098DH         LINE#         44
  C:0990H         LINE#         45
  C:0990H         LINE#         46
  C:09A4H         LINE#         47
  C:09A4H         LINE#         48
  C:09AAH         LINE#         49
  C:09ADH         LINE#         50
  C:09ADH         LINE#         51
  -------         ENDPROC       APP_RUN
  -------         PROC          MAIN
  C:0FA0H         LINE#         53
  C:0FA0H         LINE#         54
BL51 BANKED LINKER/LOCATER V6.22.4.0                                                  03/26/2026  18:30:39  PAGE 8


  C:0FA0H         LINE#         55
  C:0FA3H         LINE#         56
  C:0FA3H         LINE#         57
  C:0FA3H         LINE#         58
  C:0FA6H         LINE#         59
  C:0FA9H         LINE#         60
  -------         ENDPROC       MAIN
  -------         ENDMOD        MAIN

  -------         MODULE        SYS
  C:0000H         SYMBOL        _ICE_DUMMY_
  D:0093H         PUBLIC        P0M1
  D:0092H         PUBLIC        P1M0
  D:0096H         PUBLIC        P2M0
  D:0091H         PUBLIC        P1M1
  D:0080H         PUBLIC        P0
  D:00B2H         PUBLIC        P3M0
  D:0095H         PUBLIC        P2M1
  D:0090H         PUBLIC        P1
  D:00B4H         PUBLIC        P4M0
  D:00B1H         PUBLIC        P3M1
  D:00A0H         PUBLIC        P2
  D:00CAH         PUBLIC        P5M0
  D:00B3H         PUBLIC        P4M1
  D:00B0H         PUBLIC        P3
  D:00CCH         PUBLIC        P6M0
  D:00C9H         PUBLIC        P5M1
  D:00C0H         PUBLIC        P4
  D:00E2H         PUBLIC        P7M0
  D:00CBH         PUBLIC        P6M1
  D:00C8H         PUBLIC        P5
  D:00E8H         PUBLIC        P6
  D:00E1H         PUBLIC        P7M1
  B:00A8H.7       PUBLIC        EA
  D:00F8H         PUBLIC        P7
  C:0F3DH         PUBLIC        sys_tick_timer_init
  D:00A8H         PUBLIC        IE
  D:00B8H         PUBLIC        IP
  C:0F4FH         PUBLIC        _sys_decoder
  D:00D8H         PUBLIC        CCON
  D:0098H         PUBLIC        SCON
  D:0088H         PUBLIC        TCON
  D:00AFH         PUBLIC        IE2
  D:00F0H         PUBLIC        B
  D:008EH         PUBLIC        AUXR
  D:00E0H         PUBLIC        ACC
  C:0D3EH         PUBLIC        gpio_init
  D:00D6H         PUBLIC        T2H
  D:00D7H         PUBLIC        T2L
  C:0BDCH         PUBLIC        drv_init
  C:0FABH         PUBLIC        sys_init
  D:00D0H         PUBLIC        PSW
  D:0094H         PUBLIC        P0M0
  -------         PROC          GPIO_INIT
  C:0D3EH         LINE#         3
  C:0D3EH         LINE#         4
  C:0D3EH         LINE#         5
BL51 BANKED LINKER/LOCATER V6.22.4.0                                                  03/26/2026  18:30:39  PAGE 9


  C:0D43H         LINE#         6
  C:0D47H         LINE#         7
  C:0D4BH         LINE#         8
  C:0D4FH         LINE#         9
  C:0D53H         LINE#         10
  C:0D57H         LINE#         11
  C:0D5BH         LINE#         12
  C:0D5FH         LINE#         13
  -------         ENDPROC       GPIO_INIT
  -------         PROC          DRV_INIT
  C:0BDCH         LINE#         15
  C:0BDCH         LINE#         16
  C:0BDCH         LINE#         17
  C:0BE1H         LINE#         18
  C:0BEEH         LINE#         19
  C:0BFBH         LINE#         20
  C:0C08H         LINE#         21
  -------         ENDPROC       DRV_INIT
  -------         PROC          SYS_TICK_TIMER_INIT
  C:0F3DH         LINE#         24
  C:0F3DH         LINE#         25
  C:0F3DH         LINE#         26
  C:0F40H         LINE#         27
  C:0F43H         LINE#         28
  C:0F46H         LINE#         29
  C:0F49H         LINE#         30
  C:0F4CH         LINE#         32
  C:0F4EH         LINE#         33
  -------         ENDPROC       SYS_TICK_TIMER_INIT
  -------         PROC          _SYS_DECODER
  D:0007H         SYMBOL        pin
  C:0F4FH         LINE#         36
  C:0F4FH         LINE#         37
  C:0F4FH         LINE#         38
  C:0F5FH         LINE#         39
  -------         ENDPROC       _SYS_DECODER
  -------         PROC          SYS_INIT
  C:0FABH         LINE#         41
  C:0FABH         LINE#         42
  C:0FABH         LINE#         43
  C:0FAEH         LINE#         44
  C:0FB1H         LINE#         45
  -------         ENDPROC       SYS_INIT
  -------         ENDMOD        SYS

  -------         MODULE        APP
  C:0000H         SYMBOL        _ICE_DUMMY_
  D:0025H         PUBLIC        time_m
  D:0080H         PUBLIC        P0
  D:0090H         PUBLIC        P1
  C:0F17H         PUBLIC        rtc_run
  D:0026H         PUBLIC        hum_now
  D:00A0H         PUBLIC        P2
  D:00B0H         PUBLIC        P3
  D:00C0H         PUBLIC        P4
  D:0028H         PUBLIC        time_s
  D:00C8H         PUBLIC        P5
BL51 BANKED LINKER/LOCATER V6.22.4.0                                                  03/26/2026  18:30:39  PAGE 10


  D:00E8H         PUBLIC        P6
  D:00F8H         PUBLIC        P7
  D:00A8H         PUBLIC        IE
  D:0029H         PUBLIC        fr_out
  C:0435H         PUBLIC        avg_jishuan
  D:00B8H         PUBLIC        IP
  C:09AEH         PUBLIC        ffff
  C:0066H         PUBLIC        seg_display
  D:002BH         PUBLIC        page
  D:00D8H         PUBLIC        CCON
  C:0E17H         PUBLIC        adc_f_run
  D:002CH         PUBLIC        adc
  C:0EC4H         PUBLIC        app_task_100ms
  D:002DH         PUBLIC        f_h
  C:005EH         PUBLIC        app_task_500ms
  D:002EH         PUBLIC        f_m
  D:0098H         PUBLIC        SCON
  D:0088H         PUBLIC        TCON
  C:0E98H         PUBLIC        init
  D:002FH         PUBLIC        page_last
  D:00F0H         PUBLIC        B
  C:0F6FH         PUBLIC        Timer0_Isr
  D:00E0H         PUBLIC        ACC
  D:0030H         PUBLIC        rtc
  C:0A28H         PUBLIC        led_ctrl
  D:0033H         PUBLIC        temp_last
  B:0020H.3       PUBLIC        fsw
  C:0D60H         PUBLIC        l4_run
  D:0035H         PUBLIC        fr
  D:0037H         PUBLIC        temp_avg
  C:0F7CH         PUBLIC        app_task_1000ms
  X:0000H         PUBLIC        temp_his
  C:0003H         PUBLIC        adc_run
  D:0039H         PUBLIC        temp_max
  C:0657H         PUBLIC        key_ctrl
  D:003BH         PUBLIC        hum_last
  D:003DH         PUBLIC        temp_set
  D:003FH         SYMBOL        f_times
  D:0040H         PUBLIC        hum_avg
  C:0B9FH         PUBLIC        hum_get
  D:0042H         PUBLIC        temp_now
  X:0014H         PUBLIC        hum_his
  D:0044H         PUBLIC        hum_max
  D:0046H         PUBLIC        time_h
  D:00D0H         PUBLIC        PSW
  C:0FB4H         PUBLIC        app_task_10ms
  -------         PROC          TIMER0_ISR
  C:0F6FH         LINE#         46
  C:0F71H         LINE#         48
  C:0F79H         LINE#         50
  -------         ENDPROC       TIMER0_ISR
  -------         PROC          INIT
  -------         DO            
  B:0020H.0       SYMBOL        initok
  -------         ENDDO         
  C:0E98H         LINE#         53
  C:0E98H         LINE#         54
BL51 BANKED LINKER/LOCATER V6.22.4.0                                                  03/26/2026  18:30:39  PAGE 11


  C:0E98H         LINE#         56
  C:0E9BH         LINE#         57
  C:0E9BH         LINE#         58
  C:0E9DH         LINE#         59
  C:0EA0H         LINE#         60
  C:0EA3H         LINE#         62
  C:0EA6H         LINE#         63
  C:0EADH         LINE#         65
  C:0EADH         LINE#         66
  -------         ENDPROC       INIT
  -------         PROC          SEG_DISPLAY
  C:0066H         LINE#         68
  C:0066H         LINE#         69
  C:0066H         LINE#         70
  C:008CH         LINE#         71
  C:008CH         LINE#         72
  C:008CH         LINE#         73
  C:008CH         LINE#         74
  C:00D8H         LINE#         75
  C:00DBH         LINE#         76
  C:00DBH         LINE#         77
  C:00DBH         LINE#         78
  C:00E2H         LINE#         79
  C:0162H         LINE#         80
  C:018AH         LINE#         81
  C:018DH         LINE#         82
  C:018DH         LINE#         83
  C:018DH         LINE#         84
  C:0194H         LINE#         85
  C:0214H         LINE#         86
  C:023CH         LINE#         87
  C:023FH         LINE#         88
  C:023FH         LINE#         89
  C:023FH         LINE#         90
  C:0243H         LINE#         91
  C:028DH         LINE#         92
  C:02C1H         LINE#         93
  C:02C3H         LINE#         94
  C:02C3H         LINE#         95
  C:02C3H         LINE#         96
  C:0311H         LINE#         97
  C:0311H         LINE#         98
  C:0311H         LINE#         99
  C:0311H         LINE#         100
  C:0324H         LINE#         101
  C:0324H         LINE#         102
  C:039BH         LINE#         103
  C:039DH         LINE#         104
  C:03A0H         LINE#         105
  C:03A0H         LINE#         107
  C:042DH         LINE#         108
  C:0434H         LINE#         109
  C:0434H         LINE#         110
  C:0434H         LINE#         111
  C:0434H         LINE#         113
  -------         ENDPROC       SEG_DISPLAY
  -------         PROC          LED_CTRL
BL51 BANKED LINKER/LOCATER V6.22.4.0                                                  03/26/2026  18:30:39  PAGE 12


  C:0A28H         LINE#         117
  C:0A28H         LINE#         118
  C:0A28H         LINE#         119
  C:0A2CH         LINE#         120
  C:0A2CH         LINE#         121
  C:0A2EH         LINE#         122
  C:0A30H         LINE#         123
  C:0A30H         LINE#         124
  C:0A37H         LINE#         125
  C:0A37H         LINE#         126
  C:0A48H         LINE#         127
  C:0A48H         LINE#         128
  C:0A4AH         LINE#         129
  C:0A4CH         LINE#         130
  C:0A4CH         LINE#         131
  C:0A53H         LINE#         132
  C:0A53H         LINE#         133
  C:0A58H         LINE#         134
  C:0A58H         LINE#         135
  C:0A5AH         LINE#         136
  C:0A5CH         LINE#         137
  C:0A5CH         LINE#         138
  C:0A63H         LINE#         139
  C:0A63H         LINE#         140
  C:0A80H         LINE#         141
  C:0A80H         LINE#         142
  C:0A82H         LINE#         143
  C:0A84H         LINE#         144
  C:0A84H         LINE#         145
  C:0A8BH         LINE#         146
  C:0A8BH         LINE#         148
  -------         ENDPROC       LED_CTRL
  -------         PROC          KEY_CTRL
  -------         DO            
  D:000AH         SYMBOL        key_v
  -------         ENDDO         
  C:0657H         LINE#         150
  C:0657H         LINE#         151
  C:0657H         LINE#         152
  C:0660H         LINE#         153
  C:0660H         LINE#         154
  C:0665H         LINE#         155
  C:066EH         LINE#         156
  C:066EH         LINE#         157
  C:0685H         LINE#         158
  C:0685H         LINE#         159
  C:0685H         LINE#         160
  C:0685H         LINE#         161
  C:0691H         LINE#         162
  C:0692H         LINE#         163
  C:0692H         LINE#         164
  C:0692H         LINE#         165
  C:069AH         LINE#         166
  C:06A6H         LINE#         167
  C:06A7H         LINE#         168
  C:06A7H         LINE#         169
  C:06A7H         LINE#         170
BL51 BANKED LINKER/LOCATER V6.22.4.0                                                  03/26/2026  18:30:39  PAGE 13


  C:06AFH         LINE#         171
  C:06B8H         LINE#         172
  C:06B9H         LINE#         173
  C:06B9H         LINE#         174
  C:06B9H         LINE#         175
  C:06C1H         LINE#         176
  C:06C9H         LINE#         177
  C:06E5H         LINE#         178
  C:06E6H         LINE#         179
  C:06E6H         LINE#         180
  C:06E6H         LINE#         181
  C:06EEH         LINE#         182
  C:0709H         LINE#         183
  C:0725H         LINE#         184
  C:0725H         LINE#         185
  C:0725H         LINE#         186
  C:0725H         LINE#         187
  C:0725H         LINE#         188
  -------         ENDPROC       KEY_CTRL
  -------         PROC          HUM_GET
  C:0B9FH         LINE#         190
  C:0B9FH         LINE#         191
  C:0B9FH         LINE#         192
  C:0BB5H         LINE#         193
  C:0BB5H         LINE#         195
  C:0BD4H         LINE#         196
  C:0BD5H         LINE#         197
  C:0BD5H         LINE#         198
  C:0BDBH         LINE#         199
  C:0BDBH         LINE#         200
  -------         ENDPROC       HUM_GET
  -------         PROC          L4_RUN
  -------         DO            
  B:0020H.1       SYMBOL        l4sw
  -------         ENDDO         
  C:0D60H         LINE#         203
  C:0D60H         LINE#         204
  C:0D60H         LINE#         206
  C:0D6BH         LINE#         207
  C:0D6BH         LINE#         208
  C:0D74H         LINE#         209
  C:0D79H         LINE#         210
  C:0D7AH         LINE#         211
  C:0D7AH         LINE#         212
  C:0D81H         LINE#         213
  C:0D81H         LINE#         214
  -------         ENDPROC       L4_RUN
  -------         PROC          RTC_RUN
  C:0F17H         LINE#         215
  C:0F17H         LINE#         216
  C:0F17H         LINE#         217
  C:0F20H         LINE#         218
  C:0F23H         LINE#         219
  C:0F26H         LINE#         220
  C:0F29H         LINE#         221
  -------         ENDPROC       RTC_RUN
  -------         PROC          ADC_RUN
BL51 BANKED LINKER/LOCATER V6.22.4.0                                                  03/26/2026  18:30:39  PAGE 14


  C:0003H         LINE#         223
  C:0003H         LINE#         224
  C:0003H         LINE#         225
  C:0008H         LINE#         226
  -------         ENDPROC       ADC_RUN
  -------         PROC          AVG_JISHUAN
  -------         DO            
  D:0021H         SYMBOL        avg_tick
  D:0022H         SYMBOL        avg_ticktotle
  -------         ENDDO         
  C:0435H         LINE#         228
  C:0435H         LINE#         229
  C:0435H         LINE#         233
  C:0449H         LINE#         234
  C:045DH         LINE#         236
  C:0467H         LINE#         239
  C:04E8H         LINE#         240
  C:0567H         LINE#         241
  C:056FH         LINE#         243
  -------         ENDPROC       AVG_JISHUAN
  -------         PROC          FFFF
  -------         DO            
  D:0023H         SYMBOL        fff_step
  D:0024H         SYMBOL        fff_time
  -------         ENDDO         
  C:09AEH         LINE#         245
  C:09AEH         LINE#         246
  C:09AEH         LINE#         250
  C:09BAH         LINE#         251
  C:09BAH         LINE#         252
  C:09BAH         LINE#         253
  C:09BAH         LINE#         254
  C:09BDH         LINE#         255
  C:09BDH         LINE#         256
  C:09C4H         LINE#         257
  C:09C7H         LINE#         258
  C:09CAH         LINE#         259
  C:09CDH         LINE#         260
  C:09D0H         LINE#         261
  C:09E3H         LINE#         262
  C:09E3H         LINE#         263
  C:09E6H         LINE#         264
  C:09E9H         LINE#         265
  C:09EBH         LINE#         266
  C:09F6H         LINE#         267
  C:09F6H         LINE#         268
  C:09FCH         LINE#         269
  C:09FCH         LINE#         270
  C:0A07H         LINE#         271
  C:0A07H         LINE#         272
  C:0A0DH         LINE#         273
  C:0A0DH         LINE#         274
  C:0A10H         LINE#         275
  C:0A10H         LINE#         276
  C:0A10H         LINE#         277
  C:0A10H         LINE#         278
  C:0A10H         LINE#         279
BL51 BANKED LINKER/LOCATER V6.22.4.0                                                  03/26/2026  18:30:39  PAGE 15


  C:0A10H         LINE#         280
  C:0A12H         LINE#         281
  C:0A19H         LINE#         282
  C:0A19H         LINE#         283
  C:0A1CH         LINE#         284
  C:0A1CH         LINE#         285
  C:0A1DH         LINE#         286
  C:0A1DH         LINE#         287
  C:0A1DH         LINE#         288
  C:0A20H         LINE#         289
  C:0A22H         LINE#         290
  C:0A25H         LINE#         291
  C:0A27H         LINE#         292
  C:0A27H         LINE#         293
  C:0A27H         LINE#         294
  -------         ENDPROC       FFFF
  -------         PROC          ADC_F_RUN
  -------         DO            
  B:0020H.2       SYMBOL        liang
  -------         ENDDO         
  C:0E17H         LINE#         296
  C:0E17H         LINE#         297
  C:0E17H         LINE#         299
  C:0E1AH         LINE#         300
  C:0E1AH         LINE#         301
  C:0E23H         LINE#         302
  C:0E2DH         LINE#         303
  C:0E2DH         LINE#         304
  C:0E2FH         LINE#         305
  C:0E31H         LINE#         306
  C:0E31H         LINE#         307
  C:0E31H         LINE#         308
  -------         ENDPROC       ADC_F_RUN
  -------         PROC          APP_TASK_1000MS
  C:0F7CH         LINE#         310
  C:0F7CH         LINE#         311
  C:0F7CH         LINE#         312
  C:0F82H         LINE#         313
  C:0F87H         LINE#         314
  -------         ENDPROC       APP_TASK_1000MS
  -------         PROC          APP_TASK_100MS
  C:0EC4H         LINE#         316
  C:0EC4H         LINE#         317
  C:0EC4H         LINE#         318
  C:0EC7H         LINE#         319
  C:0ECAH         LINE#         320
  C:0ECDH         LINE#         322
  C:0ED0H         LINE#         323
  C:0ED3H         LINE#         324
  C:0ED6H         LINE#         325
  -------         ENDPROC       APP_TASK_100MS
  -------         PROC          APP_TASK_500MS
  C:005EH         LINE#         328
  C:005EH         LINE#         329
  C:005EH         LINE#         330
  -------         ENDPROC       APP_TASK_500MS
  -------         PROC          APP_TASK_10MS
BL51 BANKED LINKER/LOCATER V6.22.4.0                                                  03/26/2026  18:30:39  PAGE 16


  C:0FB4H         LINE#         336
  C:0FB4H         LINE#         337
  C:0FB4H         LINE#         338
  -------         ENDPROC       APP_TASK_10MS
  -------         ENDMOD        APP

  -------         MODULE        LED
  C:0000H         SYMBOL        _ICE_DUMMY_
  D:0080H         PUBLIC        P0
  D:0090H         PUBLIC        P1
  D:00A0H         PUBLIC        P2
  D:00B0H         PUBLIC        P3
  D:00C0H         PUBLIC        P4
  D:00C8H         PUBLIC        P5
  D:00E8H         PUBLIC        P6
  D:00F8H         PUBLIC        P7
  D:00A8H         PUBLIC        IE
  D:00B8H         PUBLIC        IP
  D:00D8H         PUBLIC        CCON
  D:0098H         PUBLIC        SCON
  D:0088H         PUBLIC        TCON
  D:00F0H         PUBLIC        B
  D:00E0H         PUBLIC        ACC
  D:0056H         PUBLIC        led_ram
  C:0F88H         PUBLIC        _led_set
  C:000EH         PUBLIC        led_run
  D:00D0H         PUBLIC        PSW
  -------         PROC          LED_RUN
  -------         DO            
  D:0053H         SYMBOL        led_tick
  D:0054H         SYMBOL        led_last
  D:0055H         SYMBOL        led_temp
  -------         ENDDO         
  C:000EH         LINE#         5
  C:000EH         LINE#         6
  C:000EH         LINE#         11
  C:0016H         LINE#         12
  C:0016H         LINE#         13
  C:0027H         LINE#         14
  C:0029H         LINE#         15
  C:0029H         LINE#         16
  C:003BH         LINE#         17
  C:003BH         LINE#         19
  C:0045H         LINE#         21
  C:004BH         LINE#         22
  C:004BH         LINE#         23
  C:0050H         LINE#         24
  C:0055H         LINE#         25
  C:005AH         LINE#         26
  C:005DH         LINE#         27
  C:005DH         LINE#         28
  -------         ENDPROC       LED_RUN
  -------         PROC          _LED_SET
  D:0007H         SYMBOL        position
  B:0020H.4       SYMBOL        value
  C:0F88H         LINE#         30
  C:0F88H         LINE#         31
BL51 BANKED LINKER/LOCATER V6.22.4.0                                                  03/26/2026  18:30:39  PAGE 17


  C:0F88H         LINE#         32
  C:0F93H         LINE#         33
  -------         ENDPROC       _LED_SET
  -------         ENDMOD        LED

  -------         MODULE        SEG
  C:0000H         SYMBOL        _ICE_DUMMY_
  D:0080H         PUBLIC        P0
  D:0090H         PUBLIC        P1
  D:00A0H         PUBLIC        P2
  D:00B0H         PUBLIC        P3
  D:00C0H         PUBLIC        P4
  D:00C8H         PUBLIC        P5
  D:00E8H         PUBLIC        P6
  D:00F8H         PUBLIC        P7
  D:00A8H         PUBLIC        IE
  D:00B8H         PUBLIC        IP
  D:00D8H         PUBLIC        CCON
  D:0098H         PUBLIC        SCON
  D:0088H         PUBLIC        TCON
  C:0C75H         PUBLIC        seg_code
  D:00F0H         PUBLIC        B
  D:00E0H         PUBLIC        ACC
  D:005FH         PUBLIC        seg_ram
  C:0EAEH         PUBLIC        _seg_set
  C:0A8CH         PUBLIC        seg_run
  D:00D0H         PUBLIC        PSW
  -------         PROC          SEG_RUN
  -------         DO            
  D:005EH         SYMBOL        seg_tick
  -------         ENDDO         
  C:0A8CH         LINE#         14
  C:0A8CH         LINE#         15
  C:0A8CH         LINE#         18
  C:0A8FH         LINE#         19
  C:0A94H         LINE#         20
  C:0A99H         LINE#         22
  C:0AA8H         LINE#         23
  C:0AADH         LINE#         24
  C:0AB2H         LINE#         26
  C:0AC2H         LINE#         27
  C:0AC7H         LINE#         28
  C:0ACCH         LINE#         30
  C:0AD6H         LINE#         32
  -------         ENDPROC       SEG_RUN
  -------         PROC          _SEG_SET
  D:0007H         SYMBOL        s0
  D:0004H         SYMBOL        s1
  D:0002H         SYMBOL        s2
  D:000FH         SYMBOL        s3
  D:0011H         SYMBOL        s4
  D:0013H         SYMBOL        s5
  D:0015H         SYMBOL        s6
  D:0017H         SYMBOL        s7
  C:0EAEH         LINE#         34
  C:0EAEH         LINE#         35
  C:0EAEH         LINE#         36
BL51 BANKED LINKER/LOCATER V6.22.4.0                                                  03/26/2026  18:30:39  PAGE 18


  C:0EC3H         LINE#         37
  -------         ENDPROC       _SEG_SET
  -------         ENDMOD        SEG

  -------         MODULE        KEY
  C:0000H         SYMBOL        _ICE_DUMMY_
  D:0080H         PUBLIC        P0
  D:0090H         PUBLIC        P1
  D:00A0H         PUBLIC        P2
  D:00B0H         PUBLIC        P3
  D:00C0H         PUBLIC        P4
  D:00C8H         PUBLIC        P5
  D:00E8H         PUBLIC        P6
  D:00F8H         PUBLIC        P7
  D:00A8H         PUBLIC        IE
  D:00B8H         PUBLIC        IP
  D:00D8H         PUBLIC        CCON
  D:0098H         PUBLIC        SCON
  D:0088H         PUBLIC        TCON
  B:00C0H.2       PUBLIC        P42
  B:00C0H.4       PUBLIC        P44
  B:00B0H.6       PUBLIC        P36
  B:00B0H.7       PUBLIC        P37
  D:00F0H         PUBLIC        B
  D:00E0H         PUBLIC        ACC
  C:07E8H         PUBLIC        key_scan
  D:00D0H         PUBLIC        PSW
  -------         PROC          KEY_SCAN
  -------         DO            
  D:0019H         SYMBOL        state
  D:001AH         SYMBOL        value
  D:001BH         SYMBOL        i
  D:000BH         SYMBOL        press
  D:000CH         SYMBOL        temp
  -------         ENDDO         
  C:07E8H         LINE#         4
  C:07E8H         LINE#         5
  C:07E8H         LINE#         7
  C:07EEH         LINE#         8
  C:07F1H         LINE#         9
  C:07F3H         LINE#         10
  C:07F5H         LINE#         11
  C:07F9H         LINE#         12
  C:07FDH         LINE#         14
  C:0803H         LINE#         16
  C:0818H         LINE#         17
  C:0818H         LINE#         18
  C:0818H         LINE#         19
  C:0821H         LINE#         20
  C:0824H         LINE#         21
  C:0824H         LINE#         22
  C:0824H         LINE#         23
  C:0826H         LINE#         25
  C:0826H         LINE#         26
  C:0826H         LINE#         27
  C:082BH         LINE#         28
  C:082BH         LINE#         29
BL51 BANKED LINKER/LOCATER V6.22.4.0                                                  03/26/2026  18:30:39  PAGE 19


  C:082DH         LINE#         30
  C:0833H         LINE#         31
  C:0837H         LINE#         32
  C:083FH         LINE#         34
  C:0842H         LINE#         35
  C:0845H         LINE#         37
  C:0857H         LINE#         38
  C:085CH         LINE#         39
  C:0861H         LINE#         40
  C:0866H         LINE#         41
  C:086BH         LINE#         42
  C:086EH         LINE#         43
  C:086EH         LINE#         45
  C:086EH         LINE#         46
  C:086EH         LINE#         47
  C:0870H         LINE#         49
  C:0870H         LINE#         50
  C:0870H         LINE#         51
  C:0876H         LINE#         52
  C:0878H         LINE#         53
  C:087FH         LINE#         54
  C:0882H         LINE#         55
  C:0885H         LINE#         56
  C:0885H         LINE#         57
  C:0887H         LINE#         58
  C:088AH         LINE#         59
  C:088DH         LINE#         60
  C:088FH         LINE#         61
  C:0891H         LINE#         62
  C:0891H         LINE#         63
  C:0891H         LINE#         64
  C:0893H         LINE#         66
  C:0893H         LINE#         67
  C:0893H         LINE#         68
  C:0898H         LINE#         69
  C:089BH         LINE#         70
  C:08A1H         LINE#         71
  C:08A4H         LINE#         72
  C:08A4H         LINE#         73
  C:08A4H         LINE#         74
  C:08A4H         LINE#         76
  C:08A4H         LINE#         78
  C:08A6H         LINE#         79
  -------         ENDPROC       KEY_SCAN
  -------         ENDMOD        KEY

  -------         MODULE        RTC
  C:0000H         SYMBOL        _ICE_DUMMY_
  D:0080H         PUBLIC        P0
  D:0090H         PUBLIC        P1
  D:00A0H         PUBLIC        P2
  D:00B0H         PUBLIC        P3
  D:00C0H         PUBLIC        P4
  D:00C8H         PUBLIC        P5
  D:00E8H         PUBLIC        P6
  D:00F8H         PUBLIC        P7
  D:00A8H         PUBLIC        IE
BL51 BANKED LINKER/LOCATER V6.22.4.0                                                  03/26/2026  18:30:39  PAGE 20


  C:0CD4H         PUBLIC        _bcd_to_hex
  C:0D82H         PUBLIC        _hex_to_bcd
  D:00B8H         PUBLIC        IP
  D:00D8H         PUBLIC        CCON
  D:0098H         PUBLIC        SCON
  D:0088H         PUBLIC        TCON
  D:00F0H         PUBLIC        B
  D:00E0H         PUBLIC        ACC
  C:0C15H         PUBLIC        _Read_Ds1302_Byte
  B:00A0H.3       PUBLIC        SDA
  C:0DDDH         PUBLIC        rtc_init
  B:0090H.7       PUBLIC        SCK
  C:0F03H         PUBLIC        _Write_Ds1302_Byte
  C:0B5DH         PUBLIC        _rtc_get
  C:0F2AH         PUBLIC        _Write_Ds1302
  B:0090H.3       PUBLIC        RST
  D:00D0H         PUBLIC        PSW
  -------         PROC          _WRITE_DS1302
  D:0007H         SYMBOL        temp
  -------         DO            
  D:0006H         SYMBOL        i
  -------         ENDDO         
  C:0F2AH         LINE#         3
  C:0F2AH         LINE#         4
  C:0F2AH         LINE#         6
  C:0F2CH         LINE#         7
  C:0F2CH         LINE#         8
  C:0F2EH         LINE#         9
  C:0F32H         LINE#         10
  C:0F36H         LINE#         11
  C:0F38H         LINE#         12
  C:0F3CH         LINE#         13
  -------         ENDPROC       _WRITE_DS1302
  -------         PROC          _WRITE_DS1302_BYTE
  D:0007H         SYMBOL        address
  D:0005H         SYMBOL        dat
  C:0F03H         LINE#         16
  C:0F03H         LINE#         17
  C:0F03H         LINE#         18
  C:0F06H         LINE#         19
  C:0F09H         LINE#         20
  C:0F0CH         LINE#         21
  C:0F0FH         LINE#         22
  C:0F14H         LINE#         23
  C:0F16H         LINE#         24
  -------         ENDPROC       _WRITE_DS1302_BYTE
  -------         PROC          _READ_DS1302_BYTE
  D:0007H         SYMBOL        address
  -------         DO            
  D:0007H         SYMBOL        i
  D:0005H         SYMBOL        temp
  -------         ENDDO         
  C:0C15H         LINE#         27
  C:0C15H         LINE#         28
  C:0C15H         LINE#         29
  C:0C17H         LINE#         30
  C:0C1AH         LINE#         31
BL51 BANKED LINKER/LOCATER V6.22.4.0                                                  03/26/2026  18:30:39  PAGE 21


  C:0C1DH         LINE#         32
  C:0C20H         LINE#         33
  C:0C23H         LINE#         34
  C:0C25H         LINE#         35
  C:0C25H         LINE#         36
  C:0C27H         LINE#         37
  C:0C2BH         LINE#         38
  C:0C2EH         LINE#         39
  C:0C31H         LINE#         40
  C:0C33H         LINE#         41
  C:0C37H         LINE#         42
  C:0C3AH         LINE#         43
  C:0C3DH         LINE#         44
  C:0C40H         LINE#         45
  C:0C43H         LINE#         46
  C:0C46H         LINE#         47
  C:0C48H         LINE#         48
  -------         ENDPROC       _READ_DS1302_BYTE
  -------         PROC          _HEX_TO_BCD
  D:000AH         SYMBOL        hex
  C:0D82H         LINE#         51
  C:0D86H         LINE#         52
  C:0D86H         LINE#         53
  C:0DA0H         LINE#         54
  -------         ENDPROC       _HEX_TO_BCD
  -------         PROC          L?0015
  -------         ENDPROC       L?0015
  -------         PROC          _BCD_TO_HEX
  D:000DH         SYMBOL        bcd
  C:0CD4H         LINE#         55
  C:0CD8H         LINE#         56
  C:0CD8H         LINE#         57
  C:0CF3H         LINE#         58
  -------         ENDPROC       _BCD_TO_HEX
  -------         PROC          RTC_INIT
  C:0DDDH         LINE#         59
  C:0DDDH         LINE#         60
  C:0DDDH         LINE#         61
  C:0DE3H         LINE#         62
  C:0DEAH         LINE#         63
  -------         ENDPROC       RTC_INIT
  -------         PROC          _RTC_GET
  D:000AH         SYMBOL        time
  C:0B5DH         LINE#         71
  C:0B63H         LINE#         72
  C:0B63H         LINE#         73
  C:0B72H         LINE#         74
  C:0B84H         LINE#         75
  -------         ENDPROC       _RTC_GET
  -------         ENDMOD        RTC

  -------         MODULE        NE555
  C:0000H         SYMBOL        _ICE_DUMMY_
  D:0080H         PUBLIC        P0
  D:0090H         PUBLIC        P1
  D:00A0H         PUBLIC        P2
  D:00B0H         PUBLIC        P3
BL51 BANKED LINKER/LOCATER V6.22.4.0                                                  03/26/2026  18:30:39  PAGE 22


  D:00C0H         PUBLIC        P4
  D:00C8H         PUBLIC        P5
  D:00E8H         PUBLIC        P6
  D:00F8H         PUBLIC        P7
  C:0ED9H         PUBLIC        ne555_init
  D:00A8H         PUBLIC        IE
  D:00B8H         PUBLIC        IP
  D:00D8H         PUBLIC        CCON
  D:0098H         PUBLIC        SCON
  D:0089H         PUBLIC        TMOD
  D:0088H         PUBLIC        TCON
  D:00F0H         PUBLIC        B
  D:008EH         PUBLIC        AUXR
  D:00E0H         PUBLIC        ACC
  B:00A8H.1       PUBLIC        ET0
  B:0088H.5       PUBLIC        TF0
  D:008CH         PUBLIC        TH0
  D:008AH         PUBLIC        TL0
  B:00B8H.1       PUBLIC        PT0
  B:0088H.4       PUBLIC        TR0
  D:00D0H         PUBLIC        PSW
  -------         PROC          NE555_INIT
  C:0ED9H         LINE#         3
  C:0ED9H         LINE#         4
  C:0ED9H         LINE#         6
  C:0EDCH         LINE#         7
  C:0EDFH         LINE#         8
  C:0EE2H         LINE#         9
  C:0EE5H         LINE#         10
  C:0EE7H         LINE#         11
  C:0EE9H         LINE#         12
  C:0EEBH         LINE#         13
  C:0EEDH         LINE#         14
  -------         ENDPROC       NE555_INIT
  -------         ENDMOD        NE555

  -------         MODULE        I2C
  C:0000H         SYMBOL        _ICE_DUMMY_
  D:0080H         PUBLIC        P0
  D:0090H         PUBLIC        P1
  D:00A0H         PUBLIC        P2
  D:00B0H         PUBLIC        P3
  D:00C0H         PUBLIC        P4
  D:00C8H         PUBLIC        P5
  D:00E8H         PUBLIC        P6
  D:00F8H         PUBLIC        P7
  D:00A8H         PUBLIC        IE
  C:0E36H         SYMBOL        _I2C_Delay
  D:00B8H         PUBLIC        IP
  C:0DFAH         PUBLIC        I2CReceiveByte
  D:00D8H         PUBLIC        CCON
  D:0098H         PUBLIC        SCON
  D:0088H         PUBLIC        TCON
  B:00A0H.1       PUBLIC        sda
  D:00F0H         PUBLIC        B
  B:00A0H.0       PUBLIC        scl
  D:00E0H         PUBLIC        ACC
BL51 BANKED LINKER/LOCATER V6.22.4.0                                                  03/26/2026  18:30:39  PAGE 23


  C:0CA0H         PUBLIC        adc_get
  C:0F60H         PUBLIC        I2CStart
  C:0E80H         PUBLIC        _I2CSendAck
  C:0C49H         PUBLIC        _I2CSendByte
  C:0EF1H         PUBLIC        I2CWaitAck
  C:0F94H         PUBLIC        I2CStop
  D:00D0H         PUBLIC        PSW
  C:0E32H         SYMBOL        L?0022
  -------         PROC          L?0021
  -------         ENDPROC       L?0021
  C:0E32H         SYMBOL        L?0022
  -------         PROC          _I2C_DELAY
  D:0007H         SYMBOL        n
  C:0E36H         LINE#         7
  C:0E36H         LINE#         8
  C:0E36H         LINE#         10
  C:0E36H         LINE#         11
  C:0E3BH         LINE#         12
  C:0E40H         LINE#         13
  C:0E45H         LINE#         14
  C:0E45H         LINE#         15
  C:0E4BH         LINE#         16
  -------         ENDPROC       _I2C_DELAY
  -------         PROC          I2CSTART
  C:0F60H         LINE#         19
  C:0F60H         LINE#         20
  C:0F60H         LINE#         21
  C:0F62H         LINE#         22
  C:0F62H         LINE#         23
  C:0F65H         LINE#         24
  C:0F67H         LINE#         25
  C:0F6CH         LINE#         26
  C:0F6EH         LINE#         27
  -------         ENDPROC       I2CSTART
  -------         PROC          I2CSTOP
  C:0F94H         LINE#         30
  C:0F94H         LINE#         31
  C:0F94H         LINE#         32
  C:0F96H         LINE#         33
  C:0F96H         LINE#         34
  C:0F99H         LINE#         35
  C:0F9BH         LINE#         36
  -------         ENDPROC       I2CSTOP
  -------         PROC          _I2CSENDBYTE
  D:0005H         SYMBOL        byt
  -------         DO            
  D:0004H         SYMBOL        i
  -------         ENDDO         
  C:0C49H         LINE#         40
  C:0C4BH         LINE#         41
  C:0C4BH         LINE#         44
  C:0C4DH         LINE#         45
  C:0C4FH         LINE#         46
  C:0C54H         LINE#         47
  C:0C58H         LINE#         48
  C:0C5AH         LINE#         49
  C:0C5CH         LINE#         50
BL51 BANKED LINKER/LOCATER V6.22.4.0                                                  03/26/2026  18:30:39  PAGE 24


  C:0C5CH         LINE#         51
  C:0C5EH         LINE#         52
  C:0C5EH         LINE#         53
  C:0C63H         LINE#         54
  C:0C65H         LINE#         55
  C:0C69H         LINE#         56
  C:0C6EH         LINE#         57
  C:0C72H         LINE#         59
  C:0C74H         LINE#         60
  -------         ENDPROC       _I2CSENDBYTE
  -------         PROC          I2CRECEIVEBYTE
  -------         DO            
  D:0005H         SYMBOL        da
  D:0004H         SYMBOL        i
  -------         ENDDO         
  C:0DFAH         LINE#         63
  C:0DFAH         LINE#         64
  C:0DFAH         LINE#         67
  C:0DFCH         LINE#         68
  C:0DFCH         LINE#         69
  C:0DFFH         LINE#         70
  C:0E03H         LINE#         71
  C:0E06H         LINE#         72
  C:0E09H         LINE#         73
  C:0E0BH         LINE#         74
  C:0E10H         LINE#         75
  C:0E14H         LINE#         76
  C:0E16H         LINE#         77
  -------         ENDPROC       I2CRECEIVEBYTE
  -------         PROC          L?0023
  -------         ENDPROC       L?0023
  -------         PROC          I2CWAITACK
  -------         DO            
  D:0005H         SYMBOL        ackbit
  -------         ENDDO         
  C:0EF1H         LINE#         80
  C:0EF1H         LINE#         81
  C:0EF1H         LINE#         84
  C:0EF1H         LINE#         85
  C:0EF4H         LINE#         86
  C:0EF9H         LINE#         87
  C:0EFBH         LINE#         88
  C:0F00H         LINE#         90
  C:0F02H         LINE#         91
  -------         ENDPROC       I2CWAITACK
  -------         PROC          _I2CSENDACK
  D:0007H         SYMBOL        ackbit
  C:0E80H         LINE#         94
  C:0E80H         LINE#         95
  C:0E80H         LINE#         96
  C:0E82H         LINE#         97
  C:0E87H         LINE#         98
  C:0E8CH         LINE#         99
  C:0E8CH         LINE#         100
  C:0E8FH         LINE#         101
  C:0E91H         LINE#         102
  C:0E93H         LINE#         103
BL51 BANKED LINKER/LOCATER V6.22.4.0                                                  03/26/2026  18:30:39  PAGE 25


  -------         ENDPROC       _I2CSENDACK
  -------         PROC          ADC_GET
  -------         DO            
  D:0005H         SYMBOL        date
  -------         ENDDO         
  C:0CA0H         LINE#         106
  C:0CA0H         LINE#         107
  C:0CA0H         LINE#         109
  C:0CA3H         LINE#         110
  C:0CA5H         LINE#         111
  C:0CA8H         LINE#         113
  C:0CAAH         LINE#         114
  C:0CADH         LINE#         115
  C:0CB0H         LINE#         117
  C:0CB3H         LINE#         118
  C:0CB8H         LINE#         119
  C:0CBBH         LINE#         121
  C:0CC0H         LINE#         122
  C:0CC5H         LINE#         123
  C:0CC8H         LINE#         124
  C:0CCAH         LINE#         128
  -------         ENDPROC       ADC_GET
  -------         ENDMOD        I2C

  -------         MODULE        TEMP
  C:0000H         SYMBOL        _ICE_DUMMY_
  D:0080H         PUBLIC        P0
  D:0090H         PUBLIC        P1
  D:00A0H         PUBLIC        P2
  D:00B0H         PUBLIC        P3
  D:00C0H         PUBLIC        P4
  C:0E66H         PUBLIC        Read_DS18B20
  D:00C8H         PUBLIC        P5
  D:00E8H         PUBLIC        P6
  D:00F8H         PUBLIC        P7
  D:00A8H         PUBLIC        IE
  C:0E50H         PUBLIC        _Delay_OneWire
  C:0DBFH         PUBLIC        _Write_DS18B20
  B:0090H.4       PUBLIC        DQ
  D:00B8H         PUBLIC        IP
  C:0CF4H         PUBLIC        init_ds18b20
  D:00D8H         PUBLIC        CCON
  D:0098H         PUBLIC        SCON
  D:0088H         PUBLIC        TCON
  D:00F0H         PUBLIC        B
  D:00E0H         PUBLIC        ACC
  C:0D1BH         PUBLIC        temp_init
  C:0B1AH         PUBLIC        temp_get
  D:00D0H         PUBLIC        PSW
  C:0E4CH         SYMBOL        L?0021
  -------         PROC          L?0020
  -------         ENDPROC       L?0020
  C:0E4CH         SYMBOL        L?0021
  -------         PROC          _DELAY_ONEWIRE
  D:0006H         SYMBOL        t
  -------         DO            
  D:0005H         SYMBOL        i
BL51 BANKED LINKER/LOCATER V6.22.4.0                                                  03/26/2026  18:30:39  PAGE 26


  -------         ENDDO         
  C:0E50H         LINE#         3
  C:0E50H         LINE#         4
  C:0E50H         LINE#         6
  C:0E5AH         LINE#         7
  C:0E65H         LINE#         8
  C:0E65H         LINE#         9
  -------         ENDPROC       _DELAY_ONEWIRE
  -------         PROC          _WRITE_DS18B20
  D:0001H         SYMBOL        dat
  -------         DO            
  D:0003H         SYMBOL        i
  -------         ENDDO         
  C:0DBFH         LINE#         12
  C:0DC1H         LINE#         13
  C:0DC1H         LINE#         15
  C:0DC3H         LINE#         16
  C:0DC3H         LINE#         17
  C:0DC5H         LINE#         18
  C:0DC9H         LINE#         19
  C:0DCCH         LINE#         20
  C:0DCEH         LINE#         21
  C:0DD2H         LINE#         22
  C:0DD6H         LINE#         23
  -------         ENDPROC       _WRITE_DS18B20
  -------         PROC          READ_DS18B20
  -------         DO            
  D:0003H         SYMBOL        i
  D:0004H         SYMBOL        dat
  -------         ENDDO         
  C:0E66H         LINE#         27
  C:0E66H         LINE#         28
  C:0E66H         LINE#         32
  C:0E68H         LINE#         33
  C:0E68H         LINE#         34
  C:0E6AH         LINE#         35
  C:0E6EH         LINE#         36
  C:0E70H         LINE#         37
  C:0E73H         LINE#         38
  C:0E73H         LINE#         39
  C:0E76H         LINE#         40
  C:0E76H         LINE#         41
  C:0E79H         LINE#         42
  C:0E7DH         LINE#         43
  C:0E7FH         LINE#         44
  -------         ENDPROC       READ_DS18B20
  -------         PROC          INIT_DS18B20
  -------         DO            
  B:0020H.4       SYMBOL        initflag
  -------         ENDDO         
  C:0CF4H         LINE#         47
  C:0CF4H         LINE#         48
  C:0CF4H         LINE#         49
  C:0CF6H         LINE#         51
  C:0CF8H         LINE#         52
  C:0CFFH         LINE#         53
  C:0D01H         LINE#         54
BL51 BANKED LINKER/LOCATER V6.22.4.0                                                  03/26/2026  18:30:39  PAGE 27


  C:0D08H         LINE#         55
  C:0D0AH         LINE#         56
  C:0D11H         LINE#         57
  C:0D15H         LINE#         58
  C:0D18H         LINE#         60
  C:0D1AH         LINE#         61
  -------         ENDPROC       INIT_DS18B20
  -------         PROC          TEMP_INIT
  C:0D1BH         LINE#         64
  C:0D1BH         LINE#         65
  C:0D1BH         LINE#         66
  C:0D1EH         LINE#         67
  C:0D23H         LINE#         68
  C:0D28H         LINE#         69
  C:0D2DH         LINE#         70
  C:0D32H         LINE#         71
  C:0D37H         LINE#         72
  -------         ENDPROC       TEMP_INIT
  -------         PROC          TEMP_GET
  -------         DO            
  D:0001H         SYMBOL        l
  D:0007H         SYMBOL        h
  D:0006H         SYMBOL        raw
  -------         ENDDO         
  C:0B1AH         LINE#         74
  C:0B1AH         LINE#         75
  C:0B1AH         LINE#         78
  C:0B1DH         LINE#         79
  C:0B22H         LINE#         80
  C:0B27H         LINE#         81
  C:0B2EH         LINE#         82
  C:0B31H         LINE#         83
  C:0B36H         LINE#         84
  C:0B3BH         LINE#         85
  C:0B40H         LINE#         86
  C:0B43H         LINE#         87
  C:0B47H         LINE#         88
  C:0B5CH         LINE#         89
  -------         ENDPROC       TEMP_GET
  -------         ENDMOD        TEMP

  -------         MODULE        ?C?CSTPTR
  C:0570H         PUBLIC        ?C?CSTPTR
  -------         ENDMOD        ?C?CSTPTR

  -------         MODULE        ?C?CSTOPTR
  C:0582H         PUBLIC        ?C?CSTOPTR
  -------         ENDMOD        ?C?CSTOPTR

  -------         MODULE        ?C?IMUL
  C:05A4H         PUBLIC        ?C?IMUL
  -------         ENDMOD        ?C?IMUL

  -------         MODULE        ?C?UIDIV
  C:05B6H         PUBLIC        ?C?UIDIV
  -------         ENDMOD        ?C?UIDIV

BL51 BANKED LINKER/LOCATER V6.22.4.0                                                  03/26/2026  18:30:39  PAGE 28


  -------         MODULE        ?C?SIDIV
  C:060BH         PUBLIC        ?C?SIDIV
  -------         ENDMOD        ?C?SIDIV

  -------         MODULE        ?C?SLCMP
  C:0641H         PUBLIC        ?C?SLCMP
  -------         ENDMOD        ?C?SLCMP

Program Size: data=99.5 xdata=40 code=4019
LINK/LOCATE RUN COMPLETE.  0 WARNING(S),  0 ERROR(S)
