C51 COMPILER V9.60.7.0   OTR                                                               04/06/2026 12:51:18 PAGE 1   


C51 COMPILER V9.60.7.0, COMPILATION OF MODULE OTR
OBJECT MODULE PLACED IN .\Objects\otr.obj
COMPILER INVOKED BY: C:\Program Files (x86)\keil\C51\BIN\C51.EXE otr.c OPTIMIZE(8,SPEED) BROWSE DEBUG OBJECTEXTEND PRINT
                    -(.\Listings\otr.lst) TABS(2) OBJECT(.\Objects\otr.obj)

line level    source

   1          #include "otr.h"
   2          
   3          static u8 otr_temp = 0xaf;
   4          static u8 otr_last = 0xff;
   5          
   6          
   7          void relay(bit sw)
   8          {
   9   1      
  10   1          if(sw)
  11   1          {
  12   2              otr_temp |= 0x10;// 0001 0000
  13   2          }else
  14   1          {
  15   2              otr_temp &= ~ 0x10;// 1110 1111
  16   2          }
  17   1      
  18   1          if(otr_last != otr_temp)
  19   1          {
  20   2              P0 = otr_temp;sys_latch(5);sys_latch(0);
  21   2              otr_last = otr_temp;
  22   2          }
  23   1      }
  24          
  25          void buzz(bit sw)
  26          {
  27   1          if(sw)
  28   1          {
  29   2              otr_temp |= 0x40;//0100 0000
  30   2          }else
  31   1          {
  32   2              otr_temp &= ~ 0x40;//1011 1111
  33   2          }  
  34   1          if(otr_last != otr_temp)
  35   1          {
  36   2              P0 = otr_temp;sys_latch(5);sys_latch(0);
  37   2              otr_last = otr_temp;
  38   2          }
  39   1      }
  40          


MODULE INFORMATION:   STATIC OVERLAYABLE
   CODE SIZE        =     68    ----
   CONSTANT SIZE    =   ----    ----
   XDATA SIZE       =   ----    ----
   PDATA SIZE       =   ----    ----
   DATA SIZE        =      2    ----
   IDATA SIZE       =   ----    ----
   BIT SIZE         =   ----       2
END OF MODULE INFORMATION.


C51 COMPILATION COMPLETE.  0 WARNING(S),  0 ERROR(S)
