C51 COMPILER V9.60.7.0   PWM                                                               04/06/2026 12:51:19 PAGE 1   


C51 COMPILER V9.60.7.0, COMPILATION OF MODULE PWM
OBJECT MODULE PLACED IN .\Objects\pwm.obj
COMPILER INVOKED BY: C:\Program Files (x86)\keil\C51\BIN\C51.EXE pwm.c OPTIMIZE(8,SPEED) BROWSE DEBUG OBJECTEXTEND PRINT
                    -(.\Listings\pwm.lst) TABS(2) OBJECT(.\Objects\pwm.obj)

line level    source

   1          #include "pwm.h"
   2          
   3          static u8 pwm_d = 50;
   4          
   5          void pwm_init()
   6          {
   7   1          AUXR &= 0x7F;     //定时器时钟12T模式
   8   1        TMOD &= 0xF0;     //设置定时器模式
   9   1        TL0 = 0xF6;       //设置定时初始值
  10   1        TH0 = 0xFF;       //设置定时初始值
  11   1        TF0 = 0;        //清除TF0标志
  12   1        TR0 = 1;        //定时器0开始计时
  13   1        ET0 = 1;        //使能定时器0中断
  14   1      }
  15          
  16          void pwm_isr() interrupt 1
  17          {
  18   1          static u8 pwm_tick = 0;
  19   1      
  20   1          if(pwm_tick < pwm_d)
  21   1          {
  22   2              P22 = 1;
  23   2          }else
  24   1          {
  25   2              P22 = 0;
  26   2          }
  27   1          pwm_tick++;if(pwm_tick >= 100){pwm_tick = 0;}
  28   1      }
  29          
  30          void pwm_set(u8 d)
  31          {
  32   1          pwm_d = d;
  33   1      }


MODULE INFORMATION:   STATIC OVERLAYABLE
   CODE SIZE        =     56    ----
   CONSTANT SIZE    =   ----    ----
   XDATA SIZE       =   ----    ----
   PDATA SIZE       =   ----    ----
   DATA SIZE        =      2    ----
   IDATA SIZE       =   ----    ----
   BIT SIZE         =   ----    ----
END OF MODULE INFORMATION.


C51 COMPILATION COMPLETE.  0 WARNING(S),  0 ERROR(S)
