C51 COMPILER V9.60.7.0   UART                                                              04/06/2026 12:51:20 PAGE 1   


C51 COMPILER V9.60.7.0, COMPILATION OF MODULE UART
OBJECT MODULE PLACED IN .\Objects\uart.obj
COMPILER INVOKED BY: C:\Program Files (x86)\keil\C51\BIN\C51.EXE uart.c OPTIMIZE(8,SPEED) BROWSE DEBUG OBJECTEXTEND PRIN
                    -T(.\Listings\uart.lst) TABS(2) OBJECT(.\Objects\uart.obj)

line level    source

   1          #include "uart.h"
   2          
   3          
   4          void uart_init(void)
   5          {
   6   1        SCON = 0x50;    //8位数据,可变波特率
   7   1        AUXR |= 0x40;   //定时器时钟1T模式
   8   1        AUXR &= 0xFE;   //串口1选择定时器1为波特率发生器
   9   1        TMOD &= 0x0F;   //设置定时器模式
  10   1        TL1 = 0xC7;     //设置定时初始值
  11   1        TH1 = 0xFE;     //设置定时初始值
  12   1        ET1 = 0;      //禁止定时器中断
  13   1        TR1 = 1;      //定时器1开始计时
  14   1      }
  15          
  16          void uart_send_byte(u8 dat)
  17          {
  18   1          SBUF = dat;
  19   1          while(TI == 0);
  20   1          TI = 0;
  21   1      }
  22          
  23          
  24          void uart_send_num(u8 num)
  25          {
  26   1          switch(num) {
  27   2              case 0: uart_send_byte('0'); break;
  28   2              case 1: uart_send_byte('1'); break;
  29   2              case 2: uart_send_byte('2'); break;
  30   2              case 3: uart_send_byte('3'); break;
  31   2              case 4: uart_send_byte('4'); break;
  32   2              case 5: uart_send_byte('5'); break;
  33   2              case 6: uart_send_byte('6'); break;
  34   2              case 7: uart_send_byte('7'); break;
  35   2              case 8: uart_send_byte('8'); break;
  36   2              case 9: uart_send_byte('9'); break;
  37   2              default: uart_send_byte('?'); break;  // 超出范围显示?
  38   2          }
  39   1      }


MODULE INFORMATION:   STATIC OVERLAYABLE
   CODE SIZE        =    120    ----
   CONSTANT SIZE    =   ----    ----
   XDATA SIZE       =   ----    ----
   PDATA SIZE       =   ----    ----
   DATA SIZE        =   ----    ----
   IDATA SIZE       =   ----    ----
   BIT SIZE         =   ----    ----
END OF MODULE INFORMATION.


C51 COMPILATION COMPLETE.  0 WARNING(S),  0 ERROR(S)
