C51 COMPILER V9.60.7.0   DRV_KEY                                                           03/06/2026 17:46:58 PAGE 1   


C51 COMPILER V9.60.7.0, COMPILATION OF MODULE DRV_KEY
OBJECT MODULE PLACED IN .\Objects\drv_key.obj
COMPILER INVOKED BY: C:\Program Files (x86)\keil\C51\BIN\C51.EXE drv_key.c OPTIMIZE(8,SPEED) BROWSE DEBUG OBJECTEXTEND P
                    -RINT(.\Listings\drv_key.lst) TABS(2) OBJECT(.\Objects\drv_key.obj)

line level    source

   1          #include "drv_key.h"
   2          
   3          uint8 key_ram = 200;
   4          
   5          void drv_key_run()
   6          {
   7   1        static uint8 key_step = 0;
   8   1        static uint8 key_save = 200;
   9   1        uint8 key_temp = 0x0f;
  10   1        P3 = 0x0f;P42 = 0;P44 = 0;P36 = P42;P37 = P44;
  11   1        key_temp = P3 & 0x0f;
  12   1        switch(key_step)
  13   1        {
  14   2          case 0:
  15   2          {
  16   3            if(key_temp != 0x0f){key_step = 1;}
  17   3          }break;
  18   2          case 1:
  19   2          {
  20   3            if(key_temp == 0x0f){key_step = 0;}
  21   3            else
  22   3            {
  23   4              P3 = (key_temp | 0xf0);P42 = 1;P44 = 1;P36 = P42;P37 = P44;
  24   4              key_temp = P3;
  25   4              switch(key_temp)
  26   4              {
  27   5                case 0xd7:key_save = 12;break;
  28   5                case 0xdb:key_save = 13;break;
  29   5                case 0xe7:key_save = 16;break;
  30   5                case 0xeb:key_save = 17;break;          
  31   5              }
  32   4              if(key_save == 200)
  33   4              {
  34   5                key_step = 0;
  35   5              }else
  36   4              {
  37   5                key_step = 2;
  38   5              }
  39   4            }
  40   3          }break; 
  41   2          case 2:
  42   2          {
  43   3            if(key_temp == 0x0f)
  44   3            {
  45   4              key_ram = key_save;
  46   4              key_save = 200;
  47   4              key_step = 0;
  48   4            }
  49   3          }break;   
  50   2        }
  51   1      }
  52          
  53          bit drv_key_is(uint8 keyv)
  54          {
C51 COMPILER V9.60.7.0   DRV_KEY                                                           03/06/2026 17:46:58 PAGE 2   

  55   1        bit keyok = 0;
  56   1        if(keyv == key_ram)
  57   1        {
  58   2          key_ram = 200;
  59   2          keyok =1;
  60   2        }
  61   1        return keyok;
  62   1      }


MODULE INFORMATION:   STATIC OVERLAYABLE
   CODE SIZE        =    150    ----
   CONSTANT SIZE    =   ----    ----
   XDATA SIZE       =   ----    ----
   PDATA SIZE       =   ----    ----
   DATA SIZE        =      3       1
   IDATA SIZE       =   ----    ----
   BIT SIZE         =   ----       1
END OF MODULE INFORMATION.


C51 COMPILATION COMPLETE.  0 WARNING(S),  0 ERROR(S)
