C51 COMPILER V9.60.7.0   SYS_MAIN                                                          03/06/2026 17:46:58 PAGE 1   


C51 COMPILER V9.60.7.0, COMPILATION OF MODULE SYS_MAIN
OBJECT MODULE PLACED IN .\Objects\sys_main.obj
COMPILER INVOKED BY: C:\Program Files (x86)\keil\C51\BIN\C51.EXE sys_main.c OPTIMIZE(8,SPEED) BROWSE DEBUG OBJECTEXTEND 
                    -PRINT(.\Listings\sys_main.lst) TABS(2) OBJECT(.\Objects\sys_main.obj)

line level    source

   1          #include "sys_main.h"
   2          
   3          void gpio_init()
   4          {
   5   1          P0M0 = 0x00; P0M1 = 0x00; 
   6   1          P1M0 = 0x00; P1M1 = 0x00; 
   7   1          P2M0 = 0x00; P2M1 = 0x00; 
   8   1          P3M0 = 0x00; P3M1 = 0x00;
   9   1      }
  10          
  11          void tick_timer_init()
  12          {
  13   1        AUXR &= 0x7F;     //定时器时钟12T模式
  14   1        TMOD &= 0xF0;     //设置定时器模式
  15   1        TL0 = 0x18;       //设置定时初始值
  16   1        TH0 = 0xFC;       //设置定时初始值
  17   1        TF0 = 0;        //清除TF0标志
  18   1        TR0 = 1;        //定时器0开始计时
  19   1        ET0 = 1;        //使能定时器0中断
  20   1        
  21   1        EA =1;
  22   1      }
  23          
  24          void drv_init()
  25          {
  26   1        sys_decoder(0);
  27   1        sys_decoder(4);P0 = 0xff;sys_decoder(0);
  28   1        sys_decoder(6);P0 = 0x00;sys_decoder(0);
  29   1        sys_decoder(7);P0 = 0xff;sys_decoder(0);
  30   1        sys_decoder(5);P0 = 0xaf;sys_decoder(0);
  31   1      }
  32          
  33          void sys_decoder(uint8 pin)
  34          {
  35   1        P2 = (P2 & 0x1f) | (pin  << 5);
  36   1      }
  37          void sys_init()
  38          {
  39   1        gpio_init();
  40   1        drv_init();
  41   1        tick_timer_init();
  42   1      }
  43          
  44          
  45          
  46          
  47          
  48          


MODULE INFORMATION:   STATIC OVERLAYABLE
   CODE SIZE        =    118    ----
   CONSTANT SIZE    =   ----    ----
   XDATA SIZE       =   ----    ----
C51 COMPILER V9.60.7.0   SYS_MAIN                                                          03/06/2026 17:46:58 PAGE 2   

   PDATA SIZE       =   ----    ----
   DATA SIZE        =   ----    ----
   IDATA SIZE       =   ----    ----
   BIT SIZE         =   ----    ----
END OF MODULE INFORMATION.


C51 COMPILATION COMPLETE.  0 WARNING(S),  0 ERROR(S)
