BL51 BANKED LINKER/LOCATER V6.22.4.0                                                    03/06/2026  17:46:59  PAGE 1


BL51 BANKED LINKER/LOCATER V6.22.4.0, INVOKED BY:
C:\PROGRAM FILES (X86)\KEIL\C51\BIN\BL51.EXE .\Objects\STARTUP.obj, .\Objects\main.obj, .\Objects\sys_main.obj, .\Object
>> s\sys_task.obj, .\Objects\app_main.obj, .\Objects\drv_led.obj, .\Objects\drv_seg.obj, .\Objects\drv_other.obj, .\Obje
>> cts\drv_key.obj, .\Objects\drv_rtc.obj, .\Objects\drv_temp.obj TO .\Objects\ ±÷”¡∑œ∞dan PRINT (.\Listings\ ±÷”¡∑œ∞dan
>> .m51) RAMSIZE (256)


MEMORY MODEL: SMALL


INPUT MODULES INCLUDED:
  .\Objects\STARTUP.obj (?C_STARTUP)
  .\Objects\main.obj (MAIN)
  .\Objects\sys_main.obj (SYS_MAIN)
  .\Objects\sys_task.obj (SYS_TASK)
  .\Objects\app_main.obj (APP_MAIN)
  .\Objects\drv_led.obj (DRV_LED)
  .\Objects\drv_seg.obj (DRV_SEG)
  .\Objects\drv_other.obj (DRV_OTHER)
  .\Objects\drv_key.obj (DRV_KEY)
  .\Objects\drv_rtc.obj (DRV_RTC)
  .\Objects\drv_temp.obj (DRV_TEMP)
  C:\PROGRAM FILES (X86)\KEIL\C51\LIB\C51S.LIB (?C_INIT)
  C:\PROGRAM FILES (X86)\KEIL\C51\LIB\C51S.LIB (?C?CLDPTR)
  C:\PROGRAM FILES (X86)\KEIL\C51\LIB\C51S.LIB (?C?CLDOPTR)
  C:\PROGRAM FILES (X86)\KEIL\C51\LIB\C51S.LIB (?C?CSTPTR)
  C:\PROGRAM FILES (X86)\KEIL\C51\LIB\C51S.LIB (?C?CSTOPTR)
  C:\PROGRAM FILES (X86)\KEIL\C51\LIB\C51S.LIB (?C?IMUL)
  C:\PROGRAM FILES (X86)\KEIL\C51\LIB\C51S.LIB (?C?UIDIV)
  C:\PROGRAM FILES (X86)\KEIL\C51\LIB\C51S.LIB (?C?SIDIV)


LINK MAP OF MODULE:  .\Objects\ ±÷”¡∑œ∞dan (?C_STARTUP)


            TYPE    BASE      LENGTH    RELOCATION   SEGMENT NAME
            -----------------------------------------------------

            * * * * * * *   D A T A   M E M O R Y   * * * * * * *
            REG     0000H     0008H     ABSOLUTE     "REG BANK 0"
            DATA    0008H     0011H     UNIT         _DATA_GROUP_
            DATA    0019H     0004H     UNIT         ?DT?DRV_OTHER
            DATA    001DH     0003H     UNIT         ?DT?DRV_KEY
            BIT     0020H.0   0000H.4   UNIT         ?BI?APP_MAIN
            BIT     0020H.4   0000H.1   UNIT         ?BI?DRV_OTHER
            BIT     0020H.5   0000H.1   UNIT         _BIT_GROUP_
                    0020H.6   0000H.2                *** GAP ***
            DATA    0021H     000EH     UNIT         ?DT?DRV_LED
            DATA    002FH     000CH     UNIT         ?DT?SYS_TASK
            DATA    003BH     000BH     UNIT         ?DT?APP_MAIN
            DATA    0046H     000AH     UNIT         ?DT?DRV_SEG
            IDATA   0050H     0001H     UNIT         ?STACK

            * * * * * * *   C O D E   M E M O R Y   * * * * * * *
            CODE    0000H     0003H     ABSOLUTE     
            CODE    0003H     0005H     UNIT         ?PR?DRV_RELAY_SET?DRV_OTHER
                    0008H     0003H                  *** GAP ***
            CODE    000BH     0003H     ABSOLUTE     
BL51 BANKED LINKER/LOCATER V6.22.4.0                                                  03/06/2026  17:46:59  PAGE 2


            CODE    000EH     0136H     UNIT         ?PR?SEG_DISPLAY?APP_MAIN
            CODE    0144H     0117H     UNIT         ?C?LIB_CODE
            CODE    025BH     0096H     UNIT         ?PR?KEY_CTRL?APP_MAIN
            CODE    02F1H     008CH     UNIT         ?C_C51STARTUP
            CODE    037DH     0088H     UNIT         ?PR?DRV_KEY_RUN?DRV_KEY
            CODE    0405H     0073H     UNIT         ?PR?DRV_LED_RUN?DRV_LED
            CODE    0478H     006CH     UNIT         ?C_INITSEG
            CODE    04E4H     005EH     UNIT         ?PR?SYS_TASK_DRV_RUN?SYS_TASK
            CODE    0542H     0054H     UNIT         ?PR?DRV_SEG_RUN?DRV_SEG
            CODE    0596H     0043H     UNIT         ?PR?DRV_TEMP_GET?DRV_TEMP
            CODE    05D9H     0041H     UNIT         ?PR?SYS_TASK_APP_RUN?SYS_TASK
            CODE    061AH     003BH     UNIT         ?PR?TIMER_0_ISR?MAIN
            CODE    0655H     0038H     UNIT         ?PR?DRV_INIT?SYS_MAIN
            CODE    068DH     0034H     UNIT         ?PR?_READ_DS1302_BYTE?DRV_RTC
            CODE    06C1H     0032H     UNIT         ?PR?MODE_RUN?APP_MAIN
            CODE    06F3H     0031H     UNIT         ?PR?DRV_OTHER_RUN?DRV_OTHER
            CODE    0724H     0030H     UNIT         ?PR?_DRV_RTC_SET?DRV_RTC
            CODE    0754H     002BH     UNIT         ?CO?DRV_SEG
            CODE    077FH     0028H     UNIT         ?PR?_DRV_RTC_GET?DRV_RTC
            CODE    07A7H     0027H     UNIT         ?PR?INIT_DS18B20?DRV_TEMP
            CODE    07CEH     0024H     UNIT         ?PR?RELAY_CTRL?APP_MAIN
            CODE    07F2H     0023H     UNIT         ?PR?DRV_TEMP_INIT?DRV_TEMP
            CODE    0815H     001EH     UNIT         ?PR?_WRITE_DS18B20?DRV_TEMP
            CODE    0833H     001DH     UNIT         ?PR?LED_0_CTRL?APP_MAIN
            CODE    0850H     001BH     UNIT         ?PR?DRV_RTC_INIT?DRV_RTC
            CODE    086BH     001AH     UNIT         ?PR?APP_TASK_500MS?APP_MAIN
            CODE    0885H     001AH     UNIT         ?PR?_DELAY_ONEWIRE?DRV_TEMP
            CODE    089FH     001AH     UNIT         ?PR?READ_DS18B20?DRV_TEMP
            CODE    08B9H     0016H     UNIT         ?PR?_DRV_SEG_SET_ALL?DRV_SEG
            CODE    08CFH     0016H     UNIT         ?PR?_BCD_TO_HEX?DRV_RTC
            CODE    08E5H     0015H     UNIT         ?PR?TICK_TIMER_INIT?SYS_MAIN
            CODE    08FAH     0014H     UNIT         ?PR?_WRITE_DS1302_BYTE?DRV_RTC
            CODE    090EH     0013H     UNIT         ?PR?_WRITE_DS1302?DRV_RTC
            CODE    0921H     0013H     UNIT         ?PR?_HEX_TO_BCD?DRV_RTC
            CODE    0934H     0012H     UNIT         ?PR?GPIO_INIT?SYS_MAIN
            CODE    0946H     0012H     UNIT         ?PR?DEBUG_SET_TIME?APP_MAIN
            CODE    0958H     0012H     UNIT         ?PR?APP_TASK_100MS?APP_MAIN
            CODE    096AH     000EH     UNIT         ?PR?_SYS_DECODER?SYS_MAIN
            CODE    0978H     000EH     UNIT         ?PR?_DRV_KEY_IS?DRV_KEY
            CODE    0986H     000CH     UNIT         ?PR?APP_INIT?APP_MAIN
            CODE    0992H     000CH     UNIT         ?PR?_DRV_LED_SET?DRV_LED
            CODE    099EH     000BH     UNIT         ?PR?MAIN?MAIN
            CODE    09A9H     000BH     UNIT         ?PR?SYS_TASK_ISR?SYS_TASK
            CODE    09B4H     0009H     UNIT         ?PR?SYS_INIT?SYS_MAIN



OVERLAY MAP OF MODULE:   .\Objects\ ±÷”¡∑œ∞dan (?C_STARTUP)


SEGMENT                                   BIT_GROUP          DATA_GROUP 
  +--> CALLED SEGMENT                  START    LENGTH     START    LENGTH
--------------------------------------------------------------------------
?C_C51STARTUP                          -----    -----      -----    -----
  +--> ?PR?MAIN?MAIN
  +--> ?C_INITSEG

BL51 BANKED LINKER/LOCATER V6.22.4.0                                                  03/06/2026  17:46:59  PAGE 3


?PR?MAIN?MAIN                          -----    -----      -----    -----
  +--> ?PR?SYS_INIT?SYS_MAIN
  +--> ?PR?SYS_TASK_DRV_RUN?SYS_TASK
  +--> ?PR?SYS_TASK_APP_RUN?SYS_TASK

?PR?SYS_INIT?SYS_MAIN                  -----    -----      -----    -----
  +--> ?PR?GPIO_INIT?SYS_MAIN
  +--> ?PR?DRV_INIT?SYS_MAIN
  +--> ?PR?TICK_TIMER_INIT?SYS_MAIN

?PR?DRV_INIT?SYS_MAIN                  -----    -----      -----    -----
  +--> ?PR?_SYS_DECODER?SYS_MAIN

?PR?SYS_TASK_DRV_RUN?SYS_TASK          -----    -----      0008H    0002H
  +--> ?PR?DRV_LED_RUN?DRV_LED
  +--> ?PR?DRV_OTHER_RUN?DRV_OTHER
  +--> ?PR?DRV_KEY_RUN?DRV_KEY

?PR?DRV_LED_RUN?DRV_LED                -----    -----      -----    -----
  +--> ?PR?_SYS_DECODER?SYS_MAIN

?PR?DRV_OTHER_RUN?DRV_OTHER            -----    -----      -----    -----
  +--> ?PR?_SYS_DECODER?SYS_MAIN

?PR?DRV_KEY_RUN?DRV_KEY                -----    -----      000AH    0001H

?PR?SYS_TASK_APP_RUN?SYS_TASK          -----    -----      0008H    0002H
  +--> ?PR?APP_TASK_100MS?APP_MAIN
  +--> ?PR?APP_TASK_500MS?APP_MAIN

?PR?APP_TASK_100MS?APP_MAIN            -----    -----      -----    -----
  +--> ?PR?APP_INIT?APP_MAIN
  +--> ?PR?SEG_DISPLAY?APP_MAIN
  +--> ?PR?KEY_CTRL?APP_MAIN
  +--> ?PR?RELAY_CTRL?APP_MAIN
  +--> ?PR?LED_0_CTRL?APP_MAIN
  +--> ?PR?MODE_RUN?APP_MAIN

?PR?APP_INIT?APP_MAIN                  -----    -----      -----    -----
  +--> ?PR?DRV_RTC_INIT?DRV_RTC
  +--> ?PR?DRV_TEMP_INIT?DRV_TEMP

?PR?DRV_RTC_INIT?DRV_RTC               -----    -----      -----    -----
  +--> ?PR?_WRITE_DS1302_BYTE?DRV_RTC
  +--> ?PR?_HEX_TO_BCD?DRV_RTC

?PR?_WRITE_DS1302_BYTE?DRV_RTC         -----    -----      -----    -----
  +--> ?PR?_WRITE_DS1302?DRV_RTC

?PR?DRV_TEMP_INIT?DRV_TEMP             -----    -----      -----    -----
  +--> ?PR?INIT_DS18B20?DRV_TEMP
  +--> ?PR?_WRITE_DS18B20?DRV_TEMP
  +--> ?PR?_DELAY_ONEWIRE?DRV_TEMP

?PR?INIT_DS18B20?DRV_TEMP              0020H.5  0000H.1    -----    -----
  +--> ?PR?_DELAY_ONEWIRE?DRV_TEMP

BL51 BANKED LINKER/LOCATER V6.22.4.0                                                  03/06/2026  17:46:59  PAGE 4


?PR?_WRITE_DS18B20?DRV_TEMP            -----    -----      -----    -----
  +--> ?PR?_DELAY_ONEWIRE?DRV_TEMP

?PR?SEG_DISPLAY?APP_MAIN               -----    -----      -----    -----
  +--> ?PR?_DRV_SEG_SET_ALL?DRV_SEG

?PR?_DRV_SEG_SET_ALL?DRV_SEG           -----    -----      000AH    000FH

?PR?KEY_CTRL?APP_MAIN                  -----    -----      -----    -----
  +--> ?PR?_DRV_KEY_IS?DRV_KEY
  +--> ?PR?DEBUG_SET_TIME?APP_MAIN

?PR?_DRV_KEY_IS?DRV_KEY                0020H.5  0000H.1    -----    -----

?PR?DEBUG_SET_TIME?APP_MAIN            -----    -----      -----    -----
  +--> ?PR?_DRV_RTC_SET?DRV_RTC

?PR?_DRV_RTC_SET?DRV_RTC               -----    -----      -----    -----
  +--> ?PR?_HEX_TO_BCD?DRV_RTC
  +--> ?PR?_WRITE_DS1302_BYTE?DRV_RTC

?PR?RELAY_CTRL?APP_MAIN                -----    -----      -----    -----
  +--> ?PR?DRV_RELAY_SET?DRV_OTHER
  +--> ?PR?_DRV_LED_SET?DRV_LED

?PR?DRV_RELAY_SET?DRV_OTHER            0020H.5  0000H.1    -----    -----

?PR?_DRV_LED_SET?DRV_LED               0020H.5  0000H.1    -----    -----

?PR?LED_0_CTRL?APP_MAIN                -----    -----      -----    -----
  +--> ?PR?_DRV_LED_SET?DRV_LED

?PR?MODE_RUN?APP_MAIN                  -----    -----      -----    -----
  +--> ?PR?_DRV_LED_SET?DRV_LED

?PR?APP_TASK_500MS?APP_MAIN            -----    -----      -----    -----
  +--> ?PR?_DRV_RTC_GET?DRV_RTC
  +--> ?PR?DRV_TEMP_GET?DRV_TEMP

?PR?_DRV_RTC_GET?DRV_RTC               -----    -----      -----    -----
  +--> ?PR?_BCD_TO_HEX?DRV_RTC
  +--> ?PR?_READ_DS1302_BYTE?DRV_RTC

?PR?_BCD_TO_HEX?DRV_RTC                -----    -----      -----    -----
  +--> ?PR?_READ_DS1302_BYTE?DRV_RTC

?PR?_READ_DS1302_BYTE?DRV_RTC          -----    -----      -----    -----
  +--> ?PR?_WRITE_DS1302?DRV_RTC

?PR?DRV_TEMP_GET?DRV_TEMP              -----    -----      -----    -----
  +--> ?PR?INIT_DS18B20?DRV_TEMP
  +--> ?PR?_WRITE_DS18B20?DRV_TEMP
  +--> ?PR?_DELAY_ONEWIRE?DRV_TEMP
  +--> ?PR?READ_DS18B20?DRV_TEMP

?PR?READ_DS18B20?DRV_TEMP              -----    -----      -----    -----
  +--> ?PR?_DELAY_ONEWIRE?DRV_TEMP
BL51 BANKED LINKER/LOCATER V6.22.4.0                                                  03/06/2026  17:46:59  PAGE 5



*** NEW ROOT ***************************************************

?PR?TIMER_0_ISR?MAIN                   -----    -----      -----    -----
  +--> ?PR?SYS_TASK_ISR?SYS_TASK

?PR?SYS_TASK_ISR?SYS_TASK              -----    -----      -----    -----
  +--> ?PR?DRV_SEG_RUN?DRV_SEG

?PR?DRV_SEG_RUN?DRV_SEG                -----    -----      -----    -----
  +--> ?PR?_SYS_DECODER?SYS_MAIN
  +--> ?CO?DRV_SEG



SYMBOL TABLE OF MODULE:  .\Objects\ ±÷”¡∑œ∞dan (?C_STARTUP)

  VALUE           TYPE          NAME
  ----------------------------------

  -------         MODULE        ?C_STARTUP
  C:02F1H         SEGMENT       ?C_C51STARTUP
  I:0050H         SEGMENT       ?STACK
  C:0000H         PUBLIC        ?C_STARTUP
  D:00E0H         SYMBOL        ACC
  D:00F0H         SYMBOL        B
  D:0083H         SYMBOL        DPH
  D:0082H         SYMBOL        DPL
  N:0000H         SYMBOL        IBPSTACK
  N:0100H         SYMBOL        IBPSTACKTOP
  N:0080H         SYMBOL        IDATALEN
  C:02F4H         SYMBOL        IDATALOOP
  N:0000H         SYMBOL        PBPSTACK
  N:0100H         SYMBOL        PBPSTACKTOP
  N:0000H         SYMBOL        PDATALEN
  N:0000H         SYMBOL        PDATASTART
  N:0000H         SYMBOL        PPAGE
  N:0000H         SYMBOL        PPAGEENABLE
  D:00A0H         SYMBOL        PPAGE_SFR
  D:0081H         SYMBOL        SP
  C:02F1H         SYMBOL        STARTUP1
  N:0000H         SYMBOL        XBPSTACK
  N:0000H         SYMBOL        XBPSTACKTOP
  N:0000H         SYMBOL        XDATALEN
  N:0000H         SYMBOL        XDATASTART
  C:0000H         LINE#         126
  C:02F1H         LINE#         133
  C:02F3H         LINE#         134
  C:02F4H         LINE#         135
  C:02F5H         LINE#         136
  C:02F7H         LINE#         185
  C:02FAH         LINE#         196
  -------         ENDMOD        ?C_STARTUP

  -------         MODULE        MAIN
  C:0000H         SYMBOL        _ICE_DUMMY_
  D:0080H         PUBLIC        P0
BL51 BANKED LINKER/LOCATER V6.22.4.0                                                  03/06/2026  17:46:59  PAGE 6


  D:0090H         PUBLIC        P1
  D:00A0H         PUBLIC        P2
  D:00B0H         PUBLIC        P3
  D:00C0H         PUBLIC        P4
  D:00C8H         PUBLIC        P5
  D:00E8H         PUBLIC        P6
  D:00F8H         PUBLIC        P7
  D:00A8H         PUBLIC        IE
  D:00B8H         PUBLIC        IP
  D:00D8H         PUBLIC        CCON
  C:099EH         PUBLIC        main
  D:0098H         PUBLIC        SCON
  D:0088H         PUBLIC        TCON
  D:00F0H         PUBLIC        B
  D:00E0H         PUBLIC        ACC
  C:061AH         PUBLIC        timer_0_isr
  D:00D0H         PUBLIC        PSW
  -------         PROC          TIMER_0_ISR
  C:061AH         LINE#         3
  C:0637H         LINE#         5
  C:063AH         LINE#         6
  -------         ENDPROC       TIMER_0_ISR
  -------         PROC          MAIN
  C:099EH         LINE#         8
  C:099EH         LINE#         9
  C:099EH         LINE#         10
  C:09A1H         LINE#         11
  C:09A1H         LINE#         12
  C:09A1H         LINE#         13
  C:09A4H         LINE#         14
  C:09A7H         LINE#         15
  -------         ENDPROC       MAIN
  -------         ENDMOD        MAIN

  -------         MODULE        SYS_MAIN
  C:0000H         SYMBOL        _ICE_DUMMY_
  D:0093H         PUBLIC        P0M1
  D:0092H         PUBLIC        P1M0
  D:0096H         PUBLIC        P2M0
  D:0091H         PUBLIC        P1M1
  D:0080H         PUBLIC        P0
  D:00B2H         PUBLIC        P3M0
  D:0095H         PUBLIC        P2M1
  D:0090H         PUBLIC        P1
  D:00B1H         PUBLIC        P3M1
  D:00A0H         PUBLIC        P2
  D:00B0H         PUBLIC        P3
  D:00C0H         PUBLIC        P4
  D:00C8H         PUBLIC        P5
  D:00E8H         PUBLIC        P6
  B:00A8H.7       PUBLIC        EA
  D:00F8H         PUBLIC        P7
  D:00A8H         PUBLIC        IE
  D:00B8H         PUBLIC        IP
  C:096AH         PUBLIC        _sys_decoder
  D:00D8H         PUBLIC        CCON
  D:0098H         PUBLIC        SCON
BL51 BANKED LINKER/LOCATER V6.22.4.0                                                  03/06/2026  17:46:59  PAGE 7


  D:0089H         PUBLIC        TMOD
  D:0088H         PUBLIC        TCON
  D:00F0H         PUBLIC        B
  D:008EH         PUBLIC        AUXR
  D:00E0H         PUBLIC        ACC
  C:0934H         PUBLIC        gpio_init
  C:08E5H         PUBLIC        tick_timer_init
  B:00A8H.1       PUBLIC        ET0
  B:0088H.5       PUBLIC        TF0
  D:008CH         PUBLIC        TH0
  D:008AH         PUBLIC        TL0
  B:0088H.4       PUBLIC        TR0
  C:0655H         PUBLIC        drv_init
  C:09B4H         PUBLIC        sys_init
  D:00D0H         PUBLIC        PSW
  D:0094H         PUBLIC        P0M0
  -------         PROC          GPIO_INIT
  C:0934H         LINE#         3
  C:0934H         LINE#         4
  C:0934H         LINE#         5
  C:0939H         LINE#         6
  C:093DH         LINE#         7
  C:0941H         LINE#         8
  C:0945H         LINE#         9
  -------         ENDPROC       GPIO_INIT
  -------         PROC          TICK_TIMER_INIT
  C:08E5H         LINE#         11
  C:08E5H         LINE#         12
  C:08E5H         LINE#         13
  C:08E8H         LINE#         14
  C:08EBH         LINE#         15
  C:08EEH         LINE#         16
  C:08F1H         LINE#         17
  C:08F3H         LINE#         18
  C:08F5H         LINE#         19
  C:08F7H         LINE#         21
  C:08F9H         LINE#         22
  -------         ENDPROC       TICK_TIMER_INIT
  -------         PROC          DRV_INIT
  C:0655H         LINE#         24
  C:0655H         LINE#         25
  C:0655H         LINE#         26
  C:065AH         LINE#         27
  C:0667H         LINE#         28
  C:0673H         LINE#         29
  C:0680H         LINE#         30
  -------         ENDPROC       DRV_INIT
  -------         PROC          _SYS_DECODER
  D:0007H         SYMBOL        pin
  C:096AH         LINE#         33
  C:096AH         LINE#         34
  C:096AH         LINE#         35
  C:0977H         LINE#         36
  -------         ENDPROC       _SYS_DECODER
  -------         PROC          SYS_INIT
  C:09B4H         LINE#         37
  C:09B4H         LINE#         38
BL51 BANKED LINKER/LOCATER V6.22.4.0                                                  03/06/2026  17:46:59  PAGE 8


  C:09B4H         LINE#         39
  C:09B7H         LINE#         40
  C:09BAH         LINE#         41
  -------         ENDPROC       SYS_INIT
  -------         ENDMOD        SYS_MAIN

  -------         MODULE        SYS_TASK
  C:0000H         SYMBOL        _ICE_DUMMY_
  D:0080H         PUBLIC        P0
  D:002FH         SYMBOL        last_app_task_1
  D:0090H         PUBLIC        P1
  D:0031H         SYMBOL        last_app_task_2
  D:00A0H         PUBLIC        P2
  D:00B0H         PUBLIC        P3
  D:00C0H         PUBLIC        P4
  D:00C8H         PUBLIC        P5
  D:00E8H         PUBLIC        P6
  D:00F8H         PUBLIC        P7
  D:00A8H         PUBLIC        IE
  D:00B8H         PUBLIC        IP
  D:00D8H         PUBLIC        CCON
  C:09A9H         PUBLIC        sys_task_isr
  D:0033H         SYMBOL        sys_tick_ms
  D:0098H         PUBLIC        SCON
  D:0088H         PUBLIC        TCON
  D:0035H         SYMBOL        last_other
  D:00F0H         PUBLIC        B
  D:00E0H         PUBLIC        ACC
  D:0037H         SYMBOL        last_led
  C:05D9H         PUBLIC        sys_task_app_run
  C:04E4H         PUBLIC        sys_task_drv_run
  D:0039H         SYMBOL        last_key
  D:00D0H         PUBLIC        PSW
  -------         PROC          SYS_TASK_ISR
  C:09A9H         LINE#         13
  C:09A9H         LINE#         14
  C:09A9H         LINE#         15
  C:09B1H         LINE#         16
  -------         ENDPROC       SYS_TASK_ISR
  -------         PROC          SYS_TASK_DRV_RUN
  -------         DO            
  D:0008H         SYMBOL        now
  -------         ENDDO         
  C:04E4H         LINE#         18
  C:04E4H         LINE#         19
  C:04E4H         LINE#         20
  C:04EAH         LINE#         21
  C:04FEH         LINE#         22
  C:04FEH         LINE#         23
  C:0504H         LINE#         24
  C:0507H         LINE#         25
  C:0507H         LINE#         26
  C:051BH         LINE#         27
  C:051BH         LINE#         28
  C:0521H         LINE#         29
  C:0524H         LINE#         30
  C:0524H         LINE#         31
BL51 BANKED LINKER/LOCATER V6.22.4.0                                                  03/06/2026  17:46:59  PAGE 9


  C:0538H         LINE#         32
  C:0538H         LINE#         33
  C:053EH         LINE#         34
  C:0541H         LINE#         35
  C:0541H         LINE#         37
  -------         ENDPROC       SYS_TASK_DRV_RUN
  -------         PROC          SYS_TASK_APP_RUN
  -------         DO            
  D:0008H         SYMBOL        now
  -------         ENDDO         
  C:05D9H         LINE#         38
  C:05D9H         LINE#         39
  C:05D9H         LINE#         40
  C:05DFH         LINE#         41
  C:05F3H         LINE#         42
  C:05F3H         LINE#         43
  C:05F9H         LINE#         44
  C:05FCH         LINE#         45
  C:05FCH         LINE#         46
  C:0610H         LINE#         47
  C:0610H         LINE#         48
  C:0616H         LINE#         49
  C:0619H         LINE#         50
  C:0619H         LINE#         51
  -------         ENDPROC       SYS_TASK_APP_RUN
  -------         ENDMOD        SYS_TASK

  -------         MODULE        APP_MAIN
  C:0000H         SYMBOL        _ICE_DUMMY_
  D:003BH         PUBLIC        time_m
  D:0080H         PUBLIC        P0
  D:0090H         PUBLIC        P1
  D:00A0H         PUBLIC        P2
  D:00B0H         PUBLIC        P3
  D:00C0H         PUBLIC        P4
  D:003CH         PUBLIC        time_s
  D:00C8H         PUBLIC        P5
  D:00E8H         PUBLIC        P6
  D:00F8H         PUBLIC        P7
  D:00A8H         PUBLIC        IE
  D:00B8H         PUBLIC        IP
  C:000EH         PUBLIC        seg_display
  D:00D8H         PUBLIC        CCON
  C:0958H         PUBLIC        app_task_100ms
  C:086BH         PUBLIC        app_task_500ms
  D:0098H         PUBLIC        SCON
  D:0088H         PUBLIC        TCON
  C:07CEH         PUBLIC        relay_ctrl
  D:003DH         PUBLIC        d_t
  B:0020H.2       PUBLIC        ctrl_mode
  D:00F0H         PUBLIC        B
  D:003FH         PUBLIC        app_page
  D:00E0H         PUBLIC        ACC
  C:0946H         PUBLIC        debug_set_time
  D:0040H         PUBLIC        rtc
  C:0986H         PUBLIC        app_init
  C:06C1H         PUBLIC        mode_run
BL51 BANKED LINKER/LOCATER V6.22.4.0                                                  03/06/2026  17:46:59  PAGE 10


  C:0833H         PUBLIC        led_0_ctrl
  C:025BH         PUBLIC        key_ctrl
  D:0043H         PUBLIC        set_temp
  B:0020H.3       PUBLIC        relay_sw
  D:0045H         PUBLIC        time_h
  D:00D0H         PUBLIC        PSW
  -------         PROC          APP_INIT
  -------         DO            
  B:0020H.0       SYMBOL        initok
  -------         ENDDO         
  C:0986H         LINE#         17
  C:0986H         LINE#         18
  C:0986H         LINE#         20
  C:0989H         LINE#         21
  C:0989H         LINE#         22
  C:098BH         LINE#         23
  C:098EH         LINE#         24
  C:0991H         LINE#         25
  C:0991H         LINE#         26
  -------         ENDPROC       APP_INIT
  -------         PROC          DEBUG_SET_TIME
  C:0946H         LINE#         27
  C:0946H         LINE#         28
  C:0946H         LINE#         29
  C:0949H         LINE#         30
  C:094CH         LINE#         31
  C:094FH         LINE#         32
  -------         ENDPROC       DEBUG_SET_TIME
  -------         PROC          SEG_DISPLAY
  C:000EH         LINE#         35
  C:000EH         LINE#         36
  C:000EH         LINE#         37
  C:0027H         LINE#         38
  C:0027H         LINE#         39
  C:007FH         LINE#         40
  C:00BDH         LINE#         41
  C:010AH         LINE#         42
  C:0143H         LINE#         43
  C:0143H         LINE#         44
  -------         ENDPROC       SEG_DISPLAY
  -------         PROC          KEY_CTRL
  C:025BH         LINE#         45
  C:025BH         LINE#         46
  C:025BH         LINE#         47
  C:0267H         LINE#         48
  C:0277H         LINE#         49
  C:0277H         LINE#         50
  C:0282H         LINE#         51
  C:0297H         LINE#         52
  C:02DCH         LINE#         53
  C:02F0H         LINE#         54
  C:02F0H         LINE#         55
  -------         ENDPROC       KEY_CTRL
  -------         PROC          RELAY_CTRL
  -------         DO            
  B:0020H.1       SYMBOL        led2
  -------         ENDDO         
BL51 BANKED LINKER/LOCATER V6.22.4.0                                                  03/06/2026  17:46:59  PAGE 11


  C:07CEH         LINE#         56
  C:07CEH         LINE#         57
  C:07CEH         LINE#         59
  C:07D1H         LINE#         60
  C:07D1H         LINE#         61
  C:07D6H         LINE#         62
  C:07DFH         LINE#         63
  C:07E4H         LINE#         64
  C:07E5H         LINE#         65
  C:07E5H         LINE#         66
  C:07EAH         LINE#         67
  C:07F1H         LINE#         68
  C:07F1H         LINE#         69
  -------         ENDPROC       RELAY_CTRL
  -------         PROC          LED_0_CTRL
  C:0833H         LINE#         70
  C:0833H         LINE#         71
  C:0833H         LINE#         72
  C:0841H         LINE#         73
  C:084FH         LINE#         74
  -------         ENDPROC       LED_0_CTRL
  -------         PROC          MODE_RUN
  C:06C1H         LINE#         75
  C:06C1H         LINE#         76
  C:06C1H         LINE#         77
  C:06CBH         LINE#         78
  C:06CEH         LINE#         79
  C:06CEH         LINE#         80
  C:06D8H         LINE#         81
  C:06E1H         LINE#         82
  C:06E2H         LINE#         83
  C:06E2H         LINE#         84
  C:06F0H         LINE#         85
  C:06F2H         LINE#         86
  C:06F2H         LINE#         87
  -------         ENDPROC       MODE_RUN
  -------         PROC          APP_TASK_100MS
  C:0958H         LINE#         88
  C:0958H         LINE#         89
  C:0958H         LINE#         90
  C:095BH         LINE#         91
  C:095EH         LINE#         92
  C:0961H         LINE#         93
  C:0964H         LINE#         94
  C:0967H         LINE#         95
  -------         ENDPROC       APP_TASK_100MS
  -------         PROC          APP_TASK_500MS
  C:086BH         LINE#         97
  C:086BH         LINE#         98
  C:086BH         LINE#         99
  C:0874H         LINE#         100
  C:0877H         LINE#         101
  C:087AH         LINE#         102
  C:087DH         LINE#         103
  C:0884H         LINE#         104
  -------         ENDPROC       APP_TASK_500MS
  -------         ENDMOD        APP_MAIN
BL51 BANKED LINKER/LOCATER V6.22.4.0                                                  03/06/2026  17:46:59  PAGE 12



  -------         MODULE        DRV_LED
  C:0000H         SYMBOL        _ICE_DUMMY_
  D:0080H         PUBLIC        P0
  D:0090H         PUBLIC        P1
  D:00A0H         PUBLIC        P2
  D:00B0H         PUBLIC        P3
  D:00C0H         PUBLIC        P4
  D:00C8H         PUBLIC        P5
  D:00E8H         PUBLIC        P6
  D:00F8H         PUBLIC        P7
  D:00A8H         PUBLIC        IE
  C:0992H         PUBLIC        _drv_led_set
  D:00B8H         PUBLIC        IP
  C:0405H         PUBLIC        drv_led_run
  D:00D8H         PUBLIC        CCON
  D:0098H         PUBLIC        SCON
  D:0088H         PUBLIC        TCON
  D:00F0H         PUBLIC        B
  D:00E0H         PUBLIC        ACC
  D:0027H         PUBLIC        led_ram
  D:00D0H         PUBLIC        PSW
  -------         PROC          DRV_LED_RUN
  -------         DO            
  D:0021H         SYMBOL        led_tick
  D:0023H         SYMBOL        led_temp
  D:0025H         SYMBOL        led_last
  -------         ENDDO         
  C:0405H         LINE#         5
  C:0405H         LINE#         6
  C:0405H         LINE#         11
  C:040EH         LINE#         12
  C:040EH         LINE#         13
  C:0423H         LINE#         14
  C:0425H         LINE#         15
  C:0425H         LINE#         16
  C:0440H         LINE#         17
  C:0440H         LINE#         18
  C:044CH         LINE#         19
  C:044CH         LINE#         20
  C:045BH         LINE#         21
  C:0461H         LINE#         22
  C:0461H         LINE#         24
  C:0477H         LINE#         25
  -------         ENDPROC       DRV_LED_RUN
  -------         PROC          _DRV_LED_SET
  D:0007H         SYMBOL        p
  B:0020H.5       SYMBOL        sw
  C:0992H         LINE#         26
  C:0992H         LINE#         27
  C:0992H         LINE#         28
  C:099DH         LINE#         29
  -------         ENDPROC       _DRV_LED_SET
  -------         ENDMOD        DRV_LED

  -------         MODULE        DRV_SEG
  C:0000H         SYMBOL        _ICE_DUMMY_
BL51 BANKED LINKER/LOCATER V6.22.4.0                                                  03/06/2026  17:46:59  PAGE 13


  D:0080H         PUBLIC        P0
  D:0090H         PUBLIC        P1
  D:00A0H         PUBLIC        P2
  D:00B0H         PUBLIC        P3
  D:00C0H         PUBLIC        P4
  D:00C8H         PUBLIC        P5
  D:00E8H         PUBLIC        P6
  D:00F8H         PUBLIC        P7
  D:00A8H         PUBLIC        IE
  D:00B8H         PUBLIC        IP
  D:00D8H         PUBLIC        CCON
  C:0542H         PUBLIC        drv_seg_run
  D:0098H         PUBLIC        SCON
  D:0088H         PUBLIC        TCON
  C:08B9H         PUBLIC        _drv_seg_set_all
  D:00F0H         PUBLIC        B
  D:00E0H         PUBLIC        ACC
  C:0754H         PUBLIC        t_display
  D:0048H         PUBLIC        seg_ram
  D:00D0H         PUBLIC        PSW
  -------         PROC          DRV_SEG_RUN
  -------         DO            
  D:0046H         SYMBOL        seg_tick
  -------         ENDDO         
  C:0542H         LINE#         12
  C:0542H         LINE#         13
  C:0542H         LINE#         15
  C:054FH         LINE#         16
  C:0568H         LINE#         17
  C:057FH         LINE#         18
  C:0595H         LINE#         19
  -------         ENDPROC       DRV_SEG_RUN
  -------         PROC          _DRV_SEG_SET_ALL
  D:0007H         SYMBOL        s0
  D:0004H         SYMBOL        s1
  D:0002H         SYMBOL        s2
  D:000FH         SYMBOL        s3
  D:0011H         SYMBOL        s4
  D:0013H         SYMBOL        s5
  D:0015H         SYMBOL        s6
  D:0017H         SYMBOL        s7
  C:08B9H         LINE#         22
  C:08B9H         LINE#         23
  C:08B9H         LINE#         24
  C:08CEH         LINE#         25
  -------         ENDPROC       _DRV_SEG_SET_ALL
  -------         ENDMOD        DRV_SEG

  -------         MODULE        DRV_OTHER
  C:0000H         SYMBOL        _ICE_DUMMY_
  D:0080H         PUBLIC        P0
  D:0090H         PUBLIC        P1
  D:00A0H         PUBLIC        P2
  D:00B0H         PUBLIC        P3
  D:00C0H         PUBLIC        P4
  D:00C8H         PUBLIC        P5
  D:00E8H         PUBLIC        P6
BL51 BANKED LINKER/LOCATER V6.22.4.0                                                  03/06/2026  17:46:59  PAGE 14


  D:00F8H         PUBLIC        P7
  C:06F3H         PUBLIC        drv_other_run
  D:00A8H         PUBLIC        IE
  D:00B8H         PUBLIC        IP
  D:00D8H         PUBLIC        CCON
  D:0098H         PUBLIC        SCON
  D:0088H         PUBLIC        TCON
  D:00F0H         PUBLIC        B
  B:0020H.4       PUBLIC        other_ram
  D:00E0H         PUBLIC        ACC
  D:00D0H         PUBLIC        PSW
  C:0003H         PUBLIC        drv_relay_set
  -------         PROC          DRV_OTHER_RUN
  -------         DO            
  D:0019H         SYMBOL        other_temp
  D:001BH         SYMBOL        other_last
  -------         ENDDO         
  C:06F3H         LINE#         5
  C:06F3H         LINE#         6
  C:06F3H         LINE#         10
  C:06F6H         LINE#         11
  C:06F6H         LINE#         12
  C:06FCH         LINE#         13
  C:06FEH         LINE#         14
  C:06FEH         LINE#         15
  C:0704H         LINE#         16
  C:0704H         LINE#         17
  C:0710H         LINE#         18
  C:0710H         LINE#         19
  C:071DH         LINE#         20
  C:0723H         LINE#         21
  C:0723H         LINE#         22
  -------         ENDPROC       DRV_OTHER_RUN
  -------         PROC          DRV_RELAY_SET
  B:0020H.5       SYMBOL        sw
  C:0003H         LINE#         23
  C:0003H         LINE#         24
  C:0003H         LINE#         25
  C:0007H         LINE#         26
  -------         ENDPROC       DRV_RELAY_SET
  -------         ENDMOD        DRV_OTHER

  -------         MODULE        DRV_KEY
  C:0000H         SYMBOL        _ICE_DUMMY_
  D:0080H         PUBLIC        P0
  D:0090H         PUBLIC        P1
  D:00A0H         PUBLIC        P2
  D:00B0H         PUBLIC        P3
  D:00C0H         PUBLIC        P4
  D:00C8H         PUBLIC        P5
  D:00E8H         PUBLIC        P6
  D:00F8H         PUBLIC        P7
  D:00A8H         PUBLIC        IE
  D:00B8H         PUBLIC        IP
  D:00D8H         PUBLIC        CCON
  C:037DH         PUBLIC        drv_key_run
  D:0098H         PUBLIC        SCON
BL51 BANKED LINKER/LOCATER V6.22.4.0                                                  03/06/2026  17:46:59  PAGE 15


  D:0088H         PUBLIC        TCON
  C:0978H         PUBLIC        _drv_key_is
  B:00C0H.2       PUBLIC        P42
  B:00C0H.4       PUBLIC        P44
  B:00B0H.6       PUBLIC        P36
  B:00B0H.7       PUBLIC        P37
  D:00F0H         PUBLIC        B
  D:00E0H         PUBLIC        ACC
  D:001FH         PUBLIC        key_ram
  D:00D0H         PUBLIC        PSW
  -------         PROC          DRV_KEY_RUN
  -------         DO            
  D:001DH         SYMBOL        key_step
  D:001EH         SYMBOL        key_save
  D:000AH         SYMBOL        key_temp
  -------         ENDDO         
  C:037DH         LINE#         5
  C:037DH         LINE#         6
  C:037DH         LINE#         9
  C:0380H         LINE#         10
  C:038FH         LINE#         11
  C:0395H         LINE#         12
  C:03A1H         LINE#         13
  C:03A1H         LINE#         14
  C:03A1H         LINE#         15
  C:03A1H         LINE#         16
  C:03AAH         LINE#         17
  C:03ABH         LINE#         18
  C:03ABH         LINE#         19
  C:03ABH         LINE#         20
  C:03B2H         LINE#         22
  C:03B2H         LINE#         23
  C:03C4H         LINE#         24
  C:03C7H         LINE#         25
  C:03D9H         LINE#         26
  C:03D9H         LINE#         27
  C:03DEH         LINE#         28
  C:03E3H         LINE#         29
  C:03E8H         LINE#         30
  C:03EBH         LINE#         31
  C:03EBH         LINE#         32
  C:03F0H         LINE#         33
  C:03F0H         LINE#         34
  C:03F0H         LINE#         35
  C:03F2H         LINE#         36
  C:03F2H         LINE#         37
  C:03F5H         LINE#         38
  C:03F5H         LINE#         39
  C:03F5H         LINE#         40
  C:03F6H         LINE#         41
  C:03F6H         LINE#         42
  C:03F6H         LINE#         43
  C:03FBH         LINE#         44
  C:03FBH         LINE#         45
  C:03FEH         LINE#         46
  C:0401H         LINE#         47
  C:0404H         LINE#         48
BL51 BANKED LINKER/LOCATER V6.22.4.0                                                  03/06/2026  17:46:59  PAGE 16


  C:0404H         LINE#         49
  C:0404H         LINE#         50
  C:0404H         LINE#         51
  -------         ENDPROC       DRV_KEY_RUN
  -------         PROC          _DRV_KEY_IS
  D:0007H         SYMBOL        keyv
  -------         DO            
  B:0020H.5       SYMBOL        keyok
  -------         ENDDO         
  C:0978H         LINE#         53
  C:0978H         LINE#         54
  C:0978H         LINE#         55
  C:097AH         LINE#         56
  C:097EH         LINE#         57
  C:097EH         LINE#         58
  C:0981H         LINE#         59
  C:0983H         LINE#         60
  C:0983H         LINE#         61
  C:0985H         LINE#         62
  -------         ENDPROC       _DRV_KEY_IS
  -------         ENDMOD        DRV_KEY

  -------         MODULE        DRV_RTC
  C:0000H         SYMBOL        _ICE_DUMMY_
  D:0080H         PUBLIC        P0
  D:0090H         PUBLIC        P1
  D:00A0H         PUBLIC        P2
  D:00B0H         PUBLIC        P3
  D:00C0H         PUBLIC        P4
  D:00C8H         PUBLIC        P5
  D:00E8H         PUBLIC        P6
  D:00F8H         PUBLIC        P7
  D:00A8H         PUBLIC        IE
  C:0850H         PUBLIC        drv_rtc_init
  C:0921H         PUBLIC        _hex_to_bcd
  C:08D6H         PUBLIC        _bcd_to_hex
  D:00B8H         PUBLIC        IP
  C:077FH         PUBLIC        _drv_rtc_get
  D:00D8H         PUBLIC        CCON
  C:0724H         PUBLIC        _drv_rtc_set
  D:0098H         PUBLIC        SCON
  D:0088H         PUBLIC        TCON
  D:00F0H         PUBLIC        B
  D:00E0H         PUBLIC        ACC
  C:068DH         PUBLIC        _Read_Ds1302_Byte
  B:00A0H.3       PUBLIC        SDA
  B:0090H.7       PUBLIC        SCK
  C:08FAH         PUBLIC        _Write_Ds1302_Byte
  C:090EH         PUBLIC        _Write_Ds1302
  B:0090H.3       PUBLIC        RST
  D:00D0H         PUBLIC        PSW
  -------         PROC          _WRITE_DS1302
  D:0007H         SYMBOL        temp
  -------         DO            
  D:0006H         SYMBOL        i
  -------         ENDDO         
  C:090EH         LINE#         3
BL51 BANKED LINKER/LOCATER V6.22.4.0                                                  03/06/2026  17:46:59  PAGE 17


  C:090EH         LINE#         4
  C:090EH         LINE#         6
  C:0910H         LINE#         7
  C:0910H         LINE#         8
  C:0912H         LINE#         9
  C:0916H         LINE#         10
  C:091AH         LINE#         11
  C:091CH         LINE#         12
  C:0920H         LINE#         13
  -------         ENDPROC       _WRITE_DS1302
  -------         PROC          _WRITE_DS1302_BYTE
  D:0007H         SYMBOL        address
  D:0005H         SYMBOL        dat
  C:08FAH         LINE#         16
  C:08FAH         LINE#         17
  C:08FAH         LINE#         18
  C:08FDH         LINE#         19
  C:0900H         LINE#         20
  C:0903H         LINE#         21
  C:0906H         LINE#         22
  C:090BH         LINE#         23
  C:090DH         LINE#         24
  -------         ENDPROC       _WRITE_DS1302_BYTE
  -------         PROC          _READ_DS1302_BYTE
  D:0007H         SYMBOL        address
  -------         DO            
  D:0007H         SYMBOL        i
  D:0005H         SYMBOL        temp
  -------         ENDDO         
  C:068DH         LINE#         27
  C:068DH         LINE#         28
  C:068DH         LINE#         29
  C:068FH         LINE#         30
  C:0692H         LINE#         31
  C:0695H         LINE#         32
  C:0698H         LINE#         33
  C:069BH         LINE#         34
  C:069DH         LINE#         35
  C:069DH         LINE#         36
  C:069FH         LINE#         37
  C:06A3H         LINE#         38
  C:06A6H         LINE#         39
  C:06A9H         LINE#         40
  C:06ABH         LINE#         41
  C:06AFH         LINE#         42
  C:06B2H         LINE#         43
  C:06B5H         LINE#         44
  C:06B8H         LINE#         45
  C:06BBH         LINE#         46
  C:06BEH         LINE#         47
  C:06C0H         LINE#         48
  -------         ENDPROC       _READ_DS1302_BYTE
  -------         PROC          L?0016
  -------         ENDPROC       L?0016
  -------         PROC          _BCD_TO_HEX
  D:0007H         SYMBOL        bcd
  C:08D6H         LINE#         50
BL51 BANKED LINKER/LOCATER V6.22.4.0                                                  03/06/2026  17:46:59  PAGE 18


  C:08D6H         LINE#         51
  C:08D6H         LINE#         52
  C:08E4H         LINE#         53
  -------         ENDPROC       _BCD_TO_HEX
  -------         PROC          _HEX_TO_BCD
  D:0007H         SYMBOL        hex
  C:0921H         LINE#         55
  C:0921H         LINE#         56
  C:0921H         LINE#         57
  C:0933H         LINE#         58
  -------         ENDPROC       _HEX_TO_BCD
  -------         PROC          DRV_RTC_INIT
  C:0850H         LINE#         60
  C:0850H         LINE#         61
  C:0850H         LINE#         62
  C:0856H         LINE#         63
  C:085DH         LINE#         64
  -------         ENDPROC       DRV_RTC_INIT
  -------         PROC          _DRV_RTC_SET
  D:0001H         SYMBOL        time
  C:0724H         LINE#         67
  C:0724H         LINE#         68
  C:0724H         LINE#         69
  C:0732H         LINE#         70
  C:0743H         LINE#         71
  -------         ENDPROC       _DRV_RTC_SET
  -------         PROC          _DRV_RTC_GET
  D:0001H         SYMBOL        time
  C:077FH         LINE#         73
  C:077FH         LINE#         74
  C:077FH         LINE#         75
  C:0788H         LINE#         76
  C:0794H         LINE#         77
  -------         ENDPROC       _DRV_RTC_GET
  -------         ENDMOD        DRV_RTC

  -------         MODULE        DRV_TEMP
  C:0000H         SYMBOL        _ICE_DUMMY_
  D:0080H         PUBLIC        P0
  D:0090H         PUBLIC        P1
  D:00A0H         PUBLIC        P2
  D:00B0H         PUBLIC        P3
  D:00C0H         PUBLIC        P4
  C:089FH         PUBLIC        Read_DS18B20
  D:00C8H         PUBLIC        P5
  D:00E8H         PUBLIC        P6
  D:00F8H         PUBLIC        P7
  C:0596H         PUBLIC        drv_temp_get
  D:00A8H         PUBLIC        IE
  C:0889H         PUBLIC        _Delay_OneWire
  C:0815H         PUBLIC        _Write_DS18B20
  B:0090H.4       PUBLIC        DQ
  D:00B8H         PUBLIC        IP
  C:07A7H         PUBLIC        init_ds18b20
  D:00D8H         PUBLIC        CCON
  D:0098H         PUBLIC        SCON
  D:0088H         PUBLIC        TCON
BL51 BANKED LINKER/LOCATER V6.22.4.0                                                  03/06/2026  17:46:59  PAGE 19


  D:00F0H         PUBLIC        B
  D:00E0H         PUBLIC        ACC
  D:00D0H         PUBLIC        PSW
  C:07F2H         PUBLIC        drv_temp_init
  C:0885H         SYMBOL        L?0021
  -------         PROC          L?0020
  -------         ENDPROC       L?0020
  C:0885H         SYMBOL        L?0021
  -------         PROC          _DELAY_ONEWIRE
  D:0006H         SYMBOL        t
  -------         DO            
  D:0005H         SYMBOL        i
  -------         ENDDO         
  C:0889H         LINE#         3
  C:0889H         LINE#         4
  C:0889H         LINE#         6
  C:0893H         LINE#         7
  C:089EH         LINE#         8
  C:089EH         LINE#         9
  -------         ENDPROC       _DELAY_ONEWIRE
  -------         PROC          _WRITE_DS18B20
  D:0001H         SYMBOL        dat
  -------         DO            
  D:0003H         SYMBOL        i
  -------         ENDDO         
  C:0815H         LINE#         12
  C:0817H         LINE#         13
  C:0817H         LINE#         15
  C:0819H         LINE#         16
  C:0819H         LINE#         17
  C:081BH         LINE#         18
  C:081FH         LINE#         19
  C:0822H         LINE#         20
  C:0824H         LINE#         21
  C:0828H         LINE#         22
  C:082CH         LINE#         23
  -------         ENDPROC       _WRITE_DS18B20
  -------         PROC          READ_DS18B20
  -------         DO            
  D:0003H         SYMBOL        i
  D:0004H         SYMBOL        dat
  -------         ENDDO         
  C:089FH         LINE#         27
  C:089FH         LINE#         28
  C:089FH         LINE#         32
  C:08A1H         LINE#         33
  C:08A1H         LINE#         34
  C:08A3H         LINE#         35
  C:08A7H         LINE#         36
  C:08A9H         LINE#         37
  C:08ACH         LINE#         38
  C:08ACH         LINE#         39
  C:08AFH         LINE#         40
  C:08AFH         LINE#         41
  C:08B2H         LINE#         42
  C:08B6H         LINE#         43
  C:08B8H         LINE#         44
BL51 BANKED LINKER/LOCATER V6.22.4.0                                                  03/06/2026  17:46:59  PAGE 20


  -------         ENDPROC       READ_DS18B20
  -------         PROC          INIT_DS18B20
  -------         DO            
  B:0020H.5       SYMBOL        initflag
  -------         ENDDO         
  C:07A7H         LINE#         47
  C:07A7H         LINE#         48
  C:07A7H         LINE#         49
  C:07A9H         LINE#         51
  C:07ABH         LINE#         52
  C:07B2H         LINE#         53
  C:07B4H         LINE#         54
  C:07BBH         LINE#         55
  C:07BDH         LINE#         56
  C:07C4H         LINE#         57
  C:07C8H         LINE#         58
  C:07CBH         LINE#         60
  C:07CDH         LINE#         61
  -------         ENDPROC       INIT_DS18B20
  -------         PROC          DRV_TEMP_INIT
  C:07F2H         LINE#         64
  C:07F2H         LINE#         65
  C:07F2H         LINE#         66
  C:07F5H         LINE#         67
  C:07FAH         LINE#         68
  C:07FFH         LINE#         69
  C:0804H         LINE#         70
  C:0809H         LINE#         71
  C:080EH         LINE#         72
  -------         ENDPROC       DRV_TEMP_INIT
  -------         PROC          DRV_TEMP_GET
  -------         DO            
  D:0007H         SYMBOL        h
  D:0001H         SYMBOL        l
  D:0006H         SYMBOL        raw
  -------         ENDDO         
  C:0596H         LINE#         74
  C:0596H         LINE#         75
  C:0596H         LINE#         78
  C:0599H         LINE#         79
  C:059EH         LINE#         80
  C:05A3H         LINE#         81
  C:05AAH         LINE#         82
  C:05ADH         LINE#         83
  C:05B2H         LINE#         84
  C:05B7H         LINE#         85
  C:05BCH         LINE#         86
  C:05BFH         LINE#         87
  C:05C3H         LINE#         88
  C:05D8H         LINE#         89
  -------         ENDPROC       DRV_TEMP_GET
  -------         ENDMOD        DRV_TEMP

  -------         MODULE        ?C?CLDPTR
  C:0144H         PUBLIC        ?C?CLDPTR
  -------         ENDMOD        ?C?CLDPTR

BL51 BANKED LINKER/LOCATER V6.22.4.0                                                  03/06/2026  17:46:59  PAGE 21


  -------         MODULE        ?C?CLDOPTR
  C:015DH         PUBLIC        ?C?CLDOPTR
  -------         ENDMOD        ?C?CLDOPTR

  -------         MODULE        ?C?CSTPTR
  C:018AH         PUBLIC        ?C?CSTPTR
  -------         ENDMOD        ?C?CSTPTR

  -------         MODULE        ?C?CSTOPTR
  C:019CH         PUBLIC        ?C?CSTOPTR
  -------         ENDMOD        ?C?CSTOPTR

  -------         MODULE        ?C?IMUL
  C:01BEH         PUBLIC        ?C?IMUL
  -------         ENDMOD        ?C?IMUL

  -------         MODULE        ?C?UIDIV
  C:01D0H         PUBLIC        ?C?UIDIV
  -------         ENDMOD        ?C?UIDIV

  -------         MODULE        ?C?SIDIV
  C:0225H         PUBLIC        ?C?SIDIV
  -------         ENDMOD        ?C?SIDIV

Program Size: data=80.6 xdata=0 code=2490
LINK/LOCATE RUN COMPLETE.  0 WARNING(S),  0 ERROR(S)
